0.00000000
154.88128011
275.64474208
392.86152034
506.48989255
614.70825211
716.14009752
811.17270263
900.01556502
982.48624964
1060.08742056
1132.89295967
1201.07050594
1265.19919804
1325.29662943
1381.40960461
1433.38373712
1481.62439445
1526.09101259
1566.55815130
1603.17585644
1632.33319645
1648.65803036
1661.44885535
1670.87811474
1679.07620660
1685.91660884
1691.06219615
1694.25969863
1695.62462797
1693.84341576
1688.92067170
1679.67307761
1667.78465659
1652.79710010
1630.77200497
1599.96866575
1565.36618068
1528.11458838
1488.58384428
1445.74411057
1400.67651586
1353.92569803
1310.54068129
1297.80126225
1295.52394475
1293.03179400
1290.42705095
1287.66713025
1284.78871403
1281.75871407
1278.48249510
1275.03908165
1271.37732085
1267.35704470
1263.03101788
1258.29722033
1253.26132060
1247.80460782
1241.45519055
1087.53840917
764.18375257
762.17203681
760.91794688
