0.00000000
115.96800790
208.09670198
296.51407370
382.06054841
464.14410628
542.85234455
617.75998962
688.84255320
756.30986251
820.19893908
881.14017356
938.84676070
993.43870831
1045.32318174
1094.58441720
1141.14650271
1184.98912312
1226.02245223
1264.29729152
1299.66430530
1330.48138829
1357.99234760
1378.53131707
1395.48427589
1409.34659880
1420.66287237
1430.25149350
1439.12343464
1447.63362506
1455.35624344
1461.95654784
1467.51953180
1472.14675635
1475.70129171
1478.14762201
1479.35011033
1479.32634796
1478.15708538
1476.14588221
1472.94185704
1468.18973440
1462.31792440
1454.60040480
1445.77966411
1435.95929945
1424.96417537
1412.71819380
1399.71916885
1386.41458907
1372.84034819
1358.74623847
1344.42260559
1329.93390042
1316.82662399
1304.20036521
1291.38448917
1278.36502479
1265.95129183
1253.96021509
1242.66277924
1231.76549003
1220.79710001
1209.64339256
1198.24414596
1188.65394381
1182.95357153
1179.34931020
1175.95321116
1172.38082745
1168.82762605
1167.16522563
1165.65780133
1164.10171696
1162.51618238
1160.90872654
1159.26692516
1158.28318448
1157.26129818
1156.20691415
1155.11281898
1153.97443147
1152.80393347
1151.60445537
1150.39189326
1149.06319707
1147.82828194
1146.55786776
1145.24275159
1143.86327176
1142.43415311
1140.95530325
1139.46236332
1138.18829902
1136.85676492
1135.49970527
1134.13790936
1132.74691703
1131.31231335
1129.93118110
1128.97381740
1128.04835401
1127.12517843
1126.20698024
1125.28870551
1045.75855127
947.85367597
952.91420908
949.73496797
955.58453362
959.51909463
962.53258373
964.95555387
967.17338178
969.17074753
970.84638317
972.30547272
973.15175302
744.70820311
747.84400231
658.46220898
660.52085317
