0.00000000
0.00102482
0.00202482
0.00302482
0.00402482
0.00502482
0.00602482
0.00702482
0.00802482
0.00902482
0.01002482
0.01102482
0.01202482
0.01302482
0.01402482
0.01502482
0.01602482
0.01702482
0.01802482
0.01902482
0.02002482
0.02102482
0.02202482
0.02302482
0.02402482
0.02502482
0.02602482
0.02702482
0.02802482
0.02902482
0.03002482
0.03102482
0.03202482
0.03302482
0.03402482
0.03502482
0.03602482
0.03702482
0.03802482
0.03902482
0.04002482
0.04102482
0.04202482
0.04302482
0.04402482
0.04502482
0.04602482
0.04702482
0.04802482
0.04902482
0.05002482
0.05102482
0.05202482
0.05302482
0.05402482
0.05502482
0.05602482
0.05702482
0.05802482
0.05902482
0.06002482
0.06102482
0.06202482
0.06302482
0.06402482
0.06502482
0.06602482
0.06702482
0.06802482
0.06902482
0.07002482
0.07102482
0.07202482
0.07302482
0.07402482
0.07502482
0.07602482
0.07702482
0.07802482
0.07902482
0.08002482
0.08102482
0.08202482
0.08302482
0.08402482
0.08502482
0.08602482
0.08702482
0.08802482
0.08902482
0.09002482
0.09102482
0.09202482
0.09302482
0.09402482
0.09502482
0.09602482
0.09702482
0.09802482
0.09902482
0.10002482
0.10102482
0.10202482
0.10302482
0.10402482
0.10502482
0.10602482
0.10702482
0.10802482
0.10902482
0.11002482
0.11102482
0.11202482
0.11302482
0.11402482
0.11502482
0.11602482
0.11702482
0.11802482
0.11902482
0.12002482
0.12102482
