0.00000000 0.00000000 0.00000000
0.00034618 0.00074638 0.00104339
0.00071549 0.00150624 0.00204339
0.00108528 0.00226832 0.00304339
0.00145686 0.00303232 0.00404339
0.00183475 0.00380021 0.00504339
0.00222442 0.00457766 0.00604339
0.00262540 0.00536365 0.00704339
0.00303379 0.00615560 0.00804339
0.00344963 0.00695483 0.00904339
0.00387133 0.00776040 0.01004339
0.00429883 0.00857225 0.01104339
0.00473218 0.00939032 0.01204339
0.00517011 0.01021446 0.01304339
0.00561338 0.01104462 0.01404339
0.00606193 0.01188097 0.01504339
0.00651622 0.01272420 0.01604339
0.00697677 0.01357484 0.01704339
0.00744494 0.01443300 0.01804339
0.00792502 0.01529995 0.01904339
0.00841649 0.01617564 0.02004339
0.00896612 0.01707289 0.02104339
0.00965540 0.01801226 0.02204339
0.01037859 0.01896280 0.02304339
0.01113725 0.01992359 0.02404339
0.01186380 0.02088536 0.02504339
0.01254360 0.02184755 0.02604339
0.01318352 0.02281193 0.02704339
0.01387596 0.02378433 0.02804339
0.01462052 0.02476346 0.02904339
0.01545795 0.02575642 0.03004339
0.01638809 0.02676099 0.03104339
0.01741317 0.02777752 0.03204339
0.01845989 0.02880005 0.03304339
0.01953166 0.02983031 0.03404339
0.02066225 0.03087727 0.03504339
0.02186846 0.03194555 0.03604339
0.02310401 0.03302188 0.03704339
0.02436133 0.03410444 0.03804339
0.02563771 0.03519246 0.03904339
0.02694203 0.03628840 0.04004339
0.02826368 0.03738904 0.04104339
0.02959796 0.03849343 0.04204339
0.03090744 0.03959007 0.04304339
0.03199229 0.04061578 0.04404339
0.03300136 0.04161743 0.04504339
0.03401230 0.04261962 0.04604339
0.03502420 0.04362209 0.04704339
0.03603763 0.04462502 0.04804339
0.03705183 0.04562814 0.04904339
0.03806747 0.04663167 0.05004339
0.03908509 0.04763573 0.05104339
0.04010396 0.04864014 0.05204339
0.04112419 0.04964494 0.05304339
0.04214745 0.05065068 0.05404339
0.04317331 0.05165723 0.05504339
0.04420213 0.05266472 0.05604339
0.04523300 0.05367276 0.05704339
0.04626692 0.05468172 0.05804339
0.04730813 0.05569297 0.05904339
0.04955702 0.05704728 0.06004339
0.05327828 0.05893204 0.06104339
0.05441363 0.05982903 0.06204339
0.05492959 0.06033442 0.06254339
