0.00000000 0.00000000 0.00000000 0.00000000 0.00000000 0.00000000 0.00000000 0.00000000 0.00000000 0.00000000 0.00000000 0.00000000 0.00000000 0.00000000 0.00000000 0.00000000
2.46200900 4.02152981 5.03401346 2.84380328 -4.37991686 -11.26028861 -11.07866357 -19.21126678 -25.36125660 -1.55543604 0.95379918 -11.33948618 -10.77059164 -8.47220066 -9.07139836 -18.78265733
1.54241711 1.88718494 2.93471090 1.82403594 -16.86703194 -18.03144268 -16.48080245 -30.66645562 -33.31977650 -7.87172141 -5.15494572 -20.22285900 -16.80545792 -10.63646596 -11.26596083 -28.96213084
0.62223219 -0.25822189 0.83803966 0.79157798 -28.31092868 -24.28083218 -21.81771004 -41.45064431 -40.92498174 -13.99794942 -11.21354333 -28.71293238 -22.78515609 -12.81578754 -13.46583104 -38.73140487
-0.27979756 -2.37225077 -1.23636244 -0.20922881 -39.36958309 -30.30184026 -27.09008911 -51.73672710 -48.04258471 -20.06177858 -17.18488518 -36.84837177 -28.61049715 -14.99307918 -15.66174508 -48.06172761
-1.11319124 -4.00674204 -3.30746829 -1.15137082 -50.21924624 -35.51279656 -32.10012630 -61.54843432 -54.71941369 -26.06486329 -23.20475394 -44.67949363 -34.39359216 -17.19294284 -17.87095009 -57.05872084
-1.87334585 -5.69854405 -5.43684423 -2.00121680 -60.62800935 -40.18995194 -36.67977084 -70.96052299 -61.21537474 -31.61166126 -28.91585084 -52.25459472 -40.22474268 -19.33302563 -20.00738799 -65.82150064
-2.50060551 -7.44784200 -7.36221144 -2.66335172 -70.29921500 -44.50231258 -40.91670298 -80.00387172 -67.71332498 -36.77942799 -34.08370133 -59.52166151 -46.11420579 -21.40796911 -22.08485149 -74.35873447
-2.89730385 -9.24495255 -9.32098943 -3.07083219 -79.33557011 -48.67173864 -44.88398830 -88.66984296 -74.07133347 -41.34084882 -38.83486861 -66.38057463 -52.01428364 -23.35203035 -24.13364683 -82.61974884
-3.19888845 -10.94768985 -11.20530609 -3.37089863 -87.82940643 -52.41074901 -48.62887998 -96.97899613 -80.32664831 -45.61003545 -43.25649302 -72.85061917 -57.88336234 -25.20861067 -26.02965038 -90.57362858
-3.44929865 -12.59568540 -13.01700355 -3.61789275 -95.80010975 -56.09416042 -52.15048087 -104.85697107 -86.24903065 -49.70929857 -47.17985271 -78.86464785 -63.56816115 -27.01524249 -27.91958651 -98.11151670
-3.68374113 -14.16233491 -14.73191721 -3.84585890 -103.26111701 -59.74913717 -55.64897101 -112.30589830 -91.94184252 -53.58821331 -51.01586271 -84.44663336 -69.07999304 -28.77037656 -29.70576347 -105.20251296
-3.91038956 -15.60990243 -16.38094658 -4.07975500 -110.36831379 -63.04452699 -58.73027123 -119.39857888 -97.41683734 -57.27000730 -54.82098655 -89.56575013 -74.47608886 -30.44995755 -31.46209807 -111.86235043
-4.13353135 -17.00913751 -17.93810239 -4.31065620 -116.93898191 -66.30601454 -61.80833916 -126.03296918 -102.55087366 -60.91325870 -58.23843466 -94.26787621 -79.63730497 -32.10249348 -33.21186486 -118.03886954
-4.35533839 -18.26886090 -19.42113568 -4.54757846 -123.02683442 -69.51649806 -64.86697006 -132.21853332 -107.43027901 -64.54413101 -61.63012455 -98.53925587 -84.57965527 -33.72989678 -34.93146832 -123.71662165
-4.58134755 -19.52697291 -20.90712503 -4.79369946 -128.64770835 -72.64426931 -67.83683531 -137.98004115 -112.10783290 -67.99614681 -65.00686355 -102.41433030 -89.34809538 -35.31583872 -36.56449335 -128.91281711
-4.81825265 -20.74934891 -22.32466441 -5.06270937 -133.78038798 -75.79089564 -70.68720210 -143.30213261 -116.58007664 -71.26601695 -68.36510695 -105.86932420 -93.92090160 -36.83849811 -38.18643287 -133.60455174
-5.04703847 -21.89422637 -23.70541625 -5.32666997 -138.37671738 -78.89711777 -73.41107226 -148.17164046 -120.85119537 -74.53199910 -71.64839980 -108.90093467 -98.30786218 -38.34502811 -39.80616753 -137.76763744
-5.27505356 -23.03901221 -25.09666164 -5.59560668 -142.48320487 -81.86003354 -76.05510000 -152.58666865 -124.90544757 -77.76118152 -74.67648655 -111.49145573 -102.53709189 -39.83457035 -41.41274740 -141.41213006
-5.50549116 -24.17988253 -26.48508289 -5.87327890 -146.08604006 -84.68142826 -78.66103229 -156.49402883 -128.72799861 -80.91076013 -77.66934533 -113.64283843 -106.57924324 -41.29288229 -43.00276875 -144.50518983
-5.74102094 -25.30324657 -27.84720651 -6.15686778 -149.05067333 -87.47992635 -81.23804308 -159.88689615 -132.31697792 -84.02478822 -80.65451316 -115.31110950 -110.33737022 -42.73030704 -44.56619781 -147.01916072
-5.98938246 -26.39245794 -29.15880818 -6.46994495 -151.17584428 -89.84819070 -83.75469583 -162.79501422 -135.67315136 -86.90822773 -83.54079559 -115.94656120 -113.64460158 -44.15522159 -46.08880085 -148.93968984
-6.25538065 -27.47897709 -30.44656313 -6.81542016 -152.82593193 -92.09934826 -86.26484039 -165.24789889 -138.83669813 -89.72578501 -86.43544686 -115.19237889 -116.83289878 -45.59532305 -47.62362501 -150.31583136
-6.52518045 -28.46210797 -31.41196006 -7.16220679 -153.64249788 -93.94185573 -88.27968510 -166.82410711 -141.06609118 -91.93546493 -88.75591593 -114.46089594 -119.37171756 -46.82499337 -48.88997457 -150.97666250
-6.79692916 -28.87767957 -32.47457327 -7.59139417 -154.48702072 -95.66979136 -90.48746541 -167.18542385 -143.29528845 -94.31387173 -91.35403871 -113.74901519 -121.79950343 -48.11892881 -50.25558307 -149.02776900
-7.11772934 -29.43995725 -33.65846426 -8.09023568 -152.48439954 -97.64348759 -92.94521089 -165.76770449 -145.30887028 -96.97573895 -94.28194589 -113.02560045 -124.59919863 -49.48494658 -51.62561120 -146.89749780
-7.46248132 -30.00754879 -34.89450400 -8.59338628 -149.74547438 -99.59969945 -94.85744756 -164.29904776 -146.82526236 -99.65716087 -96.91108233 -112.28064938 -127.17257185 -50.69518378 -52.91772266 -144.74364961
-7.83435794 -30.66841804 -36.23917730 -9.13142049 -146.83715814 -100.43026697 -96.85783738 -162.60961610 -148.20233909 -101.90499659 -99.60779105 -111.43325405 -129.73232827 -51.96929570 -54.27013117 -142.52310523
-8.21639371 -31.37168380 -37.58087993 -9.67494573 -143.72816854 -101.17217766 -98.89494476 -160.90955925 -149.35433752 -103.96175272 -102.30593563 -110.57694149 -132.18614117 -53.27158585 -55.64627817 -140.27170871
-8.61158266 -32.11335453 -38.95963891 -10.22598765 -140.59026965 -101.95065765 -100.79735268 -159.19587204 -150.50178840 -105.77459932 -104.96201016 -109.70856126 -134.62164137 -54.58547696 -57.04764773 -137.98718409
-9.02771805 -32.94347144 -40.42847173 -10.80397926 -137.37029834 -102.82118075 -102.44570808 -157.45101065 -151.66352653 -107.57110279 -106.83896222 -108.81850743 -137.08434054 -55.95378031 -58.51503899 -135.61914633
-9.46368964 -33.83776948 -41.88151370 -11.40257528 -134.08893941 -103.75112556 -104.15077536 -155.66635642 -152.81592425 -108.33685120 -108.54129433 -107.89734670 -139.55664662 -57.35705439 -60.05101145 -133.15767403
-9.89617887 -34.69201023 -42.86816781 -12.00392066 -130.83581951 -104.66923421 -105.75125430 -153.79149492 -153.90247736 -109.02532054 -110.27117004 -106.95831197 -141.89263510 -58.74279276 -61.60111336 -130.61763017
-10.34085799 -35.55788361 -43.86985015 -12.60799159 -127.56450849 -105.57657760 -107.10644682 -151.67540872 -154.90385390 -109.71239440 -112.00287992 -106.00291036 -143.98004701 -60.11461396 -63.15803442 -127.97249741
-10.80699700 -36.48224135 -44.94174487 -13.24297206 -124.25525962 -106.53559208 -107.60180895 -149.23747987 -155.90643927 -110.47953953 -113.81995318 -104.91784507 -146.07288837 -61.54428934 -64.75980413 -125.09643703
-11.28141355 -37.43199389 -46.04775030 -13.81925536 -120.93935231 -107.51826379 -108.12272366 -146.59086190 -156.87728163 -110.91354092 -115.30722965 -103.77544845 -148.12310163 -62.85852280 -66.37262915 -122.16825303
-11.77655542 -38.45377181 -47.20558496 -14.29910379 -118.01177939 -108.57482326 -108.69667341 -143.82955434 -157.36664539 -111.33805468 -115.94279725 -102.48600023 -149.98786423 -64.19495673 -68.03733579 -119.14860965
-12.26843409 -39.45138916 -48.30841711 -14.65915336 -115.47818256 -109.61403770 -109.31366667 -141.02936275 -157.35605453 -111.72667582 -116.52144155 -100.68005844 -151.59570288 -65.52161597 -69.69412426 -116.10803110
-12.66582360 -40.39085579 -49.36062934 -14.91506123 -112.99047449 -110.53010436 -109.90315184 -138.25361252 -157.15566050 -112.02601779 -117.04488237 -98.64609539 -153.05216271 -66.81708391 -71.31187910 -113.09359045
-12.92441179 -41.31285873 -50.28028707 -15.17278960 -110.54525554 -111.03124548 -110.47743936 -135.48173104 -156.84888423 -112.31554774 -117.59341788 -96.60908457 -154.44792126 -68.11112700 -72.91757114 -110.07630980
-13.06485564 -42.15274460 -51.14438688 -15.42133407 -107.98518501 -111.45973227 -110.80152557 -132.57965753 -156.47142595 -112.55897311 -118.17546851 -94.58668408 -155.59001939 -69.37758273 -74.47699022 -107.09529147
-13.21318713 -42.98274899 -51.98664844 -15.66451098 -104.96009252 -111.82567546 -110.92120008 -129.57036828 -156.05774731 -112.80703915 -118.74593139 -92.57967304 -156.07547423 -70.64142940 -76.02220077 -104.13580722
-13.35343185 -43.73050662 -52.75735158 -15.88836782 -101.86368841 -112.09098191 -110.98537463 -126.61148952 -155.52843705 -113.00670780 -119.19742826 -90.58027861 -156.31559512 -71.84369827 -77.33946150 -101.22512547
-13.48223537 -44.43243920 -53.49574592 -16.11066610 -98.78860787 -112.29031129 -111.04250041 -123.62241629 -154.99406910 -113.11868562 -119.22430919 -88.39151163 -156.47347351 -72.97914808 -77.91779234 -98.23649290
-13.61661604 -45.15650664 -54.25517763 -16.33461305 -95.65520332 -112.42851218 -111.11790838 -120.61403378 -154.44210006 -113.27031223 -119.26201835 -86.17944418 -156.56174044 -73.43203962 -78.23970030 -95.21373793
-13.77579799 -45.88294692 -55.04892876 -16.57844691 -92.31379274 -112.50497166 -111.25856838 -117.53670243 -153.72406952 -113.52345176 -119.37899607 -83.92430680 -156.47834659 -73.61178658 -78.32340644 -92.09477990
-13.98334496 -46.53301658 -55.71831338 -16.86494493 -88.52906169 -112.70672401 -111.53045843 -114.30559790 -152.63445873 -113.95819768 -119.64679494 -81.57515882 -155.94683577 -73.76276905 -78.47671037 -88.79178811
-14.22485649 -46.97437392 -56.07653908 -17.17184877 -84.48792205 -112.93259615 -111.86308907 -110.99548596 -151.27043656 -114.45851521 -119.99362499 -79.17490219 -155.10839331 -73.93933716 -78.65093667 -85.39533620
-14.48159907 -47.20098725 -56.27830933 -17.49528516 -80.32473235 -113.22003270 -112.24749287 -107.61409805 -149.84461546 -114.94148442 -120.41464409 -76.72404578 -154.17404368 -74.11876950 -78.83335666 -81.80567250
-14.75215220 -47.43873632 -56.49859269 -17.83473117 -76.04310359 -113.57627213 -112.68445851 -104.16348455 -148.34819651 -115.43693051 -120.89166615 -74.22736499 -153.18380157 -74.30348217 -79.02615252 -78.00546350
-15.02748360 -47.67215517 -56.72937843 -18.17526959 -71.70508139 -113.95197408 -113.13123877 -100.69345154 -146.79065276 -115.92916365 -121.37711917 -71.72596252 -152.06649667 -74.47770325 -79.20584671 -74.18137087
-15.28628176 -47.85152423 -56.90996966 -18.49284548 -67.42952091 -114.24049351 -113.50615855 -97.29343665 -145.25154654 -116.23231731 -121.78096984 -69.27427946 -150.84176264 -74.60689500 -79.32851514 -70.41972177
-15.54363176 -48.02563816 -57.08597229 -18.80682684 -63.13839602 -114.52663924 -113.86726618 -93.88847603 -143.66769062 -116.47453788 -122.17674166 -66.81504128 -149.56668315 -74.73342200 -79.44586361 -66.65977886
-15.80361757 -48.20485209 -57.26832939 -19.12209880 -58.80722924 -114.83165359 -114.23108460 -90.46350942 -142.03298449 -116.73111823 -122.57804732 -64.33396781 -148.23822436 -74.83614646 -79.56865283 -62.88238423
-15.96861572 -48.17623104 -57.25267399 -19.36255803 -55.42659302 -114.81528002 -114.31546319 -87.22151111 -141.49328577 -116.65194871 -122.68607297 -61.97514748 -147.69321760 -74.81801951 -79.55917575 -59.41083009
-16.07685270 -48.00699981 -57.10361671 -19.55291214 -52.56382174 -114.59665116 -114.22892818 -84.10016236 -141.47625748 -116.36121061 -122.58429956 -59.68896332 -147.51034620 -74.72734225 -79.47943105 -56.14256993
-16.17749325 -47.81366132 -56.93348680 -19.73334691 -49.73843266 -114.34327823 -114.09939837 -80.99227479 -141.45009661 -116.04997727 -122.42554983 -57.39078678 -147.30444941 -74.62585899 -79.40127671 -52.90512125
-16.26507730 -47.57142842 -56.72222621 -19.89623350 -46.99056257 -114.04570856 -113.93008933 -77.93301419 -141.40277465 -115.67435742 -122.20658108 -55.11490536 -147.07360044 -74.50357746 -79.29649525 -49.73839305
-16.31975662 -47.21493976 -56.38848127 -19.98295020 -44.44498716 -113.56035837 -113.60429399 -75.06326928 -141.32288985 -115.10308824 -121.81454958 -54.03356401 -146.79405085 -74.32845499 -79.11728409 -46.85837358
-16.34794159 -46.76204432 -55.95870887 -20.01640582 -42.06786561 -112.91942767 -113.14050604 -72.32784169 -141.21766145 -114.37217828 -121.27511087 -53.86998336 -146.47899367 -74.10864276 -78.87985401 -44.21704907
-16.42229612 -46.43823005 -55.67054537 -20.08962876 -39.42361132 -112.48874721 -112.86514115 -69.34514799 -141.10519225 -113.86749067 -120.93366434 -53.84153490 -146.17218174 -73.95306411 -78.72477258 -41.32153068
-16.52320904 -46.21823920 -55.45655576 -20.18927284 -36.63035725 -112.16912441 -112.69572748 -66.22279943 -140.98170712 -113.49499594 -120.70353313 -53.89327961 -145.86087792 -73.83259811 -78.61375707 -38.27945572
-16.62335049 -45.99700517 -55.23693302 -20.28842650 -33.82719673 -111.85110527 -112.52690799 -63.09859527 -140.84551657 -113.12435549 -120.47566888 -53.93990827 -145.51164559 -73.71356140 -78.50083770 -35.23608569
-16.71990716 -45.77747850 -54.99377925 -20.37726759 -31.02727026 -111.50283414 -112.33265094 -60.00839837 -140.70406056 -112.72290618 -120.21919362 -53.97005235 -145.08808640 -73.58641282 -78.37379781 -32.23929662
-16.80525921 -45.56995016 -54.72284844 -20.45070123 -28.26723678 -111.09263978 -112.09200178 -56.97690531 -140.56091213 -112.25838551 -119.91025311 -53.97018296 -144.58904329 -73.44192529 -78.22225122 -29.31364975
-16.86462152 -45.25255803 -54.38644175 -20.43048296 -25.68502951 -110.48282617 -111.67798394 -55.14123739 -140.40607489 -111.58061548 -119.41489001 -53.83951482 -144.07149823 -73.24380596 -77.99860040 -28.17776275
-17.00182722 -45.08749216 -54.26515120 -20.38394210 -22.66409231 -110.11344414 -111.46014895 -55.03940806 -140.22912358 -111.16352854 -119.15660733 -53.75504962 -143.49176049 -73.12756716 -77.87401473 -28.14041396
-17.17965325 -45.14757125 -54.32262812 -20.41666836 -19.16250832 -110.10305385 -111.50917620 -55.04772001 -140.21799390 -111.14336773 -119.20430646 -53.74454156 -142.97903188 -73.13057230 -77.88020748 -28.16030951
-17.36581630 -45.25330700 -54.41377770 -20.46506098 -15.48635924 -110.17639240 -111.61536860 -55.07625642 -140.23258511 -111.21672161 -119.31912063 -53.73897893 -142.33075714 -73.16036370 -77.91372056 -28.18862482
-17.53324389 -45.37075443 -54.51337790 -20.48723576 -11.69042828 -110.28303222 -111.74212554 -55.10945300 -140.23738883 -111.32764676 -119.45770855 -53.73932272 -141.51069926 -73.20068488 -77.95778235 -28.21994308
-17.69180258 -45.47634115 -54.60323747 -20.49230878 -7.95430852 -110.37760606 -111.85805116 -55.13870065 -140.23853431 -111.42319072 -119.58354984 -53.73659440 -140.77176837 -73.23647476 -77.99626515 -28.24889216
-17.69284031 -45.39848189 -54.55276474 -20.45575694 -7.46389635 -110.17814215 -111.76493942 -55.09875873 -140.25306555 -111.19222472 -119.47394810 -53.67231552 -140.61869178 -73.17255781 -77.93435341 -28.24248821
-17.66502609 -45.29139642 -54.47758920 -20.41118467 -7.39857629 -109.93442233 -111.64939191 -55.05162496 -140.26851887 -110.91146785 -119.33559186 -53.59802233 -140.48190691 -73.09552943 -77.85759579 -28.22995642
-17.63599987 -45.17754991 -54.39507508 -20.36799383 -7.33287667 -109.68394108 -111.52502875 -55.00210417 -140.28156596 -110.62791261 -119.19592818 -53.52174952 -140.34158728 -73.01740996 -77.77853464 -28.21645945
-17.60640100 -45.05685351 -54.30855834 -20.32394864 -7.26710689 -109.43732645 -111.39438564 -54.95075334 -140.29348668 -110.34562984 -119.05324342 -53.44405042 -140.19684434 -72.93829828 -77.69782852 -28.20146707
-17.57674032 -44.93534937 -54.21952691 -20.27989448 -7.20101986 -109.19079099 -111.26089857 -54.89755781 -140.30193247 -110.06363152 -118.90760220 -53.36560552 -140.04692113 -72.85895444 -77.61718072 -28.18512023
-17.54653689 -44.80822151 -54.12775846 -20.23612473 -7.13423314 -108.94051942 -111.12404397 -54.84208239 -140.30789925 -109.77614171 -118.75735759 -53.28550427 -139.89811175 -72.77933522 -77.53499784 -28.16805703
-17.52915750 -44.74659798 -54.08148006 -20.21194566 -7.08739551 -108.84014917 -111.06466666 -54.81583529 -140.23007439 -109.63659200 -118.69202928 -53.23236621 -139.72889579 -72.73430494 -77.48867283 -28.16302122
-17.51141178 -44.67921512 -54.03271923 -20.18705187 -7.04000711 -108.73611397 -111.00155631 -54.78781085 -140.14914333 -109.49191402 -118.62130796 -53.18164595 -139.55700385 -72.68801203 -77.43923149 -28.15715332
-17.49328694 -44.60940610 -53.98098451 -20.16197305 -6.99178426 -108.62986719 -110.93523448 -54.75986041 -140.06402024 -109.34345234 -118.54539944 -53.13142073 -139.38134259 -72.64070093 -77.38897119 -28.14920975
-17.47464377 -44.53140162 -53.92578610 -20.13708306 -6.94307318 -108.51950211 -110.86490883 -54.72980934 -139.97757258 -109.18965059 -118.46408481 -53.07919831 -139.20393051 -72.59153242 -77.33734728 -28.14329446
-17.45739478 -44.44969197 -53.86854912 -20.11491406 -6.89409745 -108.40355194 -110.78964706 -54.69717150 -139.88883826 -109.02817159 -118.37405988 -53.02461041 -139.02393035 -72.53943617 -77.28373855 -28.13662838
-17.44182982 -44.36797283 -53.80789397 -20.09196052 -6.84467006 -108.28358822 -110.71109704 -54.66337585 -139.79758818 -108.86165175 -118.27878231 -52.96856301 -138.84084326 -72.48574568 -77.22898929 -28.12938167
-17.42635647 -44.28695101 -53.74774711 -20.06942851 -6.79457707 -108.16414262 -110.63262922 -54.62987671 -139.70408017 -108.69473047 -118.18106862 -52.91234032 -138.63171125 -72.43240475 -77.17434370 -28.12206737
-17.40925925 -44.20612409 -53.68759205 -20.04679289 -6.74360392 -108.04303698 -110.55262847 -54.59571207 -139.61131084 -108.52553476 -118.08139888 -52.85562619 -138.42210910 -72.37834948 -77.11877830 -28.11403600
-17.42494367 -44.13190530 -53.62421509 -20.01905445 -6.70155326 -107.91442712 -110.46394263 -54.55797991 -139.45614997 -108.34292645 -117.97226503 -52.79601566 -138.17466053 -72.32015227 -77.05884800 -28.10415773
-17.40616925 -44.05063452 -53.56560934 -19.99602411 -6.64924682 -107.79438138 -110.38346773 -54.52374721 -139.35472024 -108.17253497 -117.87212673 -52.73840771 -137.95814050 -72.26585889 -77.00259225 -28.09462029
-17.39053322 -43.96986073 -53.50667197 -19.97287471 -6.58974494 -107.67560132 -110.30308690 -54.48956214 -139.23721962 -108.00375543 -117.77202059 -52.68047111 -137.72425327 -72.21139374 -76.94624596 -28.08457210
-17.37379922 -43.88493398 -53.44512549 -19.94844540 -6.52875496 -107.55000971 -110.21701080 -54.45305222 -139.11942741 -107.82658681 -117.66546069 -52.61989841 -137.49260166 -72.15476236 -76.88721314 -28.07566932
-17.35806601 -43.80263560 -53.38711905 -19.92449615 -6.46711513 -107.43278902 -110.13419162 -54.41796965 -139.00101602 -107.56252302 -117.57062029 -52.56046643 -137.26074502 -72.09857170 -76.82819078 -28.05675627
-17.34535952 -43.72220174 -53.33221217 -19.90112816 -6.40452495 -107.32005791 -110.05361656 -54.38373910 -138.87979993 -107.23936728 -117.48137532 -52.50192639 -137.02624177 -72.04328892 -76.77027542 -28.02903797
-17.33619412 -43.63970202 -53.27655079 -19.87725340 -6.34012652 -107.20095766 -109.97007690 -54.34827533 -138.75198450 -106.90449954 -117.38506073 -52.44179163 -136.78350028 -71.98771868 -76.71185794 -27.99975318
-17.32786127 -43.56091952 -53.22382183 -19.85419625 -6.27482263 -107.08702862 -109.89099211 -54.31464936 -138.61787897 -106.55006423 -117.29249129 -52.38165574 -136.53598532 -71.93458228 -76.65706638 -27.95834753
-17.32739422 -43.51487150 -53.19439079 -19.84009136 -6.21491639 -107.00940073 -109.84864752 -54.29571471 -138.43675904 -106.24344568 -117.24003140 -52.33421969 -136.26669616 -71.89812657 -76.62087789 -27.90271537
-17.32749831 -43.46981801 -53.16436519 -19.83071489 -6.14354465 -106.93498902 -109.80771495 -54.27676196 -138.23403720 -105.94851668 -117.18854011 -52.28628476 -135.95314638 -71.86243607 -76.58533961 -27.84305714
-17.32710649 -43.42579983 -53.13541245 -19.82155556 -6.06831945 -106.86193440 -109.76773905 -54.25854666 -138.02115288 -105.65803331 -117.13765092 -52.23799432 -135.62304364 -71.82667643 -76.54983123 -27.77890866
-17.32656264 -43.38169108 -53.10685737 -19.81253292 -6.00109247 -106.78935003 -109.72755773 -54.24038928 -137.79513034 -105.36004877 -117.08650475 -52.18918415 -135.30731004 -71.79026868 -76.51398251 -27.70944659
-17.32684088 -43.34067090 -53.08078900 -19.80392146 -5.93102176 -106.72266438 -109.69093793 -54.22359035 -137.55333647 -105.03924379 -117.03983518 -52.14040109 -134.98447926 -71.75499140 -76.47995353 -27.63423967
-17.32905611 -43.30671496 -53.06001446 -19.79614934 -5.84878843 -106.66918165 -109.66158115 -54.20929217 -137.28330953 -104.69511785 -116.99581961 -52.09302537 -134.63428391 -71.72305079 -76.44961961 -27.55730844
-17.34023721 -43.30531040 -53.06261054 -19.79578006 -5.72528566 -106.68263722 -109.66112307 -54.20894259 -136.91383483 -104.37424077 -116.98795691 -52.05760707 -134.19369600 -71.70750107 -76.43690703 -27.47751066
-17.36352283 -43.35357149 -53.10304521 -19.80889887 -5.58443039 -106.81307933 -109.71990143 -54.23282949 -136.47969857 -104.15610943 -117.04425740 -52.04227969 -133.71580369 -71.71739691 -76.45218469 -27.38680798
-17.38578404 -43.39936276 -53.14255580 -19.82021978 -5.45530627 -106.93744879 -109.77379131 -54.25586760 -136.07706035 -103.95137160 -117.09409825 -52.02568415 -133.26642287 -71.71915882 -76.46646844 -27.27775319
-17.40661400 -43.44119349 -53.17897165 -19.83006757 -5.33325564 -107.05440461 -109.82119833 -54.27619411 -135.71504051 -103.73656168 -117.13608778 -52.00706782 -132.84048000 -71.70063980 -76.47844938 -27.16895206
-17.42636661 -43.47914268 -53.21278430 -19.83865134 -5.21551379 -107.16489387 -109.86347640 -54.29347330 -135.38402037 -103.51102994 -117.17271333 -51.98643853 -132.42845668 -71.67962585 -76.48733999 -27.06305326
-17.44511986 -43.51257949 -53.24356454 -19.84478714 -5.08839582 -107.26677051 -109.90095642 -54.30883262 -135.11360132 -103.27157571 -117.20334281 -51.96362714 -132.01772641 -71.65558960 -76.49286083 -26.95937528
-18.97437328 -47.28315687 -56.17401093 -20.38110612 31.81758943 -113.60946097 -113.92331483 -55.68366477 -114.01398560 -112.21475734 -121.43026434 -53.20023020 -71.15880543 -73.68154736 -78.68278623 -27.16467643
-21.17920383 -50.95422796 -58.46745168 -19.73497938 33.55374257 -127.20965700 -117.80242890 -55.93744106 -14.75792667 -122.95169939 -125.27334241 -53.78135015 -30.51332198 -75.71371350 -80.34622276 -26.78445188
-21.30912363 -51.18985372 -58.77573313 -19.99997587 33.72955070 -127.99334224 -118.44908138 -56.51658134 -14.66134861 -123.77826008 -125.99403402 -54.07995970 -30.53847899 -75.77899888 -80.60780165 -26.97118653
-20.23922987 -49.99450764 -58.17414564 -19.31769130 21.72643907 -127.44470145 -116.94785878 -56.20373423 -10.44674895 -121.81604203 -124.56865031 -53.87812772 -30.39386488 -75.04192675 -80.09439937 -26.89977813
-20.46097196 -50.46747405 -58.49203902 -19.36824437 21.81423561 -129.16491827 -117.22689863 -56.42245505 -10.39673119 -122.92354440 -124.99835352 -54.11329185 -30.51922625 -75.38391480 -80.46507900 -26.99562687
-20.72223321 -50.61547551 -58.65155101 -19.44840329 21.90846281 -130.74296953 -117.53487591 -56.53936441 -10.34308443 -124.04638856 -125.34632373 -54.15048394 -30.51875607 -75.31690424 -80.49631354 -26.95443005
-20.99986199 -50.79354385 -58.83378992 -19.53185329 22.00704435 -131.52163227 -117.86884911 -56.65485915 -10.28674669 -124.97264446 -125.72542523 -54.18420919 -30.51892166 -75.26327442 -80.54925388 -26.83476296
-21.28620294 -50.97663239 -59.01958303 -19.61238939 22.10700936 -132.13237232 -118.21722351 -56.77268417 -10.22963284 -125.50543343 -126.06615404 -54.22791925 -30.51001537 -75.20959933 -80.57718136 -26.71953987
-21.58085923 -51.13822135 -59.20048068 -19.69505935 22.20700905 -132.64056244 -118.54052182 -56.89058051 -10.17250164 -125.98725674 -126.40649865 -54.27099612 -30.49421982 -75.14961127 -80.58753582 -26.62548538
-21.86215130 -51.28137971 -59.36746862 -19.77671233 22.30610036 -133.10972269 -118.83460937 -57.00727797 -10.11588799 -126.41624810 -126.74510042 -54.31113802 -30.46587604 -75.08074800 -80.55029334 -26.55223399
-21.97119041 -51.42540243 -59.53594020 -19.85820794 22.40584235 -133.46800157 -119.15783216 -57.12632460 -10.05890533 -126.77442971 -127.08382374 -54.34577870 -30.43650649 -75.00640553 -80.49975074 -26.50372598
-22.05899195 -51.56659073 -59.70486305 -19.93960478 22.50553793 -133.77853574 -119.47907845 -57.24421026 -10.00195261 -127.03521679 -127.42062975 -54.34005992 -30.40492129 -74.92404422 -80.43592053 -26.47639056
-22.14420387 -51.70524450 -59.88029174 -20.01709923 22.60502667 -134.02546857 -119.79772208 -57.37317891 -9.94508047 -126.74106555 -127.76427933 -54.31925208 -30.36936327 -74.84173391 -80.36340990 -26.46938628
-22.79133665 -58.57110231 -67.15397543 -20.82745099 23.41234333 13.37781520 -130.23143341 -60.25812724 -9.48498719 12.12637946 -140.84198304 -58.33031975 -31.96849863 -79.51820086 -85.48804217 -28.15928343
-22.88314021 -58.85445359 -67.54294666 -20.94543733 23.52650878 13.53247299 -130.98526635 -60.34592576 -9.42000927 12.26463622 -142.28915730 -58.43575929 -31.81514610 -79.64317717 -85.75909099 -28.24811028
-21.18857312 -58.29480543 -69.28872062 -20.78724287 23.62331148 6.13457220 -131.30385019 -59.10412974 -9.32625083 12.56461342 -143.56620785 -58.08770554 -31.28187425 -77.37836779 7.80831234 -28.98529020
-21.34174600 -58.73658696 -69.61181255 -20.87411814 23.72369846 6.19625766 -132.24679352 -59.21815297 -9.26916096 12.68825037 -144.06118357 -58.10839706 -31.22908453 -77.33840936 7.88631582 -28.97992985
