0.00000000
143.48088521
251.89010049
348.50986739
441.94884774
532.19950705
618.81680438
701.52246651
779.90661202
853.86754513
923.22581914
988.03618118
1048.29551700
1104.25690507
1155.88288123
1203.39255105
1246.68913894
1285.63637305
1319.63785265
1349.02226677
1363.11856161
1369.14048779
1374.34873647
1378.73166339
1382.31680930
1385.23652334
1387.51739141
1389.15186435
1389.82391663
1384.75974968
1372.94926734
1359.12796338
1343.75911995
1322.99571082
1293.32169990
1258.41945058
1221.13716625
1181.07844509
1138.90785814
1095.41445871
1052.78669934
1040.60757502
1039.94021464
1038.76437717
1037.09814060
1035.20746464
1032.84508551
1030.31958338
1027.53745421
1024.60422844
1021.37086163
1017.94723644
1014.35311705
1003.67267799
990.13530369
986.97546765
976.43481057
973.07736358
969.61359545
956.31416897
946.11248674
942.35792816
930.51107775
926.79325327
923.67607434
920.13382166
915.16625568
911.24048041
907.41963429
904.03474176
896.83083602
893.22605827
889.43342694
877.88519156
871.57053709
868.07871169
864.02040208
861.05312886
856.91689248
843.88918677
839.62166172
828.73687368
821.05270373
813.67481400
810.48540387
796.58958520
793.49474848
790.48557622
777.68549753
775.03957036
771.77817423
758.89664467
751.98111875
748.68831587
738.61999426
735.81840692
732.66970486
728.47529070
724.86303591
716.55845477
713.46221257
710.53988759
706.10326889
702.73069323
699.06422929
696.03985556
691.58743802
687.48800501
684.25211908
680.37665967
676.89818024
673.40045802
668.23082858
664.89797332
661.44408382
657.92829269
