0.00000000
0.00104192
0.00204192
0.00304192
0.00404192
0.00504192
0.00604192
0.00704192
0.00804192
0.00904192
0.01004192
0.01104192
0.01204192
0.01304192
0.01404192
0.01504192
0.01604192
0.01704192
0.01804192
0.01904192
0.02004192
0.02104192
0.02204192
0.02304192
0.02404192
0.02504192
0.02604192
0.02704192
0.02804192
0.02904192
0.03004192
0.03104192
0.03204192
0.03304192
0.03404192
0.03504192
0.03604192
0.03704192
0.03804192
0.03904192
0.04004192
0.04104192
0.04204192
0.04304192
0.04404192
0.04504192
0.04604192
0.04704192
0.04804192
0.04904192
0.05004192
0.05104192
0.05204192
0.05304192
0.05404192
0.05504192
0.05604192
0.05704192
0.05804192
0.05904192
0.06004192
0.06104192
0.06204192
0.06304192
0.06404192
0.06504192
0.06604192
0.06704192
0.06804192
0.06904192
0.07004192
0.07104192
0.07204192
0.07304192
0.07404192
0.07504192
0.07604192
0.07704192
0.07804192
0.07904192
0.08004192
0.08104192
0.08204192
0.08304192
0.08404192
0.08504192
0.08604192
0.08704192
0.08804192
0.08904192
0.09004192
0.09104192
0.09204192
0.09304192
0.09404192
0.09504192
0.09604192
0.09704192
0.09804192
0.09904192
0.10004192
0.10104192
0.10204192
0.10304192
0.10404192
0.10504192
0.10604192
0.10704192
0.10804192
0.10904192
0.11004192
0.11104192
0.11204192
0.11304192
0.11404192
0.11504192
