0.00000000 0.00000000 0.00000000 0.00000000 0.00000000 0.00000000 0.00000000 0.00000000 0.00000000 0.00000000 0.00000000 0.00000000 0.00000000 0.00000000 0.00000000 0.00000000
5.19579442 -14.84264368 -21.67221769 -28.52727652 2.41067066 -1.85079833 -3.19362583 -7.22108242 2.42470282 -1.84777440 -3.11461590 -8.15436408 6.29178160 -16.10541688 -24.02375776 -29.25026121
2.36969255 -29.83966287 -33.81846293 -40.46186862 0.81789094 -5.49419516 -8.72777249 -8.97019193 0.79432212 -5.44397270 -8.24674972 -10.05453602 2.51262993 -29.90539732 -36.16156537 -41.26026089
0.93362680 -41.57309820 -45.34777702 -51.79064263 -0.77141877 -9.14349395 -14.28216648 -10.67808971 -0.83400002 -9.04554730 -13.39446326 -11.89096347 1.03226380 -41.42262695 -47.63737725 -52.66409295
-0.50869607 -52.87098982 -56.40365092 -62.60283799 -2.30993388 -12.79100472 -19.83649644 -12.30904867 -2.41122961 -12.64513393 -18.53086156 -13.58830972 -0.45323617 -52.49992087 -58.64465988 -63.54283750
-1.94287144 -63.73945643 -66.99071792 -72.88691332 -3.85427686 -16.45079783 -25.38976605 -13.78982688 -3.99591980 -16.25642818 -23.66348534 -15.11675277 -1.91901246 -63.14426817 -69.18765306 -73.87136052
-3.14005148 -74.16403617 -77.13930117 -82.64946483 -5.40408543 -20.13729096 -30.80456831 -15.15515208 -5.58711871 -19.89431736 -28.77025982 -16.52086397 -3.13352914 -73.35765323 -79.29299778 -83.66611394
-4.09172176 -84.12661990 -86.87529286 -91.93566137 -6.95605630 -23.83858846 -35.87729039 -16.41525489 -7.18212164 -23.56464717 -33.64827496 -17.83254019 -4.09944860 -83.13814065 -88.96931107 -92.97149628
-4.82827618 -93.58713639 -96.15164197 -100.74786907 -8.48775862 -27.40454998 -40.63969877 -17.61669775 -8.76177860 -27.11125840 -38.22525123 -19.05844300 -4.85934396 -92.45537791 -98.17217142 -101.79935878
-5.43625500 -102.50265788 -104.91894145 -109.08965225 -9.94420899 -30.76608019 -45.09229108 -18.74043624 -10.27539862 -30.47381828 -42.62223675 -20.23575716 -5.49981933 -101.28052116 -106.84968376 -110.13978698
-5.97123599 -110.86326089 -113.09627685 -116.91812010 -11.30943338 -33.91469607 -49.36098255 -19.83850523 -11.70043218 -33.62485982 -46.72428240 -21.36697297 -6.07370420 -109.55990344 -114.92873922 -117.97441385
-6.46213867 -118.66353733 -120.67685695 -124.22138137 -12.58368810 -36.84617524 -53.37094882 -20.89307850 -13.03262584 -36.56374809 -50.73082501 -22.44255983 -6.60943586 -117.27699281 -122.39627622 -125.26591253
-6.90884978 -125.84510000 -127.60667418 -130.93525674 -13.76826248 -39.71478034 -57.21745456 -21.88442631 -14.26874585 -39.41935192 -54.46064487 -23.49474372 -7.10129338 -124.43173971 -129.24317102 -131.99502214
-7.32382136 -132.42554773 -133.86772715 -137.03118905 -14.88147360 -42.43013099 -61.04649588 -22.87447535 -15.43167167 -42.16271912 -58.15018782 -24.53388636 -7.56336789 -130.97192126 -135.42406896 -138.13822089
-7.73688917 -138.40684902 -139.46989047 -142.51299885 -15.91713905 -45.04544245 -64.77820394 -23.84828566 -16.52638685 -44.75745243 -61.82190475 -25.55496064 -8.02205041 -136.90470787 -140.93131476 -143.64840490
-8.17775951 -143.75987381 -144.38085122 -147.35019725 -16.93801350 -47.65261863 -68.43972457 -24.81896709 -17.58942213 -47.35593768 -65.45861221 -26.54083024 -8.50756960 -142.20244785 -145.73527625 -148.48444951
-8.65986664 -148.48404576 -148.59622414 -151.49416949 -17.94678855 -50.23193850 -72.10542394 -25.77040990 -18.63658522 -49.92923360 -69.02470405 -27.52132549 -9.03720534 -146.82959321 -149.81424723 -152.60737788
-9.19102887 -152.53585288 -152.06000042 -154.87921526 -18.94821823 -52.76356180 -75.85276907 -26.70905938 -19.66563886 -52.45486584 -72.59898837 -28.51405898 -9.62207806 -150.77556909 -153.10890642 -155.95656151
-9.80287586 -155.87705426 -154.75182107 -157.44617425 -19.97580039 -55.19743116 -79.40352618 -27.66148670 -20.72330337 -54.86645248 -76.01108500 -29.52112560 -10.29490416 -154.00170800 -155.61585690 -158.48724727
-10.50605466 -158.41362154 -156.53161766 -159.09807230 -21.08866154 -57.66559043 -83.07330231 -28.61520776 -21.84238104 -57.31562543 -79.57667140 -30.54084568 -11.06014397 -156.39142141 -157.19492287 -160.10812676
-11.61887688 -159.03296733 -154.30120115 -156.39374816 -22.54224088 -60.90657837 -88.03722577 -29.84757524 -23.32774181 -60.53374650 -84.40276773 -31.85745951 -12.27603329 -156.56463516 -154.24368353 -157.23208032
-13.02820931 -155.64584587 -150.73263496 -152.73476522 -24.18290704 -64.54049972 -93.63141234 -31.22354156 -24.98527576 -64.12450951 -89.85661482 -33.30179529 -13.78107237 -153.03632362 -150.70035881 -153.63472158
-14.45357164 -152.17370069 -147.07521888 -148.99836105 -25.81037110 -68.13546973 -99.14490851 -32.57793113 -26.62253954 -67.67108900 -95.22821770 -34.70088493 -15.30357948 -149.42129506 -147.07735578 -149.95424225
-15.89474765 -148.56334127 -143.31287717 -145.18933496 -27.42329034 -71.69399246 -104.64204078 -33.90665159 -28.24672906 -71.18536601 -100.53593272 -36.08242226 -16.84549892 -145.69031652 -143.33608229 -146.18303939
-17.35121417 -144.85471486 -139.44468899 -141.29534049 -29.02894159 -75.18756889 -110.10909460 -35.19644909 -29.86047281 -74.63917774 -105.78178766 -37.45593373 -18.40492679 -141.86918832 -139.49330898 -142.34400058
-18.81983686 -141.08440869 -135.50008458 -137.32726132 -30.63007841 -78.62438627 -115.52559556 -36.45641630 -31.47135105 -78.02724313 -110.97863743 -38.81835125 -19.97714294 -137.97366765 -135.57313523 -138.44892668
-20.29898627 -137.25246792 -131.48148893 -133.28920143 -32.22405452 -82.01452776 -120.88811034 -37.69234138 -33.07704521 -81.36728786 -116.12689924 -40.16660015 -21.56080437 -134.00312132 -131.57786584 -134.49658891
-21.78783256 -133.35548861 -127.38674158 -129.18854315 -33.80947855 -85.35644505 -126.18908799 -38.90988575 -34.67590297 -84.66138753 -121.22906809 -41.49938317 -23.15843581 -129.95636925 -127.50894338 -130.47887090
-23.29715111 -129.36695445 -123.19037529 -124.99999803 -35.39406698 -88.66861480 -131.20908623 -40.11335999 -36.27490248 -87.92492825 -126.31789700 -42.82161056 -24.71824381 -125.81174079 -123.34456395 -126.37042291
-24.94596561 -124.98205533 -118.59076389 -120.41301579 -37.10763901 -91.43052408 -134.39518454 -41.37906728 -38.02032084 -91.33805400 -130.32689679 -44.22136110 -25.80301028 -121.23417507 -118.73944449 -121.83227158
-26.05013675 -120.36810498 -113.73060517 -115.56468992 -38.33611088 -93.27937159 -137.59182668 -42.66754573 -39.13128847 -93.26073948 -133.33794834 -45.64297379 -26.73137899 -116.37693858 -113.85345097 -117.02615702
-26.92099934 -115.67977218 -108.77685961 -110.63351327 -39.07519184 -95.07108970 -140.72981611 -43.92828615 -39.86777028 -95.02246295 -136.31661224 -47.03485710 -27.65717776 -111.41916051 -108.86181178 -112.13258257
-27.80028228 -110.89276878 -103.71623455 -105.60911540 -39.81838699 -96.29690455 -143.79283026 -45.16317864 -40.60895725 -96.62265004 -139.26043910 -48.39544808 -28.59555832 -106.36262581 -103.76421775 -107.05952215
-28.73478142 -105.43812596 -98.40899932 -100.25852403 -40.45147281 -96.81554290 -146.65721208 -46.02175624 -41.27242880 -97.31350603 -142.18732847 -49.22221034 -29.59140125 -101.07693243 -98.42848325 -101.11700548
-29.75974860 -99.25481523 -92.61628679 -93.89219179 -40.67186904 -97.28793674 -148.15853462 -46.19532107 -41.49889511 -97.77502629 -143.98041028 -49.43550696 -30.69457768 -95.07242234 -92.38265171 -94.64550566
-30.82278871 -92.67327969 -86.07556862 -87.24739257 -40.74055038 -97.71609728 -149.28718375 -46.18599912 -41.56932055 -98.18441307 -145.07127693 -49.41892951 -31.70042767 -88.36177934 -85.65594853 -87.70849486
-31.74624037 -85.85624792 -79.32161235 -80.30754358 -40.79613006 -98.10124640 -150.30358118 -46.13655854 -41.62305407 -98.55330854 -146.12443923 -49.31484476 -32.59794469 -81.33429031 -78.69001690 -80.33010736
-32.48719354 -78.77574899 -72.44515420 -73.11479862 -40.81757446 -98.44543210 -151.25107883 -46.01706495 -41.67366093 -98.88845756 -147.14536996 -49.15036718 -33.21485083 -73.95712819 -71.29682156 -72.39774319
-33.03887844 -71.52126977 -65.26854465 -65.58162460 -40.82944651 -98.73998667 -152.13945478 -45.87344402 -41.70267588 -99.18427687 -148.09947224 -48.96172908 -33.82551651 -66.23202612 -63.53309145 -64.37642055
-33.57867899 -64.16943846 -57.86830977 -57.95455137 -40.82603936 -98.97906640 -152.96988894 -45.71287895 -41.71459314 -99.44785153 -148.65249290 -48.75317455 -34.42730198 -58.42802942 -55.67189941 -56.26026353
-34.10241602 -56.62571288 -50.29142316 -50.14565853 -40.83082746 -99.06146218 -153.74108981 -45.54911878 -41.69830912 -99.58053482 -149.01417151 -48.52710298 -34.99239763 -50.82114573 -48.91758527 -48.88774346
-34.36495943 -51.28798257 -47.85941903 -48.56262212 -40.85007196 -98.96979538 -154.33307894 -45.42016737 -41.59996575 -99.48058960 -149.25002758 -48.35921943 -35.20910958 -47.48257869 -48.81709580 -48.76089180
-34.40170089 -51.14356656 -47.75364364 -48.47282520 -40.78847047 -98.82978633 -154.73057079 -45.27926399 -41.53648277 -99.35093007 -149.44476971 -48.19477738 -35.25297068 -47.37906436 -48.70991140 -48.67148040
-34.43590601 -50.98863661 -47.64171927 -48.36932364 -40.72291543 -98.61335616 -154.86337655 -45.13010829 -41.46945883 -99.18820907 -149.58904917 -48.01814949 -35.29411231 -47.27220409 -48.59697406 -48.57087818
-34.46746426 -50.82516810 -47.52615622 -48.25290845 -40.65354933 -98.31541611 -154.94459815 -44.97600040 -41.39966180 -98.91460762 -149.55872243 -47.82943284 -35.33423570 -47.16214205 -48.47901218 -48.45906497
-34.49577884 -50.65325759 -47.40683723 -48.12881926 -40.58100038 -97.98252903 -154.96867451 -44.81900545 -41.32511970 -98.60563759 -149.49605861 -47.63221348 -35.37035346 -47.04759818 -48.35616129 -48.33842005
-34.52359845 -50.47221478 -47.28309111 -47.99802040 -40.50758218 -97.56443861 -154.91647034 -44.65829169 -41.24671157 -98.20944237 -149.26760261 -47.42677916 -35.40410283 -46.93112373 -48.22760369 -48.20801199
-34.54955444 -50.28341337 -47.15685684 -47.86236547 -40.43051804 -97.12567912 -154.85322089 -44.49575850 -41.16566080 -97.77571415 -148.99881290 -47.21350565 -35.43671438 -46.81271228 -48.09096430 -48.06813225
-34.57393504 -50.08838231 -47.02870142 -47.72090134 -40.35174989 -96.66997573 -154.64174237 -44.33155614 -41.07878161 -97.32615822 -148.70946921 -46.99351842 -35.46785849 -46.69290099 -47.94278690 -47.91903610
-34.59606393 -49.88938752 -46.89734515 -47.57390182 -40.27097583 -96.19560120 -154.38085223 -44.16621823 -40.98852225 -96.86297194 -148.40174071 -46.76741213 -35.49731072 -46.57134812 -47.78329902 -47.76127764
-34.61587116 -49.68687984 -46.76235467 -47.42217909 -40.18498036 -95.69380871 -153.95585712 -43.99990332 -40.89721391 -96.38866512 -148.07959919 -46.53473717 -35.52864770 -46.40538541 -47.62124271 -47.59353615
-34.63309909 -49.47925106 -46.61762894 -47.26558688 -40.09670741 -95.17616318 -153.43789689 -43.83193069 -40.80255630 -95.90706484 -147.74243977 -46.29693572 -35.55918319 -46.22510589 -47.45670408 -47.41898252
-34.64748532 -49.26888372 -46.46384704 -47.10541114 -40.00610043 -94.64418499 -152.89589922 -43.66366352 -40.70568598 -95.41079573 -147.36370223 -46.05428180 -35.59037022 -46.00435908 -47.29079438 -47.23765223
-34.68546335 -49.06252355 -46.30778909 -46.91985540 -39.88041793 -94.09516650 -152.33541054 -43.48684261 -40.63583928 -94.87714474 -140.04321285 -45.80060986 -35.65752855 -45.75174728 -47.12094811 -47.01217835
-34.74187643 -48.84909520 -46.13653632 -46.71327623 -39.82162856 -88.69081258 -151.62087975 -43.29460305 -40.57031341 -89.29241317 -139.91360602 -45.52280840 -35.73688642 -45.51449604 -46.93843185 -46.77764025
-34.74202051 -48.63431734 -45.96815646 -46.54796167 -39.72794529 -88.38807576 -150.97359740 -43.12654024 -40.46670132 -89.08466884 -139.64596924 -45.27374224 -35.75483505 -45.28822308 -46.76784248 -46.58487072
-34.76982206 -48.39497288 -45.76021241 -46.34730033 -39.66231164 -87.95686976 -143.36593734 -42.95595176 -40.32838895 -88.66481467 -139.37901244 -45.01143648 -35.80276173 -45.06816622 -46.59660142 -46.37025048
-34.76034427 -48.18088338 -45.56025641 -46.18238948 -39.56167721 -87.53059125 -142.98698839 -42.78711893 -40.22685498 -88.25062248 -139.04742820 -44.75899240 -35.81388497 -44.83834731 -46.42135846 -46.16962546
-34.74789345 -47.96959865 -45.33225000 -46.01969719 -39.46176163 -87.10220083 -142.56540921 -42.61988158 -40.12501977 -87.83263556 -138.70769155 -44.50648704 -35.82282507 -44.59833200 -46.23526321 -45.96664870
-34.78440095 -47.75577175 -45.08223127 -45.81161145 -39.42849335 -81.86162159 -142.09193446 -42.42778462 -40.09372656 -82.47803816 -138.33373152 -44.22363124 -35.89019822 -44.31493869 -46.01810882 -45.71794633
-34.79547167 -47.54821067 -44.85119500 -45.62278991 -39.29344683 -81.56006424 -141.61319647 -42.24822974 -40.01240515 -82.15882598 -131.26306385 -43.94285746 -35.93389925 -44.01622207 -45.78519814 -45.46741030
-34.77281002 -47.34474502 -44.62335609 -45.46298614 -39.17937496 -81.26382212 -141.12465842 -42.08382742 -39.91815827 -81.84697793 -130.58162910 -43.68957120 -35.93395827 -43.74365650 -45.53257017 -45.25582652
-34.77783329 -47.10152873 -44.35411528 -45.24722831 -39.11087421 -80.92382973 -133.40919642 -41.88535679 -39.77887528 -80.83217937 -129.88539100 -43.42214775 -35.97711483 -43.48875699 -45.28642004 -45.03022972
-34.74708018 -46.89248371 -44.11669692 -45.08040737 -39.01982127 -79.94893521 -133.17946529 -41.71815380 -39.67135420 -80.51770805 -129.66120950 -43.17375069 -35.97082262 -43.22858292 -45.03926389 -44.82751766
-34.70908454 -46.68297286 -43.87446982 -44.91651599 -38.91934780 -79.63957096 -132.91612808 -41.55370433 -39.56707780 -80.19987499 -129.42737963 -42.92742272 -35.95899122 -42.96750859 -44.79026757 -44.62575744
-34.66904273 -46.47565333 -43.61364711 -44.75269219 -38.82012561 -79.32323106 -132.60711568 -41.38832739 -39.46808100 -79.53827068 -129.18247394 -42.68111430 -35.94692623 -42.70517655 -44.53985532 -44.42208854
-34.63249141 -46.27685322 -43.35421817 -44.58972849 -38.71580898 -78.67310412 -131.37656077 -41.22559326 -39.37172493 -79.20385734 -128.45364357 -42.43340409 -35.93432254 -42.43565534 -44.27925542 -44.21003404
-34.59197107 -46.05942895 -43.08895771 -44.42417616 -38.62306196 -78.01442762 -131.11524424 -41.05911487 -39.27651939 -78.52345217 -128.18815836 -42.18780074 -35.92008136 -42.17130917 -43.99217707 -44.00459956
-34.54553856 -45.83147320 -42.81804316 -44.25692271 -38.53096383 -77.68718813 -130.80724431 -40.88715288 -39.16843179 -78.18607819 -127.41997180 -41.94772565 -35.90190206 -41.91476719 -43.70974138 -43.80648945
-34.49700390 -45.59636522 -42.55114266 -44.09752327 -38.43478809 -77.35786835 -130.48225310 -40.70970397 -39.06720690 -77.84366027 -127.12586962 -41.70998046 -35.87774891 -41.65450188 -43.42151165 -43.60761351
-34.46690933 -45.41372636 -42.34001811 -43.95408236 -38.24512280 -77.03700559 -130.14392113 -40.50962516 -39.06900477 -77.44171333 -126.79102551 -41.44642665 -35.99061442 -37.62534369 -42.99303154 -43.36326526
-34.41441521 -45.15023377 -42.05352709 -43.80018346 -38.16508744 -76.68769455 -129.32411583 -40.31130656 -38.95397188 -77.08481593 -126.48925479 -41.22348687 -35.96495834 -37.73290314 -42.68957267 -43.18053075
-34.36488794 -44.88547946 -41.78684183 -43.64931277 -38.06453135 -76.33823170 -128.50441506 -40.08768464 -38.86197101 -76.71043307 -126.15532050 -40.99422630 -35.93919389 -37.74474844 -42.36470383 -42.98144516
-34.34249551 -44.62721168 -37.41957771 -43.53263935 -37.97554688 -75.95984891 -128.13462557 -39.85353680 -38.76216891 -76.30830737 -125.80093060 -40.75978402 -35.95148758 -37.64389491 -37.98951677 -42.82361899
-34.30557128 -44.41791319 -37.60276463 -43.33899819 -37.78767550 -75.61263552 -127.76308393 -39.62424389 -38.76790970 -75.85509469 -125.41259952 -40.51086088 -36.05878103 -33.79291226 -38.14729229 -42.57220058
-34.24661415 -44.14682645 -37.67638722 -43.15857984 -37.70266868 -75.22030530 -127.37916357 -39.40383380 -38.67622044 -74.48655297 -125.06903330 -40.29412626 -36.02208510 -34.06065788 -38.15478246 -42.38087426
-34.18988399 -43.87287336 -37.71759064 -42.97189731 -37.63075455 -73.99534851 -126.99076857 -39.17953743 -38.57100928 -74.10427856 -124.31785284 -40.07634090 -35.98560095 -34.10083958 -38.12579844 -42.19002718
-34.12765631 -43.60370994 -37.69396286 -42.79260039 -37.55062023 -73.71723411 -126.60050983 -38.95693503 -38.46869104 -73.66904780 -123.97256183 -39.86185589 -35.94246247 -34.07939273 -38.01396736 -42.00192103
-34.06596152 -43.32725626 -37.51657066 -42.60992079 -37.46391247 -73.27821664 -126.20593999 -38.73428971 -38.36599444 -73.16820055 -123.18222122 -39.63808562 -35.89336501 -33.89573821 -37.76238323 -41.80883618
-34.04297689 -43.00512812 -32.92068744 -42.45365243 -37.38677223 -72.77437515 -125.77815180 -38.49777220 -38.26687616 -72.35387794 -122.76566365 -39.38819618 -35.89036807 -33.66485993 -33.05298265 -41.64684594
-33.98144823 -42.71542505 -33.23269798 -42.26716725 -37.29598206 -72.26564265 -125.37769834 -38.27662210 -38.18037594 -71.42386923 -121.99390967 -39.13769543 -35.88814180 -32.82586672 -33.32125452 -41.43786474
-34.02940189 -42.38465027 -33.36370149 -42.03860603 -33.53449646 -70.94564924 -124.94215712 -38.04065983 -34.87800989 -70.84750428 -121.59859730 -38.87693438 -35.91783146 -32.74240475 -33.38287762 -41.21339166
-34.10615445 -37.12648175 -33.34669046 -41.81674289 -33.81959506 -70.29605110 -124.50099631 -37.80523282 -35.11015164 -70.32319580 -121.22425682 -38.65821082 -35.88599219 -32.58577421 -33.41166670 -41.03551070
-34.05109338 -37.32525620 -33.37261494 -41.67631005 -34.01335052 -69.86957383 -124.08092833 -32.19781114 -35.33283876 -69.85959303 -120.83194322 -38.51559166 -35.83248121 -32.41294610 -33.44164249 -40.86083916
-33.98938200 -37.39021124 -33.30889265 -41.48166872 -34.15971864 -69.39785932 -123.27798759 -32.40418444 -35.50055362 -69.39610924 -119.99898963 -38.26697290 -35.77787509 -32.22890365 -33.24107490 -40.66502023
-34.06801003 -32.27548423 -32.87534114 -41.21346025 -34.34506341 -68.76146210 -122.81925318 -32.43315356 -35.42818867 -68.95544061 -119.46678728 -32.77833133 -35.75781606 -32.07003272 -32.85686622 -40.48489439
-34.00322890 -32.90878715 -32.52239618 -40.99777372 -34.44133964 -68.22147612 -122.00020939 -32.53675480 -35.32852651 -68.50586998 -119.02166049 -32.86339489 -35.71358174 -31.68258009 -32.49312509 -40.25404380
-33.93744445 -33.24198536 -32.16656288 -40.77981589 -34.35248418 -67.63570526 -121.58665381 -32.61447967 -35.24129485 -68.06636937 -118.58947257 -32.79649220 -35.64405171 -31.53447665 -32.29727731 -40.00101007
-33.86660752 -33.69771668 -31.84655929 -35.96978434 -34.39181431 -67.16544352 -121.04982628 -27.47775331 -34.98144262 -67.69904574 -118.17393457 -32.37569306 -35.57901058 -31.43171812 -32.17561296 -39.80353464
-33.78449717 -33.88203046 -31.63996986 -35.92738465 -34.32309817 -66.74712430 -120.23221977 -27.89076610 -34.88329965 -67.30515082 -117.72892197 -32.29380097 -35.51379023 -31.27681134 -32.00292702 -39.60777789
-33.70639125 -33.90520105 -31.24932312 -35.69210446 -34.23292934 -66.33695455 -119.40679370 -28.27934888 -34.79057426 -66.90619909 -117.25136839 -32.28866217 -35.43896582 -31.10957917 -31.81452393 -39.36925503
-33.62437090 -33.78766341 -30.95424659 -31.35248117 -34.20487218 -65.90646514 -118.92423331 -28.18653873 -34.62168184 -66.52424590 -116.71745817 -27.13442216 -35.37532311 -30.95730765 -31.45100034 -39.17433408
-33.56253994 -33.29115917 -30.81652029 -31.65858647 -34.02329092 -65.32030358 -118.51858952 -28.46990936 -34.63122509 -65.88585972 -116.18200287 -27.47308690 -35.28492825 -30.72034741 -31.15464311 -34.98812616
-33.49006329 -32.91436458 -30.61837038 -31.59041407 -33.92132867 -64.71974607 -118.07019706 -28.42434742 -34.55213847 -65.27842041 -115.67982287 -27.68664347 -35.19911755 -30.53605149 -30.94478265 -35.06250740
-33.42450177 -32.75997906 -30.47290362 -31.75123880 -33.75699609 -64.34878153 -117.62491914 -28.38053154 -31.46473368 -64.62591767 -115.07261406 -27.55925855 -35.17027777 -30.27281763 -30.57701052 -31.35751283
-33.33362375 -32.54791763 -30.27240259 -31.91702142 -33.68595273 -63.96795208 -117.12315644 -27.98669898 -31.78921040 -64.23183293 -114.20693193 -27.49767685 -35.09539725 -30.09381287 -30.37001404 -31.69880502
-33.24465267 -32.34166531 -30.07837396 -31.92242022 -33.60885137 -63.38369942 -116.63488076 -27.96250840 -32.10636395 -63.83451206 -113.40929840 -27.27017483 -35.02289861 -29.89799482 -30.13362966 -31.81778041
-33.17705125 -32.12213559 -29.87242619 -31.99228856 -32.83548766 -62.78625276 -116.13495075 -27.95553652 -32.39891580 -63.41178766 -112.92284877 -27.45101457 -34.97290637 -28.74375144 -29.82829702 -31.86963981
-33.09666169 -31.91145318 -29.66679902 -32.05315644 -32.89170696 -62.40095428 -115.62913731 -27.94931313 -32.32052820 -62.81783886 -112.42957684 -27.45034628 -34.89809241 -28.49011163 -29.04313691 -31.81422276
-33.07136076 -31.65941455 -28.50729531 -32.37901403 -29.80552323 -62.01003403 -115.04697630 -27.91188068 -32.19593469 -62.40588571 -111.57961109 -26.96308831 -34.83585336 -28.42797989 -28.13639183 -31.62221100
-32.98703140 -31.28181467 -28.35007274 -32.39408508 -30.16468723 -61.64428777 -114.53074636 -27.92866256 -32.12728834 -62.03387384 -111.14113053 -26.91089056 -34.75867462 -28.40915962 -27.95458081 -30.84522644
-32.89402889 -31.07668905 -28.30332579 -32.29766814 -30.52973983 -61.27606955 -113.99610591 -27.76339254 -32.05041819 -61.66617719 -110.69980122 -26.58208675 -34.68978814 -28.39484143 -27.86164356 -30.45811142
-32.80663128 -30.88100332 -28.27715383 -31.96133106 -30.89412438 -60.91159730 -113.45452278 -27.58247064 -31.40984079 -61.25624422 -110.23401053 -26.52725083 -34.65428455 -27.95863575 -27.25412515 -30.04004247
-32.71514166 -30.68196813 -28.26061488 -31.78640381 -30.83944884 -60.55227735 -112.89408716 -27.41081419 -31.52880148 -60.87370036 -109.78377145 -26.50112821 -34.59716353 -27.70803466 -26.60203518 -29.99530232
-32.62331541 -30.47868551 -28.17510337 -31.60629061 -30.75735713 -60.18965680 -112.27773426 -27.23163728 -31.45955778 -60.48871999 -109.03448124 -26.45600013 -34.54905973 -27.07398498 -26.52030361 -30.14234144
-32.53094388 -30.27359134 -27.99072833 -31.42333256 -30.67761528 -59.82848247 -111.68044294 -27.05623964 -31.36710735 -60.12486892 -108.60847097 -26.38250253 -34.48187966 -26.93857049 -26.48435430 -30.19072492
-32.44247089 -30.03972482 -27.52425140 -31.21912848 -30.60463063 -59.44397882 -110.33664615 -26.87600232 -31.26711806 -59.76321688 -108.15745769 -26.23577973 -34.41409836 -26.86139687 -26.41194566 -29.98959125
-32.35417246 -29.81914392 -27.36306700 -31.02207975 -30.52312247 -59.06639179 -109.01610077 -26.69331175 -31.16869606 -59.40239116 -107.70647795 -26.03582118 -34.34198290 -26.82490714 -26.36544574 -29.78489297
-32.26526100 -29.59853448 -27.18006594 -30.82434244 -30.43718584 -58.69676582 -108.52773606 -26.51546241 -31.07360315 -59.04641588 -107.26994428 -25.83767475 -34.26753836 -26.80960865 -26.32221349 -29.57976652
-32.17418234 -29.35029952 -26.52600110 -30.60660575 -30.36412152 -58.31996539 -108.02724818 -26.33157310 -30.96526660 -58.69675882 -106.83657317 -25.64183329 -34.19484620 -26.75042117 -26.20369409 -29.38726943
-32.08348763 -29.12457983 -26.37354357 -30.40469610 -30.28317992 -57.95705591 -107.53117337 -26.15579440 -30.85926348 -58.34689312 -106.42353989 -25.44671405 -34.11765924 -26.59241465 -26.00744783 -29.19073726
-31.99443174 -28.90645137 -26.26893406 -30.20786898 -30.20068472 -57.60031638 -106.95326912 -25.98206759 -30.75705047 -57.99738110 -106.01378464 -25.25064393 -34.03794558 -26.43198799 -25.80823233 -28.98940802
-31.89809792 -28.66346402 -26.18274612 -30.00178312 -30.12044302 -57.19709750 -104.81904192 -25.80006285 -30.64246700 -57.64155020 -105.54844328 -25.05547945 -33.96459003 -26.27676039 -25.61833748 -28.80046427
-31.80649808 -28.44132649 -26.13038539 -29.80753166 -30.02448759 -56.83429704 -104.40476240 -25.62345746 -30.54205679 -57.29110871 -105.12019999 -24.85798971 -33.88343933 -26.11478911 -25.41807702 -28.59756655
-31.71405097 -28.21922422 -25.96594332 -29.61477518 -29.92839350 -56.46951013 -103.97693642 -25.44640101 -30.43578623 -56.94154246 -104.69226926 -24.66136236 -33.80389560 -25.95543987 -25.22110055 -28.39745277
-31.62416175 -27.99839863 -25.77323071 -29.42454031 -29.82121211 -56.10270262 -103.53282905 -25.27032780 -30.32180391 -56.58929319 -104.26579250 -24.46441792 -33.72476964 -25.79505281 -25.02339955 -28.19636022
