0.00000000
130.43137772
230.31857192
321.22552447
408.04761705
492.73523723
575.47297084
656.27889619
734.21565482
809.19875536
880.77323588
949.50897340
1015.33648775
1078.15115062
1138.49170295
1196.39818315
1251.66630225
1304.60549586
1355.16431002
1403.22684792
1449.01159126
1492.51338500
1533.76603122
1572.74624185
1609.43124898
1643.85024312
1675.96817035
1705.74562669
1732.21613941
1754.10704018
1771.79535947
1783.69901317
1789.55424730
1792.33146044
1793.94756736
1794.25385786
1793.79058970
1792.50068108
1787.81879861
1776.36283792
1759.65844128
1731.02867673
1691.49558659
1641.23078475
1579.43951699
1499.99577020
1398.19089223
1278.34347018
1210.41800455
1207.96027130
1206.50006227
1204.68370493
1202.33171207
1199.65475889
1196.34691514
1192.24317520
1187.64413135
1182.85202669
1177.50142577
1171.37941277
1165.06849673
1158.47078187
1150.90505740
1142.34993490
1133.96792407
1125.11801889
1116.90669810
1109.17641934
1101.35099454
1094.07327681
1087.37075643
1081.94226165
1077.23498888
1072.64561385
1068.02891580
1063.28373747
1058.29879089
1053.04251617
1046.34083104
1039.57709689
1033.38232345
1025.72852528
1015.32394712
1007.34800755
1001.22258839
992.98740993
985.90486670
978.01987442
973.12844663
967.33080806
961.41520327
955.48577555
949.35779859
942.83077200
935.80825728
930.18714037
925.21069902
920.42271868
908.34953420
891.84254868
887.12135717
883.73910134
876.63411603
865.50795299
863.07133625
860.42905479
857.83047816
855.25234756
851.64130823
847.09660430
839.59771844
834.12674098
830.01385027
825.89128645
819.64973132
809.20503632
805.13657461
801.69003116
797.07676723
790.66162845
786.55104567
783.25883390
781.13938486
779.40440840
776.74189244
773.27738272
770.46024182
768.03598563
764.99708029
761.74692243
758.47811173
755.21402268
751.91854060
748.58238468
745.16516546
741.82218230
738.47849535
735.12781628
731.73371847
728.28500059
725.01603576
721.77301970
718.52747007
