0.00000000
100.91054295
173.66099839
243.16629193
311.05977287
377.56139148
442.55136596
506.08213208
567.73880917
627.64856636
685.78922044
741.94344428
795.98582700
848.16347428
898.54172254
947.10044335
994.00273812
1039.22775648
1082.76215789
1124.62883006
1164.82683796
1203.31065286
1240.12501417
1275.24208565
1308.64307812
1340.14108451
1369.55670097
1397.20993353
1422.21872446
1444.32439137
1462.81859552
1475.49222217
1487.20927089
1497.85979254
1508.32135815
1518.19151319
1527.44112479
1535.92730380
1543.97527059
1550.75146077
1555.67983914
1557.91989206
1557.67330325
1555.04154783
1550.76404706
1542.97356760
1530.23239747
1511.10048500
1486.77082906
1461.89197440
1443.08872873
1420.58955068
1395.54741376
1375.67864817
1351.05754690
1339.54772320
1342.39609813
1344.16537335
1345.04221266
1344.56676426
1343.47736233
1341.85415646
1339.67352455
1336.58152053
1332.86439726
1329.10910820
1324.98211212
1320.22538920
1314.97546462
1309.89619827
1304.54862050
1299.15578553
1293.07170663
1286.50396129
1280.06977046
1273.81281116
1267.49859181
1261.12374023
1253.59646147
1240.58144570
1234.15658515
1095.62908723
1091.33525157
1069.10069280
1053.75925974
1043.26274479
1032.00215937
1025.58629048
1020.17907616
1018.08149793
1016.23737544
1014.23740520
1011.52611627
1008.03016974
1003.86479869
999.70024482
994.26154977
987.65322461
980.82401479
973.53945396
964.99345468
954.95396179
948.43036990
942.92569683
937.67365768
929.09702210
917.47474331
913.51946241
907.00992560
900.45013047
898.46903641
897.22262589
896.43823492
890.69692101
883.93058754
881.10141698
877.01376876
874.00258843
870.49161292
