0.00000000
0.00104081
0.00204081
0.00304081
0.00404081
0.00504081
0.00604081
0.00704081
0.00804081
0.00904081
0.01004081
0.01104081
0.01204081
0.01304081
0.01404081
0.01504081
0.01604081
0.01704081
0.01804081
0.01904081
0.02004081
0.02104081
0.02204081
0.02304081
0.02404081
0.02504081
0.02604081
0.02704081
0.02804081
0.02904081
0.03004081
0.03104081
0.03204081
0.03304081
0.03404081
0.03504081
0.03604081
0.03704081
0.03804081
0.03904081
0.04004081
0.04104081
0.04204081
0.04304081
0.04404081
0.04504081
0.04604081
0.04704081
0.04804081
0.04904081
0.05004081
0.05104081
0.05204081
0.05304081
0.05404081
0.05504081
0.05604081
0.05704081
0.05804081
0.05904081
0.06004081
0.06104081
0.06204081
0.06304081
0.06404081
0.06504081
0.06604081
0.06704081
0.06804081
0.06904081
0.07004081
0.07104081
0.07204081
0.07304081
0.07404081
0.07504081
0.07604081
0.07704081
0.07804081
0.07904081
0.08004081
0.08104081
0.08204081
0.08304081
0.08404081
0.08504081
0.08604081
0.08704081
0.08804081
0.08904081
0.09004081
0.09104081
0.09204081
0.09304081
0.09404081
0.09504081
0.09604081
0.09704081
0.09804081
0.09904081
0.10004081
0.10104081
0.10204081
0.10304081
0.10404081
0.10504081
0.10604081
0.10704081
0.10804081
0.10904081
0.11004081
0.11104081
0.11204081
0.11304081
0.11404081
0.11504081
0.11604081
0.11704081
0.11804081
