0.00000000 0.00000000 0.00000000 0.00000000
0.00024826 0.00055520 0.00080953 0.00098480
0.00051014 0.00113855 0.00164255 0.00198480
0.00077369 0.00171318 0.00250318 0.00298480
0.00103095 0.00227536 0.00334618 0.00398480
0.00128752 0.00283887 0.00419104 0.00498480
0.00154282 0.00340271 0.00503751 0.00598480
0.00179820 0.00396710 0.00588542 0.00698480
0.00205745 0.00453576 0.00673600 0.00798480
0.00232153 0.00510856 0.00758951 0.00898480
0.00258823 0.00568569 0.00844746 0.00998480
0.00285919 0.00626658 0.00930872 0.01098480
0.00313193 0.00684995 0.01017343 0.01198480
0.00340653 0.00743623 0.01104218 0.01298480
0.00368222 0.00802372 0.01191394 0.01398480
0.00395848 0.00861236 0.01278857 0.01498480
0.00423589 0.00920341 0.01366681 0.01598480
0.00451328 0.00979524 0.01454809 0.01698480
0.00479063 0.01038827 0.01543261 0.01798480
0.00506617 0.01098047 0.01631951 0.01898480
0.00534042 0.01157317 0.01720967 0.01998480
0.00561336 0.01216627 0.01810356 0.02098480
0.00588374 0.01275937 0.01900102 0.02198480
0.00615097 0.01335169 0.01990232 0.02298480
0.00641480 0.01394323 0.02080779 0.02398480
0.00667464 0.01453344 0.02171749 0.02498480
0.00692943 0.01512148 0.02263161 0.02598480
0.00717834 0.01570604 0.02355036 0.02698480
0.00741660 0.01629572 0.02447654 0.02798480
0.00763773 0.01690540 0.02541389 0.02898480
0.00783716 0.01750728 0.02636147 0.02998480
0.00798321 0.01798571 0.02731807 0.03098480
0.00806222 0.01829949 0.02828504 0.03198480
0.00811349 0.01854169 0.02925643 0.03298480
0.00815511 0.01875598 0.03022985 0.03398480
0.00818067 0.01892627 0.03120539 0.03498480
0.00819677 0.01907127 0.03218187 0.03598480
0.00820288 0.01918976 0.03315964 0.03698480
0.00818538 0.01922798 0.03414634 0.03798480
0.00813253 0.01915605 0.03515269 0.03898480
0.00805563 0.01903304 0.03617164 0.03998480
0.00792420 0.01878055 0.03721219 0.04098480
0.00774328 0.01841617 0.03827395 0.04198480
0.00751441 0.01793994 0.03935701 0.04298480
0.00723491 0.01734907 0.04046527 0.04398480
0.00687784 0.01658195 0.04161005 0.04498480
0.00642434 0.01559464 0.04279386 0.04598480
0.00589619 0.01443523 0.04400660 0.04698480
0.00560053 0.01378531 0.04512564 0.04798480
0.00558995 0.01376290 0.04612906 0.04898480
0.00558371 0.01374966 0.04713064 0.04998480
0.00557592 0.01373273 0.04813280 0.05098480
0.00556582 0.01371046 0.04913602 0.05198480
0.00555432 0.01368491 0.05013993 0.05298480
0.00554009 0.01365289 0.05114523 0.05398480
0.00552242 0.01361294 0.05215231 0.05498480
0.00550262 0.01356794 0.05316064 0.05598480
0.00548198 0.01352055 0.05416922 0.05698480
0.00545895 0.01346703 0.05517872 0.05798480
0.00543260 0.01340519 0.05618965 0.05898480
0.00540542 0.01334191 0.05720170 0.05998480
0.00537700 0.01327637 0.05821513 0.06098480
0.00534443 0.01320103 0.05923117 0.06198480
0.00530763 0.01311525 0.06024966 0.06298480
0.00527161 0.01303041 0.06126717 0.06398480
0.00523364 0.01294010 0.06228522 0.06498480
0.00519844 0.01285726 0.06330214 0.06598480
0.00516531 0.01278029 0.06431857 0.06698480
0.00513180 0.01270200 0.06533524 0.06798480
0.00510069 0.01262867 0.06635046 0.06898480
0.00507210 0.01256098 0.06736437 0.06998480
0.00504898 0.01250677 0.06837559 0.07098480
0.00502896 0.01246033 0.06938520 0.07198480
0.00500947 0.01241516 0.07039452 0.07298480
0.00498990 0.01236979 0.07140394 0.07398480
0.00496978 0.01232313 0.07241370 0.07498480
0.00494867 0.01227411 0.07342415 0.07598480
0.00492643 0.01222237 0.07443536 0.07698480
0.00489807 0.01215633 0.07545176 0.07798480
0.00486952 0.01209028 0.07646786 0.07898480
0.00484338 0.01202906 0.07748249 0.07998480
0.00481122 0.01195440 0.07850015 0.08098480
0.00476745 0.01184817 0.07952173 0.08198480
0.00473404 0.01177187 0.08053392 0.08298480
0.00470839 0.01171123 0.08154285 0.08398480
0.00467391 0.01162727 0.08255816 0.08498480
0.00464418 0.01155701 0.08356719 0.08598480
0.00461118 0.01147798 0.08457654 0.08698480
0.00459080 0.01143092 0.08558387 0.08798480
0.00456657 0.01137419 0.08659399 0.08898480
0.00454185 0.01131638 0.08760467 0.08998480
0.00451709 0.01125830 0.08861393 0.09098480
0.00449153 0.01119843 0.08962466 0.09198480
0.00446436 0.01113515 0.09063907 0.09298480
0.00443516 0.01106775 0.09166306 0.09398480
0.00441183 0.01101339 0.09268740 0.09498480
0.00439119 0.01096509 0.09371462 0.09598480
0.00437134 0.01091891 0.09474150 0.09698480
0.00432144 0.01080230 0.09579390 0.09798480
0.00425344 0.01064174 0.09685792 0.09898480
0.00423399 0.01059569 0.09786631 0.09998480
0.00422007 0.01056324 0.09887186 0.10098480
0.00419086 0.01048957 0.09988367 0.10198480
0.00414521 0.01037289 0.10090266 0.10298480
0.00413522 0.01035142 0.10190725 0.10398480
0.00412439 0.01032820 0.10291171 0.10498480
0.00411375 0.01030538 0.10391610 0.10598480
0.00410319 0.01028280 0.10492029 0.10698480
0.00408841 0.01024922 0.10592682 0.10798480
0.00406980 0.01020651 0.10693635 0.10898480
0.00403910 0.01013642 0.10795465 0.10998480
0.00401675 0.01008513 0.10896757 0.11098480
0.00399998 0.01004633 0.10997700 0.11198480
0.00398317 0.01000741 0.11098600 0.11298480
0.00395771 0.00994675 0.11200201 0.11398480
0.00391516 0.00984431 0.11302996 0.11498480
0.00389862 0.00980566 0.11404006 0.11598480
0.00388463 0.00977272 0.11504884 0.11698480
0.00386595 0.00972689 0.11605914 0.11798480
0.00384004 0.00966277 0.11707382 0.11898480
0.00382346 0.00962378 0.11808388 0.11998480
0.00381022 0.00959327 0.11909273 0.12098480
0.00380175 0.00957439 0.12010086 0.12198480
0.00379481 0.00955933 0.12110555 0.12298480
0.00378414 0.00953494 0.12211312 0.12398480
0.00377026 0.00950268 0.12312105 0.12498480
0.00375898 0.00947729 0.12412787 0.12598480
0.00374929 0.00945614 0.12513421 0.12698480
0.00373714 0.00942848 0.12614296 0.12798480
0.00372415 0.00939859 0.12715111 0.12898480
0.00371109 0.00936852 0.12815896 0.12998480
0.00369805 0.00933850 0.12916648 0.13098480
0.00368490 0.00930818 0.13017398 0.13198480
0.00367160 0.00927747 0.13118153 0.13298480
0.00365799 0.00924603 0.13218933 0.13398480
0.00364469 0.00921536 0.13319682 0.13498480
0.00363141 0.00918469 0.13420428 0.13598480
0.00361812 0.00915401 0.13521125 0.13698480
0.00360468 0.00912296 0.13621786 0.13798480
0.00359103 0.00909140 0.13722462 0.13898480
0.00357810 0.00906146 0.13823100 0.13998480
0.00356529 0.00903180 0.13923728 0.14098480
0.00355247 0.00900210 0.14024354 0.14198480
