0.00000000 0.00000000 0.00000000 0.00000000
0.00023960 0.00055412 0.00082773 0.00104081
0.00046884 0.00109090 0.00165134 0.00204081
0.00070780 0.00163906 0.00248063 0.00304081
0.00094458 0.00218592 0.00331147 0.00404081
0.00117991 0.00273136 0.00414274 0.00504081
0.00141477 0.00327744 0.00497521 0.00604081
0.00164878 0.00382265 0.00580845 0.00704081
0.00188265 0.00436771 0.00664315 0.00804081
0.00211824 0.00491469 0.00748000 0.00904081
0.00235630 0.00546334 0.00831912 0.01004081
0.00259644 0.00601443 0.00916115 0.01104081
0.00283863 0.00656833 0.01000641 0.01204081
0.00308232 0.00712396 0.01085434 0.01304081
0.00332711 0.00768073 0.01170455 0.01404081
0.00357336 0.00823866 0.01255717 0.01504081
0.00381878 0.00879664 0.01341212 0.01604081
0.00406435 0.00935516 0.01426986 0.01704081
0.00431041 0.00991481 0.01513060 0.01804081
0.00455589 0.01047489 0.01599425 0.01904081
0.00479918 0.01103332 0.01686057 0.02004081
0.00504079 0.01159038 0.01773038 0.02104081
0.00527975 0.01214626 0.01860325 0.02204081
0.00551567 0.01270035 0.01947959 0.02304081
0.00574846 0.01325190 0.02035994 0.02404081
0.00597695 0.01380281 0.02124482 0.02504081
0.00620034 0.01435277 0.02213385 0.02604081
0.00641945 0.01489771 0.02302616 0.02704081
0.00662651 0.01542392 0.02392433 0.02804081
0.00682379 0.01595539 0.02483136 0.02904081
0.00700193 0.01646937 0.02574785 0.03004081
0.00714092 0.01689915 0.02667551 0.03104081
0.00726985 0.01730988 0.02760484 0.03204081
0.00742530 0.01774238 0.02853895 0.03304081
0.00755177 0.01814145 0.02947132 0.03404081
0.00767608 0.01853317 0.03040478 0.03504081
0.00779696 0.01892352 0.03134004 0.03604081
0.00791297 0.01930888 0.03227763 0.03704081
0.00802577 0.01968547 0.03321615 0.03804081
0.00812582 0.02003274 0.03415837 0.03904081
0.00820789 0.02034572 0.03510694 0.04004081
0.00826232 0.02059647 0.03606179 0.04104081
0.00828965 0.02078124 0.03702307 0.04204081
0.00828906 0.02089393 0.03799231 0.04304081
0.00827783 0.02098352 0.03896810 0.04404081
0.00824339 0.02099605 0.03995966 0.04504081
0.00817816 0.02090906 0.04096819 0.04604081
0.00807888 0.02073510 0.04199488 0.04704081
0.00795238 0.02049576 0.04303883 0.04804081
0.00782326 0.02024198 0.04408644 0.04904081
0.00772655 0.02005927 0.04511831 0.05004081
0.00761068 0.01983044 0.04616364 0.05104081
0.00748173 0.01957046 0.04721749 0.05204081
0.00737949 0.01936706 0.04825927 0.05304081
0.00725231 0.01910340 0.04931601 0.05404081
0.00719314 0.01898961 0.05033880 0.05504081
0.00720796 0.01904207 0.05132275 0.05604081
0.00721720 0.01907719 0.05231206 0.05704081
0.00722182 0.01909827 0.05330390 0.05804081
0.00721942 0.01909778 0.05429967 0.05904081
0.00721382 0.01908817 0.05529764 0.06004081
0.00720543 0.01907105 0.05629768 0.06104081
0.00719414 0.01904619 0.05729956 0.06204081
0.00717807 0.01900915 0.05830436 0.06304081
0.00715874 0.01896386 0.05931159 0.06404081
0.00713921 0.01891740 0.06031883 0.06504081
0.00711773 0.01886578 0.06132753 0.06604081
0.00709292 0.01880491 0.06233784 0.06704081
0.00706551 0.01873623 0.06334997 0.06804081
0.00703906 0.01867073 0.06436270 0.06904081
0.00701121 0.01860175 0.06537638 0.07004081
0.00698317 0.01853298 0.06639057 0.07104081
0.00695150 0.01845488 0.06740665 0.07204081
0.00691732 0.01837049 0.06842447 0.07304081
0.00688387 0.01828746 0.06944172 0.07404081
0.00685129 0.01820586 0.07045759 0.07504081
0.00681844 0.01812383 0.07147396 0.07604081
0.00678532 0.01804130 0.07249021 0.07704081
0.00674604 0.01794455 0.07349882 0.07804081
0.00667834 0.01777899 0.07451292 0.07904081
0.00664502 0.01769578 0.07551796 0.08004081
0.00594242 0.01601457 0.07680274 0.08104081
0.00592079 0.01595951 0.07780349 0.08204081
0.00583347 0.01576606 0.07839994 0.08304081
0.00575554 0.01556909 0.07944024 0.08404081
0.00570269 0.01544137 0.08047194 0.08504081
0.00564608 0.01530237 0.08152060 0.08604081
0.00561376 0.01522031 0.08254229 0.08704081
0.00558655 0.01514895 0.08356050 0.08804081
0.00557617 0.01512148 0.08456132 0.08904081
0.00556707 0.01509649 0.08556096 0.09004081
0.00555719 0.01506944 0.08656146 0.09104081
0.00554375 0.01503372 0.08756557 0.09204081
0.00552636 0.01498839 0.08857303 0.09304081
0.00550561 0.01493480 0.08958250 0.09404081
0.00548485 0.01488070 0.09059133 0.09504081
0.00545761 0.01481043 0.09160767 0.09604081
0.00542444 0.01472650 0.09263224 0.09704081
0.00539013 0.01464072 0.09364654 0.09804081
0.00535352 0.01455004 0.09464443 0.09904081
0.00531062 0.01444521 0.09564381 0.10004081
0.00526033 0.01432284 0.09664814 0.10104081
0.00522765 0.01424243 0.09764255 0.10204081
0.00520008 0.01417437 0.09863263 0.10304081
0.00517381 0.01410907 0.09962244 0.10404081
0.00513078 0.01399660 0.10061879 0.10504081
0.00507268 0.01384021 0.10161984 0.10604081
0.00505319 0.01379272 0.10261003 0.10704081
0.00502106 0.01371787 0.10361382 0.10804081
0.00498875 0.01364237 0.10462075 0.10904081
0.00497905 0.01361789 0.10561131 0.11004081
0.00497300 0.01360143 0.10659992 0.11104081
0.00496922 0.01359006 0.10758597 0.11204081
0.00494035 0.01351025 0.10858098 0.11304081
0.00490641 0.01341762 0.10957849 0.11404081
0.00489254 0.01338196 0.11057063 0.11504081
0.00487251 0.01333171 0.11156665 0.11604081
0.00485790 0.01329665 0.11256307 0.11704081
0.00484081 0.01325569 0.11356247 0.11804081
