0.00000000 0.00000000 0.00000000 0.00000000 0.00000000 0.00000000 0.00000000 0.00000000 0.00000000 0.00000000 0.00000000 0.00000000 0.00000000 0.00000000 0.00000000 0.00000000
6.51907127 -14.52585913 -17.68648212 -23.39396489 2.69243523 -3.44238027 -4.20115039 -8.67658742 2.36423984 -2.66330759 -4.69152571 -11.29960892 5.83022717 -14.28209910 -17.82140058 -25.15298513
3.08231120 -25.99003939 -27.41857111 -31.87139925 0.32136288 -9.89975812 -10.47443701 -10.79245385 0.06569509 -8.10063992 -10.76354954 -13.98720075 2.89109193 -26.61326679 -27.15984233 -33.60787494
1.83790842 -35.16398005 -36.89401809 -40.13773864 -2.11465312 -16.57382918 -16.97075694 -12.98418125 -2.30447366 -13.72461959 -17.04770872 -16.76957810 1.70317455 -35.84834785 -36.36278435 -41.86993790
0.62323941 -43.94442388 -45.90464213 -47.98161089 -4.12046960 -22.93430699 -23.29142063 -15.12938595 -4.59784814 -19.18934463 -23.15378752 -19.49019441 0.53974971 -44.68013103 -45.09504986 -49.69799054
-0.58624657 -52.49433160 -54.65588306 -55.56897075 -6.17504428 -29.24996132 -29.54660708 -17.26224703 -6.54002757 -24.49033518 -29.20959891 -22.17014936 -0.61661320 -53.29887265 -53.58644712 -57.28390156
-1.78729055 -60.80462898 -63.13886008 -62.89396704 -8.21341153 -35.49153476 -35.72573408 -19.38374927 -8.54555353 -29.74442389 -35.18239947 -24.69270199 -1.76717953 -61.68048362 -61.81577578 -64.60527673
-2.96256336 -68.93368899 -71.41568577 -69.99337154 -10.22607359 -41.47006910 -41.79228110 -21.48805146 -10.52775255 -34.98773054 -41.08872781 -27.09556652 -2.89068564 -69.87611764 -69.83297338 -71.69755720
-4.05151255 -76.96716922 -79.60427978 -76.96533634 -12.20225777 -46.75489748 -47.48832546 -23.54852628 -12.49520203 -39.83846810 -46.60716300 -29.40369670 -3.93342638 -77.93799726 -77.75978680 -78.65760967
-4.71968928 -84.77188473 -87.65529228 -83.82039403 -14.06603493 -51.79900094 -52.88448572 -25.58710329 -14.36667273 -44.53927489 -51.91163927 -31.66800946 -4.56802127 -85.74599516 -85.60457376 -85.49068362
-5.24622426 -92.30141181 -95.40799680 -90.46065699 -15.77773859 -56.68535007 -58.14395450 -27.53598012 -16.09697600 -49.08692958 -56.68935368 -33.69183103 -5.05762893 -93.26209673 -93.21362233 -92.11548447
-5.67336704 -99.60045921 -102.92279659 -96.92377821 -17.38857081 -61.43788241 -62.77411951 -29.36659739 -17.73968098 -53.56811382 -61.27010522 -35.71862664 -5.44757426 -100.53324259 -100.58268771 -98.56137100
-6.08263522 -106.46665794 -110.05808954 -103.15851712 -18.89562100 -66.05012932 -67.33106954 -31.16435084 -19.27934623 -57.81327990 -65.63874777 -37.67034535 -5.81135309 -107.50896001 -107.64868573 -104.75869913
-6.43404209 -113.01284304 -116.86019780 -109.14082098 -20.30834239 -70.33299897 -71.80387856 -32.87380464 -20.71964256 -61.88506729 -70.04322176 -39.52152777 -6.13344747 -114.02005063 -114.35058036 -110.71068432
-6.76443948 -119.31951044 -123.35010893 -114.85414789 -21.66077972 -74.59118965 -75.97208447 -34.54504042 -22.10322785 -65.94516618 -74.15762150 -41.35187933 -6.43392927 -120.27265507 -120.76592183 -116.40400092
-7.06299918 -125.30016711 -129.52240227 -120.29872015 -22.94323857 -78.83444933 -80.09803137 -36.19683424 -23.41861122 -69.85029391 -78.15758641 -43.15576274 -6.70852237 -126.20171730 -126.82575312 -121.82309385
-7.35351896 -130.98237386 -135.22153037 -125.41992094 -24.16725873 -82.85027144 -84.21067269 -37.81959036 -24.67365697 -73.59684274 -82.13264041 -44.93847244 -6.97917063 -131.87026020 -132.51766651 -126.93245500
-7.63532231 -136.38350948 -140.60375842 -130.23950835 -25.37123698 -86.70321384 -88.22242237 -39.36778368 -25.89019577 -77.29376511 -86.08529167 -46.63997797 -7.23698441 -137.27037267 -137.90794154 -131.75421130
-7.90912517 -141.52522708 -145.70729353 -134.77608540 -26.55336831 -90.51917478 -91.99479334 -40.85416360 -27.09129723 -80.96311088 -89.85398405 -48.27709014 -7.49224629 -142.38159870 -142.96569967 -136.30005184
-8.17645020 -146.36355230 -150.48610319 -139.01250068 -27.68724986 -94.27012369 -95.63346584 -42.31219197 -28.25699379 -84.59736427 -93.41571620 -49.87051430 -7.74488849 -147.18354698 -147.67186840 -140.54431777
-8.43849518 -150.90055317 -154.94294539 -142.96969977 -28.76494743 -97.97555298 -99.22104606 -43.73680981 -29.38215542 -88.10276591 -96.89363356 -51.43496607 -7.98642711 -151.69358328 -152.08373625 -144.48427387
-8.69029316 -155.16237904 -159.09607903 -146.64603627 -29.82243885 -101.64469268 -102.75462720 -45.13352942 -30.45394701 -91.39729631 -100.30987404 -52.96481529 -8.22210948 -155.90752171 -156.18975734 -148.11798816
-8.93650248 -159.13128498 -162.93320444 -150.01620585 -30.85741851 -105.22919013 -106.22816703 -46.49194611 -31.49030214 -94.61299375 -103.66249571 -54.45807770 -8.45492583 -159.83921290 -159.97792985 -151.44617381
-9.18438681 -162.81352575 -166.45925090 -153.08719993 -31.86217958 -108.66907045 -109.62875409 -47.81159577 -32.50706121 -97.76989771 -106.93178517 -55.91224953 -8.68733502 -163.48381877 -163.46394844 -154.47418273
-9.43404540 -166.21781824 -169.70260405 -155.86685045 -32.84461069 -111.95029414 -112.91668703 -49.08981542 -33.49476087 -100.84396963 -110.10880840 -57.32368629 -8.92673640 -166.85656728 -166.64480970 -157.20918499
-9.69228874 -169.36110194 -172.65658104 -158.36403612 -33.79544130 -115.11408741 -116.09827901 -50.31452370 -34.45561141 -103.81066156 -113.17789636 -58.69006880 -9.17571014 -169.96128224 -169.52157703 -159.66109630
-9.95843539 -172.23007537 -175.32090504 -160.58114466 -34.71802389 -118.18210469 -119.17012896 -51.47884653 -35.37963700 -106.65664657 -116.13564448 -60.01016802 -9.43125397 -172.79765248 -172.08855332 -161.82894999
-10.22639364 -174.82948678 -177.70129170 -162.52513409 -35.58934462 -121.12012926 -122.10974972 -52.58426498 -36.26837492 -109.39151891 -118.97486087 -61.27745670 -9.69401560 -175.36563559 -174.36566008 -163.72230923
-10.47815033 -177.11343489 -179.74835362 -164.16204739 -36.37541603 -123.80422561 -124.76826781 -53.59627803 -37.07337087 -111.91577484 -121.55771694 -62.43582044 -9.94303183 -177.61952779 -176.31991199 -165.30481100
-10.69062033 -179.03356761 -181.41386407 -165.44592455 -37.01031078 -126.06607994 -126.98616324 -54.44709783 -37.70692659 -114.06383624 -123.71265665 -63.41646238 -10.15115116 -179.50480755 -177.90829913 -166.54927213
-10.88756808 -180.56673736 -182.71930591 -166.42929180 -37.50320225 -127.94717135 -128.81518947 -55.15122125 -38.20024696 -115.85571496 -125.47580822 -64.23837782 -10.35605224 -181.01694860 -179.14660750 -167.48591569
-11.02195171 -181.60643550 -183.55814605 -167.03626250 -37.81881142 -129.24422311 -130.07832455 -55.65482952 -38.51146097 -117.08996047 -126.67525794 -64.85663717 -10.49399447 -182.03928372 -179.95413566 -168.05929842
-11.11008061 -182.10147828 -183.94600363 -167.30099372 -38.21008347 -129.93143245 -130.63696086 -55.91506210 -38.61912255 -117.64980978 -127.20688085 -65.17348864 -10.59642348 -182.52571624 -180.32257639 -168.30813425
-11.18751189 -182.38697040 -184.15725907 -167.43919252 -38.13409874 -130.19068589 -130.93039823 -56.06318420 -38.62389979 -117.94528936 -127.46759991 -65.36806286 -10.67694697 -182.80263471 -180.52237366 -168.43535225
-11.25583325 -182.60161950 -184.30957869 -167.53302762 -37.96627740 -130.34169600 -131.12433400 -56.17745389 -38.43525909 -118.09918781 -127.63335575 -65.52039436 -10.74645660 -183.01357441 -180.66769623 -168.52182275
-11.30940549 -182.70686811 -184.37181924 -167.56367361 -37.79666391 -130.33224432 -131.15528772 -56.23168739 -38.24413295 -118.09774548 -127.64586632 -65.60130851 -10.80141515 -183.11739756 -180.72815305 -168.55018905
-11.35421279 -182.74729585 -184.38051668 -167.55916077 -37.62242086 -130.23336632 -131.09000830 -56.24811250 -38.04849982 -118.01208856 -127.56558196 -65.64057224 -10.84904209 -183.15818886 -180.73677814 -168.54474396
-11.38970865 -182.72198920 -184.33317096 -167.51713139 -37.44397218 -130.03952662 -130.91897788 -56.22331841 -37.84845544 -117.83485862 -127.37727781 -65.63379288 -10.88863349 -183.13448290 -180.69181744 -168.50356720
-11.42161070 -182.29956156 -183.84389193 -167.06044048 -37.28830704 -129.67129361 -130.53305007 -56.12647462 -37.66822814 -117.48139793 -126.98083327 -65.54353979 -10.92505899 -182.72355870 -180.20520833 -168.04634346
-11.44999968 -181.03061491 -182.49793631 -165.79271000 -37.05851689 -128.95963632 -129.80880121 -55.89923829 -37.42259454 -116.79800701 -126.24763837 -65.31641216 -10.96338486 -181.47610981 -178.86452082 -166.77671674
-11.47116242 -179.16951502 -180.54126762 -163.94872413 -36.74351132 -127.93493670 -128.74596476 -55.54627841 -37.11851676 -115.80338225 -125.20910030 -64.94625934 -10.99493774 -179.63904884 -176.91661590 -164.92921978
-11.48076382 -175.96783611 -177.20506594 -160.80946453 -36.21090076 -126.17247492 -126.92679690 -54.94001412 -36.59852179 -114.08312700 -123.46627116 -64.27847235 -11.02054881 -176.47702910 -173.60615691 -161.78523251
-11.48972804 -171.53237582 -172.60605043 -156.47893554 -35.55461987 -123.70516293 -124.49538205 -54.02219123 -35.88167536 -111.73917893 -121.07930995 -63.26596574 -11.04379781 -172.09240075 -169.05113661 -157.45767552
-11.47695110 -165.88535109 -166.77124370 -150.99133471 -34.63894786 -120.61909074 -121.42086255 -52.85394881 -34.89438641 -108.83112996 -118.04152683 -61.97174641 -11.05633677 -166.50541279 -163.29127062 -151.98124441
-11.47787541 -158.96693441 -159.63066647 -144.26398791 -33.47231960 -116.82699566 -117.59063100 -51.39993671 -33.66861717 -105.26638399 -114.25668224 -60.36830516 -11.07722161 -159.64748738 -156.25323018 -145.27224209
-11.48843400 -150.08071068 -150.50379930 -135.61418312 -31.94263090 -111.99166649 -112.59726498 -49.49881119 -32.09843863 -100.66436550 -109.38170587 -58.31934256 -11.13044853 -150.84388511 -147.22072031 -136.61936303
-11.48616351 -138.72030605 -138.87562374 -124.64503413 -29.97176541 -105.68532931 -106.17194858 -47.05161964 -30.08343256 -94.81261595 -103.13644382 -55.69113523 -11.17015663 -139.50366325 -135.60165774 -125.58399668
-11.38365841 -125.37534790 -125.23809364 -111.86280700 -27.63830938 -98.04359599 -98.61695159 -44.17382032 -27.73306695 -87.98186370 -95.83654125 -52.59322566 -11.10272806 -126.15309809 -121.90417893 -112.70618333
-11.34783329 -117.78833650 -117.46563685 -104.64449943 -26.36543818 -93.74084586 -94.34605847 -42.53922994 -26.40568912 -83.97373450 -91.70804856 -50.82995999 -10.99293586 -118.54216580 -114.18110847 -105.54648374
-11.36582822 -117.52026870 -117.17494421 -104.37788971 -26.31613765 -93.58359018 -94.19159793 -42.47764547 -26.34567604 -83.82961999 -91.54917776 -50.77293573 -10.99547013 -118.26740932 -113.90689833 -105.28518194
-11.37309451 -117.36163459 -117.00798166 -104.21763624 -26.28241866 -93.49089274 -94.10188025 -42.44110043 -26.30983612 -83.74728001 -91.44536199 -50.74185326 -11.00159916 -118.10623042 -113.74497376 -105.12628847
-11.37892297 -117.16345208 -116.80067782 -104.01986894 -26.24194515 -93.37645911 -93.99092565 -42.39645884 -26.26889732 -83.64320505 -91.31673564 -50.70253314 -11.00622545 -117.90499151 -113.54284162 -104.92956464
-11.38157860 -116.90397777 -116.53277927 -103.76624509 -26.19379572 -93.22801426 -93.84820866 -42.33938123 -26.21747977 -83.50597347 -91.15498017 -50.65027399 -11.00884457 -117.64423058 -113.27995110 -104.67599782
-11.38284899 -116.60812983 -116.22757248 -103.47878105 -26.14002742 -93.05868404 -93.68713020 -42.27492278 -26.16072123 -83.34788808 -90.97065956 -50.59038144 -11.01047729 -117.34758031 -112.98036173 -104.38859247
-11.38182244 -116.24175582 -115.84767674 -103.12641807 -26.07572640 -92.84696870 -93.49060565 -42.19629454 -26.09390746 -83.15071657 -90.74376293 -50.51592045 -11.01075538 -116.98059706 -112.60688363 -104.03710330
-11.37884980 -115.78585111 -115.37618334 -102.69008973 -25.99766784 -92.58212384 -93.24959535 -42.09945621 -26.01275547 -82.90894901 -90.46069927 -50.42289932 -11.00888512 -116.52578713 -112.14003409 -103.60334855
-11.37462480 -115.27361304 -114.84805606 -102.20217935 -25.91204694 -92.28237006 -92.98051472 -41.99120542 -25.92284782 -82.63842936 -90.14304977 -50.31831579 -11.00533079 -116.01598321 -111.61688272 -103.11868150
-11.36940232 -114.73993652 -114.29339340 -101.69449432 -25.82382978 -91.97216819 -92.70040172 -41.87944626 -25.83108626 -82.35855001 -89.80634866 -50.21142904 -11.00278349 -115.48347003 -111.06952176 -102.61576493
-11.36324315 -114.14427960 -113.67217276 -101.13004661 -25.72718538 -91.63055993 -92.38750487 -41.75656920 -25.73001577 -82.05079975 -89.41346343 -50.09363048 -10.99976575 -114.88958378 -110.45739470 -102.05521061
-11.35665127 -113.46030473 -112.96448069 -100.48650017 -25.61910364 -91.24346076 -92.02909250 -41.61773838 -25.61485805 -81.70354782 -88.94505874 -49.96164832 -10.99509946 -114.21179813 -109.75498200 -101.41508810
-11.34993734 -112.75556214 -112.23481095 -99.82313231 -25.50562879 -90.84043625 -91.65076257 -41.47346084 -25.49895987 -81.33028602 -88.50630218 -49.81913400 -10.99219422 -113.51056869 -109.02468770 -100.75263288
-11.34427052 -112.01650035 -111.46850840 -99.12773199 -25.38729503 -90.41269983 -91.24619021 -41.32117426 -25.37952255 -80.92338307 -88.09887312 -49.66315886 -10.98925467 -112.77265395 -108.26060097 -100.05896409
-11.33822561 -111.16773960 -110.58959628 -98.33193095 -25.25450943 -89.91817122 -90.77992816 -41.14722905 -25.24379025 -80.44865692 -87.64447018 -49.48290109 -10.98659166 -111.91894717 -107.38726457 -99.26510528
-11.33457948 -110.20047148 -109.59070730 -97.43390576 -25.10877352 -89.35773504 -90.25565107 -40.95161372 -25.09315430 -79.90016256 -87.13450621 -49.27966178 -10.98249089 -110.95420629 -106.40340631 -98.36890919
-11.33304256 -109.25186196 -108.61149486 -96.55504262 -24.96806114 -88.79595472 -89.74164418 -40.76157260 -24.94832113 -79.36101640 -86.63531044 -49.08288499 -10.98058411 -110.00975497 -105.43926002 -97.49211737
-11.33132510 -108.25183619 -107.57903564 -95.62864590 -24.82471881 -88.17433588 -89.20596134 -40.56254971 -24.79766948 -78.79033958 -86.11344401 -48.87366198 -10.97943021 -109.01268452 -104.42387508 -96.56850548
-11.33026764 -107.32469266 -106.61595253 -94.76827218 -24.68461001 -87.62239778 -88.68978598 -40.37742427 -24.64811916 -78.29793069 -85.61762571 -48.67758757 -10.97848126 -108.08493419 -103.47683211 -95.71178435
-11.33222763 -106.45395084 -105.70328822 -93.95706968 -24.53398867 -87.15712122 -88.18004221 -40.20159541 -24.50322869 -77.84867169 -85.14101630 -48.49140441 -10.97685964 -107.20791431 -102.58249832 -94.90554208
-11.33612462 -105.57288909 -104.77796941 -93.13718593 -24.38454045 -86.68782864 -87.65533900 -40.02516783 -24.35333614 -77.39467418 -84.65960443 -48.30187669 -10.97608660 -106.31823884 -101.67882094 -94.09131175
-11.34180839 -104.75406668 -103.91528160 -92.37692221 -24.25010727 -86.25627949 -87.14828000 -39.86295899 -24.21079883 -76.97598784 -84.20868725 -48.12675689 -10.97641885 -105.49262468 -100.84117520 -93.33512261
-11.34883807 -103.99927401 -103.12032263 -91.67813817 -24.13078773 -85.86197899 -86.66774275 -39.71459142 -24.07466991 -76.59228147 -83.79019613 -47.96555222 -10.97400869 -104.73945944 -100.07287242 -92.64004238
-11.35541763 -103.38385366 -102.47780209 -91.11075526 -24.03487884 -85.53150214 -86.31177714 -39.58810659 -23.96186437 -76.27976310 -83.44071382 -47.83423494 -10.97040207 -104.13361218 -99.45101972 -92.07655810
-11.35823072 -102.85208195 -101.92337655 -90.61788568 -23.94958922 -85.23798794 -86.02382079 -39.47520912 -23.86439427 -76.00701859 -83.12982110 -47.71977563 -10.96541238 -103.61068013 -98.91239064 -91.58731418
-11.35879015 -102.33794854 -101.38757908 -90.13737746 -23.86393410 -84.95239706 -85.74384142 -39.36443867 -23.77183708 -75.74092459 -82.81831847 -47.60830754 -10.96010769 -103.10106246 -98.38720429 -91.11154526
-11.35807064 -101.82440232 -100.85181779 -89.65423641 -23.77676848 -84.66553888 -85.46055685 -39.25252303 -23.68005753 -75.47251105 -82.50037459 -47.49517199 -10.95546585 -102.58882153 -97.85880174 -90.63379712
-11.35752593 -101.29655730 -100.30126240 -89.15812525 -23.68735150 -84.37062044 -85.16927201 -39.13730018 -23.58641885 -75.19543982 -82.17269316 -47.37906413 -10.95145811 -102.06200855 -97.31599049 -90.14264934
-11.35672455 -100.74226962 -99.72435951 -88.63751205 -23.59435756 -84.06141628 -84.86235022 -39.01570326 -23.48917725 -74.90124138 -81.82658075 -47.25570055 -10.94729842 -101.50911870 -96.74745835 -89.62752243
-11.35527562 -100.15777312 -99.11711242 -88.08899275 -23.49727086 -83.73664399 -84.53781405 -38.88753537 -23.38771314 -74.58761552 -81.46063586 -47.12509421 -10.94250461 -100.92653507 -96.14886498 -89.08513462
-11.35214672 -99.41421640 -98.34762043 -87.39077843 -23.37446578 -83.32882519 -84.12061729 -38.72418535 -23.23915671 -74.17848833 -81.00483841 -46.95459790 -10.93855844 -100.18827104 -95.39018654 -88.39387809
-11.34873495 -98.66262265 -97.57103482 -86.68797735 -23.23210491 -82.91266421 -83.69647111 -38.55775856 -23.13766500 -73.75530779 -80.54249850 -46.77999639 -10.92971055 -99.43932396 -94.62484698 -87.69837916
-11.35850252 -97.98397022 -96.86070217 -86.04540468 -23.06126587 -82.52921130 -83.30890207 -38.40674877 -23.05197231 -73.38499395 -80.11443424 -46.61920311 -10.92220797 -98.75204848 -93.92094988 -87.06180591
-11.35164356 -97.13708238 -95.99175516 -85.25541766 -22.93187775 -82.01597001 -82.82627597 -38.21823718 -22.92834820 -72.91015681 -79.59419497 -46.41746572 -10.90907866 -97.90556744 -93.05663939 -86.27881443
-11.33697029 -95.98437539 -94.81868075 -84.18448172 -22.76390710 -81.36781300 -82.20620216 -37.97022850 -22.81654050 -72.00313261 -78.96247633 -46.13966219 -10.89723398 -96.75460354 -91.89749375 -85.22014532
-11.32079804 -95.09658067 -93.91109468 -83.37135474 -22.61905556 -80.84986629 -81.71172471 -37.75599212 -22.66963266 -71.58268308 -78.40621475 -45.89715369 -10.87696685 -95.86905747 -90.99417918 -84.41565306
-11.31756259 -94.41937880 -93.21343091 -82.74448174 -22.52022649 -80.40153317 -81.34334883 -37.60257098 -22.57236672 -71.21433971 -77.98822685 -45.72774423 -10.86716633 -95.19190216 -90.30133731 -83.79697156
-11.31556575 -93.51091700 -92.28923065 -81.90045427 -22.42202042 -79.64708075 -80.88378096 -37.40421511 -22.44989069 -70.72427094 -77.45491942 -45.51235696 -10.85406187 -94.28341586 -89.37522607 -82.96000322
-11.30416627 -92.72308211 -91.48390147 -81.17089873 -22.29346021 -79.22496711 -80.47401955 -37.15642075 -22.33761106 -70.29084695 -76.97787161 -45.31113135 -10.84168051 -93.49810772 -88.57279407 -82.24390724
-11.29253786 -91.85060553 -90.59259559 -80.36411327 -22.16042294 -78.71908067 -79.99993791 -36.95609045 -22.21729106 -69.80769468 -76.48855099 -44.98771649 -10.82707277 -92.62455810 -87.68438999 -81.44721611
-11.29159730 -91.31160229 -90.03261611 -79.86071036 -22.07394800 -78.37790778 -79.67659689 -36.86289754 -22.14166450 -69.48641579 -76.13756331 -44.89326259 -10.82131387 -92.08278138 -87.12516323 -80.95240568
-11.28876998 -90.67091231 -89.37033884 -79.26089079 -21.97184244 -77.98054285 -79.31183961 -36.72263678 -22.05398647 -69.11185467 -75.76383412 -44.74456656 -10.81393114 -91.43994781 -86.46493993 -80.35997376
-11.28549025 -90.01757428 -88.69488852 -78.64997157 -21.86594367 -77.57082198 -78.94001114 -36.57890781 -21.96597465 -68.73109000 -75.38730964 -44.59080088 -10.80679259 -90.78364921 -85.79095385 -79.75502321
-11.28045973 -89.36183683 -88.01808373 -78.03822709 -21.76059752 -77.15750825 -78.57235865 -36.43528882 -21.87761173 -68.35088424 -75.00819478 -44.43881958 -10.79900915 -90.12534764 -85.11770758 -79.14384022
-11.27567162 -88.68518706 -87.32106553 -77.40770627 -21.65171737 -76.73111687 -78.19106370 -36.28687561 -21.78477654 -67.96034311 -74.61018465 -44.28167655 -10.79193923 -89.44473594 -84.41887285 -78.51486568
-11.26948468 -87.96466390 -86.57929808 -76.73745097 -21.53458081 -76.27764954 -77.78327773 -36.12850838 -21.68124201 -67.56624303 -74.17518038 -44.11375374 -10.77802408 -88.71736847 -83.67774295 -77.84630325
-11.26548396 -87.19377647 -85.78346786 -76.01621689 -21.40744985 -75.78660653 -77.34817522 -35.95714624 -21.56043481 -67.17278761 -73.69332975 -43.93053858 -10.74576096 -87.92518006 -82.88927631 -77.13262617
-11.25986680 -86.57351576 -85.15021475 -75.43880755 -21.30904681 -75.38129148 -76.99648524 -35.82098693 -21.46333819 -66.85735974 -73.31456362 -43.78418377 -10.72217687 -87.29243066 -82.25814104 -76.56473117
-11.24682225 -86.01732599 -84.59476357 -74.92880213 -21.22303623 -75.02557047 -76.68389148 -35.70074994 -21.37576780 -66.57813407 -72.97918739 -43.65665818 -10.70267905 -86.73621897 -81.70039326 -76.06069822
-11.23255978 -85.48066076 -84.05737714 -74.43968002 -21.13614553 -74.71972025 -76.36759958 -35.58548720 -21.28738429 -66.31077803 -72.64424361 -43.53554570 -10.68379649 -86.20229831 -81.16386957 -75.57557243
-11.18026162 -84.13266620 -82.71880451 -73.21980136 -20.92920270 -73.97009122 -75.52330903 -35.29688760 -21.06090218 -65.66237597 -71.73172556 -43.24129855 -10.62821619 -84.86990154 -79.82724284 -74.35684715
-11.10544013 -82.29000988 -80.88821182 -71.56098213 -20.66043146 -72.95779534 -74.38879034 -34.90477890 -20.75126153 -64.78649372 -70.37348566 -42.85761647 -10.55728063 -83.05694896 -78.00468086 -72.69834084
-11.11267937 -81.77049418 -80.33656504 -71.08746351 -20.58605790 -72.66236803 -74.08160259 -34.79367786 -20.65619596 -64.52689914 -69.98064236 -42.75023601 -10.55078627 -82.53818720 -77.46654092 -72.22096081
-11.12315559 -81.39663813 -79.93626142 -70.74870676 -20.52619362 -72.44871707 -73.83498905 -34.71427970 -20.59309861 -64.32292012 -69.76367321 -42.66571170 -10.54662493 -82.16437182 -77.07750793 -71.87625166
-11.13460785 -80.61203853 -79.12567813 -70.04951106 -20.41963570 -72.10078840 -72.95537126 -34.59187413 -20.47950906 -63.92408382 -69.37842639 -42.49718274 -10.53100498 -81.38766865 -76.28683756 -71.15989778
-11.13451257 -79.38893139 -77.87309045 -68.95635385 -20.25629232 -71.59768548 -71.45900087 -34.41847328 -20.30914320 -63.30473213 -68.79070797 -42.23608426 -10.50003067 -80.17439474 -75.06578627 -70.04273352
-11.14143203 -79.11191025 -77.58038964 -68.70886864 -20.20769019 -71.41210664 -71.37185456 -34.34708977 -20.26183759 -63.13206110 -68.65803145 -42.16792592 -10.49500622 -79.90137094 -74.78240980 -69.79135151
-11.14283989 -78.81124182 -77.26810654 -68.43850078 -20.15470471 -71.20590429 -71.30941110 -34.26705756 -20.21081489 -62.94872857 -68.48455902 -42.09572082 -10.48848176 -79.60722171 -74.47632724 -69.51943410
-11.14210022 -78.51818123 -76.96183540 -68.17206360 -20.10263938 -71.00278847 -71.24796916 -34.18838975 -20.16112631 -62.76683536 -68.31424306 -42.02450896 -10.48039066 -79.32035122 -74.17606924 -69.25098613
-11.13914189 -78.23022192 -76.65864256 -67.90740262 -20.05069275 -70.80114225 -71.18640168 -34.11042506 -20.11243815 -62.58391972 -68.14508596 -41.95378569 -10.47283811 -79.03828306 -73.87842129 -68.98350484
-11.12878620 -77.83312133 -76.24072280 -67.54001105 -19.98597008 -70.55498459 -70.98320121 -34.01816903 -20.04998481 -62.34267864 -67.91475283 -41.85899123 -10.46277857 -78.64528672 -73.46932299 -68.61254615
-11.11242264 -77.33259682 -75.71791410 -67.07800673 -19.90686455 -70.25747551 -70.70094495 -33.90572948 -19.97760399 -62.03440329 -67.62680886 -41.73961491 -10.44972418 -78.15026474 -72.95870281 -68.14752673
-11.07849606 -76.50131869 -74.86551851 -66.31825936 -19.77440680 -69.77292395 -70.23356657 -33.72048999 -19.86612644 -61.51337187 -67.15349512 -41.53947794 -10.42276947 -77.32864992 -72.12393928 -67.38490848
-11.05052210 -75.89449900 -74.24164096 -65.76382692 -19.67885404 -69.41653006 -69.89529502 -33.58576103 -19.78361169 -61.13823289 -66.80994481 -41.39607755 -10.40618048 -76.73329476 -71.50770676 -66.82476290
-11.03210232 -75.43932270 -73.77031922 -65.34670348 -19.60989529 -69.14162531 -69.64531502 -33.48465683 -19.71994505 -60.85791494 -66.55428353 -41.28994904 -10.39500011 -76.28844220 -71.03679571 -66.40157950
-11.01796126 -74.98410228 -73.29759960 -64.92837424 -19.54148617 -68.86066033 -69.39592811 -33.38337319 -19.65728451 -60.56920151 -66.30006750 -41.18430028 -10.38427696 -75.84049337 -70.56821168 -65.97796545
-10.99023458 -74.29244916 -72.59300289 -64.29714433 -19.45056580 -68.43108084 -69.03414962 -33.23379456 -19.58713797 -60.02903387 -65.94429676 -41.02438707 -10.36713059 -75.15910504 -69.87284567 -65.34337256
-10.94627167 -73.13838924 -71.42391374 -63.24452216 -19.30984288 -67.70170167 -68.43654134 -32.98498972 -19.48165039 -59.06003684 -65.36888220 -40.75727120 -10.33110811 -74.01278854 -68.71618695 -64.29093967
-10.93342522 -72.68885725 -70.95848595 -62.83179846 -19.25061523 -67.39982448 -68.19875219 -32.88533200 -19.42296852 -58.76508035 -65.12226045 -40.65395919 -10.32033073 -73.56917002 -68.25739441 -63.87832017
-10.92098575 -72.30708524 -70.56043481 -62.48090992 -19.20392884 -67.13314486 -68.00234222 -32.80142975 -19.37433241 -58.51790847 -64.91507054 -40.56743752 -10.31350490 -73.19551733 -67.86737701 -63.52862158
-10.90813076 -71.80062805 -70.03384309 -62.01496522 -19.16514736 -66.65988260 -67.76962174 -32.69236242 -19.31393430 -58.20031949 -64.65188598 -40.45448438 -10.30134840 -72.69600577 -67.35041243 -63.06379523
-10.88559567 -71.09461969 -69.30993751 -61.37136695 -19.11871988 -65.96259896 -67.45712601 -32.54212624 -19.23026681 -57.76882585 -64.29190575 -40.29786366 -10.28016988 -72.00048252 -66.63314911 -62.41687395
-10.86733920 -70.64157915 -68.83793569 -60.95590395 -19.06309171 -65.64845507 -67.21721429 -32.44256707 -19.17183855 -57.47512210 -64.04914383 -40.19416644 -10.26688715 -71.55383757 -66.16734307 -61.99862086
-10.84955795 -70.27660692 -68.46013034 -60.62341171 -19.01747471 -65.38854505 -67.01990291 -32.36141291 -19.11578120 -57.28408434 -63.84369102 -40.11132422 -10.25541995 -71.19653526 -65.79170428 -61.66325111
-10.81726844 -70.03556521 -68.22052564 -60.41094527 -18.99145832 -65.20975480 -66.88761673 -32.30871663 -19.06595716 -57.22654943 -63.69613337 -40.05844650 -10.24927876 -70.96992290 -65.54615745 -61.44508825
-10.81001469 -69.83976402 -68.02112334 -60.23563146 -18.96553869 -65.05478092 -66.77478774 -32.26501575 -19.02155967 -57.19975259 -63.56803856 -40.01486507 -10.24363278 -70.78440299 -65.34033944 -61.26516071
-10.79779938 -69.54699028 -67.71674988 -59.96777816 -18.92419870 -64.84018589 -66.60858332 -32.19995411 -18.97170162 -57.07298914 -63.39553179 -39.94722962 -10.23017156 -70.49276967 -65.03549223 -60.99376709
-10.78204858 -69.16689692 -67.32221719 -59.62017246 -18.87056056 -64.57300861 -66.39353354 -32.11616834 -18.91318394 -56.86525873 -63.18215861 -39.85862024 -10.21462371 -70.11498169 -64.64275418 -60.64119541
-10.76890520 -68.85884627 -66.99796960 -59.33654334 -18.81488817 -64.41294654 -66.20083894 -32.04718238 -18.86209385 -56.69322883 -63.00093414 -39.78472294 -10.20016338 -69.80606658 -64.32062868 -60.35428301
-10.75694076 -68.59471505 -66.71560168 -59.09122003 -18.75556884 -64.32027854 -66.02113808 -31.98691914 -18.81684436 -56.54310835 -62.83958888 -39.71944449 -10.18550868 -69.53869575 -64.04309914 -60.10731384
-10.74313887 -68.26340557 -66.36514057 -58.78500792 -18.69467839 -64.14203377 -65.81363929 -31.91268741 -18.76484718 -56.35751431 -62.64723303 -39.63938245 -10.16427237 -69.20333719 -63.69983227 -59.80092971
-10.72905044 -67.90939171 -65.99162562 -58.45805375 -18.63396934 -63.93298283 -65.59543784 -31.83304178 -18.70906102 -56.15956775 -62.44432031 -39.55455887 -10.14407499 -68.84621420 -63.33179217 -59.47377980
-10.71511613 -67.55377384 -65.61561643 -58.12904061 -18.57236425 -63.72254252 -65.37572714 -31.75302669 -18.65285461 -55.96061133 -62.24048334 -39.46824430 -10.12483575 -68.48763179 -62.96115744 -59.14508557
-10.70081105 -67.19915516 -65.24021443 -57.80067973 -18.51013482 -63.51280269 -65.15469888 -31.67298202 -18.59610568 -55.76280100 -62.03713092 -39.38187985 -10.10640289 -68.13052199 -62.59078923 -58.81691235
-10.68686111 -66.84196591 -64.86149684 -57.46937219 -18.44633042 -63.30184453 -64.92933328 -31.59175307 -18.53758871 -55.56290896 -61.83240630 -39.29489287 -10.08781023 -67.77055052 -62.21745762 -58.48596804
-10.67312949 -66.48089294 -64.47850097 -57.13417994 -18.38099741 -63.08923438 -64.69939421 -31.50978071 -18.47868050 -55.35993975 -61.62565644 -39.20585251 -10.06926165 -67.40661750 -61.83946202 -58.15080425
-10.65827509 -66.11154317 -64.08709345 -56.79129631 -18.31280728 -62.87205878 -64.46191518 -31.42535745 -18.41845537 -55.15262654 -61.41442745 -39.11474371 -10.04989058 -67.03463969 -61.45252560 -57.80750982
-10.64362844 -65.75076851 -63.70438151 -56.45588173 -18.24588570 -62.65816503 -64.23349617 -31.34169291 -18.35922985 -54.95008656 -61.20513585 -39.02486366 -10.03099699 -66.67217587 -61.07392432 -57.47186921
-10.62853139 -65.39069053 -63.32214660 -56.12106636 -18.17960520 -62.44367057 -64.00384839 -31.25819671 -18.29975861 -54.74802397 -60.99419649 -38.93434632 -10.01138560 -66.31049292 -60.69595914 -57.13657654
-10.61197488 -65.03166499 -62.94070276 -55.78231838 -18.11321445 -62.22949037 -63.77192125 -31.17434562 -18.23997686 -54.54647877 -60.78308442 -38.84359162 -9.99132101 -65.94897153 -60.31774656 -56.80101281
-10.59426097 -64.66908933 -62.55516148 -55.43871192 -18.04571157 -62.01455422 -63.53469480 -31.08931568 -18.17926223 -54.34294863 -60.56709444 -38.75127946 -9.97122898 -65.58397170 -59.93493056 -56.46150251
-10.57616589 -64.30165693 -62.16377225 -55.08941297 -17.97697680 -61.79734622 -63.29110618 -31.00327040 -18.11731125 -54.13636560 -60.34845980 -38.65678136 -9.95053030 -65.21295275 -59.54622034 -56.11667154
-10.55909585 -63.95414509 -61.79314991 -54.75856905 -17.91328399 -61.59123771 -63.05914048 -30.92133009 -18.05729493 -53.94073500 -60.14099237 -38.56733985 -9.93029251 -64.86195256 -59.17737377 -55.79010259
-10.54098627 -63.60913689 -61.42580745 -54.43121085 -17.85145523 -61.38720353 -62.83018799 -30.83948961 -17.99571994 -53.74729247 -59.93355115 -38.47830643 -9.91050465 -64.51454578 -58.81140267 -55.46621877
-10.52244658 -63.26336060 -61.05807480 -54.10418385 -17.79162033 -61.18435954 -62.59767607 -30.75768694 -17.93244066 -53.55388403 -59.72689652 -38.38915695 -9.89099355 -64.16678264 -58.44538956 -55.14251744
