0.00000000
162.55806233
295.37903584
406.29519432
500.91853034
581.02581581
647.48753681
700.98549057
741.48998137
768.68726739
768.05587552
765.85819657
763.50551429
760.87922271
757.98604846
754.12763866
745.11974949
731.58464102
714.74090832
696.29979014
677.24254610
657.73481999
638.08496603
618.21317991
597.63666993
576.34892172
554.58565698
532.68731519
510.71757204
488.67629899
466.62750895
454.70991933
442.46849231
435.89748311
436.12644942
436.28968235
436.40450487
436.48771544
436.54330116
436.56826233
436.56692356
436.53655489
436.47902460
436.39168037
436.27467783
436.12883558
435.95385243
435.74891889
435.51404152
435.24909533
434.95348277
434.62750606
434.26919506
433.88012394
433.46058462
433.01046445
432.53039970
432.02063171
431.48134978
430.91323594
430.31682663
429.69265353
429.04173304
428.36468100
427.66270805
426.93682571
426.18833815
425.41872049
424.62926947
423.82156141
422.99630228
422.15477847
421.29812000
420.42732919
419.54369837
418.64887995
417.74425428
416.83070658
415.90973381
414.98189189
414.04897988
413.11094680
412.16919252
411.22332074
410.27405177
409.32025250
408.36065279
407.39243071
406.40848564
405.38432751
403.86430887
401.47315594
400.46940503
399.81712568
399.09272446
398.08567793
397.07088515
396.03319966
394.84667604
393.48583251
392.11603128
391.05210580
386.33573625
385.59810871
384.89141268
384.24717699
383.63596759
379.12965991
378.79325321
378.17340347
377.56162257
376.39751504
375.61298781
375.09481629
373.39098130
372.84637471
372.07725487
371.28128641
370.49226207
366.86719595
366.58236919
366.22924785
365.87255640
365.24565529
364.51562088
363.79172247
357.16411954
357.26573416
357.09502427
355.27000515
354.03009215
352.67006159
352.29517009
346.10542917
344.74189655
345.04248682
341.90075142
341.22049980
340.63677042
339.96785815
338.43178594
337.33091070
336.75576420
334.45850617
334.19732518
333.50642913
331.07613592
330.98598744
330.79885448
328.81405246
328.88544174
328.47011511
328.04707611
327.61727076
326.32176820
324.82327138
324.20136043
323.57265238
322.92975352
322.21952246
321.45545290
319.55081157
319.58135231
319.07413472
317.57813080
317.31874926
317.14577017
316.84355836
316.26796845
315.59518492
314.32272930
314.35713841
314.39049517
314.42223189
314.45024947
314.47404013
314.48538600
314.09629838
313.66438927
313.23255491
312.80079879
312.36914632
311.93760625
311.50614548
311.07480239
310.64357544
310.21246227
309.78145553
309.35055900
308.91977363
308.48910738
308.05855759
307.62812409
