0.00000000
107.92705568
186.76155728
262.37070910
336.53650389
409.13450962
480.06246805
549.15645613
616.10998751
680.94446842
743.53710363
804.01864371
862.21785194
918.38140473
972.55804192
1024.58277063
1074.68178272
1122.90955553
1169.28407193
1213.90576273
1256.51813605
1297.19217123
1336.20979600
1373.48030180
1409.00652407
1442.76948014
1474.91138246
1504.96983795
1533.33406730
1559.51054965
1582.30250147
1603.42133568
1622.60360290
1639.83508287
1656.42930317
1672.26053971
1687.06656976
1700.24092510
1712.91079334
1725.16269102
1736.84283005
1747.61302080
1757.72120563
1767.67645296
1777.37829450
1786.50875895
1795.03729273
1803.08358708
1810.42921567
1817.26065565
1823.85410227
1830.11864983
1835.58532284
1840.23429837
1844.45195311
1847.66348857
1850.07919633
1852.06508020
1853.41910741
1853.60157326
1852.63899695
1850.28532375
1846.58350341
1841.81868410
1835.54253613
1826.64667213
1814.39774736
1796.82012567
1777.56798161
1758.69584941
1736.34142935
1724.85677519
1711.61376708
1700.83468249
1693.47170389
1683.82910161
1672.68915544
1660.96702786
1647.39045896
1633.41054549
1622.97048249
1613.82136136
1603.69097305
1593.35484536
1582.54846431
1571.08376564
1294.74155214
848.00879914
832.05617394
802.76401133
805.29672495
805.46727289
804.85029480
803.05827112
797.34433404
790.09182133
778.57980681
