0.00000000
128.17152507
225.35303568
312.90777752
397.92938368
481.20734144
562.59630821
641.76794005
718.74170952
792.90980672
864.43816530
933.02443062
998.72829920
1061.49203722
1121.47329842
1178.68788391
1233.09039803
1284.78650243
1333.88091184
1380.45293923
1424.60713665
1466.38288500
1505.79772834
1542.90320533
1577.75760401
1610.40404989
1640.80981343
1668.85303583
1691.26245556
1708.96948087
1724.01733934
1736.65962102
1747.42727430
1757.93935264
1768.23923246
1778.23817429
1787.69251232
1796.86480926
1805.66856958
1814.08431323
1822.07314202
1829.07361205
1835.37006383
1839.60917306
1843.32193593
1846.70692137
1849.63535231
1852.15045749
1854.34955948
1856.25132332
1857.57092460
1857.69551074
1852.04239206
1833.98928885
1809.68793432
1781.04213051
1746.18279332
1702.37115554
1646.90112922
1573.18355542
1555.37457102
1553.39429524
1550.68558010
1547.60115318
1544.07258586
1540.25309515
1536.25330443
1532.02649879
1527.71241827
1523.21959938
1518.62808016
1513.98612303
1509.17132271
1504.09885556
1498.85613706
1493.38498148
1487.69795379
1481.80733486
1475.56790037
1468.87629714
1462.11715365
1455.77891898
1449.74442540
1443.48780849
1436.95294447
1430.61002664
1423.83451059
1416.99407859
1409.49056997
