0.00000000
0.00100837
0.00200837
0.00300837
0.00400837
0.00500837
0.00600837
0.00700837
0.00800837
0.00900837
0.01000837
0.01100837
0.01200837
0.01300837
0.01400837
0.01500837
0.01600837
0.01700837
0.01800837
0.01900837
0.02000837
0.02100837
0.02200837
0.02300837
0.02400837
0.02500837
0.02600837
0.02700837
0.02800837
0.02900837
0.03000837
0.03100837
0.03200837
0.03300837
0.03400837
0.03500837
0.03600837
0.03700837
0.03800837
0.03900837
0.04000837
0.04100837
0.04200837
0.04300837
0.04400837
0.04500837
0.04600837
0.04700837
0.04800837
0.04900837
0.05000837
0.05100837
0.05200837
0.05300837
0.05400837
0.05500837
0.05600837
0.05700837
0.05800837
0.05900837
0.06000837
0.06100837
0.06200837
0.06300837
0.06400837
0.06500837
0.06600837
0.06700837
0.06800837
0.06900837
0.07000837
0.07100837
0.07200837
0.07300837
0.07400837
0.07500837
0.07600837
0.07700837
0.07800837
0.07900837
0.08000837
0.08100837
0.08200837
0.08300837
0.08400837
0.08500837
0.08600837
0.08700837
0.08800837
0.08850837
0.08900837
0.08950837
0.09000837
0.09050837
0.09150837
0.09250837
0.09350837
