0.00000000
0.00094685
0.00194685
0.00294685
0.00394685
0.00494685
0.00594685
0.00694685
0.00794685
0.00894685
0.00994685
0.01094685
0.01194685
0.01294685
0.01394685
0.01494685
0.01594685
0.01694685
0.01794685
0.01894685
0.01994685
0.02094685
0.02194685
0.02294685
0.02394685
0.02494685
0.02594685
0.02694685
0.02794685
0.02894685
0.02994685
0.03094685
0.03194685
0.03294685
0.03394685
0.03494685
0.03594685
0.03694685
0.03794685
0.03894685
0.03994685
0.04094685
0.04194685
0.04294685
0.04394685
0.04494685
0.04594685
0.04694685
0.04794685
0.04894685
0.04994685
0.05094685
0.05194685
0.05294685
0.05394685
0.05494685
0.05594685
0.05694685
0.05794685
0.05894685
0.05994685
0.06094685
0.06194685
0.06294685
0.06394685
0.06494685
0.06594685
0.06694685
0.06794685
0.06894685
0.06994685
0.07094685
0.07194685
0.07294685
0.07394685
0.07494685
0.07594685
0.07694685
0.07794685
0.07894685
0.07994685
0.08094685
0.08194685
0.08294685
0.08394685
0.08494685
0.08594685
0.08694685
0.08794685
