0.00000000 0.00000000 0.00000000 0.00000000 0.00000000 0.00000000 0.00000000 0.00000000 0.00000000 0.00000000 0.00000000 0.00000000 0.00000000 0.00000000 0.00000000 0.00000000
6.25069302 -14.02451629 -17.13494922 -23.33046766 2.37696373 -2.98499566 -4.99037073 -10.44975673 3.12358983 -2.65030261 -5.21185092 -8.90229970 6.29039295 -14.64674917 -18.43779763 -23.44910830
2.66329909 -26.03003525 -27.31048071 -31.70736530 1.15173262 -7.53874030 -11.42435671 -12.84237632 0.96748414 -6.85681434 -11.52467359 -11.07020239 2.68071940 -26.33524459 -28.37002594 -31.80595550
1.45311026 -35.36436327 -36.78579231 -40.08062745 -0.13188641 -12.32450701 -18.24550593 -15.37422424 -1.30750848 -11.27481655 -18.21199907 -13.36264978 1.50410393 -35.52767171 -37.73328631 -40.14015320
0.25863726 -44.39070818 -45.92385772 -48.12526307 -1.33920933 -17.03394961 -24.96991345 -17.89747905 -3.44266225 -15.61265760 -24.80439072 -15.65095647 0.33999963 -44.43377690 -46.75098670 -48.15220954
-0.93249097 -53.17964134 -54.79462320 -55.90612533 -2.54157774 -21.71639904 -31.64358105 -20.39965092 -5.56629834 -19.92390091 -31.34683176 -17.94409439 -0.82090413 -53.09586940 -55.50076477 -55.89458814
-2.12115892 -61.72596613 -63.39338862 -63.41627043 -3.74500268 -26.36871389 -38.24976867 -22.78737372 -7.69239508 -24.20593402 -37.82577671 -20.23470171 -1.97631611 -61.51191686 -63.97747986 -63.36414480
-3.24993231 -70.10375774 -71.80340819 -70.71635311 -4.95936513 -30.89254431 -44.53609790 -25.05283413 -9.83784588 -28.37440235 -44.05202174 -22.44001848 -3.07150206 -69.76408139 -72.27561540 -70.63815993
-4.31607362 -78.31130638 -80.04354113 -77.82095377 -6.18762515 -35.37196126 -50.42880811 -27.19920754 -11.99390163 -32.58148385 -49.88514590 -24.53714898 -4.09899657 -77.84739084 -80.40907414 -77.70909065
-5.23619918 -86.35818072 -88.12917411 -84.77213003 -7.44851551 -39.66783801 -55.76631482 -29.23481200 -14.12905692 -36.71726297 -55.13643693 -26.51348899 -4.97826137 -85.77918863 -88.41387767 -84.62906885
-5.97414283 -94.13304749 -95.97487916 -91.52941123 -8.73487825 -43.81648800 -60.84304472 -31.17137145 -16.16873010 -40.78828264 -60.23015528 -28.39793966 -5.68169026 -93.44812588 -96.19500238 -91.35097597
-6.54936778 -101.57252397 -103.49388375 -98.07887546 -10.02393855 -47.88836460 -65.71473422 -33.05485308 -18.10869043 -44.69787090 -65.01835249 -30.25600573 -6.23762379 -100.79168385 -103.68432273 -97.85333929
-7.00694369 -108.69892659 -110.68930034 -104.37701348 -11.28297969 -51.69087298 -70.40916166 -34.90218120 -19.92645807 -48.57432333 -69.72774294 -32.00149880 -6.68054448 -107.81663979 -110.84484379 -104.09886837
-7.38772878 -115.54673210 -117.58639461 -110.45154189 -12.48829585 -55.42214512 -74.80984511 -36.64768843 -21.65189691 -52.23263436 -74.09400815 -33.72608240 -7.04935531 -114.58404658 -117.69103405 -110.12260756
-7.71051981 -122.08470777 -124.08259280 -116.24360280 -13.64757908 -58.95722082 -79.12783521 -38.34964277 -23.26917503 -55.79947892 -78.35860818 -35.41286586 -7.36378747 -121.02721064 -124.18201142 -115.85645985
-7.96675656 -128.24880456 -130.22748433 -121.74611237 -14.73843300 -62.31074303 -83.38671237 -40.02605290 -24.80422695 -59.27994818 -82.58912950 -37.00371350 -7.61758121 -127.12111544 -130.33415926 -121.28691073
-8.18817974 -134.13532089 -136.02790929 -126.96618652 -15.79207687 -65.62263151 -87.37454419 -41.67802465 -26.26231540 -62.51677805 -86.61907210 -38.54706288 -7.83744385 -132.90873013 -136.15457728 -126.45954467
-8.37761183 -139.67410329 -141.45687408 -131.86519395 -16.78426801 -68.86767950 -91.25018590 -43.26296890 -27.65359067 -65.71273973 -90.44571100 -40.07263572 -8.02232516 -138.39328874 -141.61337657 -131.33394939
-8.56424639 -144.85780440 -146.54523944 -136.44865223 -17.72554417 -71.86072733 -95.06991984 -44.77619826 -28.98587566 -68.86879587 -94.24357181 -41.57620039 -8.20644241 -143.53116745 -146.74356064 -135.87696556
-8.75438040 -149.69821618 -151.25727780 -140.71516671 -18.62167661 -74.77140788 -98.82877303 -46.25914415 -30.29055769 -71.91552887 -97.95569519 -43.03861499 -8.40020214 -148.34221999 -151.50731942 -140.09675817
-8.94857060 -154.20965681 -155.61837723 -144.65496358 -19.48269029 -77.67203980 -102.55231485 -47.72956505 -31.54458025 -74.79195103 -101.62348127 -44.44119386 -8.60515397 -152.82127280 -155.91409934 -143.99722592
-9.14900710 -158.43767513 -159.63466939 -148.27058624 -20.30334376 -80.50017731 -106.23201620 -49.17748128 -32.75720838 -77.59587359 -105.26632259 -45.78792035 -8.82277396 -156.96244519 -159.93239705 -147.55298750
-9.36387281 -162.37369810 -163.32175587 -151.56185923 -21.10054913 -83.26261719 -109.77223990 -50.60627481 -33.91572609 -80.34461416 -108.81613778 -47.11269633 -9.05794890 -160.80727777 -163.59978922 -150.78067107
-9.59897644 -166.00008281 -166.68933808 -154.52659421 -21.86761346 -86.00193276 -113.16937049 -52.01513335 -35.06045402 -83.03284262 -112.20438436 -48.42902984 -9.31533752 -164.35964580 -166.95371282 -153.67875674
-9.85114616 -169.31251500 -169.72062962 -157.16638319 -22.61827178 -88.65681106 -116.51351304 -53.40235417 -36.18201421 -85.68954018 -115.49104136 -49.72779489 -9.58842624 -167.61030652 -169.98245025 -156.24440634
-10.12037596 -172.30617827 -172.40683300 -159.47120073 -23.34225211 -91.22235508 -119.84068730 -54.76457806 -37.28666143 -88.32784355 -118.76701145 -51.00665921 -9.88099742 -170.55398393 -172.67025239 -158.43618002
-10.40907657 -174.97171490 -174.75287007 -161.42233701 -24.05692846 -93.74539255 -123.13060772 -56.03771288 -38.37454358 -90.94061477 -122.01589873 -52.26724369 -10.19471282 -173.19507663 -175.01697087 -160.27811220
-10.71965299 -177.34116429 -176.77588629 -163.01092438 -24.76078370 -96.18898371 -126.38287901 -57.20246579 -39.45208002 -93.49841334 -125.22721496 -53.39421671 -10.52998414 -175.52945581 -177.03748881 -161.80144189
-11.00440132 -179.24787100 -178.28591172 -164.14703965 -25.35957294 -98.07989794 -129.13204274 -58.24229548 -40.34381519 -95.44732087 -127.93636544 -54.38947364 -10.83425735 -177.38998551 -178.53960991 -162.88259486
-11.29397482 -180.67820399 -179.35219193 -164.89681331 -25.86298836 -99.68648744 -131.38037546 -59.14977700 -41.05684368 -97.09961992 -130.13578715 -55.25707712 -11.13355580 -178.78937285 -179.60616380 -163.59024822
-11.62155968 -181.92344020 -180.05761560 -165.04909996 -26.38547542 -101.37857476 -133.45674474 -60.08336081 -41.80816858 -98.83638736 -132.10593855 -56.14904789 -11.48548851 -180.01655493 -180.08203912 -163.57784325
-12.06795268 -183.22355403 -179.14996810 -163.68237374 -27.06395255 -103.60131566 -136.12561265 -61.24655389 -42.82458331 -101.03345883 -134.75609098 -57.25998022 -11.95619645 -181.26362756 -179.20736304 -162.19703731
-12.66785003 -182.35112551 -178.12955061 -162.10065970 -27.88001031 -106.26067708 -139.39856737 -62.61273621 -44.07424510 -103.64906398 -137.98694591 -58.55733137 -12.58381171 -180.35242684 -178.22829090 -160.59398169
-13.27334460 -181.40465640 -177.08750424 -160.49736299 -28.68860661 -108.92860829 -142.67489932 -63.98082606 -45.33053465 -106.26794365 -141.21592759 -59.83556978 -13.21815876 -179.34603338 -177.23041513 -158.95896120
-13.87613692 -180.45235621 -176.03192374 -158.88958573 -29.49096999 -111.56859374 -145.92785139 -65.33603769 -46.57901140 -108.86747686 -144.41957414 -61.09097728 -13.84977324 -178.32562869 -176.22046257 -157.31287288
-14.47105541 -179.49741137 -174.97074422 -157.29038431 -30.27791659 -114.14863214 -149.14730529 -66.66025384 -47.80396539 -111.42135487 -147.57702050 -62.32177407 -14.47318681 -177.30523523 -175.20360166 -155.66833259
-15.04441373 -178.54843743 -173.92441082 -155.72652407 -31.02823346 -116.60514664 -152.27534350 -67.92167114 -48.96642782 -113.86164137 -150.66402926 -63.49353087 -15.07337348 -176.30237949 -174.19285005 -154.06409917
-15.61133286 -177.60161808 -172.88283652 -154.16616910 -31.76526742 -119.00221337 -155.34523588 -69.15884440 -50.10705593 -116.26208675 -153.69505166 -64.64273790 -15.66579898 -175.30691205 -173.18285142 -152.46879693
-16.17336657 -176.64980650 -171.77082393 -152.60761410 -32.49277011 -121.35623397 -158.36687686 -70.37617937 -51.22563903 -118.63103826 -156.68065331 -65.77425743 -16.25279060 -174.26067877 -172.17353532 -150.87630543
-16.72785204 -175.61029074 -170.64781269 -151.05796976 -33.21245858 -123.68568194 -161.35174889 -71.57771130 -52.33423344 -120.97036037 -159.63108344 -66.89122698 -16.83647608 -173.18851632 -171.07532452 -149.28556612
-17.27330337 -174.58213323 -169.53146634 -149.52562640 -33.92982076 -125.97534531 -164.28232688 -72.75207631 -53.20750268 -123.26255174 -162.53218207 -67.98817790 -17.41403420 -172.12759197 -169.97964060 -147.70936225
-17.78390075 -173.62930401 -168.47409246 -148.08426204 -34.62263959 -128.10333678 -167.00676199 -73.84192582 -53.64158024 -125.37852667 -165.22651552 -69.00831467 -17.94853765 -171.13903205 -168.95734489 -146.22753693
-18.27147566 -172.71598584 -167.46966941 -146.70160353 -35.27815224 -130.11839279 -169.33996274 -74.87082302 -54.03365494 -127.37686506 -167.77227223 -69.97323283 -18.45597821 -170.19465170 -167.98746187 -144.80988177
-18.72924745 -171.89567051 -166.59070865 -145.49041404 -35.85348142 -131.87539488 -170.67308961 -75.76803985 -54.36793259 -129.11530079 -169.44162127 -70.81382074 -18.93001287 -169.34930888 -167.14155565 -143.57357385
-19.19198808 -171.06603328 -165.70172500 -144.26256619 -36.43523103 -133.64933981 -171.90009569 -76.67139611 -54.71137213 -130.88528322 -170.68748674 -71.65473139 -19.41306220 -168.48849948 -166.28455203 -142.31857356
-19.64392221 -170.24275592 -164.81312189 -143.04514183 -37.00143387 -135.37811471 -173.02516522 -77.55336425 -55.04291108 -132.62455296 -171.84191550 -72.46977252 -19.88558406 -167.62858726 -165.43437487 -141.07620321
-20.11804278 -169.38212941 -163.87641224 -141.76497634 -37.59687891 -136.67148185 -174.15370176 -78.47441619 -55.39992095 -134.45496637 -173.00768610 -73.31818065 -20.38059992 -166.72659523 -164.53867047 -139.77069312
-20.60471286 -168.49321858 -162.90772288 -140.44163368 -38.20758734 -137.73052244 -175.29423294 -79.41243638 -55.76610203 -136.24152801 -174.14201288 -74.18794187 -20.88663106 -165.79792468 -163.61208097 -138.42416888
-21.13418124 -167.53458431 -161.86218880 -139.00365112 -38.87888700 -138.87017672 -176.56319385 -80.42978868 -56.18783108 -137.56755352 -175.38664935 -75.13347747 -21.43898516 -164.79594619 -162.60346491 -136.95900010
-21.66859744 -166.45780446 -160.79538392 -137.53832545 -39.55446030 -140.01847344 -177.83113214 -81.45256274 -56.61257546 -138.78883538 -176.64410636 -76.08562238 -21.99522706 -163.77336825 -161.57250482 -135.46234371
-22.16843334 -165.30259334 -159.75476627 -136.12450207 -40.17459488 -141.08122408 -178.98014374 -82.41033803 -56.98245820 -139.97789379 -177.75071498 -76.98531954 -22.51321772 -162.77932179 -160.56991841 -134.01548443
-22.58681646 -164.10590296 -158.77827389 -134.83737755 -40.67321450 -141.96933669 -179.84173113 -83.22235252 -57.29306007 -141.09907602 -178.56954751 -77.76722102 -22.94795261 -161.73224046 -159.57562404 -132.69578329
-22.43884238 -163.90992336 -158.40792295 -134.55947672 -40.32188647 -141.76785310 -178.44269512 -83.00696773 -56.96629625 -141.11367901 -177.42689988 -77.70334592 -22.78644577 -161.55109364 -159.21920087 -132.41986288
-22.12775810 -162.55113496 -156.75319012 -133.01882777 -39.82186403 -140.71326215 -176.39942840 -82.42874875 -56.21333836 -140.15967534 -175.54221188 -77.13925070 -22.45369151 -160.14872125 -157.60986306 -130.90832247
-21.78684806 -160.53769247 -154.57616506 -130.85100655 -39.29949254 -139.16745702 -173.90834403 -81.62242907 -55.24944840 -138.75673838 -173.05059932 -76.35142532 -22.06980690 -158.18140710 -155.49195368 -128.78712041
-21.48199744 -158.05583169 -152.07911027 -128.25400996 -38.68342580 -137.32737928 -171.01330210 -80.66592383 -54.17626767 -137.06277366 -170.15503230 -75.41440685 -21.73947324 -155.74113844 -152.92639119 -126.26566678
-21.28407622 -154.91324760 -148.99016995 -125.08491823 -37.94046193 -135.07024516 -167.52991519 -79.49296225 -52.92471825 -134.94390469 -166.66778347 -74.26481442 -21.50891014 -152.63849997 -149.73514927 -123.19301658
-21.06646321 -150.88728845 -145.02329730 -121.16835829 -37.00600746 -132.25118824 -163.12219269 -78.03798461 -51.45942645 -132.23265676 -162.27597502 -72.85447684 -21.23042598 -148.64933239 -145.63859575 -119.46748608
-20.76528730 -145.69314129 -139.87956884 -116.40308293 -35.83038607 -128.64310297 -157.53634247 -76.20825305 -49.78281696 -128.72344256 -156.76944157 -71.06289597 -20.85921680 -143.53396136 -140.35347380 -114.85671528
-20.32249328 -138.69086221 -132.88450147 -110.05778754 -34.30797770 -123.78900377 -150.50369380 -73.67779221 -47.53461906 -123.92570265 -149.93846783 -68.70746978 -20.33710597 -136.64933973 -133.23818991 -108.61854852
-20.14120218 -136.91779429 -131.14210508 -108.58002349 -33.91650012 -122.64167311 -148.87250213 -72.99836482 -47.02312423 -122.81487081 -148.31391034 -68.19108103 -20.24495160 -134.98206027 -131.49327056 -107.10113696
-20.11927399 -136.73215116 -130.90488973 -108.41968761 -33.85409758 -122.51713616 -148.69511559 -72.92493752 -46.98889776 -122.72987581 -148.13523663 -68.16867097 -20.21001596 -134.79102826 -131.27129991 -106.93198058
-20.09037579 -136.48356719 -130.58580294 -108.19314616 -33.78015409 -122.33653354 -148.45086957 -72.83908597 -46.93469450 -122.58544478 -147.90668436 -68.12122457 -20.17001243 -134.53101147 -130.98244959 -106.69452314
-20.05777651 -136.19862134 -130.22520634 -107.93304736 -33.69934722 -122.12636938 -148.17204100 -72.74989390 -46.87104245 -122.40950614 -147.64721567 -68.05991186 -20.12728786 -134.22996573 -130.67586323 -106.41805718
-20.02112458 -135.87020681 -129.82617071 -107.63135418 -33.61129701 -121.88424843 -147.85576931 -72.64217683 -46.79540510 -122.19814665 -147.34303109 -67.98318739 -20.07861817 -133.90153673 -130.33036079 -106.09995208
-19.98171233 -135.51212516 -129.41018795 -107.29555699 -33.51811799 -121.61896426 -147.52203563 -72.52930072 -46.71436402 -121.96345821 -147.00928699 -67.89573817 -20.02772080 -133.54274486 -129.95689756 -105.75488348
-19.94070533 -135.14228894 -128.97880534 -106.94072860 -33.42224598 -121.34054656 -147.17510193 -72.41025290 -46.62712275 -121.71558248 -146.65730613 -67.80249242 -19.97504536 -133.16472571 -129.56544760 -105.39490640
-19.89775832 -134.74903694 -128.53549865 -106.56317906 -33.32308296 -121.04652611 -146.80580652 -72.28276369 -46.53161852 -121.45098991 -146.28752303 -67.70192421 -19.92003744 -132.76314817 -129.15054624 -105.01705900
-19.85381362 -134.34394754 -128.09113375 -106.17625844 -33.22343993 -120.74743505 -146.42687027 -72.15208582 -46.43286582 -121.17948629 -145.90844979 -67.59852041 -19.86433106 -132.35263295 -128.72685689 -104.63429065
-19.80932287 -133.91853315 -127.64245875 -105.77077494 -33.12103154 -120.43573305 -146.02750376 -72.01532070 -46.32873854 -120.89458897 -145.51198382 -67.48945660 -19.80683204 -131.92449006 -128.28545610 -104.23737448
-19.76528376 -133.48350948 -127.18425694 -105.35666463 -33.01651913 -120.11788678 -145.61873399 -71.87580000 -46.22164825 -120.60271329 -145.10596109 -67.37750029 -19.74865393 -131.48655219 -127.83444111 -103.83195530
-19.72117408 -133.04368985 -126.72146261 -104.93786718 -32.91113199 -119.79698745 -145.20594374 -71.73500913 -46.11285987 -120.30770504 -144.69381609 -67.26409844 -19.69027823 -131.04435378 -127.37752253 -103.42222301
-19.67607876 -132.59039562 -126.23962279 -104.50254290 -32.80150940 -119.47974645 -144.77328920 -71.58831287 -45.99838129 -120.00131911 -144.26052567 -67.14501527 -19.63030429 -130.58476200 -126.90267403 -102.99684306
-19.62960274 -132.11469374 -125.73436356 -104.04413339 -32.68752255 -119.15305751 -144.31104563 -71.43298168 -45.87470070 -119.67858465 -143.80259795 -67.01781996 -19.56770489 -130.09950450 -126.40186502 -102.54867709
-19.58262839 -131.62263406 -125.22312047 -103.56339725 -32.57018738 -118.82129587 -143.83197941 -71.27152399 -45.74422295 -119.34430438 -143.32725449 -66.88480342 -19.50346700 -129.59649869 -125.88403781 -102.08478148
-19.53369452 -131.10980607 -124.68858632 -103.05770781 -32.44853336 -118.48803163 -143.32848843 -71.10286729 -45.60839079 -118.99736477 -142.82910275 -66.74482048 -19.43438234 -129.06880327 -125.34325451 -101.60114714
-19.48330495 -130.57903132 -124.13433888 -102.52924551 -32.32344428 -118.14272177 -142.80628118 -70.92803076 -45.46523027 -118.63582815 -142.30999334 -66.59820011 -19.36305076 -128.51982013 -124.78077554 -101.09865685
-19.43157187 -130.02936498 -123.56757691 -101.97615785 -32.19503785 -117.78653601 -142.26558169 -70.74650887 -45.31503695 -118.25953649 -141.77462419 -66.44442715 -19.28962933 -127.95062727 -124.19727480 -100.57784263
-19.37887720 -129.45055932 -122.97879487 -101.38199364 -32.06104135 -117.40993391 -141.69732943 -70.55087870 -45.15236351 -117.85789191 -141.20446451 -66.27996334 -19.21245283 -127.34675753 -123.57853886 -100.02605949
-19.32377783 -128.83333812 -122.33743832 -100.74949496 -31.91989449 -117.00809520 -141.08036177 -70.34487375 -44.97539543 -117.42762327 -140.58853720 -66.10324185 -19.13084925 -126.69980221 -122.91666730 -99.43690619
-19.26856223 -128.19999828 -121.71565085 -100.10587717 -31.77716339 -116.59990280 -140.44708724 -70.14083752 -44.79706086 -116.99548236 -139.96359116 -65.92516299 -19.04843398 -126.04477111 -122.24634316 -98.84122855
-19.21550211 -127.60180034 -121.11340025 -99.51248199 -31.64060622 -116.23012795 -139.84062601 -69.95340809 -44.63321252 -116.59642253 -139.37895738 -65.76153051 -18.97228076 -125.43089254 -121.61538249 -98.28228730
-19.16352656 -127.03520498 -120.49562505 -98.96219965 -31.50503790 -115.91645463 -139.24394907 -69.77921752 -44.48037164 -116.22229466 -138.81803089 -65.60896944 -18.90023843 -124.85383098 -121.00992938 -97.74954462
-19.10910613 -126.44637413 -119.83286004 -98.40115601 -31.36049002 -115.64212337 -138.59722405 -69.59900478 -44.32023599 -115.83782703 -138.23091793 -65.45310116 -18.82599939 -124.25616705 -120.37853919 -97.19668223
-19.05319798 -125.82564355 -119.15089406 -97.82561342 -31.21498372 -115.28671429 -137.93554576 -69.42310561 -44.15243811 -115.43075202 -137.62045487 -65.30356257 -18.74951600 -123.63495490 -119.72213548 -96.62343216
-19.00119628 -125.22462210 -118.48996191 -97.27675567 -31.07853144 -114.84332224 -137.34004457 -69.25582024 -43.99458482 -115.02684033 -137.03445395 -65.17016460 -18.67693351 -123.03735544 -119.08757495 -96.07186460
-18.94599243 -124.57855854 -117.79146588 -96.69355914 -30.93324758 -114.35866031 -136.69510513 -69.09783022 -43.82295189 -114.59160581 -136.40130054 -65.02942188 -18.60521318 -122.39816048 -118.40716118 -95.48427639
-18.89121591 -123.92514835 -117.09652528 -96.09896299 -30.78591259 -113.87574572 -136.06244434 -68.90172800 -43.65419951 -114.15199157 -135.76622094 -64.87531637 -18.54058649 -121.75918411 -117.71720680 -94.89168962
-18.84334325 -123.18938200 -116.34020629 -95.44210285 -30.62812474 -113.36241208 -135.37816461 -68.65731001 -43.46248938 -113.67032485 -135.07603681 -64.68707611 -18.46993296 -121.09664741 -116.95128981 -94.23572681
