0.00000000 0.00000000 0.00000000 0.00000000 0.00000000 0.00000000 0.00000000 0.00000000 0.00000000 0.00000000 0.00000000 0.00000000 0.00000000 0.00000000 0.00000000 0.00000000
2.64171479 3.33806060 3.94560434 2.43630997 -6.34964106 -8.02792612 -11.68673887 -14.87361042 -22.50093648 -0.61555486 -0.32747753 -11.92973847 -10.42290417 -7.37846625 -6.87626647 -19.29948470
1.05672545 1.38550572 2.09690630 1.22541395 -15.69629400 -12.37468263 -17.42763569 -27.32881445 -29.11702568 -4.50095224 -5.88940907 -19.64788423 -15.75648616 -9.20094403 -8.62739625 -26.95858428
-0.02125102 -0.66815371 0.11009845 0.06796864 -24.39333413 -16.92793028 -23.62913863 -36.37255524 -35.67361317 -8.57380888 -11.91157310 -26.67714871 -21.14464996 -11.11223610 -10.51520633 -34.92817695
-1.09752624 -2.72018984 -1.86918995 -1.08906955 -32.85231167 -21.31639288 -29.79345161 -45.20341299 -42.10321259 -12.58455954 -17.89520602 -33.51483446 -26.43306146 -13.01432397 -12.39087057 -42.65889053
-2.08696492 -4.74622499 -3.83210724 -2.18723755 -41.07143194 -25.70233951 -35.91908789 -53.76414221 -48.36467241 -16.56832854 -23.83224242 -40.15934619 -31.60852178 -14.89951034 -14.25027636 -50.14207533
-3.05939699 -6.66696346 -5.79797356 -3.28360036 -49.02136694 -30.03619949 -41.98948621 -62.00829996 -54.45380824 -20.52126057 -29.72309374 -46.60690117 -36.64161553 -16.76858096 -16.10346674 -57.38045413
-3.99112302 -8.58480520 -7.76176189 -4.32626905 -56.73857759 -34.36332634 -47.54663034 -69.93104139 -60.36821629 -24.45639575 -35.59705826 -52.89435682 -41.56837146 -18.63805093 -17.97457386 -64.41589797
-4.83675667 -10.53338753 -9.73946269 -5.28124681 -64.28898621 -38.44060818 -52.66389318 -77.50972885 -66.06167902 -28.32195434 -41.41462680 -58.97370468 -46.41388819 -20.50435469 -19.86777656 -71.25793311
-5.56149032 -12.49254924 -11.72804451 -6.09300188 -71.67969657 -42.38039777 -57.60151555 -84.73494916 -71.51586518 -32.19930524 -46.82635159 -64.85884470 -51.18300218 -22.39297179 -21.77683798 -77.91964477
-6.13529616 -14.48123490 -13.74686290 -6.74510864 -78.93480360 -46.11000417 -62.12650791 -91.67563546 -76.76574220 -35.96480983 -51.99682207 -70.54032005 -55.92594037 -24.23855818 -23.72381254 -84.42564464
-6.58258212 -16.44309213 -15.75393273 -7.26397558 -85.94485493 -49.69730893 -66.61247686 -98.31885263 -81.88940409 -39.63209634 -56.97051884 -75.95832002 -60.62188202 -26.01347062 -25.56064882 -90.75522705
-6.94369094 -18.31262948 -17.62535725 -7.69533183 -92.68636762 -53.05313373 -70.66817556 -104.72648021 -86.94341812 -43.17728672 -61.73502854 -81.17788054 -65.28867374 -27.81629660 -27.43433803 -96.93376303
-7.23304478 -20.10183125 -19.43896340 -8.06038653 -99.16200574 -56.40482526 -74.70225969 -110.86424783 -91.80112782 -46.61070905 -66.26793661 -86.13469121 -69.90728324 -29.53124646 -29.26232125 -102.89852459
-7.47534707 -21.80764974 -21.14563756 -8.37234461 -105.35504108 -59.38260326 -78.71831782 -116.74531748 -96.53378661 -50.02563894 -70.83136920 -90.83063219 -74.46213382 -31.21438120 -31.03020480 -108.62763652
-7.69069396 -23.43544580 -22.78522001 -8.66134323 -111.29016507 -62.39943332 -82.40893183 -122.38921584 -101.15707997 -53.23059679 -75.04664216 -95.31118339 -78.95550831 -32.86406570 -32.80188378 -114.15536149
-7.88457958 -24.97220248 -24.33320624 -8.91634395 -117.00782833 -65.40773010 -85.99143497 -127.79227156 -105.54962029 -56.42847734 -79.17391215 -99.53630645 -83.36154497 -34.40137148 -34.49770378 -119.42724905
-8.04754983 -26.51010504 -25.84700782 -9.15921585 -122.45246188 -68.11549563 -89.57406648 -132.94448366 -109.80269358 -59.57370610 -83.26189376 -103.46587663 -87.69521899 -35.92878038 -36.09564191 -124.43535800
-8.19747749 -27.86126192 -27.21869095 -9.40162980 -127.65978700 -70.77723920 -93.19716250 -137.84442698 -113.91617903 -62.50042178 -87.32404965 -107.15302624 -91.90628939 -37.45273906 -37.70719048 -129.16650047
-8.34447991 -29.21165469 -28.55029651 -9.64966691 -132.60713573 -73.43979473 -96.70275539 -142.48916014 -117.85471244 -65.37900974 -91.25363996 -110.59339704 -95.98965188 -38.92857956 -39.30292829 -133.60889979
-8.49985239 -30.55422291 -29.83031232 -9.90600289 -137.32010332 -76.00256331 -100.03024561 -146.89953327 -121.65601158 -68.16499062 -94.96746813 -113.77782774 -99.98599540 -40.28562455 -40.85245427 -137.78492775
-8.65148447 -31.75220306 -31.01347317 -10.17437266 -141.77344025 -78.53240181 -103.25713494 -151.07077088 -125.29754772 -70.95698380 -98.55533005 -116.70767677 -103.87468299 -41.61776737 -42.27362760 -141.68327371
-8.81713604 -32.85380702 -32.13877565 -10.44895474 -145.91103612 -81.04293768 -106.46685172 -154.98078065 -128.72840488 -73.73710733 -102.19544545 -119.38251206 -107.60987949 -42.94186754 -43.68617093 -145.26812868
-8.98504912 -33.95177585 -33.24603355 -10.73872654 -149.77910438 -83.45453222 -109.63143580 -158.61598762 -131.99144465 -76.37548438 -105.84771864 -121.78630987 -111.22489571 -44.25032778 -45.08764233 -148.51383337
-9.17388293 -35.04197649 -34.36322600 -11.05171357 -153.24583081 -85.79315939 -112.70607290 -162.02047015 -135.16951720 -78.85983091 -109.50166082 -123.95681753 -114.60883088 -45.54142188 -46.49529279 -151.47681982
-9.38573264 -36.13847531 -35.49368340 -11.38685771 -156.25700719 -88.06831749 -115.76056802 -165.17606376 -138.23621528 -81.36528675 -113.04666463 -125.88487801 -117.74626227 -46.80937489 -47.86802491 -154.14606787
-9.60638607 -37.22685749 -36.57009406 -11.73922217 -158.95406984 -90.31359732 -118.81551904 -168.04939911 -141.16961277 -83.84717047 -116.58870844 -127.53493743 -120.77782409 -48.02343198 -49.20981938 -156.48473278
-9.82859589 -38.23894916 -37.56186843 -12.10967175 -161.32354916 -92.51086264 -121.81505539 -170.65201058 -143.93646666 -86.27456977 -120.04068869 -128.86304413 -123.67147842 -49.15460664 -50.51801043 -158.47041022
-10.06948407 -39.18534634 -38.58027187 -12.51198726 -163.51434395 -94.73061320 -124.86533548 -173.03130086 -146.44043691 -88.74119463 -123.40893240 -129.59108695 -126.46580311 -50.29980704 -51.77408792 -160.12403529
-10.32669966 -40.13423858 -39.58289155 -12.95432283 -165.46557917 -96.84254375 -127.96399191 -175.17867872 -148.76145079 -91.15909728 -126.79733930 -129.26768919 -129.17370236 -51.45323299 -53.03242281 -161.41666878
-10.59584050 -40.98338230 -40.48516502 -13.42338429 -167.02652326 -98.66328195 -130.78814792 -176.85810578 -150.78888378 -93.29224738 -129.79939700 -128.94892660 -131.65340302 -52.51199117 -54.18242200 -162.30139951
-10.90821043 -41.94065238 -41.48353824 -13.94459853 -168.29402537 -100.61590610 -133.58794742 -178.32747587 -152.59003714 -95.34218426 -132.53579120 -128.64381686 -134.11720196 -53.62948148 -55.40567180 -162.05479664
-11.25725995 -42.98242385 -42.57050731 -14.54750621 -169.24550845 -102.70467707 -136.34029289 -178.71343421 -154.24044569 -97.52894355 -135.50308013 -128.33713691 -136.53830272 -54.78631466 -56.70614639 -160.60162294
-11.68359179 -44.10273998 -43.73994207 -15.22443809 -168.35007698 -104.91794698 -139.26337114 -177.80327175 -156.01813528 -99.86641645 -138.68884746 -127.98979350 -139.05865143 -56.01936889 -58.03261856 -159.07587253
-12.11731766 -45.22330525 -44.84268929 -15.89914457 -167.27072334 -107.09003964 -142.18927558 -176.89166529 -157.75710384 -102.17546444 -141.83761275 -127.62797382 -141.53310136 -57.20335721 -59.23314031 -157.53738881
-12.55262024 -46.32333543 -45.90759298 -16.55851426 -166.17441312 -109.21162158 -145.07976913 -176.00180026 -159.32285883 -104.39188148 -144.88907982 -127.26109313 -143.88895936 -58.28235809 -60.40796871 -156.00667327
-12.97605678 -47.35694655 -46.92713388 -17.21674407 -165.08564475 -111.24296990 -147.87188507 -175.10764372 -160.65309469 -106.48414568 -147.85972908 -126.88821797 -146.04334460 -59.30926781 -61.56974017 -154.47400505
-13.35227776 -48.29476387 -47.87253516 -17.85024627 -163.98965253 -113.13010083 -150.41530591 -174.24517840 -161.67377599 -108.42405588 -150.61344439 -126.47500406 -147.97807021 -60.26550501 -62.63637883 -153.02463001
-13.72184308 -49.19237421 -48.79824068 -18.47317659 -162.87546515 -114.97757982 -152.90461964 -173.39120943 -162.60271212 -110.28774900 -153.32378296 -126.07118477 -149.82374620 -61.20386173 -63.67761334 -151.58563462
-14.09410245 -50.06643071 -49.70955393 -19.08915469 -161.70679651 -116.80667731 -155.37170237 -172.52977156 -163.43192506 -112.12377844 -155.99417037 -125.65946916 -151.59183295 -62.13858848 -64.70143705 -150.14729997
-14.46151324 -50.92007290 -50.59595758 -19.69515614 -160.52302638 -118.59787703 -157.79724379 -171.58987292 -164.22533227 -113.92157714 -158.52472776 -125.23897671 -153.28370351 -63.04532996 -65.70307830 -148.71938442
-14.83230187 -51.77919782 -51.48131556 -20.30893146 -159.35125165 -120.38713751 -159.81892473 -170.63797492 -165.01343270 -115.70199903 -160.57679367 -124.80125391 -154.94672631 -63.95716114 -66.74315851 -147.27546001
-15.22836204 -52.67847742 -52.37925950 -20.95534719 -158.16614647 -122.23528592 -161.00588457 -169.52373508 -165.82456502 -117.54482989 -162.73106717 -124.34438786 -156.63526733 -64.89616598 -67.80962518 -145.76279901
-15.61580898 -53.59104276 -53.26745183 -21.59887783 -156.98350597 -124.07594284 -162.19504929 -168.34378825 -166.62167733 -119.38333270 -164.89171228 -123.88383138 -158.29921800 -65.81927005 -68.86023581 -144.24570766
-16.00804564 -54.50523226 -54.16705161 -22.24756956 -155.79579484 -125.92290816 -163.39886507 -166.95595089 -167.41618152 -121.23196931 -167.07678844 -123.41588209 -159.90315683 -66.71719802 -69.90435062 -142.71134964
-16.42683949 -55.45686549 -55.10278372 -22.90839822 -154.63095762 -127.84219685 -164.65189720 -165.48278731 -167.35829321 -123.15259369 -169.34101849 -122.92928120 -161.49451261 -67.62145615 -70.96492110 -141.14395658
-16.88099982 -56.46950848 -56.09561695 -23.59486117 -152.82665953 -129.28725822 -165.99080072 -163.96160565 -167.25217921 -125.17218738 -171.74315023 -122.41920791 -163.19046144 -68.57699047 -72.06272982 -139.51307573
-17.33683331 -57.46735303 -57.05360414 -24.27213842 -151.34082829 -130.49982262 -167.31688514 -162.46383614 -166.85934206 -127.16747180 -174.11213214 -121.90096642 -164.75087044 -69.52119090 -73.13659748 -137.88371476
-17.80583664 -58.48330459 -57.98403245 -24.96319634 -149.89968374 -131.73163218 -168.67963781 -160.93759959 -166.37663903 -129.19315642 -175.82731297 -121.36271131 -166.27105134 -70.47954234 -74.21932117 -136.21455776
-18.29854316 -59.53981596 -58.95877975 -25.62547493 -148.38836585 -133.01443815 -170.11327102 -159.35544519 -165.73953186 -131.27895008 -177.18082508 -120.75759075 -167.72930491 -71.47153669 -75.33696817 -134.47181410
-18.79708355 -60.56876767 -59.95762407 -26.20223732 -146.87766888 -134.31547380 -171.58657788 -157.74060602 -165.08572175 -133.39149715 -178.56651754 -119.98303079 -169.16594452 -72.47142256 -76.47103668 -132.67289211
-19.29925376 -61.56939228 -60.89480510 -26.79017963 -145.36954979 -135.62719702 -173.08863205 -156.08850377 -164.43159704 -135.49660954 -179.98022483 -118.99434671 -170.57561024 -73.47608807 -77.61146524 -130.82519473
-19.84856631 -62.37888961 -61.59839044 -27.36704903 -143.73705310 -137.07221828 -174.78632115 -154.17874361 -163.76786401 -137.12718785 -181.59801238 -117.82006624 -172.09011330 -74.57103068 -78.86554814 -128.77826871
-20.43735423 -62.96947801 -62.06405874 -27.79034176 -142.00355586 -138.60603390 -176.45964264 -152.05872562 -163.10315766 -138.72828246 -183.28296793 -116.53764919 -173.67966529 -75.73593023 -80.20216129 -126.57529356
-21.03451806 -63.41703449 -62.53686486 -28.21432605 -140.25926876 -140.12304056 -178.03357163 -149.91123149 -162.41366835 -140.32964086 -184.93102317 -115.21671259 -175.24397371 -76.90791886 -81.54502825 -124.33413141
-21.58963363 -63.86219309 -63.00432420 -28.63408017 -138.49530765 -141.41238354 -179.62817650 -147.76346425 -161.67513565 -141.59147159 -186.34041551 -113.86296631 -176.74827962 -78.10082978 -82.87433022 -122.08049686
-21.87194688 -64.34202312 -63.51355705 -29.07682467 -136.67533161 -142.71616293 -181.34075710 -145.28901497 -160.63360395 -142.72717424 -187.78150444 -112.42253915 -178.35415367 -79.37077334 -84.27210162 -119.69172759
-22.16124417 -64.83462860 -64.03173949 -29.52558304 -134.88370426 -144.04063910 -183.11626805 -142.68537189 -159.35004498 -143.82196442 -189.24009847 -110.94190456 -179.98580953 -80.65664373 -85.55267299 -117.23676292
-22.43905983 -65.37732804 -64.60330892 -30.00348113 -132.94190570 -145.42789477 -185.05581770 -139.85996841 -157.98699463 -145.00076355 -190.74547187 -109.33291540 -181.64164375 -81.87905681 -86.54575283 -114.57774406
-22.65754596 -65.98471692 -65.24579126 -30.51611251 -130.74763236 -146.81790653 -187.21107340 -136.75182250 -156.45254480 -146.27754711 -192.32699274 -107.55461026 -183.32690188 -82.79494710 -87.28220179 -111.65322615
-22.87220999 -66.57742878 -65.84440813 -31.02896364 -128.44790726 -148.17453007 -189.04110452 -133.57457347 -154.95107033 -147.53787603 -193.85134189 -105.72045130 -184.89186923 -83.49373182 -87.97984937 -108.65168112
-23.10693553 -67.20571451 -66.43956882 -31.57881586 -125.96067662 -149.43240510 -190.64214212 -130.16765106 -153.43471007 -148.74240022 -195.46465821 -103.52067796 -186.42868299 -84.17300017 -88.57721755 -105.41006696
-23.37519798 -67.88765229 -67.09639686 -32.13562904 -123.30896278 -150.25787268 -192.44666867 -126.47870349 -151.86635677 -149.91595566 -197.26293363 -100.97322349 -187.92497407 -84.82894449 -88.94227259 -101.88175891
-23.64125149 -68.37807236 -67.77977007 -32.59871726 -120.51823748 -150.96331879 -194.28322044 -122.60520087 -150.20098790 -151.17719627 -199.20416649 -98.20479525 -189.25277494 -85.50044046 -89.33699412 -98.17353990
-23.93593250 -68.79481656 -68.52898756 -33.10430838 -117.06949840 -151.68059059 -196.06274467 -118.31580249 -148.49845312 -152.61319878 -201.42036708 -95.13642372 -190.43233751 -86.21651751 -89.79249919 -93.94005807
-24.39483198 -69.54627725 -69.56483724 -33.74485373 -112.09350986 -152.65925402 -197.15559812 -112.79682305 -147.42232420 -154.67971583 -204.75019384 -91.00921735 -191.00738301 -87.12538605 -90.51020352 -88.18626308
-24.98190703 -70.51510399 -70.70598573 -34.32779778 -106.75924380 -153.77480533 -198.24120720 -106.45286983 -147.64059947 -157.05265448 -208.72933791 -86.33958892 -187.73600413 -88.14262761 -91.36354384 -81.63447030
-25.67680053 -71.63224297 -71.28511679 -34.71970235 -101.75968309 -154.53228690 -199.42455329 -99.49504269 -145.50167633 -159.59692441 -213.12014343 -81.22560132 -183.20720258 -88.93938478 -92.25333533 -74.45042890
-26.42825884 -72.80231155 -71.45921578 -35.11315118 -96.45210439 -154.90857251 -200.60957126 -92.17965342 -143.17962071 -160.98012962 -217.03041721 -78.33675935 -178.19955781 -89.66419940 -93.10514456 -67.11931401
-27.20159186 -73.94086902 -71.61652567 -35.48202809 -90.96023956 -155.22957304 -201.71684502 -84.72884158 -140.79325153 -161.88576741 -219.81021615 -78.53445967 -172.77830727 -90.35983106 -93.81125341 -59.84624905
-28.09937795 -74.87740665 -71.75830541 -35.89353847 -84.91496235 -155.43768830 -202.86323936 -76.64425296 -138.16430348 -162.41838887 -221.15349184 -78.52301079 -166.66985097 -90.93659073 -94.06387156 -53.92314968
-28.92519079 -75.22974611 -71.85256498 -35.99313479 -79.32502115 -155.35481593 -203.70182974 -76.10733226 -135.71005240 -162.71516339 -222.06260380 -78.28300676 -161.00897225 -90.85926959 -93.85427313 -53.87379815
-29.73435757 -75.48541653 -71.90684204 -36.08772134 -73.41695573 -155.21847988 -204.52642198 -75.93902141 -133.10385856 -162.66706111 -222.66604426 -78.00724395 -155.02617331 -90.60911643 -93.52735341 -53.69169957
-30.11787739 -75.64889477 -71.87850802 -36.16759521 -70.72342978 -155.06056479 -205.17852397 -75.75302360 -131.32552811 -162.25464047 -223.10275171 -77.73250592 -148.97305247 -90.31018431 -93.15087955 -53.45672241
-30.27112920 -75.71611701 -71.79141632 -36.21529600 -72.30122726 -154.78572407 -205.57970555 -75.55224923 -129.85116413 -161.73182568 -223.19440141 -77.46070700 -143.14681200 -89.96588615 -92.73631172 -53.17173115
-30.44739575 -75.76883457 -71.68122576 -36.26609937 -73.98477257 -154.39995078 -205.65634629 -75.33050969 -128.05637437 -160.44129676 -223.10750814 -77.16957841 -136.97922152 -89.55227181 -92.13353990 -52.85417592
-30.63810648 -75.80241544 -71.55158170 -36.31894863 -75.90013339 -153.98044040 -205.51770555 -75.08919963 -125.85640518 -158.97275222 -222.90883765 -76.82529848 -130.39938163 -89.08660544 -91.31416125 -52.52718235
-30.83301533 -75.81641554 -71.40441527 -36.37276889 -77.93037871 -153.51026153 -205.36268718 -74.83512058 -123.34933603 -157.79536528 -222.65533857 -76.43158362 -123.62003624 -88.47768611 -90.37916278 -52.19345622
-31.04871163 -75.82768017 -71.24164317 -36.43495979 -80.22518253 -152.90686241 -205.20775572 -74.57671289 -120.03334777 -156.50180732 -222.35591576 -76.02106981 -116.37139461 -87.39400323 -89.39528973 -51.84812242
-31.26295900 -75.82191768 -71.05261348 -36.49992241 -82.37043067 -152.20745871 -205.05014816 -74.31329243 -117.04175646 -155.13170570 -222.00434465 -75.55858833 -109.12065940 -86.09454290 -88.38917257 -51.49103293
-31.41859659 -75.75995141 -70.82364260 -36.54699695 -83.58661565 -151.45466677 -204.87888420 -74.05062803 -116.85200251 -154.43317595 -221.60217044 -75.07594704 -103.04043015 -84.91846020 -87.38871174 -51.13960227
-31.54782852 -75.65885892 -70.55443032 -36.58765064 -84.26811599 -150.64302007 -204.69878150 -73.78956166 -118.51064051 -153.71421672 -220.88617806 -74.53674154 -97.49085961 -83.80216680 -86.35347215 -50.77883834
-31.68263652 -75.54222097 -70.27441599 -36.63376920 -84.96724847 -149.77539671 -204.51389941 -73.53262336 -120.18556000 -152.90633428 -219.88510969 -73.88390539 -91.59033334 -82.63715764 -85.27371113 -50.40665095
-31.81695074 -75.40757245 -69.99221332 -36.67981787 -85.67364291 -148.84097855 -204.29915775 -73.27550605 -121.86090680 -151.93737152 -218.80735893 -73.18945023 -85.60740981 -81.50399454 -84.43368283 -50.02883105
-31.94572696 -75.25280592 -69.70584876 -36.72709110 -86.37302564 -147.84353357 -203.99529916 -73.03212868 -123.53281628 -150.89773708 -217.22398763 -72.33631668 -79.56568739 -80.70987346 -83.76103975 -49.64554625
-32.07063612 -75.08452945 -69.41548635 -36.77239622 -87.07959420 -146.65939065 -203.66848746 -72.80065768 -125.18477013 -149.76511416 -215.33276475 -71.27374838 -73.46425896 -80.15618485 -83.09794513 -49.25780114
-33.95579524 -74.94762614 -69.16044463 -38.46637305 -90.23062305 -140.14933993 15.16171306 -71.44154876 -130.11700389 -139.61755443 -208.81574383 -66.51110175 -48.90211797 -74.87109809 -76.52456953 -46.19232492
-36.51942776 -75.77215066 -69.28012318 -40.83722594 -91.01724967 14.40314494 7.86082594 -65.48383909 -124.94767718 -103.13614204 17.55038949 -57.80305772 -45.06918421 -67.20238632 -68.44221594 -42.31247980
-36.36717918 -70.12182007 -66.54556401 -40.63100428 -88.00110312 6.49167664 7.93088092 -63.12506540 -124.67912154 -96.32662985 17.73613545 -56.55885458 -44.95919408 -66.92935705 -67.82282504 -42.14714876
-35.95454013 -68.19245552 -62.84324659 -40.04413137 -87.21814614 6.47333676 7.89232637 -58.72362670 -123.89183147 -81.51356606 8.42525523 -50.30039308 -44.72380390 -66.42356284 -63.81360906 -41.91201682
-36.20582957 -69.04523545 -63.42019820 -40.42164530 -87.83809505 6.51671431 7.94628938 -58.69931048 -124.14934854 -81.06937585 8.48211127 -50.10724653 -44.91791559 -66.74237241 -63.58613373 -42.03913321
-36.31197223 -69.98393736 -63.99699191 -40.48176507 -88.38457284 6.56509635 8.00593313 -58.67453366 -124.09174831 -80.30814557 8.54484726 -49.94409640 -44.78387712 -66.50126297 -63.21555948 -41.90468671
-36.38794761 -70.93094953 -64.51903418 -40.48813142 -88.90325628 6.61501738 8.06740104 -58.62982142 -123.89370127 -79.43366543 8.60947877 -49.69940459 -44.63922453 -66.22835343 -62.63915200 -41.74955030
-36.34491204 -71.88935415 -64.94181991 -40.49046678 -89.37378521 6.66652779 8.13076542 -58.61691340 -123.66506854 -78.60566629 8.67604305 -49.30953321 -44.48893873 -65.94469140 -61.27292120 -41.58753652
-36.22595997 -73.65390312 -65.83010998 -40.49605119 -89.78059653 6.77514285 8.26279244 -58.49956084 -123.23068771 -76.57166485 8.81476426 -48.20810333 -44.16056294 -65.35225146 -58.09191890 -41.09566278
-36.08733509 -74.54222668 -66.01614056 -40.51476610 -89.89381046 6.88624094 8.39870552 -58.50262226 -122.83205412 -74.35186464 8.95765485 -46.17473344 -43.80665843 -64.73870197 -56.79084831 -40.08266059
-35.94260858 -75.13857673 -66.12329453 -40.52549534 -89.58936947 7.00459063 8.54217549 -58.62152042 -122.46412193 -71.36252924 9.10798447 -44.04341376 -43.29202499 -64.05482457 -53.05536810 -39.02140975
