0.00000000
122.83976387
222.59770091
316.08232935
402.88024599
482.61281890
555.76686619
622.78566327
683.93636638
739.29365021
788.43559222
831.10782522
867.31794666
893.30409633
906.42557423
907.17815956
906.29636629
904.16413268
900.33277638
894.84044358
886.56787367
873.34152874
857.94593552
841.33451733
822.87523298
801.43931599
777.02634969
753.41005144
732.24684016
709.40884550
685.33012330
661.44607451
641.51111486
621.13026668
601.91254238
594.28831598
587.21460261
585.14100289
582.94330952
580.66425476
578.36819881
575.89594196
573.26021580
570.87736133
568.81451079
473.36160114
472.53388919
474.80211435
476.13969079
476.85016840
477.01144143
476.41555746
475.11418271
472.70295789
469.65027479
467.50454067
466.21556910
465.01799227
463.20392859
460.85263704
455.76553118
453.73100376
451.71746125
450.57556198
448.34375301
446.33077640
444.38577361
442.14129588
439.82087621
437.12728471
433.58629088
430.98139145
429.33332928
427.46525136
425.43572640
423.02173299
421.29609505
419.51296959
417.85531543
416.10689612
414.25183001
412.34697881
410.42320288
408.49373480
406.54314155
404.54170248
402.53697535
400.54857281
398.53804739
396.54212350
394.55982712
392.54487199
390.45823207
388.51525692
386.65338580
384.83661435
382.98116015
380.75319704
377.11129586
373.89298649
371.26083132
368.76424521
366.68304073
364.65112517
