0.00000000 0.00000000
0.00053977 0.00101590
0.00111237 0.00201590
0.00169243 0.00301590
0.00228299 0.00401590
0.00288614 0.00501590
0.00350287 0.00601590
0.00413424 0.00701590
0.00478089 0.00801590
0.00544504 0.00901590
0.00613054 0.01001590
0.00684279 0.01101590
0.00758478 0.01201590
0.00838498 0.01301590
0.00926656 0.01401590
0.01023103 0.01501590
0.01120630 0.01601590
0.01219023 0.01701590
0.01318886 0.01801590
0.01419860 0.01901590
0.01522336 0.02001590
0.01627234 0.02101590
0.01732922 0.02201590
0.01839104 0.02301590
0.01946146 0.02401590
0.02054710 0.02501590
0.02164602 0.02601590
0.02274327 0.02701590
0.02383105 0.02801590
0.02492818 0.02901590
0.02603371 0.03001590
0.02713887 0.03101590
0.02822761 0.03201590
0.02931865 0.03301590
0.03040481 0.03401590
0.03144018 0.03501590
0.03247297 0.03601590
0.03348332 0.03701590
0.03449405 0.03801590
0.03550492 0.03901590
0.03651567 0.04001590
0.03752624 0.04101590
0.03853606 0.04201590
0.03954537 0.04301590
0.04055334 0.04401590
0.04191882 0.04501590
0.04246730 0.04601590
0.04344502 0.04701590
0.04442835 0.04801590
0.04541388 0.04901590
0.04640132 0.05001590
0.04739524 0.05101590
0.04839378 0.05201590
0.04939711 0.05301590
0.05040290 0.05401590
0.05140608 0.05501590
0.05240581 0.05601590
0.05340631 0.05701590
0.05441130 0.05801590
0.05541272 0.05901590
0.05642176 0.06001590
0.05742255 0.06101590
0.05842362 0.06201590
0.05942217 0.06301590
0.06042620 0.06401590
0.06143216 0.06501590
0.06243767 0.06601590
0.06344469 0.06701590
0.06445233 0.06801590
0.06546187 0.06901590
0.06647629 0.07001590
0.06748609 0.07101590
0.06849140 0.07201590
0.06949870 0.07301590
0.07050686 0.07401590
0.07151757 0.07501590
0.07252305 0.07601590
0.07352909 0.07701590
0.07453418 0.07801590
0.07553932 0.07901590
0.07654448 0.08001590
0.07754995 0.08101590
0.07855536 0.08201590
0.07956070 0.08301590
0.08056594 0.08401590
0.08157142 0.08501590
0.08257716 0.08601590
0.08358272 0.08701590
0.08458832 0.08801590
0.08559424 0.08901590
0.08659994 0.09001590
0.08760556 0.09101590
0.08861027 0.09201590
0.08961449 0.09301590
0.09061770 0.09401590
0.09162066 0.09501590
0.09262253 0.09601590
0.09362325 0.09701590
0.09462727 0.09801590
0.09562665 0.09901590
0.09662783 0.10001590
0.09762896 0.10101590
0.09862876 0.10201590
0.09962847 0.10301590
