0.00000000 0.00000000 0.00000000 0.00000000 0.00000000 0.00000000 0.00000000 0.00000000 0.00000000 0.00000000 0.00000000 0.00000000
1.16839212 2.22055974 1.49719630 -10.90210653 -4.28907554 -21.95229857 -24.60648056 -0.86409217 -18.34359495 -15.09387032 -6.18791374 -25.48647965
-0.80048358 0.03486801 -0.60134683 -29.43185169 -7.09204461 -38.82125141 -34.55203869 -3.64046000 -31.24562834 -25.99364137 -8.31742907 -42.13639333
-2.52687585 -2.18099493 -2.37915459 -46.76805223 -9.95374421 -54.60071962 -43.45818392 -6.45003376 -43.24139047 -36.30131286 -10.47636833 -57.74549859
-3.83152039 -4.45883090 -3.69656284 -62.65786401 -12.88493221 -69.21885338 -51.85320734 -9.30771840 -54.26361311 -46.02918413 -12.35854599 -72.31941329
-4.81244285 -6.71687430 -4.65550367 -76.87302305 -15.63685166 -82.64746173 -59.76179879 -12.21827593 -64.17461767 -55.23946318 -14.01962823 -85.85687785
-5.66984314 -8.78231570 -5.48285809 -89.74207556 -18.02869368 -94.99665746 -67.14362721 -15.01322040 -73.01491305 -64.00789904 -15.54092858 -98.34383427
-6.44823992 -10.66653498 -6.23724734 -101.38462917 -20.13276976 -106.35010981 -74.02703373 -17.53745646 -80.86324857 -72.36188177 -16.96584094 -109.81067082
-7.20112368 -12.42887206 -6.95547394 -111.83808904 -21.99327018 -116.70001804 -80.46889775 -19.77510360 -87.74063320 -80.35388874 -18.28706136 -120.19393480
-7.97435389 -13.99137254 -7.69523343 -121.02461500 -23.71787466 -125.99476769 -86.51528565 -21.76152521 -93.61827009 -87.99932674 -19.54907004 -129.45195526
-8.80950909 -15.50775653 -8.50115403 -128.66319388 -25.29602797 -134.18496291 -92.12623788 -23.62349830 -98.48267182 -94.94102872 -20.80897472 -137.49057637
-9.72563389 -16.90965032 -9.39079284 -135.09046272 -26.85608090 -141.19556032 -96.76993396 -25.34066920 -102.24760644 -101.27417717 -22.05241347 -144.25484400
-10.73394856 -18.31988183 -10.38894163 -139.91221000 -28.35941160 -146.82815484 -100.88184112 -27.03945165 -104.75300914 -107.26702722 -23.29178113 -149.54228794
-11.91056477 -19.78907594 -11.57611846 -142.64499182 -29.82016247 -151.02455826 -103.69426354 -28.74592041 -103.80076044 -112.54020945 -24.61267572 -153.14479505
-13.32554321 -21.38483813 -13.06106519 -141.80923550 -31.32555186 -151.81453753 -105.93393806 -30.39329091 -101.44252128 -117.61139066 -26.06332520 -152.26033670
-15.00158555 -23.04966719 -14.86965270 -136.41949700 -32.92632640 -147.71583948 -108.02421109 -32.10685551 -98.89496348 -122.80589003 -27.52772896 -147.83594219
-16.67783443 -24.69331272 -16.70581527 -130.86838229 -34.52680517 -143.45666559 -109.50213141 -33.77054196 -96.27555035 -127.52447028 -28.97051018 -143.32434664
-18.32040077 -26.28548356 -18.57133206 -125.32210853 -36.07230148 -139.05885074 -110.65952979 -35.39109578 -93.45968506 -131.94069547 -30.38898272 -138.69366673
-19.99076219 -27.79998889 -20.45374403 -119.43108928 -37.57332610 -134.59745389 -111.23574512 -36.98921092 -90.59851004 -135.89783611 -31.77455905 -133.99055076
-21.68701970 -29.27906614 -22.34638263 -113.21474444 -39.05477695 -130.07329617 -111.21884727 -38.54048353 -87.69265597 -139.35479093 -33.15147387 -129.22690598
-23.35552869 -30.77792439 -24.02235526 -106.62277036 -40.52237064 -125.49475029 -110.43666953 -40.07255098 -84.74905349 -141.55159316 -34.54148756 -124.42081932
-24.83647864 -32.31675871 -25.42340658 -99.72535645 -42.00223900 -120.87813692 -108.15264546 -41.60638808 -81.76659948 -141.10073286 -35.96019872 -119.57258784
-25.65451745 -33.84712384 -26.34902574 -92.84225802 -43.47022683 -115.83948476 -105.63159268 -43.11511975 -78.75491466 -140.39914336 -37.37347441 -114.66905403
-26.46761957 -35.36652258 -27.26922673 -85.92364169 -44.91968485 -110.39917682 -102.95708495 -44.59470252 -75.43035110 -139.49829861 -38.77627148 -109.73193642
-27.28858764 -36.88327932 -28.19412904 -78.91943538 -46.35264130 -104.60168806 -100.12031279 -46.05877005 -71.49896442 -138.10847692 -40.16868396 -104.68026410
-28.12183619 -38.08320495 -29.04445015 -71.74519684 -47.77182251 -98.67842170 -97.04842768 -47.51584634 -67.33028169 -135.82842982 -41.53742747 -98.73397064
-28.85378484 -38.72208444 -29.80223976 -64.46603834 -48.82829937 -92.37994020 -93.70656660 -48.95250977 -63.10896089 -133.11402706 -42.38340095 -92.70849747
-29.50290245 -39.32431563 -30.55008548 -57.67584772 -49.45155409 -85.99448561 -91.52977045 -49.89388716 -58.71713661 -131.34559611 -42.97351962 -86.45095051
-29.83910507 -39.89213347 -31.20647958 -51.72733915 -49.76174421 -79.51501884 -91.15052238 -50.47886628 -54.03251203 -131.21732031 -43.49667095 -79.92912788
-30.11814074 -40.45864230 -31.62225080 -45.79883579 -49.75044590 -72.94923989 -90.64421236 -50.95485777 -49.27485409 -130.97987734 -43.81529830 -73.04219025
-30.40276573 -41.02495933 -32.04105525 -39.81979397 -49.69739076 -66.31178555 -90.12071099 -51.20108503 -44.45774726 -130.41558813 -43.75766820 -66.07957310
-30.68441207 -41.47587531 -32.44680578 -33.82853969 -49.57433244 -59.63849421 -89.57221245 -51.12599680 -40.50033042 -129.80186504 -43.66320269 -59.13400760
-30.96630611 -41.69447045 -32.80864967 -27.81494147 -49.39337329 -53.00622417 -89.00020174 -51.01174853 -40.66981479 -129.16215124 -43.56129345 -52.42193995
-31.24103201 -41.70429863 -33.16308241 -21.79560471 -49.19740661 -46.33803153 -88.40867075 -50.85401753 -40.82209556 -128.49013162 -43.43024001 -45.68565530
-31.50962425 -41.69233509 -33.50222452 -15.77410047 -48.99228843 -39.71754662 -87.79347888 -50.66324472 -40.92542662 -127.79456936 -43.29066391 -40.25703953
-31.79497133 -41.70475640 -33.58614051 -9.73929496 -48.79117555 -39.58230097 -87.16623581 -50.47387421 -40.89258177 -127.12126057 -43.19347823 -40.24224566
-32.04981184 -41.70120616 -33.66439954 -4.44336280 -48.58401479 -39.50270725 -86.47217646 -50.27437184 -40.84491380 -126.38774195 -43.08653352 -40.20336267
-32.08182984 -41.65265718 -33.71539851 -4.48433511 -48.37753660 -39.41932482 -85.79061944 -50.07645813 -40.77620637 -125.66827995 -42.95344458 -40.14491236
-32.11667155 -41.59477398 -33.76439842 -4.53666318 -48.17044587 -39.33393611 -85.07109934 -49.87472928 -40.68776607 -124.89891878 -42.81329118 -40.08061578
-32.15092467 -41.53022066 -33.80775034 -4.58765592 -47.96194646 -39.24627883 -84.34146205 -49.66880724 -40.58904856 -124.10064352 -42.67264369 -40.00687282
-32.18369079 -41.46172793 -33.84805062 -4.64320368 -47.75207488 -39.15605374 -83.62507852 -49.45825294 -40.48562147 -123.29954386 -42.53160862 -39.92329175
-32.21896240 -41.38853680 -33.88561186 -4.68720707 -47.54161821 -39.06302083 -82.85306587 -49.24908587 -40.37828733 -122.41533259 -42.38969746 -39.82551566
-32.25061601 -41.30949353 -33.91962190 -4.70054771 -47.33025791 -38.96883596 -82.05452270 -49.03750653 -40.26599192 -121.45177716 -42.24724442 -39.72380005
-32.27148216 -41.22131239 -33.94928298 -4.71350647 -47.11648383 -38.87156612 -81.41663255 -48.81833386 -40.15006419 -120.62316463 -42.10390234 -39.62162982
-32.28401939 -41.12512415 -33.97290259 -4.71552345 -46.90118283 -38.77130731 -80.98619963 -48.59753841 -40.03071598 -119.95251546 -41.95903300 -39.51844858
-32.93196741 -41.48232112 -34.31713191 21.21647787 -46.62364673 -38.71061618 -65.87272514 -48.35180608 -39.90153288 -64.79242727 -42.06236596 -39.53153833
-32.75683528 -41.37032019 -33.69751888 20.98902342 -46.49488759 -38.58140394 -61.45364221 -48.57143618 -39.72985462 -69.12297695 -42.03742943 -39.70660733
-32.78628396 -41.22773080 -33.73292910 21.44251128 -46.29394738 -38.47427724 -63.15856216 -48.69814796 -39.60465098 -70.77880710 -41.88142349 -39.60786545
-32.82237493 -41.09250826 -33.72958419 21.81431827 -46.08955778 -38.36883915 -64.69138455 -48.47669088 -39.46794763 -71.99325243 -41.72092958 -39.50093970
-32.86969122 -40.96043401 -33.71609462 22.00031980 -45.88494589 -38.26356779 -65.77927201 -48.25378760 -39.32948733 -72.83896779 -41.56314678 -39.39109317
-32.92503765 -40.83087621 -33.70029403 22.11630597 -45.67932843 -38.15730977 -66.52881546 -48.02945304 -39.19028161 -73.39850695 -41.40632137 -39.28152288
-32.96501242 -40.70566291 -33.68815533 22.10637395 -45.46556582 -38.05191104 -66.81680211 -47.79815812 -39.05083119 -73.55977521 -41.24942423 -39.17063301
-33.00198746 -40.58370174 -33.67649286 22.07129631 -45.24831772 -37.94700111 -66.71790208 -47.56253384 -38.91083096 -73.38428258 -41.09298192 -39.05944675
-33.05819980 -40.47018140 -33.66477705 22.18818601 -45.03220664 -37.84191086 -66.09687594 -47.32477835 -38.77012141 -72.74745205 -40.93624041 -38.94839999
-33.11974839 -40.34791781 -33.64743258 22.38466394 -44.80994877 -37.73604976 -65.18384386 -47.08436315 -38.62793091 -71.85384713 -40.78358167 -38.84027470
-33.15033683 -40.22958006 -33.62659102 22.47185018 -44.58912881 -37.63057894 -64.71910518 -46.84269501 -38.48564491 -71.35095121 -40.62401077 -38.72776810
-33.15165250 -40.10282759 -33.59742802 22.43301043 -44.36468689 -37.52482543 -64.67231734 -46.59989726 -38.34263217 -71.21573072 -40.46411436 -38.61246727
-33.14108148 -39.97390911 -33.56501626 22.37882275 -44.13689874 -37.41915104 -64.68173989 -46.35413636 -38.19893931 -71.12654929 -40.30324031 -38.49615321
-33.12910180 -39.85114544 -33.52992675 22.40021497 -43.90745796 -37.31407458 -64.41077105 -46.10436503 -38.05386472 -70.78491423 -40.14107808 -38.37744392
-33.15471016 -39.73241584 -33.48562582 22.05603642 -43.68493524 -37.20734041 -63.60809301 -45.85958895 -37.90717951 -70.02698692 -39.98200932 -38.25978828
-33.22064235 -39.63357392 -33.44388920 20.50881904 -43.46609339 -37.10067018 -60.60615540 -45.60707298 -37.76095178 -67.46346818 -39.83268971 -38.13914312
-33.22848850 -39.51102533 -33.39491613 20.32033176 -43.24201419 -36.99275238 -60.12280947 -45.28803699 -37.61423084 -66.96621538 -39.67024826 -38.02059803
-33.22543626 -39.38563807 -33.34430492 20.34818472 -43.02289194 -36.88492626 -59.87472015 -44.79614533 -37.46955567 -66.65275382 -39.50806030 -37.90121324
-33.20034876 -39.25206188 -33.29000679 20.90459827 -42.80437679 -36.77674650 -60.53405902 -44.09508799 -37.32536599 -67.08022498 -39.34116509 -37.78071649
-33.16844871 -39.12046478 -33.23901835 21.20151092 -42.58879023 -36.66904430 -60.74408415 -42.86587012 -37.18278742 -67.13177964 -39.17749273 -37.65748351
-33.12651012 -38.99277553 -33.18842338 21.20984067 -42.35483333 -36.56196857 -60.44824244 -42.52605050 -37.03504172 -66.76202358 -39.01101700 -37.53373090
-33.08439580 -38.86495467 -33.13656717 21.21566128 -42.10625176 -36.45488327 -60.15310581 -42.27124107 -36.88436576 -66.39297086 -38.84323992 -37.40945879
-33.04294631 -38.73730745 -33.08310866 21.22101052 -41.80656370 -36.34824924 -59.85696810 -41.77426299 -36.73299019 -66.02168668 -38.67426611 -37.28395698
-33.00029944 -38.61046003 -33.02895381 21.22304863 -41.38764046 -36.24327518 -59.58289199 -41.28002350 -36.58039257 -65.66757423 -38.50477400 -37.15763963
-32.95733945 -38.48544966 -32.97415132 21.21911973 -40.83674438 -36.14059886 -59.33854109 -40.48529187 -36.42711049 -65.33742623 -38.33397384 -37.02977724
-32.91437275 -38.36035190 -32.92030345 21.27007279 -39.94579024 -36.03915593 -59.17773148 -39.09332352 -36.27379243 -65.07150076 -38.16136029 -36.89868091
-32.86868551 -38.23794421 -32.86181210 21.33206193 -38.81182715 -35.93826992 -59.03752081 -38.86070436 -36.11623181 -64.82405036 -37.98617948 -36.77022764
-32.82024703 -38.11206232 -32.79818602 21.39048216 -38.45146210 -35.83309441 -58.89456938 -38.83065896 -35.95932770 -64.57674036 -37.80426948 -36.64319368
-32.77274604 -37.98687479 -32.73552237 21.44792371 -38.09421123 -35.72759402 -58.74933328 -38.59613306 -35.80059870 -64.32679671 -37.60838174 -36.51498315
-32.72585838 -37.86366730 -32.67334516 21.50693353 -37.58341796 -35.62303591 -58.60511135 -38.35406841 -35.64093889 -64.07652365 -37.41080591 -36.38588701
-32.68032804 -37.74113917 -32.61265647 21.56701232 -36.69933880 -35.51903480 -58.45912561 -38.10824844 -35.48094747 -63.82273713 -37.21002209 -36.25516729
-32.63078793 -37.60922190 -32.54907669 21.62194206 -36.52472873 -35.41128247 -58.30961872 -37.86262254 -35.32289887 -63.56812899 -37.00250826 -36.12716202
-32.58180671 -37.47571891 -32.48451047 21.67545580 -36.31087788 -35.30170949 -58.16109371 -37.61406465 -35.16265314 -63.31529561 -36.78281422 -35.99788060
-32.53209892 -37.33948433 -32.41954084 21.72783702 -36.24198659 -35.19116045 -58.00626711 -37.36355592 -35.00249585 -63.05707006 -36.56043367 -35.86905870
-32.48210703 -37.20121593 -32.35463651 21.77660789 -36.09448568 -35.06947229 -57.85263116 -37.11261101 -34.84159534 -62.80060404 -36.33461514 -35.73952988
-32.43193532 -37.06225390 -32.29011651 21.82349535 -35.87169889 -34.94142278 -57.69975873 -36.85673890 -34.68031058 -62.54550227 -36.08534108 -35.61024640
-32.38209658 -36.92266680 -32.22593917 21.86906404 -35.64689463 -34.81296328 -57.54071469 -36.59083450 -34.51884694 -62.28542271 -35.80816154 -35.48150202
-32.33207171 -36.78237552 -32.16150566 21.91428426 -35.42015940 -34.68328687 -57.38152920 -36.31821659 -34.35649630 -62.02507702 -35.52443795 -35.35233091
-32.28186022 -36.64136721 -32.09683642 21.95919037 -35.19145377 -34.55234050 -57.22173590 -36.04316120 -34.19320197 -61.76387512 -35.24449575 -35.22259711
-32.23190725 -36.49961042 -32.03173483 22.00357793 -34.96047258 -34.41862418 -57.05985154 -35.76140167 -34.02868860 -61.50101779 -34.96132186 -35.09208875
-32.18446567 -36.33221430 -31.96769192 22.04738036 -34.72677667 -34.28258670 -56.89872544 -35.47053155 -33.86049200 -61.23971547 -34.66574837 -34.96013476
-32.13637780 -36.16282097 -31.90306665 22.09089993 -34.49063471 -34.14607917 -56.73615207 -35.17625955 -33.69016175 -60.97582033 -34.38334736 -34.82715492
-32.08858332 -35.98893259 -31.83823908 22.13385161 -34.24719050 -34.00994786 -56.57340474 -34.88103770 -33.51846357 -60.71069599 -34.13336687 -34.69256219
-32.04054715 -35.81260950 -31.77445367 22.17618222 -33.99436186 -33.85951557 -56.40981707 -34.58460857 -33.34598647 -60.44317661 -33.89239627 -34.55675687
-31.99273918 -35.63225782 -31.71091844 22.21725739 -33.73837693 -33.69407276 -56.24641944 -34.29610491 -33.17122812 -60.17517252 -33.68351180 -34.41857898
-31.94460986 -35.45101369 -31.64711382 22.25730076 -33.47366036 -33.52215007 -56.08193733 -34.01459693 -32.99472095 -59.90566549 -33.50264164 -34.27901774
-31.89601571 -35.26780476 -31.58810321 22.29677520 -33.20336351 -33.29911431 -55.91341499 -33.73968664 -32.82614825 -59.62951262 -33.34653783 -34.13194534
-31.85036296 -34.99690491 -31.53537690 22.33701198 -32.93901910 -33.10460367 -55.73527039 -33.46418017 -32.66444505 -59.33778733 -33.20992662 -33.95736694
-31.80200363 -34.78342282 -31.47402291 22.37391339 -32.68870423 -32.93954567 -55.56116122 -33.20183219 -32.51153232 -59.05230180 -33.08174396 -33.79289955
-31.75212202 -34.60530670 -31.40773061 22.40946363 -32.44615595 -32.81383102 -55.38293955 -32.94906329 -32.36009857 -58.76438930 -32.95432585 -33.62688656
-31.70297978 -34.44172183 -31.34013605 22.44211970 -32.20992179 -32.70815068 -55.20100525 -32.69679330 -32.20682032 -58.47335333 -32.82684719 -33.47100453
-31.65794585 -34.26622831 -31.27262533 22.47015791 -31.98151098 -32.61004813 -55.01143233 -32.44320560 -32.02729750 -58.17758103 -32.69996643 -33.30347656
-31.62895241 -34.10934650 -31.20491625 22.52699427 -31.74818256 -32.51615833 -54.62955809 -32.18458058 -31.83995336 -57.69553243 -32.57336648 -33.14964432
-31.61391480 -33.96098491 -31.14025222 22.76816040 -31.50661801 -32.43274409 -53.57649373 -31.92041165 -31.68419758 -56.58001366 -32.44677904 -33.01704658
-31.59070589 -33.80411139 -31.07427232 22.94858983 -31.26765206 -32.34759065 -52.75692691 -31.65783735 -31.55277528 -55.67823482 -32.32045261 -32.79101704
-31.56582832 -33.55734739 -31.01116015 23.06249491 -31.02954905 -32.26178672 -52.19619747 -31.39611647 -31.44071353 -54.99892145 -32.19252086 -32.67318482
-31.53553207 -33.35374634 -30.94250663 23.17296218 -30.79234644 -32.17635616 -51.65388881 -31.13399433 -31.34168643 -54.36089980 -32.06404376 -32.58220662
-31.49892751 -33.15784490 -30.87262337 23.22986389 -30.55494898 -32.09125770 -51.28625541 -30.87145810 -31.25334638 -53.89708979 -31.93507235 -32.49408014
-31.46021316 -32.96962977 -30.80229882 23.28268989 -30.31673869 -32.00915428 -50.92822532 -30.60774235 -31.17004237 -53.45780873 -31.80574941 -32.40621215
