0.00000000 0.00000000 0.00000000 0.00000000 0.00000000 0.00000000 0.00000000 0.00000000 0.00000000 0.00000000 0.00000000 0.00000000
3.00617028 -20.85259163 -29.86109775 2.37536648 -0.37734723 -9.07728576 2.37384476 -0.43610398 -9.96454337 2.86799925 -21.35829613 -30.08361167
0.79661474 -38.51696945 -46.50903407 -0.06688821 -3.23060713 -10.76701721 -0.24598947 -3.33031811 -11.66767097 0.70933945 -38.91763542 -46.64567228
-1.36011244 -55.22433516 -61.98700467 -2.53785491 -6.10047897 -12.24095850 -2.87201928 -6.24142103 -13.14242829 -1.38468690 -55.52258507 -62.05377442
-2.89621317 -70.76980582 -76.43715130 -4.86875852 -9.00753554 -13.58308492 -5.32474617 -9.18966210 -14.48817680 -2.86958798 -70.97816450 -76.42959854
-4.00286204 -84.99703621 -89.88328665 -7.02272512 -11.97691446 -14.85251565 -7.54170270 -12.19982971 -15.74651915 -3.92820267 -85.12222671 -89.80063184
-4.94029968 -97.95194640 -102.31361702 -8.92473155 -14.83577831 -16.07492033 -9.47788160 -15.07188468 -16.96400448 -4.82512455 -97.99996696 -102.14067595
-5.76071450 -109.69370344 -113.65477363 -10.61840784 -17.40476750 -17.27533707 -11.21947328 -17.64989349 -18.14098742 -5.60329103 -109.73204609 -113.46706594
-6.51817446 -120.29566412 -123.89897834 -12.13289061 -19.67004915 -18.44207155 -12.78799331 -19.93031820 -19.32236357 -6.31697724 -120.32255123 -123.68763542
-7.29289799 -129.76734459 -133.01048341 -13.54209056 -21.68631037 -19.61515514 -14.25061960 -21.96151482 -20.50428780 -7.04812621 -129.70406113 -132.68129254
-8.13159589 -138.03347350 -140.85672801 -14.90533436 -23.56365965 -20.80512991 -15.65091779 -23.83653478 -21.66284535 -7.83666099 -137.84360830 -140.38444311
-9.05663047 -145.00818020 -147.32883907 -16.24465919 -25.29021062 -22.01457615 -17.04763397 -25.58715478 -22.83632065 -8.71167969 -144.68267977 -146.70371660
-10.08816947 -150.55143976 -152.25557693 -17.61646288 -26.99082115 -23.23843115 -18.47754773 -27.30255128 -24.04799143 -9.69423951 -150.09872989 -151.45642585
-11.24966198 -154.50726983 -155.44911775 -19.06150129 -28.62235044 -24.43355039 -19.97551273 -28.94190552 -25.24949527 -10.80874320 -153.90859485 -154.47202284
-12.72720651 -155.34568522 -154.04180940 -20.73246382 -30.28308344 -25.76834854 -21.70289635 -30.62148405 -26.59609103 -12.25061242 -154.40393996 -152.65737736
-14.54154585 -151.41911396 -149.77796673 -22.61710086 -32.02864846 -27.24997083 -23.64643107 -32.38324492 -28.09061117 -14.01674269 -150.38070044 -148.29786243
-16.33979564 -147.36850144 -145.49607851 -24.46260513 -33.70938561 -28.71855068 -25.59202679 -34.09168000 -29.57796235 -15.79437465 -146.18139263 -143.85755521
-18.13346975 -143.27127100 -141.18167503 -26.28866843 -35.35265471 -30.17497295 -27.52287586 -35.76242333 -31.04956727 -17.56708383 -141.93025118 -139.38612600
-19.92183657 -139.14148219 -136.84006274 -28.10435344 -36.92626098 -31.61661780 -29.43941823 -37.36003197 -32.50244601 -19.33577071 -137.64318578 -134.88428589
-21.69076997 -135.00924672 -132.49515456 -29.90023288 -38.45627647 -33.04147223 -31.34506427 -38.92253251 -33.92897492 -21.10949745 -133.29173941 -130.32027128
-23.37970019 -130.81976758 -128.10833647 -31.68888569 -39.95021424 -34.45275610 -33.24298089 -40.44449869 -35.33762324 -22.81189760 -128.89247161 -125.72226479
-24.75742611 -126.60608547 -123.69247815 -33.48270562 -41.40647349 -35.84305764 -34.82645663 -41.93065651 -36.73139529 -24.40014265 -124.43321665 -121.07052956
-25.57020207 -122.37161377 -119.23244361 -34.41993900 -42.84442790 -37.22636084 -35.65557062 -43.40586849 -38.13389740 -25.43061113 -119.89178208 -116.30853398
-26.37248151 -118.12694881 -114.76937114 -35.12514969 -44.25677460 -38.59061032 -36.48103478 -44.86100703 -39.52470312 -26.26600704 -115.29991529 -111.48863438
-27.19391908 -113.39432174 -109.70557397 -35.84386703 -45.65812482 -39.71410979 -37.28361766 -46.29739991 -40.60050131 -27.10407244 -110.53424288 -106.59419014
-28.02966450 -108.07063257 -104.30773415 -36.55805294 -47.05498833 -40.22495671 -38.08891769 -47.74137113 -41.10061948 -27.98370047 -104.94041113 -100.81148056
-28.87780048 -102.60680629 -98.68568603 -37.14724967 -48.42514991 -40.29348840 -38.76985990 -49.16459087 -41.20784830 -28.88492507 -98.96712838 -94.79654604
-29.67665700 -96.92031472 -92.83996794 -37.41194759 -49.18106912 -40.31026408 -38.93901709 -49.99347127 -41.26075147 -29.73316239 -92.69238045 -88.36915428
-30.38934650 -91.04804389 -86.74704954 -37.49657835 -49.75950791 -40.29485833 -39.06275365 -50.60514948 -41.29041458 -30.50438943 -86.04432551 -81.47956492
-30.79641485 -85.14204697 -80.62009126 -37.53045362 -50.15650697 -40.26986539 -39.18008078 -51.03677362 -41.30722066 -31.02789558 -79.34455404 -74.52354933
-31.19276178 -79.19032341 -74.46142104 -37.56216914 -50.15952711 -40.22969584 -39.29584393 -51.04070131 -41.30918120 -31.46031982 -72.56587208 -67.50268129
-31.58192922 -73.22097172 -68.29210708 -37.58253748 -50.07815687 -40.17799965 -39.40078100 -50.96323480 -41.29514135 -31.88270401 -65.73779666 -60.46230125
-31.96428318 -67.23996191 -62.11899104 -37.59430636 -49.93089445 -40.09849255 -39.47554439 -50.81230013 -41.27054052 -32.29786256 -58.83607283 -53.38372368
-32.33986661 -61.22697373 -55.92618450 -37.59883514 -49.73987418 -39.97963156 -39.54411223 -50.62367860 -41.23265894 -32.70362590 -51.88072481 -46.27023878
-32.70993787 -54.97282809 -49.51317695 -37.63329298 -49.53977769 -39.84182924 -39.57937281 -50.42689844 -41.18928117 -33.08064194 -45.15828094 -40.68511382
-33.17533102 -45.19528156 -41.56005903 -38.03450901 -49.30784874 -39.79298879 -39.29382601 -50.25461879 -41.16227351 -33.19529569 -44.27295204 -40.65300139
-33.20242901 -45.07343088 -41.54063852 -38.03393662 -49.10715309 -39.68369065 -39.30410748 -50.06285505 -41.11985164 -33.23526134 -44.14368056 -40.62688033
-33.22782772 -44.94890265 -41.51405465 -38.00663153 -48.90251138 -39.57271320 -39.30567927 -49.86567103 -41.02091674 -33.26515445 -44.00574490 -40.56216139
-33.25256215 -44.82066553 -41.47880882 -37.96498757 -48.69701778 -39.46242287 -39.30188488 -49.66732134 -40.89671032 -33.29098548 -43.86193232 -40.48742959
-33.27677829 -44.68892844 -41.42904287 -37.91119687 -48.49057633 -39.35302738 -39.29558791 -49.46791523 -40.75593704 -33.31548912 -43.71673110 -40.40424988
-33.29993449 -44.55493705 -41.36315415 -37.85583691 -48.28288544 -39.24378851 -39.28367539 -49.26744968 -40.60757508 -33.33850504 -43.57148921 -40.31339091
-33.32144996 -44.42148938 -41.27820048 -37.79662487 -48.07414680 -39.13454400 -39.25749649 -49.06552156 -40.45938382 -33.36006560 -43.42558692 -40.21455191
-33.34159208 -44.28814588 -41.18422236 -37.73557399 -47.86421667 -39.02482777 -39.22275092 -48.86225281 -40.31080024 -33.38018938 -43.27924453 -40.10878672
-33.36027424 -44.15342904 -41.08516379 -37.67474810 -47.65281125 -38.91434224 -39.17180734 -48.65778103 -40.16174151 -33.39883176 -43.13270102 -40.00218195
-33.37741825 -44.01690121 -40.98175930 -37.61396712 -47.43978252 -38.80303143 -39.10674232 -48.45200852 -40.01220783 -33.41602209 -42.98617162 -39.89526126
-33.39178468 -43.87977715 -40.87462984 -37.55049955 -47.22376779 -38.69112176 -39.03296418 -48.24368011 -39.86221097 -33.42991685 -42.83933590 -39.78771319
-33.40418050 -43.74232338 -40.76393027 -37.47977442 -47.00501929 -38.57872567 -38.95198039 -48.03266794 -39.71172893 -33.44127329 -42.69143281 -39.67945954
-33.41548343 -43.60461477 -40.64954732 -37.40063244 -46.78361090 -38.46585714 -38.86418949 -47.81879906 -39.56065972 -33.45075869 -42.54199707 -39.57007375
-33.42562119 -43.46671546 -40.53135835 -37.31158247 -46.56097564 -38.35247708 -38.76701547 -47.60369908 -39.40871992 -33.45850775 -42.39166564 -39.45882871
-33.43443777 -43.32839212 -40.41280882 -37.21200032 -46.33710182 -38.23851407 -38.66521344 -47.38733280 -39.25608617 -33.46429583 -42.24064440 -39.34647604
-33.44166535 -43.18961775 -40.29397529 -37.10289019 -46.11174175 -38.12399752 -38.56464119 -47.16847552 -39.10291638 -33.46790935 -42.08904194 -39.23361880
-33.44720373 -43.05015333 -40.17463237 -36.98159788 -45.88340667 -38.00881190 -38.46218966 -46.94708147 -38.94919475 -33.46738129 -41.93634695 -39.12013267
-33.44959869 -42.90996250 -40.05498426 -36.85746179 -45.65303085 -37.89307169 -38.36010739 -46.72374952 -38.79501329 -33.45965948 -41.78322771 -39.00616257
-33.44389451 -42.76872820 -39.93487975 -36.73529458 -45.42073830 -37.77671413 -38.25749680 -46.49853908 -38.64036313 -33.44430177 -41.62995444 -38.89176422
-33.42853579 -42.62723396 -39.81436275 -36.61095666 -45.18671555 -37.65976043 -38.15453821 -46.27187244 -38.48511254 -33.42095133 -41.47634999 -38.77655539
-33.40879688 -42.48524636 -39.69354733 -36.48756472 -44.95157626 -37.54230797 -38.05156736 -46.04407678 -38.32938155 -33.39426033 -41.32192883 -38.66091534
-33.38696702 -42.34289563 -39.57259105 -36.36386714 -44.71535637 -37.42437335 -37.94875624 -45.81508492 -38.17313432 -33.36436703 -41.16629964 -38.54478999
-33.36267126 -42.19942230 -39.45144846 -36.23738147 -44.47801288 -37.30591452 -37.84613045 -45.58477944 -38.01628274 -33.33183046 -41.01010228 -38.42796725
-33.33578134 -42.05525572 -39.32999997 -36.11012484 -44.23943297 -37.18637499 -37.74311312 -45.35319420 -37.85901408 -33.29689440 -40.85356430 -38.31088922
-33.30661438 -41.91082493 -39.20852137 -35.98282784 -43.99968876 -37.06508476 -37.64020293 -45.12018518 -37.70118104 -33.25936096 -40.69530720 -38.19315339
-33.27528691 -41.76596433 -39.08685774 -35.85514921 -43.75864794 -36.94274548 -37.53715714 -44.88562981 -37.54280432 -33.21922532 -40.53650750 -38.07489089
-33.24177827 -41.62028620 -38.96491822 -35.72719684 -43.51584964 -36.81996486 -37.43375420 -44.64917298 -37.38388444 -33.17628235 -40.37726715 -37.95630827
-33.20609980 -41.47338544 -38.84277511 -35.59882025 -43.27159568 -36.69616045 -37.33016732 -44.41126537 -37.22443823 -33.13094712 -40.21747457 -37.83730858
-33.16830206 -41.32604887 -38.72036532 -35.47009502 -43.02593498 -36.57175899 -37.22626783 -44.17187294 -37.06442952 -33.08322761 -40.05721280 -37.71794489
-33.12808393 -41.17857958 -38.59750114 -35.34193291 -42.75103241 -36.44740815 -37.12171125 -43.93203061 -36.90381935 -33.03318872 -39.89654189 -37.59826088
-33.08615929 -41.03232730 -38.47351823 -35.21784456 -42.33586671 -36.32459330 -37.01582688 -43.68379472 -36.74248372 -32.98114492 -39.73550676 -37.47790802
-33.04194308 -40.88417069 -38.34807947 -35.09406160 -41.91774189 -36.20054970 -36.91237819 -43.28354820 -36.58198596 -32.92784175 -39.57620353 -37.35690740
-32.99724986 -40.73737397 -38.22338164 -34.96652091 -41.46794815 -36.07677872 -36.81325851 -42.84460299 -36.42059307 -32.87338610 -39.41517797 -37.23448755
-32.95222866 -40.58976332 -38.09789678 -34.84114796 -40.98111960 -35.95273237 -36.71093454 -42.41455125 -36.25818494 -32.81882983 -39.25300533 -37.11225473
-32.90781696 -40.44297432 -37.97035593 -34.72175834 -40.26272751 -35.83013245 -36.60739813 -41.94041855 -36.09499066 -32.76485517 -39.09094540 -36.98847265
-32.86379854 -40.29512403 -37.83954349 -34.60848438 -39.14706007 -35.70814989 -36.50437130 -41.30953641 -35.93085205 -32.71225298 -38.93097452 -36.86416898
-32.82170159 -40.15286899 -37.71632441 -34.47262444 -38.79800260 -35.58512324 -36.42482042 -40.14555372 -35.76281425 -32.65565506 -38.76204577 -36.73227744
-32.77458235 -40.00241545 -37.59004822 -34.34738501 -38.52554520 -35.46019593 -36.32679278 -39.82245844 -35.59602159 -32.59930256 -38.59924379 -36.60844593
-32.72730649 -39.84948520 -37.46226168 -34.22336645 -38.04322076 -35.33330383 -36.22461274 -39.49956359 -35.42828295 -32.54354430 -38.43670814 -36.48370591
-32.68216428 -39.69494759 -37.32884529 -34.11171968 -36.97674267 -35.20519950 -36.11700113 -39.06203277 -35.25905433 -32.49086712 -38.27513428 -36.35829502
-32.63738885 -39.54727813 -37.20562778 -33.97177653 -36.77375425 -35.07899290 -36.03053471 -38.22036680 -35.08449668 -32.43264782 -38.10325092 -36.22600038
-32.58990086 -39.39623143 -37.08145586 -33.83348226 -36.64717115 -34.95201641 -35.93452974 -37.87075973 -34.91066733 -32.37390155 -37.92945261 -36.09774905
-32.53936215 -39.23591330 -36.95545247 -33.70012922 -36.51077405 -34.82337690 -35.82486585 -37.75851076 -34.73768751 -32.31603306 -37.74540244 -35.97474548
-32.49157560 -39.06316783 -36.83077715 -33.56111654 -36.29937560 -34.69321004 -35.71703555 -37.53979190 -34.56016917 -32.25782828 -37.55622283 -35.84872638
-32.44346672 -38.88841801 -36.70475599 -33.42222597 -36.08555375 -34.56229531 -35.60764178 -37.31666569 -34.38189794 -32.19976774 -37.36490186 -35.72274072
-32.39536793 -38.71150503 -36.57810409 -33.28176274 -35.87039246 -34.43074387 -35.49745714 -37.09424581 -34.20250539 -32.14150634 -37.17083947 -35.59625497
-32.34757443 -38.52922648 -36.45206721 -33.13866644 -35.65387530 -34.29355085 -35.38775903 -36.87027934 -34.02199794 -32.08352237 -36.95893558 -35.46843693
-32.30084856 -38.33548527 -36.32791842 -32.99217833 -35.43592558 -34.13900505 -35.27936756 -36.64401687 -33.84004658 -32.02599736 -36.71652891 -35.33956552
-32.25452021 -38.14127359 -36.20485453 -32.84223289 -35.21623108 -33.95492100 -35.17204654 -36.41496825 -33.65696064 -31.96921605 -36.44060038 -35.20991866
-32.20846910 -37.93996869 -36.08257081 -32.69018205 -34.99404949 -33.73346152 -35.06418657 -36.18349866 -33.47294273 -31.91237978 -36.15531228 -35.07981121
-32.16316173 -37.70134160 -35.95934678 -32.53995407 -34.76838697 -33.50493951 -34.95179443 -35.95058786 -33.28785268 -31.85612970 -35.87037198 -34.95099082
-32.11827746 -37.44875354 -35.83627470 -32.38679319 -34.53971152 -33.26248062 -34.83826171 -35.71105310 -33.10073801 -31.80026886 -35.57347882 -34.82198863
-32.07382185 -37.19218808 -35.71394797 -32.23124498 -34.29826035 -32.99005779 -34.72513190 -35.45931565 -32.91080611 -31.74608157 -35.23972177 -34.69283389
-32.02991781 -36.93540272 -35.59168712 -32.06611339 -34.05094815 -32.71543812 -34.61272221 -35.20389795 -32.71835798 -31.68853126 -34.97644403 -34.56017204
-31.98229558 -36.66370873 -35.46208124 -31.91315504 -33.79817031 -32.43610179 -34.48137286 -34.94853317 -32.52664692 -31.63151028 -34.78384606 -34.43387662
-31.93469812 -36.39397645 -35.33142746 -31.75861556 -33.53732118 -32.17832126 -34.35319883 -34.68777908 -32.33217707 -31.57329735 -34.60767575 -34.30570114
-31.88710023 -36.10553988 -35.19533431 -31.60328944 -33.26818959 -32.03238799 -34.21786253 -34.42308456 -32.13644473 -31.51524075 -34.45258550 -34.17886166
-31.83751401 -35.87723523 -35.05918652 -31.44551876 -33.00064858 -31.93653391 -34.08630382 -34.15450736 -31.91776783 -31.45467358 -34.30603785 -34.04878778
-31.78847149 -35.70629929 -34.92961090 -31.27845920 -32.74318845 -31.84408102 -33.96434875 -33.88650671 -31.64222039 -31.38943017 -34.16227282 -33.91131591
-31.73661199 -35.54548882 -34.79678060 -31.14103405 -32.49394726 -31.75023394 -33.83305504 -33.62828643 -31.40288748 -31.32444043 -34.03208632 -33.77420911
-31.68120798 -35.38774024 -34.65808711 -31.03593654 -32.24155701 -31.65432263 -33.69369448 -33.37502139 -31.23052054 -31.26103015 -33.91496068 -33.64036826
-31.62302635 -35.23473066 -34.51521854 -30.95192180 -31.99111021 -31.55786515 -33.54500176 -33.12938044 -31.08352424 -31.19870079 -33.80242217 -33.50932694
-31.56590054 -35.09470009 -34.37595058 -30.87222527 -31.75134043 -31.46133747 -33.40111602 -32.88107485 -30.97136272 -31.13381746 -33.68617860 -33.37227274
-31.50774707 -34.96176927 -34.23556070 -30.79441542 -31.51242552 -31.36489984 -33.28054959 -32.63814978 -30.86521773 -31.06843682 -33.57031112 -33.23486491
-31.44951587 -34.83750242 -34.09641567 -30.71411128 -31.27330779 -31.26855949 -33.17328602 -32.39564561 -30.76385852 -31.00129059 -33.45324044 -33.08696843
-31.39080414 -34.72678297 -33.96843414 -30.62209456 -31.03677342 -31.17432153 -33.09396477 -32.14749361 -30.66333332 -30.92782086 -33.32983496 -32.85070937
-31.32514543 -34.60654707 -33.82327168 -30.59670824 -30.79163393 -31.07789965 -33.00646429 -31.90286523 -30.56428339 -30.86146207 -33.21763472 -32.70146239
-31.25871532 -34.48278999 -33.67042519 -30.55617145 -30.54146213 -30.98023853 -32.90102616 -31.65781476 -30.46494942 -30.79699777 -33.10778565 -32.57366977
-31.19326567 -34.36007221 -33.51788193 -30.53293614 -30.28865083 -30.88278182 -32.80147673 -31.40688248 -30.36502284 -30.73166124 -32.99625372 -32.47304317
-31.12484647 -34.23255602 -33.35709273 -30.51964124 -30.03030334 -30.78413006 -32.68121255 -31.15718735 -30.26618843 -30.66902061 -32.88914984 -32.38685170
-31.06138761 -34.11812727 -33.21487600 -30.47190141 -29.77619269 -30.68787174 -32.62631980 -30.89874496 -30.16515932 -30.59763194 -32.76968793 -32.27027522
-30.99768088 -33.99979518 -33.06640958 -30.43301056 -29.51692045 -30.59035685 -32.56482999 -30.64039672 -30.06382821 -30.52797816 -32.65318671 -32.17862820
-30.93263293 -33.87914054 -32.91812229 -30.39889472 -29.25392739 -30.49212282 -32.51434544 -30.37939865 -29.96285921 -30.45938776 -32.53887015 -32.09126889
-30.86686502 -33.75758972 -32.78458203 -30.36669006 -28.98784851 -30.39330678 -32.46693718 -30.11610597 -29.86191274 -30.39108419 -32.42525207 -32.00516476
-30.80107899 -33.63633206 -32.66819807 -30.33331771 -28.71886589 -30.29418414 -32.41622071 -29.85005484 -29.76067500 -30.32229212 -32.31118240 -31.91988246
-30.73514470 -33.51530302 -32.56692636 -30.29885132 -28.45328024 -30.19489716 -32.36641627 -29.58256145 -29.65918721 -30.25302148 -32.19666840 -31.83426472
-30.67047635 -33.39684590 -32.48047020 -30.25761162 -28.19130285 -30.09609808 -32.32306497 -29.31174619 -29.55683125 -30.18157431 -32.07930564 -31.74625467
-30.60656218 -33.28010272 -32.39341399 -30.21277101 -27.92796460 -29.99758258 -32.28311606 -29.03861248 -29.45394736 -30.10858615 -31.96032505 -31.65715575
-30.54185830 -33.16241119 -32.30989269 -30.16980449 -27.66575177 -29.89874249 -32.24065083 -28.77079479 -29.35117444 -30.03587705 -31.84228875 -31.56882954
-30.47817554 -33.04716426 -32.23307711 -30.12173888 -27.40725618 -29.80036479 -32.20286101 -28.50214238 -29.24766785 -29.96119079 -31.72186561 -31.47854315
-30.41437379 -32.93222159 -32.15855575 -30.07284687 -27.15010396 -29.70194662 -32.16559349 -28.23472654 -29.14397530 -29.88597618 -31.60117124 -31.38836017
-30.35023396 -32.81740821 -32.08625633 -30.02337177 -26.89453435 -29.60348062 -32.12826998 -27.96991381 -29.04020313 -29.81033308 -31.48048595 -31.29818035
-30.28605371 -32.70304044 -32.01608979 -29.97318496 -26.63772316 -29.50500475 -32.09155617 -27.70328413 -28.93619538 -29.73403521 -31.35937572 -31.20787895
-30.22151141 -32.58863094 -31.94800439 -29.92328597 -26.37925468 -29.40641967 -32.05439889 -27.43485073 -28.83208437 -29.65740912 -31.23824759 -31.11782191
-30.15736106 -32.47541988 -31.88050649 -29.87087148 -26.11922407 -29.30797173 -32.01958067 -27.16473190 -28.72753776 -29.57957737 -31.11557008 -31.02677625
-30.09321548 -32.36268544 -31.81256418 -29.81758521 -25.86417885 -29.20951472 -31.98515623 -26.89714170 -28.62275595 -29.50073522 -30.99189453 -30.93568104
-30.02938606 -32.25096614 -31.74301217 -29.76168753 -25.61657667 -29.11110475 -31.95280478 -26.63528950 -28.51757568 -29.41997687 -30.86727946 -30.84379536
-29.96573815 -32.13992692 -31.67303924 -29.70439715 -25.36758609 -29.01264517 -31.92159866 -26.37592619 -28.41200828 -29.33810692 -30.74201045 -30.75163510
-29.90176299 -32.02883151 -31.60269231 -29.64731617 -25.11619267 -28.91398616 -31.89001579 -26.11773242 -28.30625884 -29.25580558 -30.61683943 -30.65950964
-29.83781813 -31.91837054 -31.53211490 -29.58870676 -24.87596896 -28.81481520 -31.85947686 -25.86203333 -28.20008019 -29.17258776 -30.49108755 -30.56687134
-29.77404535 -31.80861979 -31.46119483 -29.52849895 -24.63381289 -28.71548637 -31.83036634 -25.60320231 -28.09341509 -29.08833442 -30.36452557 -30.47357586
-29.71108911 -31.70042499 -31.38989308 -29.46447848 -24.39006042 -28.61558834 -31.80480391 -25.34676035 -27.98588921 -29.00195890 -30.23620969 -30.37884708
-29.64806743 -31.59263696 -31.31845619 -29.39898155 -24.14283776 -28.51539422 -31.78067117 -25.08670300 -27.87777597 -28.91415394 -30.10707027 -30.28341932
-29.58523354 -31.48515136 -31.24665563 -29.33177270 -23.89122026 -28.41499558 -31.75812459 -24.82211058 -27.76897854 -28.83177659 -29.97716154 -30.18708875
-29.52169491 -31.37696745 -31.17462117 -29.26656232 -23.63247707 -28.31425564 -31.73337861 -24.55207112 -27.66002817 -28.76036730 -29.84812413 -30.09118627
-29.45813495 -31.26894478 -31.10229410 -29.20080179 -23.36162842 -28.21310274 -31.70932937 -24.27202181 -27.55048147 -28.69634929 -29.71878648 -29.99481899
-29.39418717 -31.16070362 -31.02958912 -29.13524403 -23.05689803 -28.11118012 -31.68631129 -23.97241975 -27.44012029 -28.63601391 -29.58892194 -29.89808047
-29.33139705 -31.05522293 -30.95714072 -29.06286036 -22.82079477 -28.00945329 -31.66927562 -23.67914524 -27.32802690 -28.57685127 -29.45614236 -29.79871852
-29.26809546 -30.95007591 -30.88460808 -28.98930430 -22.60046271 -27.90801473 -31.65101763 -23.43410231 -27.21575643 -28.52114138 -29.32322753 -29.69899603
-29.20631863 -30.84692539 -30.81190452 -28.91058904 -22.37295880 -27.80576612 -31.63778636 -23.18920313 -27.10099578 -28.46720211 -29.18761423 -29.59640681
-29.14694321 -30.74736783 -30.73923192 -28.82395659 -22.12921205 -27.70197295 -31.63310318 -22.93320283 -26.98256995 -28.41437755 -29.04775937 -29.48968678
-29.08155188 -30.64248016 -30.66646346 -28.75631205 -21.92068653 -27.60057969 -31.60896310 -22.71529817 -26.86938565 -28.36734984 -28.91954771 -29.39097886
-29.01773094 -30.52659398 -30.59217174 -28.71216373 -21.56880102 -27.50069980 -31.56127025 -22.51733676 -26.76257306 -28.32618118 -28.80539468 -29.30270061
-28.96620443 -30.40923026 -30.51692938 -28.67241889 -20.82753979 -27.39936901 -31.51084515 -22.27940579 -26.65380622 -28.28717511 -28.69152076 -29.21510994
-28.91527193 -30.28927402 -30.44074113 -28.63569642 -19.63248115 -27.29555474 -31.45966657 -21.80265157 -26.54344166 -28.25056513 -28.57768267 -29.12831473
-28.86641375 -30.17109271 -30.36519087 -28.59459641 -18.42112432 -27.19138528 -31.41545617 -20.84039940 -26.43026268 -28.21579429 -28.45977203 -29.03954695
-28.81953550 -30.06124177 -30.29210577 -28.53825118 -18.06991014 -27.09234980 -31.38252660 -19.58422844 -26.31467381 -28.18142811 -28.33549958 -28.94575981
-28.77433258 -29.95174803 -30.21867836 -28.47961460 -17.88167464 -26.99341744 -31.35061682 -18.43762478 -26.19908738 -28.14813387 -28.21256684 -28.85201419
-28.73084410 -29.82366288 -29.90393219 -28.43725596 -17.79037570 -26.87609277 -31.29310350 -18.11810778 -26.08612111 -28.11346910 -28.10355558 -28.76417950
-28.68878907 -29.69344175 -29.53521847 -28.39594023 -17.73376453 -26.75592532 -31.23572638 -17.97926301 -25.97332093 -28.07929781 -27.99660151 -28.67709449
-28.64818928 -29.57201749 -29.59301556 -28.34322737 -17.68276176 -26.64327846 -31.18858366 -17.89488581 -25.86064208 -28.04433913 -27.88543601 -28.58564838
-28.60876533 -29.45143300 -29.49827775 -28.29408247 -17.62995836 -26.53284779 -31.13823816 -17.83933558 -25.74859483 -28.01030626 -27.77523734 -28.49508873
