0.00000000
154.57071684
281.87998468
388.00036198
477.79713291
553.48285224
615.63468555
664.58738644
700.68627520
723.50806157
717.43581006
709.35050932
700.47298829
688.12842619
673.12619944
656.85187118
639.35143083
621.27409367
602.59086645
583.40390104
563.66743433
543.39923916
522.82394405
502.05442158
480.79965536
459.35143148
437.80875847
416.16281717
394.41926424
372.45428707
350.35344379
328.10904772
321.16675268
321.38990710
321.47309322
321.51572154
321.51542253
321.40140242
321.25106929
321.07410934
320.87093314
320.64451264
320.39486393
320.12158927
319.82624934
319.51273662
319.18223538
318.82147498
318.43656276
318.03720521
317.59651148
317.14283763
316.67781817
316.18422028
315.67559804
315.15710804
314.62758791
314.07035900
313.48104803
312.88239908
312.26789316
311.63168072
310.98460899
309.73682501
308.48623762
307.23702497
304.87680988
302.35342002
297.50729318
296.52715444
295.97652874
