0.00000000 0.00000000 0.00000000 0.00000000 0.00000000 0.00000000 0.00000000 0.00000000 0.00000000 0.00000000 0.00000000 0.00000000
1.90734422 6.20467475 1.90734422 -33.41510491 -10.27045841 -33.41510491 -21.96481322 1.73754346 -21.96481322 -35.09057925 -10.99026055 -35.09057925
0.24046686 3.42027755 0.24046686 -58.75232338 -13.33758746 -58.75232338 -41.09771096 -2.61915615 -41.09771096 -60.38724159 -12.95676217 -60.38724159
-0.75622414 0.44251978 -0.75622414 -80.49502171 -15.79327466 -80.49502171 -56.81484991 -6.84379027 -56.81484991 -82.20065303 -14.85260459 -82.20065303
-1.67011749 -2.27507043 -1.67011749 -99.10100859 -17.92865774 -99.10100859 -69.81826303 -10.33014488 -69.81826303 -100.76529824 -16.66730077 -100.76529824
-2.61246753 -4.44242021 -2.61246753 -114.64413548 -19.92744325 -114.64413548 -80.23936397 -13.16773886 -80.23936397 -116.15650389 -18.44318246 -116.15650389
-3.55464017 -6.51253339 -3.55464017 -127.14720358 -21.75784253 -127.14720358 -88.22400186 -15.52629905 -88.22400186 -128.42077129 -20.16860192 -128.42077129
-4.48292714 -8.52072209 -4.48292714 -136.57411335 -23.46030119 -136.57411335 -93.77820739 -17.63569175 -93.77820739 -137.56202977 -21.79602564 -137.56202977
-5.39998714 -10.52456999 -5.39998714 -142.92470415 -25.14100049 -142.92470415 -96.87319876 -19.54282172 -96.87319876 -143.56332743 -23.39416162 -143.56332743
-6.37372477 -12.42682187 -6.37372477 -146.24338701 -26.77096409 -146.24338701 -94.89872979 -21.39367821 -94.89872979 -146.39173117 -24.97586656 -146.39173117
-7.49118843 -14.19061560 -7.49118843 -142.13474973 -28.39025614 -142.13474973 -92.05191917 -23.08230651 -92.05191917 -141.89586409 -26.53888515 -141.89586409
-8.60936236 -15.86877317 -8.60936236 -137.36924308 -29.98207086 -137.36924308 -89.22707561 -24.71258747 -89.22707561 -137.07539573 -28.09180895 -137.07539573
-9.73860631 -17.50411431 -9.73860631 -132.23020751 -31.53988928 -132.23020751 -86.30150549 -26.32539551 -86.30150549 -132.21997791 -29.63907424 -132.21997791
-10.68958172 -19.12124622 -10.68958172 -126.73233315 -33.09238133 -126.73233315 -82.98323533 -27.89409372 -82.98323533 -127.21877403 -31.16994401 -127.21877403
-11.28277218 -20.65784583 -11.28277218 -121.19486252 -34.62549034 -121.19486252 -79.48366768 -29.43849738 -79.48366768 -121.89149902 -32.69929131 -121.89149902
-11.81345741 -22.15974105 -11.81345741 -115.66485651 -36.13627844 -115.66485651 -75.85614995 -30.97601668 -75.85614995 -116.40887780 -34.22858854 -116.40887780
-12.34219174 -23.64377821 -12.34219174 -110.12980241 -37.02098935 -110.12980241 -72.18405180 -32.48048627 -72.18405180 -110.86840073 -35.75821960 -110.86840073
-12.86897889 -25.10232288 -12.86897889 -104.59192051 -37.10827822 -104.59192051 -68.50344267 -33.92362081 -68.50344267 -105.32568291 -37.14492918 -105.32568291
-13.39314601 -26.55404330 -13.39314601 -99.05343579 -37.18946677 -99.05343579 -64.70506277 -34.52463298 -64.70506277 -99.79088982 -37.73767162 -99.79088982
-13.91701702 -27.99263092 -13.91701702 -93.50957424 -37.26127123 -93.50957424 -60.76889415 -35.11545504 -60.76889415 -94.17627181 -38.33122424 -94.17627181
-14.44341360 -28.94431818 -14.44341360 -87.96102286 -37.32038590 -87.96102286 -56.82941176 -35.69670305 -56.82941176 -88.44428642 -38.93278993 -88.44428642
-14.97333228 -29.46070850 -14.97333228 -82.40857589 -37.36758974 -82.40857589 -52.88115664 -36.26888568 -52.88115664 -82.70538082 -39.48023327 -82.70538082
-15.50298707 -29.97231457 -15.50298707 -76.85084836 -37.40442466 -76.85084836 -48.93020524 -36.82506346 -48.93020524 -76.96287675 -39.58157274 -76.96287675
-16.02986278 -30.48058258 -16.02986278 -71.28971556 -37.43864774 -71.28971556 -44.97097438 -37.06622940 -44.97097438 -71.21509205 -39.67062839 -71.21509205
-16.48486169 -30.99867451 -16.48486169 -65.73342010 -37.46744421 -65.73342010 -41.00413159 -37.10126168 -41.00413159 -65.46492013 -39.74974893 -65.46492013
-16.91912201 -31.51509106 -16.91912201 -60.16997461 -37.48752951 -60.16997461 -37.03073618 -37.12906200 -37.03073618 -59.71167723 -39.82221992 -59.71167723
-17.34766244 -31.99076476 -17.34766244 -54.59980853 -37.49875596 -54.59980853 -33.04831890 -37.14919179 -33.04831890 -53.95578917 -39.87514731 -53.95578917
-17.77212923 -32.45999328 -17.77212923 -49.02309323 -37.50172656 -49.02309323 -29.05595998 -37.16135924 -29.05595998 -48.19755637 -39.91150793 -48.19755637
-18.19309723 -32.91582992 -18.19309723 -43.43921290 -37.49642952 -43.43921290 -25.05677886 -37.16631770 -25.05677886 -42.42955141 -39.94153857 -42.42955141
-18.52827846 -33.31626804 -18.52827846 -37.70592893 -37.47033752 -37.70592893 -22.99153510 -37.16253717 -22.99153510 -36.65884240 -39.96585573 -36.65884240
-18.76202919 -33.66882429 -18.76202919 -31.81035514 -37.42723532 -31.81035514 -23.22044824 -37.13682279 -23.22044824 -30.88471945 -39.97725498 -30.88471945
