WARNING - ForceBeamColumn3d::update - failed to get compatible element forces & deformations for element: 3310(dW: << 0.000853394, dW0: 0.00735458)
Domain::update - domain failed in update
TRBDF2::update() - failed to update the domain
WARNING NewtonRaphson::solveCurrentStep() -the Integrator failed in update()
DirectIntegrationAnalysis::analyze() - the Algorithm failed at time 23.23
OpenSees > analyze failed, returned: -3 error flag
WARNING - ForceBeamColumn3d::update - failed to get compatible element forces & deformations for element: 3310(dW: << 2.56251e-06, dW0: 0.0174693)
Domain::update - domain failed in update
TRBDF2::update() - failed to update the domain
WARNING AcceleratedNewton::solveCurrentStep() -the Integrator failed in update()
DirectIntegrationAnalysis::analyze() - the Algorithm failed at time 23.23
OpenSees > analyze failed, returned: -3 error flag
WARNING - ForceBeamColumn3d::update - failed to get compatible element forces & deformations for element: 3310(dW: << 2.56251e-06, dW0: 0.0174693)
Domain::update - domain failed in update
TRBDF2::update() - failed to update the domain
WARNING NewtonLineSearch::solveCurrentStep() -the Integrator failed in update()
DirectIntegrationAnalysis::analyze() - the Algorithm failed at time 23.23
OpenSees > analyze failed, returned: -3 error flag
WARNING - ForceBeamColumn3d::update - failed to get compatible element forces & deformations for element: 3310(dW: << 2.56251e-06, dW0: 0.0174693)
Domain::update - domain failed in update
TRBDF2::update() - failed to update the domain
WARNING Broyden::solveCurrentStep() -the Integrator failed in update()
DirectIntegrationAnalysis::analyze() - the Algorithm failed at time 23.23
OpenSees > analyze failed, returned: -3 error flag
WARNING - ForceBeamColumn3d::update - failed to get compatible element forces & deformations for element: 3310(dW: << 2.56251e-06, dW0: 0.0174693)
Domain::update - domain failed in update
TRBDF2::update() - failed to update the domain
WARNING BFGS::solveCurrentStep() -the Integrator failed in update()
DirectIntegrationAnalysis::analyze() - the Algorithm failed at time 23.23
OpenSees > analyze failed, returned: -3 error flag
WARNING - ForceBeamColumn3d::update - failed to get compatible element forces & deformations for element: 3310(dW: << 2.76888e-06, dW0: 0.0776317)
Domain::update - domain failed in update
TRBDF2::update() - failed to update the domain
WARNING AcceleratedNewton::solveCurrentStep() -the Integrator failed in update()
DirectIntegrationAnalysis::analyze() - the Algorithm failed at time 23.2325
OpenSees > analyze failed, returned: -3 error flag
WARNING - ForceBeamColumn3d::update - failed to get compatible element forces & deformations for element: 3310(dW: << 2.76921e-06, dW0: 0.0776138)
Domain::update - domain failed in update
TRBDF2::update() - failed to update the domain
WARNING AcceleratedNewton::solveCurrentStep() -the Integrator failed in update()
DirectIntegrationAnalysis::analyze() - the Algorithm failed at time 23.2325
OpenSees > analyze failed, returned: -3 error flag
WARNING - ForceBeamColumn3d::update - failed to get compatible element forces & deformations for element: 3310(dW: << 2.76921e-06, dW0: 0.0776138)
Domain::update - domain failed in update
TRBDF2::update() - failed to update the domain
WARNING NewtonLineSearch::solveCurrentStep() -the Integrator failed in update()
DirectIntegrationAnalysis::analyze() - the Algorithm failed at time 23.2325
OpenSees > analyze failed, returned: -3 error flag
WARNING - ForceBeamColumn3d::update - failed to get compatible element forces & deformations for element: 3310(dW: << 2.76921e-06, dW0: 0.0776138)
Domain::update - domain failed in update
TRBDF2::update() - failed to update the domain
WARNING Broyden::solveCurrentStep() -the Integrator failed in update()
DirectIntegrationAnalysis::analyze() - the Algorithm failed at time 23.2325
OpenSees > analyze failed, returned: -3 error flag
WARNING - ForceBeamColumn3d::update - failed to get compatible element forces & deformations for element: 3310(dW: << 2.76921e-06, dW0: 0.0776138)
Domain::update - domain failed in update
TRBDF2::update() - failed to update the domain
WARNING BFGS::solveCurrentStep() -the Integrator failed in update()
DirectIntegrationAnalysis::analyze() - the Algorithm failed at time 23.2325
OpenSees > analyze failed, returned: -3 error flag
WARNING - ForceBeamColumn3d::update - failed to get compatible element forces & deformations for element: 3310(dW: << 2.8326e-06, dW0: 0.0139102)
Domain::update - domain failed in update
TRBDF2::update() - failed to update the domain
WARNING AcceleratedNewton::solveCurrentStep() -the Integrator failed in update()
DirectIntegrationAnalysis::analyze() - the Algorithm failed at time 23.23
OpenSees > analyze failed, returned: -3 error flag
WARNING - ForceBeamColumn3d::update - failed to get compatible element forces & deformations for element: 3310(dW: << 2.8326e-06, dW0: 0.0139102)
Domain::update - domain failed in update
TRBDF2::update() - failed to update the domain
WARNING NewtonLineSearch::solveCurrentStep() -the Integrator failed in update()
DirectIntegrationAnalysis::analyze() - the Algorithm failed at time 23.23
OpenSees > analyze failed, returned: -3 error flag
WARNING - ForceBeamColumn3d::update - failed to get compatible element forces & deformations for element: 3310(dW: << 2.8326e-06, dW0: 0.0139102)
Domain::update - domain failed in update
TRBDF2::update() - failed to update the domain
WARNING Broyden::solveCurrentStep() -the Integrator failed in update()
DirectIntegrationAnalysis::analyze() - the Algorithm failed at time 23.23
OpenSees > analyze failed, returned: -3 error flag
WARNING - ForceBeamColumn3d::update - failed to get compatible element forces & deformations for element: 3310(dW: << 2.8326e-06, dW0: 0.0139102)
Domain::update - domain failed in update
TRBDF2::update() - failed to update the domain
WARNING BFGS::solveCurrentStep() -the Integrator failed in update()
DirectIntegrationAnalysis::analyze() - the Algorithm failed at time 23.23
OpenSees > analyze failed, returned: -3 error flag
WARNING - ForceBeamColumn3d::update - failed to get compatible element forces & deformations for element: 2011(dW: << 0.00111707, dW0: 0.0370934)
Domain::update - domain failed in update
TRBDF2::update() - failed to update the domain
WARNING AcceleratedNewton::solveCurrentStep() -the Integrator failed in update()
DirectIntegrationAnalysis::analyze() - the Algorithm failed at time 23.3787
OpenSees > analyze failed, returned: -3 error flag
WARNING - ForceBeamColumn3d::update - failed to get compatible element forces & deformations for element: 2011(dW: << 0.00111708, dW0: 0.0374644)
Domain::update - domain failed in update
TRBDF2::update() - failed to update the domain
WARNING AcceleratedNewton::solveCurrentStep() -the Integrator failed in update()
DirectIntegrationAnalysis::analyze() - the Algorithm failed at time 23.3787
OpenSees > analyze failed, returned: -3 error flag
WARNING: CTestNormDispIncr::test() - failed to converge 
after: 100 iterations  current Norm: 1.2746e-05 (max: 1e-06, Norm deltaR: 1.59153)
NewtonLineSearch::solveCurrentStep() -the ConvergenceTest object failed in test()
DirectIntegrationAnalysis::analyze() - the Algorithm failed at time 23.3787
OpenSees > analyze failed, returned: -3 error flag
WARNING: CTestNormDispIncr::test() - failed to converge 
after: 10 iterations  current Norm: 0.000415004 (max: 1e-06, Norm deltaR: 6.30662)
WARNING: CTestNormDispIncr::test() - failed to converge 
after: 10 iterations  current Norm: 0.000325013 (max: 1e-06, Norm deltaR: 2.60665)
WARNING: CTestNormDispIncr::test() - failed to converge 
after: 10 iterations  current Norm: 2.20431e-05 (max: 1e-06, Norm deltaR: 6.90644)
WARNING: CTestNormDispIncr::test() - failed to converge 
after: 10 iterations  current Norm: 0.000409344 (max: 1e-06, Norm deltaR: 2.42217)
WARNING: CTestNormDispIncr::test() - failed to converge 
after: 10 iterations  current Norm: 0.000735899 (max: 1e-06, Norm deltaR: 2.60972)
WARNING: CTestNormDispIncr::test() - failed to converge 
after: 10 iterations  current Norm: 2.20399e-05 (max: 1e-06, Norm deltaR: 6.90644)
WARNING: CTestNormDispIncr::test() - failed to converge 
after: 10 iterations  current Norm: 0.000409344 (max: 1e-06, Norm deltaR: 2.42217)
WARNING: CTestNormDispIncr::test() - failed to converge 
after: 10 iterations  current Norm: 0.000735899 (max: 1e-06, Norm deltaR: 2.60972)
WARNING: CTestNormDispIncr::test() - failed to converge 
after: 10 iterations  current Norm: 2.20399e-05 (max: 1e-06, Norm deltaR: 6.90644)
WARNING: CTestNormDispIncr::test() - failed to converge 
after: 10 iterations  current Norm: 0.000409344 (max: 1e-06, Norm deltaR: 2.42217)
WARNING: CTestNormDispIncr::test() - failed to converge 
after: 10 iterations  current Norm: 0.000735899 (max: 1e-06, Norm deltaR: 2.60972)
WARNING: CTestNormDispIncr::test() - failed to converge 
after: 10 iterations  current Norm: 2.20399e-05 (max: 1e-06, Norm deltaR: 6.90644)
WARNING: CTestNormDispIncr::test() - failed to converge 
after: 10 iterations  current Norm: 0.000409344 (max: 1e-06, Norm deltaR: 2.42217)
WARNING: CTestNormDispIncr::test() - failed to converge 
after: 10 iterations  current Norm: 0.000735899 (max: 1e-06, Norm deltaR: 2.60972)
WARNING: CTestNormDispIncr::test() - failed to converge 
after: 10 iterations  current Norm: 2.20399e-05 (max: 1e-06, Norm deltaR: 6.90644)
WARNING: CTestNormDispIncr::test() - failed to converge 
after: 10 iterations  current Norm: 0.000409344 (max: 1e-06, Norm deltaR: 2.42217)
WARNING: CTestNormDispIncr::test() - failed to converge 
after: 10 iterations  current Norm: 0.000735899 (max: 1e-06, Norm deltaR: 2.60972)
WARNING: CTestNormDispIncr::test() - failed to converge 
after: 10 iterations  current Norm: 2.20399e-05 (max: 1e-06, Norm deltaR: 6.90644)
WARNING: CTestNormDispIncr::test() - failed to converge 
after: 10 iterations  current Norm: 0.000409344 (max: 1e-06, Norm deltaR: 2.42217)
WARNING: CTestNormDispIncr::test() - failed to converge 
after: 10 iterations  current Norm: 0.000735899 (max: 1e-06, Norm deltaR: 2.60972)
WARNING: CTestNormDispIncr::test() - failed to converge 
after: 10 iterations  current Norm: 2.20399e-05 (max: 1e-06, Norm deltaR: 6.90644)
WARNING: CTestNormDispIncr::test() - failed to converge 
after: 10 iterations  current Norm: 0.000409344 (max: 1e-06, Norm deltaR: 2.42217)
WARNING: CTestNormDispIncr::test() - failed to converge 
after: 10 iterations  current Norm: 0.000735899 (max: 1e-06, Norm deltaR: 2.60972)
WARNING: CTestNormDispIncr::test() - failed to converge 
after: 10 iterations  current Norm: 2.20399e-05 (max: 1e-06, Norm deltaR: 6.90644)
WARNING: CTestNormDispIncr::test() - failed to converge 
after: 10 iterations  current Norm: 0.000409344 (max: 1e-06, Norm deltaR: 2.42217)
WARNING: CTestNormDispIncr::test() - failed to converge 
after: 10 iterations  current Norm: 0.000735899 (max: 1e-06, Norm deltaR: 2.60972)
WARNING: CTestNormDispIncr::test() - failed to converge 
after: 10 iterations  current Norm: 2.20399e-05 (max: 1e-06, Norm deltaR: 6.90644)
WARNING: CTestNormDispIncr::test() - failed to converge 
after: 10 iterations  current Norm: 0.000409344 (max: 1e-06, Norm deltaR: 2.42217)
WARNING: CTestNormDispIncr::test() - failed to converge 
after: 10 iterations  current Norm: 0.000735899 (max: 1e-06, Norm deltaR: 2.60972)
WARNING: CTestNormDispIncr::test() - failed to converge 
after: 10 iterations  current Norm: 2.20399e-05 (max: 1e-06, Norm deltaR: 6.90644)
WARNING: CTestNormDispIncr::test() - failed to converge 
after: 10 iterations  current Norm: 0.000409344 (max: 1e-06, Norm deltaR: 2.42217)
WARNING: CTestNormDispIncr::test() - failed to converge 
after: 10 iterations  current Norm: 0.000735899 (max: 1e-06, Norm deltaR: 2.60972)
WARNING: CTestNormDispIncr::test() - failed to converge 
after: 10 iterations  current Norm: 2.20399e-05 (max: 1e-06, Norm deltaR: 6.90644)
WARNING: CTestNormDispIncr::test() - failed to converge 
after: 10 iterations  current Norm: 0.000409344 (max: 1e-06, Norm deltaR: 2.42217)
WARNING: CTestNormDispIncr::test() - failed to converge 
after: 10 iterations  current Norm: 0.000735899 (max: 1e-06, Norm deltaR: 2.60972)
WARNING: CTestNormDispIncr::test() - failed to converge 
after: 10 iterations  current Norm: 2.20399e-05 (max: 1e-06, Norm deltaR: 6.90644)
WARNING: CTestNormDispIncr::test() - failed to converge 
after: 10 iterations  current Norm: 0.000409344 (max: 1e-06, Norm deltaR: 2.42217)
WARNING: CTestNormDispIncr::test() - failed to converge 
after: 10 iterations  current Norm: 0.000735899 (max: 1e-06, Norm deltaR: 2.60972)
WARNING: CTestNormDispIncr::test() - failed to converge 
after: 10 iterations  current Norm: 2.20399e-05 (max: 1e-06, Norm deltaR: 6.90644)
WARNING: CTestNormDispIncr::test() - failed to converge 
after: 10 iterations  current Norm: 0.000409344 (max: 1e-06, Norm deltaR: 2.42217)
WARNING: CTestNormDispIncr::test() - failed to converge 
after: 10 iterations  current Norm: 0.000735899 (max: 1e-06, Norm deltaR: 2.60972)
WARNING: CTestNormDispIncr::test() - failed to converge 
after: 10 iterations  current Norm: 2.20399e-05 (max: 1e-06, Norm deltaR: 6.90644)
WARNING: CTestNormDispIncr::test() - failed to converge 
after: 10 iterations  current Norm: 0.000409344 (max: 1e-06, Norm deltaR: 2.42217)
WARNING: CTestNormDispIncr::test() - failed to converge 
after: 10 iterations  current Norm: 0.000735899 (max: 1e-06, Norm deltaR: 2.60972)
WARNING: CTestNormDispIncr::test() - failed to converge 
after: 10 iterations  current Norm: 2.20399e-05 (max: 1e-06, Norm deltaR: 6.90644)
WARNING: CTestNormDispIncr::test() - failed to converge 
after: 10 iterations  current Norm: 0.000409344 (max: 1e-06, Norm deltaR: 2.42217)
WARNING: CTestNormDispIncr::test() - failed to converge 
after: 10 iterations  current Norm: 0.000735899 (max: 1e-06, Norm deltaR: 2.60972)
WARNING: CTestNormDispIncr::test() - failed to converge 
after: 10 iterations  current Norm: 2.20399e-05 (max: 1e-06, Norm deltaR: 6.90644)
WARNING: CTestNormDispIncr::test() - failed to converge 
after: 10 iterations  current Norm: 0.000409344 (max: 1e-06, Norm deltaR: 2.42217)
WARNING: CTestNormDispIncr::test() - failed to converge 
after: 10 iterations  current Norm: 0.000735899 (max: 1e-06, Norm deltaR: 2.60972)
WARNING: CTestNormDispIncr::test() - failed to converge 
after: 10 iterations  current Norm: 2.20399e-05 (max: 1e-06, Norm deltaR: 6.90644)
WARNING: CTestNormDispIncr::test() - failed to converge 
after: 10 iterations  current Norm: 0.000409344 (max: 1e-06, Norm deltaR: 2.42217)
WARNING: CTestNormDispIncr::test() - failed to converge 
after: 10 iterations  current Norm: 0.000735899 (max: 1e-06, Norm deltaR: 2.60972)
WARNING: CTestNormDispIncr::test() - failed to converge 
after: 10 iterations  current Norm: 2.20399e-05 (max: 1e-06, Norm deltaR: 6.90644)
WARNING: CTestNormDispIncr::test() - failed to converge 
after: 10 iterations  current Norm: 0.000409344 (max: 1e-06, Norm deltaR: 2.42217)
WARNING: CTestNormDispIncr::test() - failed to converge 
after: 10 iterations  current Norm: 0.000735899 (max: 1e-06, Norm deltaR: 2.60972)
WARNING: CTestNormDispIncr::test() - failed to converge 
after: 10 iterations  current Norm: 2.20399e-05 (max: 1e-06, Norm deltaR: 6.90644)
WARNING: CTestNormDispIncr::test() - failed to converge 
after: 10 iterations  current Norm: 0.000409344 (max: 1e-06, Norm deltaR: 2.42217)
WARNING: CTestNormDispIncr::test() - failed to converge 
after: 10 iterations  current Norm: 0.000735899 (max: 1e-06, Norm deltaR: 2.60972)
WARNING: CTestNormDispIncr::test() - failed to converge 
after: 10 iterations  current Norm: 2.20399e-05 (max: 1e-06, Norm deltaR: 6.90644)
WARNING: CTestNormDispIncr::test() - failed to converge 
after: 10 iterations  current Norm: 0.000409344 (max: 1e-06, Norm deltaR: 2.42217)
WARNING: CTestNormDispIncr::test() - failed to converge 
after: 10 iterations  current Norm: 0.000735899 (max: 1e-06, Norm deltaR: 2.60972)
WARNING: CTestNormDispIncr::test() - failed to converge 
after: 10 iterations  current Norm: 2.20399e-05 (max: 1e-06, Norm deltaR: 6.90644)
WARNING: CTestNormDispIncr::test() - failed to converge 
after: 10 iterations  current Norm: 0.000409344 (max: 1e-06, Norm deltaR: 2.42217)
WARNING: CTestNormDispIncr::test() - failed to converge 
after: 10 iterations  current Norm: 0.000735899 (max: 1e-06, Norm deltaR: 2.60972)
WARNING: CTestNormDispIncr::test() - failed to converge 
after: 10 iterations  current Norm: 2.20399e-05 (max: 1e-06, Norm deltaR: 6.90644)
WARNING: CTestNormDispIncr::test() - failed to converge 
after: 10 iterations  current Norm: 0.000409344 (max: 1e-06, Norm deltaR: 2.42217)
WARNING: CTestNormDispIncr::test() - failed to converge 
after: 10 iterations  current Norm: 0.000735899 (max: 1e-06, Norm deltaR: 2.60972)
WARNING: CTestNormDispIncr::test() - failed to converge 
after: 10 iterations  current Norm: 2.20399e-05 (max: 1e-06, Norm deltaR: 6.90644)
WARNING: CTestNormDispIncr::test() - failed to converge 
after: 10 iterations  current Norm: 0.000409344 (max: 1e-06, Norm deltaR: 2.42217)
WARNING: CTestNormDispIncr::test() - failed to converge 
after: 10 iterations  current Norm: 0.000735899 (max: 1e-06, Norm deltaR: 2.60972)
WARNING: CTestNormDispIncr::test() - failed to converge 
after: 10 iterations  current Norm: 2.20399e-05 (max: 1e-06, Norm deltaR: 6.90644)
WARNING: CTestNormDispIncr::test() - failed to converge 
after: 10 iterations  current Norm: 0.000409344 (max: 1e-06, Norm deltaR: 2.42217)
WARNING: CTestNormDispIncr::test() - failed to converge 
after: 10 iterations  current Norm: 0.000735899 (max: 1e-06, Norm deltaR: 2.60972)
WARNING: CTestNormDispIncr::test() - failed to converge 
after: 10 iterations  current Norm: 2.20399e-05 (max: 1e-06, Norm deltaR: 6.90644)
WARNING: CTestNormDispIncr::test() - failed to converge 
after: 10 iterations  current Norm: 0.000409344 (max: 1e-06, Norm deltaR: 2.42217)
WARNING: CTestNormDispIncr::test() - failed to converge 
after: 10 iterations  current Norm: 0.000735899 (max: 1e-06, Norm deltaR: 2.60972)
WARNING: CTestNormDispIncr::test() - failed to converge 
after: 10 iterations  current Norm: 2.20399e-05 (max: 1e-06, Norm deltaR: 6.90644)
WARNING: CTestNormDispIncr::test() - failed to converge 
after: 10 iterations  current Norm: 0.000409344 (max: 1e-06, Norm deltaR: 2.42217)
WARNING: CTestNormDispIncr::test() - failed to converge 
after: 10 iterations  current Norm: 0.000735899 (max: 1e-06, Norm deltaR: 2.60972)
WARNING: CTestNormDispIncr::test() - failed to converge 
after: 10 iterations  current Norm: 2.20399e-05 (max: 1e-06, Norm deltaR: 6.90644)
WARNING: CTestNormDispIncr::test() - failed to converge 
after: 10 iterations  current Norm: 0.000409344 (max: 1e-06, Norm deltaR: 2.42217)
WARNING: CTestNormDispIncr::test() - failed to converge 
after: 10 iterations  current Norm: 0.000735899 (max: 1e-06, Norm deltaR: 2.60972)
WARNING: CTestNormDispIncr::test() - failed to converge 
after: 10 iterations  current Norm: 2.20399e-05 (max: 1e-06, Norm deltaR: 6.90644)
WARNING: CTestNormDispIncr::test() - failed to converge 
after: 10 iterations  current Norm: 0.000409344 (max: 1e-06, Norm deltaR: 2.42217)
WARNING: CTestNormDispIncr::test() - failed to converge 
after: 10 iterations  current Norm: 0.000735899 (max: 1e-06, Norm deltaR: 2.60972)
WARNING: CTestNormDispIncr::test() - failed to converge 
after: 10 iterations  current Norm: 2.20399e-05 (max: 1e-06, Norm deltaR: 6.90644)
WARNING: CTestNormDispIncr::test() - failed to converge 
after: 10 iterations  current Norm: 0.000409344 (max: 1e-06, Norm deltaR: 2.42217)
WARNING: CTestNormDispIncr::test() - failed to converge 
after: 10 iterations  current Norm: 0.000735899 (max: 1e-06, Norm deltaR: 2.60972)
WARNING: CTestNormDispIncr::test() - failed to converge 
after: 10 iterations  current Norm: 2.20399e-05 (max: 1e-06, Norm deltaR: 6.90644)
WARNING: CTestNormDispIncr::test() - failed to converge 
after: 10 iterations  current Norm: 0.000409344 (max: 1e-06, Norm deltaR: 2.42217)
WARNING: CTestNormDispIncr::test() - failed to converge 
after: 10 iterations  current Norm: 0.000735899 (max: 1e-06, Norm deltaR: 2.60972)
WARNING: CTestNormDispIncr::test() - failed to converge 
after: 10 iterations  current Norm: 2.20399e-05 (max: 1e-06, Norm deltaR: 6.90644)
WARNING: CTestNormDispIncr::test() - failed to converge 
after: 10 iterations  current Norm: 0.000409344 (max: 1e-06, Norm deltaR: 2.42217)
WARNING: CTestNormDispIncr::test() - failed to converge 
after: 10 iterations  current Norm: 0.000735899 (max: 1e-06, Norm deltaR: 2.60972)
WARNING: CTestNormDispIncr::test() - failed to converge 
after: 10 iterations  current Norm: 2.20399e-05 (max: 1e-06, Norm deltaR: 6.90644)
WARNING: CTestNormDispIncr::test() - failed to converge 
after: 10 iterations  current Norm: 0.000409344 (max: 1e-06, Norm deltaR: 2.42217)
WARNING: CTestNormDispIncr::test() - failed to converge 
after: 10 iterations  current Norm: 0.000735899 (max: 1e-06, Norm deltaR: 2.60972)
WARNING: CTestNormDispIncr::test() - failed to converge 
after: 10 iterations  current Norm: 2.20399e-05 (max: 1e-06, Norm deltaR: 6.90644)
WARNING: CTestNormDispIncr::test() - failed to converge 
after: 10 iterations  current Norm: 0.000409344 (max: 1e-06, Norm deltaR: 2.42217)
WARNING: CTestNormDispIncr::test() - failed to converge 
after: 100 iterations  current Norm: 0.000409344 (max: 1e-06, Norm deltaR: 2.42217)
Broyden::solveCurrentStep() -the ConvergenceTest object failed in test()
DirectIntegrationAnalysis::analyze() - the Algorithm failed at time 23.3787
OpenSees > analyze failed, returned: -3 error flag
WARNING: CTestNormDispIncr::test() - failed to converge 
after: 10 iterations  current Norm: 1.83977 (max: 1e-06, Norm deltaR: 1.16502e+06)
WARNING: CTestNormDispIncr::test() - failed to converge 
after: 10 iterations  current Norm: 0.0237372 (max: 1e-06, Norm deltaR: 13.4857)
WARNING: CTestNormDispIncr::test() - failed to converge 
after: 10 iterations  current Norm: 9.97503e-05 (max: 1e-06, Norm deltaR: 0.110831)
WARNING: CTestNormDispIncr::test() - failed to converge 
after: 10 iterations  current Norm: 5.54645e-05 (max: 1e-06, Norm deltaR: 0.520961)
WARNING - ForceBeamColumn3d::update - failed to get compatible element forces & deformations for element: 1101(dW: << 4.45162e-05, dW0: 0.000883012)
Domain::update - domain failed in update
TRBDF2::update() - failed to update the domain
WARNING BFGS::solveCurrentStep() -the Integrator failed in update()
DirectIntegrationAnalysis::analyze() - the Algorithm failed at time 23.5237
OpenSees > analyze failed, returned: -3 error flag
WARNING - ForceBeamColumn3d::update - failed to get compatible element forces & deformations for element: 1101(dW: << 4.45162e-05, dW0: 0.000880978)
Domain::update - domain failed in update
TRBDF2::update() - failed to update the domain
WARNING AcceleratedNewton::solveCurrentStep() -the Integrator failed in update()
DirectIntegrationAnalysis::analyze() - the Algorithm failed at time 23.5237
OpenSees > analyze failed, returned: -3 error flag
WARNING - ForceBeamColumn3d::update - failed to get compatible element forces & deformations for element: 1101(dW: << 4.45165e-05, dW0: 0.000899109)
Domain::update - domain failed in update
TRBDF2::update() - failed to update the domain
WARNInG InitialInterpolatedLineSearch::search() -the Integrator failed in update()
WARNING - ForceBeamColumn3d::update - failed to get compatible element forces & deformations for element: 1101(dW: << 4.45162e-05, dW0: 0.000885178)
Domain::update - domain failed in update
TRBDF2::update() - failed to update the domain
WARNInG InitialInterpolatedLineSearch::search() -the Integrator failed in update()
WARNING - ForceBeamColumn3d::update - failed to get compatible element forces & deformations for element: 1101(dW: << 4.45166e-05, dW0: 0.000888896)
Domain::update - domain failed in update
TRBDF2::update() - failed to update the domain
WARNInG InitialInterpolatedLineSearch::search() -the Integrator failed in update()
WARNING - ForceBeamColumn3d::update - failed to get compatible element forces & deformations for element: 1101(dW: << 4.45159e-05, dW0: 0.000880219)
Domain::update - domain failed in update
TRBDF2::update() - failed to update the domain
WARNInG InitialInterpolatedLineSearch::search() -the Integrator failed in update()
WARNING - ForceBeamColumn3d::update - failed to get compatible element forces & deformations for element: 1101(dW: << 4.45159e-05, dW0: 0.000884629)
Domain::update - domain failed in update
TRBDF2::update() - failed to update the domain
WARNInG InitialInterpolatedLineSearch::search() -the Integrator failed in update()
WARNING - ForceBeamColumn3d::update - failed to get compatible element forces & deformations for element: 1101(dW: << 4.45162e-05, dW0: 0.000888887)
Domain::update - domain failed in update
TRBDF2::update() - failed to update the domain
WARNInG InitialInterpolatedLineSearch::search() -the Integrator failed in update()
WARNING - ForceBeamColumn3d::update - failed to get compatible element forces & deformations for element: 1101(dW: << 4.45159e-05, dW0: 0.000880218)
Domain::update - domain failed in update
TRBDF2::update() - failed to update the domain
WARNInG InitialInterpolatedLineSearch::search() -the Integrator failed in update()
WARNING - ForceBeamColumn3d::update - failed to get compatible element forces & deformations for element: 1101(dW: << 4.45159e-05, dW0: 0.000884629)
Domain::update - domain failed in update
TRBDF2::update() - failed to update the domain
WARNInG InitialInterpolatedLineSearch::search() -the Integrator failed in update()
WARNING - ForceBeamColumn3d::update - failed to get compatible element forces & deformations for element: 1101(dW: << 4.45162e-05, dW0: 0.000888887)
Domain::update - domain failed in update
TRBDF2::update() - failed to update the domain
WARNInG InitialInterpolatedLineSearch::search() -the Integrator failed in update()
WARNING - ForceBeamColumn3d::update - failed to get compatible element forces & deformations for element: 1101(dW: << 4.45159e-05, dW0: 0.000880218)
Domain::update - domain failed in update
TRBDF2::update() - failed to update the domain
WARNInG InitialInterpolatedLineSearch::search() -the Integrator failed in update()
WARNING - ForceBeamColumn3d::update - failed to get compatible element forces & deformations for element: 1101(dW: << 4.45159e-05, dW0: 0.000884629)
Domain::update - domain failed in update
TRBDF2::update() - failed to update the domain
WARNInG InitialInterpolatedLineSearch::search() -the Integrator failed in update()
WARNING - ForceBeamColumn3d::update - failed to get compatible element forces & deformations for element: 1101(dW: << 4.45162e-05, dW0: 0.000888887)
Domain::update - domain failed in update
TRBDF2::update() - failed to update the domain
WARNInG InitialInterpolatedLineSearch::search() -the Integrator failed in update()
WARNING - ForceBeamColumn3d::update - failed to get compatible element forces & deformations for element: 1101(dW: << 4.45159e-05, dW0: 0.000880218)
Domain::update - domain failed in update
TRBDF2::update() - failed to update the domain
WARNInG InitialInterpolatedLineSearch::search() -the Integrator failed in update()
WARNING - ForceBeamColumn3d::update - failed to get compatible element forces & deformations for element: 1101(dW: << 4.45159e-05, dW0: 0.000884629)
Domain::update - domain failed in update
TRBDF2::update() - failed to update the domain
WARNInG InitialInterpolatedLineSearch::search() -the Integrator failed in update()
WARNING - ForceBeamColumn3d::update - failed to get compatible element forces & deformations for element: 1101(dW: << 4.45162e-05, dW0: 0.000888887)
Domain::update - domain failed in update
TRBDF2::update() - failed to update the domain
WARNInG InitialInterpolatedLineSearch::search() -the Integrator failed in update()
WARNING - ForceBeamColumn3d::update - failed to get compatible element forces & deformations for element: 1101(dW: << 4.45159e-05, dW0: 0.000880218)
Domain::update - domain failed in update
TRBDF2::update() - failed to update the domain
WARNInG InitialInterpolatedLineSearch::search() -the Integrator failed in update()
WARNING - ForceBeamColumn3d::update - failed to get compatible element forces & deformations for element: 1101(dW: << 4.45159e-05, dW0: 0.000884629)
Domain::update - domain failed in update
TRBDF2::update() - failed to update the domain
WARNInG InitialInterpolatedLineSearch::search() -the Integrator failed in update()
WARNING - ForceBeamColumn3d::update - failed to get compatible element forces & deformations for element: 1101(dW: << 4.45162e-05, dW0: 0.000888887)
Domain::update - domain failed in update
TRBDF2::update() - failed to update the domain
WARNInG InitialInterpolatedLineSearch::search() -the Integrator failed in update()
WARNING: CTestNormDispIncr::test() - failed to converge 
after: 100 iterations  current Norm: 5.48848e-05 (max: 1e-06, Norm deltaR: 0.461006)
NewtonLineSearch::solveCurrentStep() -the ConvergenceTest object failed in test()
DirectIntegrationAnalysis::analyze() - the Algorithm failed at time 23.5237
OpenSees > analyze failed, returned: -3 error flag
WARNING: CTestNormDispIncr::test() - failed to converge 
after: 10 iterations  current Norm: 2.87136e-06 (max: 1e-06, Norm deltaR: 1.07965)
WARNING - ForceBeamColumn3d::update - failed to get compatible element forces & deformations for element: 1101(dW: << 4.45165e-05, dW0: 0.000888145)
Domain::update - domain failed in update
TRBDF2::update() - failed to update the domain
WARNING Broyden::solveCurrentStep() -the Integrator failed in update()
DirectIntegrationAnalysis::analyze() - the Algorithm failed at time 23.5237
OpenSees > analyze failed, returned: -3 error flag
WARNING: CTestNormDispIncr::test() - failed to converge 
after: 10 iterations  current Norm: 0.0408591 (max: 1e-06, Norm deltaR: 850.845)
WARNING: CTestNormDispIncr::test() - failed to converge 
after: 10 iterations  current Norm: 1.05188e-05 (max: 1e-06, Norm deltaR: 0.48073)
WARNING - ForceBeamColumn3d::update - failed to get compatible element forces & deformations for element: 1101(dW: << 4.45157e-05, dW0: 0.000880403)
Domain::update - domain failed in update
TRBDF2::update() - failed to update the domain
WARNING BFGS::solveCurrentStep() -the Integrator failed in update()
DirectIntegrationAnalysis::analyze() - the Algorithm failed at time 23.5237
OpenSees > analyze failed, returned: -3 error flag
WARNING - ForceBeamColumn3d::update - failed to get compatible element forces & deformations for element: 1101(dW: << 4.45165e-05, dW0: 0.000897167)
Domain::update - domain failed in update
TRBDF2::update() - failed to update the domain
WARNING AcceleratedNewton::solveCurrentStep() -the Integrator failed in update()
DirectIntegrationAnalysis::analyze() - the Algorithm failed at time 23.5212
OpenSees > analyze failed, returned: -3 error flag
WARNING: CTestNormDispIncr::test() - failed to converge 
after: 100 iterations  current Norm: 4.58042e-06 (max: 1e-06, Norm deltaR: 0.398026)
NewtonLineSearch::solveCurrentStep() -the ConvergenceTest object failed in test()
DirectIntegrationAnalysis::analyze() - the Algorithm failed at time 23.5212
OpenSees > analyze failed, returned: -3 error flag
WARNING: CTestNormDispIncr::test() - failed to converge 
after: 10 iterations  current Norm: 7.0984e-05 (max: 1e-06, Norm deltaR: 0.463111)
WARNING: CTestNormDispIncr::test() - failed to converge 
after: 10 iterations  current Norm: 5.69375e-05 (max: 1e-06, Norm deltaR: 0.634217)
WARNING: CTestNormDispIncr::test() - failed to converge 
after: 10 iterations  current Norm: 5.72524e-05 (max: 1e-06, Norm deltaR: 0.634217)
WARNING: CTestNormDispIncr::test() - failed to converge 
after: 10 iterations  current Norm: 5.72524e-05 (max: 1e-06, Norm deltaR: 0.634217)
WARNING: CTestNormDispIncr::test() - failed to converge 
after: 10 iterations  current Norm: 5.72524e-05 (max: 1e-06, Norm deltaR: 0.634217)
WARNING: CTestNormDispIncr::test() - failed to converge 
after: 10 iterations  current Norm: 5.72524e-05 (max: 1e-06, Norm deltaR: 0.634217)
WARNING: CTestNormDispIncr::test() - failed to converge 
after: 10 iterations  current Norm: 5.72524e-05 (max: 1e-06, Norm deltaR: 0.634217)
WARNING: CTestNormDispIncr::test() - failed to converge 
after: 10 iterations  current Norm: 5.72524e-05 (max: 1e-06, Norm deltaR: 0.634217)
WARNING: CTestNormDispIncr::test() - failed to converge 
after: 10 iterations  current Norm: 5.72524e-05 (max: 1e-06, Norm deltaR: 0.634217)
WARNING: CTestNormDispIncr::test() - failed to converge 
after: 10 iterations  current Norm: 5.72524e-05 (max: 1e-06, Norm deltaR: 0.634217)
WARNING: CTestNormDispIncr::test() - failed to converge 
after: 10 iterations  current Norm: 5.72524e-05 (max: 1e-06, Norm deltaR: 0.634217)
WARNING: CTestNormDispIncr::test() - failed to converge 
after: 10 iterations  current Norm: 5.72524e-05 (max: 1e-06, Norm deltaR: 0.634217)
WARNING: CTestNormDispIncr::test() - failed to converge 
after: 10 iterations  current Norm: 5.72524e-05 (max: 1e-06, Norm deltaR: 0.634217)
WARNING: CTestNormDispIncr::test() - failed to converge 
after: 10 iterations  current Norm: 5.72524e-05 (max: 1e-06, Norm deltaR: 0.634217)
WARNING: CTestNormDispIncr::test() - failed to converge 
after: 10 iterations  current Norm: 5.72524e-05 (max: 1e-06, Norm deltaR: 0.634217)
WARNING: CTestNormDispIncr::test() - failed to converge 
after: 10 iterations  current Norm: 5.72524e-05 (max: 1e-06, Norm deltaR: 0.634217)
WARNING: CTestNormDispIncr::test() - failed to converge 
after: 10 iterations  current Norm: 5.72524e-05 (max: 1e-06, Norm deltaR: 0.634217)
WARNING: CTestNormDispIncr::test() - failed to converge 
after: 10 iterations  current Norm: 5.72524e-05 (max: 1e-06, Norm deltaR: 0.634217)
WARNING: CTestNormDispIncr::test() - failed to converge 
after: 10 iterations  current Norm: 5.72524e-05 (max: 1e-06, Norm deltaR: 0.634217)
WARNING: CTestNormDispIncr::test() - failed to converge 
after: 10 iterations  current Norm: 5.72524e-05 (max: 1e-06, Norm deltaR: 0.634217)
WARNING: CTestNormDispIncr::test() - failed to converge 
after: 10 iterations  current Norm: 5.72524e-05 (max: 1e-06, Norm deltaR: 0.634217)
WARNING: CTestNormDispIncr::test() - failed to converge 
after: 10 iterations  current Norm: 5.72524e-05 (max: 1e-06, Norm deltaR: 0.634217)
WARNING: CTestNormDispIncr::test() - failed to converge 
after: 10 iterations  current Norm: 5.72524e-05 (max: 1e-06, Norm deltaR: 0.634217)
WARNING: CTestNormDispIncr::test() - failed to converge 
after: 10 iterations  current Norm: 5.72524e-05 (max: 1e-06, Norm deltaR: 0.634217)
WARNING: CTestNormDispIncr::test() - failed to converge 
after: 10 iterations  current Norm: 5.72524e-05 (max: 1e-06, Norm deltaR: 0.634217)
WARNING: CTestNormDispIncr::test() - failed to converge 
after: 10 iterations  current Norm: 5.72524e-05 (max: 1e-06, Norm deltaR: 0.634217)
WARNING: CTestNormDispIncr::test() - failed to converge 
after: 10 iterations  current Norm: 5.72524e-05 (max: 1e-06, Norm deltaR: 0.634217)
WARNING: CTestNormDispIncr::test() - failed to converge 
after: 10 iterations  current Norm: 5.72524e-05 (max: 1e-06, Norm deltaR: 0.634217)
WARNING: CTestNormDispIncr::test() - failed to converge 
after: 10 iterations  current Norm: 5.72524e-05 (max: 1e-06, Norm deltaR: 0.634217)
WARNING: CTestNormDispIncr::test() - failed to converge 
after: 10 iterations  current Norm: 5.72524e-05 (max: 1e-06, Norm deltaR: 0.634217)
WARNING: CTestNormDispIncr::test() - failed to converge 
after: 10 iterations  current Norm: 5.72524e-05 (max: 1e-06, Norm deltaR: 0.634217)
WARNING: CTestNormDispIncr::test() - failed to converge 
after: 10 iterations  current Norm: 5.72524e-05 (max: 1e-06, Norm deltaR: 0.634217)
WARNING: CTestNormDispIncr::test() - failed to converge 
after: 10 iterations  current Norm: 5.72524e-05 (max: 1e-06, Norm deltaR: 0.634217)
WARNING: CTestNormDispIncr::test() - failed to converge 
after: 10 iterations  current Norm: 5.72524e-05 (max: 1e-06, Norm deltaR: 0.634217)
WARNING: CTestNormDispIncr::test() - failed to converge 
after: 10 iterations  current Norm: 5.72524e-05 (max: 1e-06, Norm deltaR: 0.634217)
WARNING: CTestNormDispIncr::test() - failed to converge 
after: 10 iterations  current Norm: 5.72524e-05 (max: 1e-06, Norm deltaR: 0.634217)
WARNING: CTestNormDispIncr::test() - failed to converge 
after: 10 iterations  current Norm: 5.72524e-05 (max: 1e-06, Norm deltaR: 0.634217)
WARNING: CTestNormDispIncr::test() - failed to converge 
after: 10 iterations  current Norm: 5.72524e-05 (max: 1e-06, Norm deltaR: 0.634217)
WARNING: CTestNormDispIncr::test() - failed to converge 
after: 10 iterations  current Norm: 5.72524e-05 (max: 1e-06, Norm deltaR: 0.634217)
WARNING: CTestNormDispIncr::test() - failed to converge 
after: 10 iterations  current Norm: 5.72524e-05 (max: 1e-06, Norm deltaR: 0.634217)
WARNING: CTestNormDispIncr::test() - failed to converge 
after: 10 iterations  current Norm: 5.72524e-05 (max: 1e-06, Norm deltaR: 0.634217)
WARNING: CTestNormDispIncr::test() - failed to converge 
after: 10 iterations  current Norm: 5.72524e-05 (max: 1e-06, Norm deltaR: 0.634217)
WARNING: CTestNormDispIncr::test() - failed to converge 
after: 10 iterations  current Norm: 5.72524e-05 (max: 1e-06, Norm deltaR: 0.634217)
WARNING: CTestNormDispIncr::test() - failed to converge 
after: 10 iterations  current Norm: 5.72524e-05 (max: 1e-06, Norm deltaR: 0.634217)
WARNING: CTestNormDispIncr::test() - failed to converge 
after: 10 iterations  current Norm: 5.72524e-05 (max: 1e-06, Norm deltaR: 0.634217)
WARNING: CTestNormDispIncr::test() - failed to converge 
after: 10 iterations  current Norm: 5.72524e-05 (max: 1e-06, Norm deltaR: 0.634217)
WARNING: CTestNormDispIncr::test() - failed to converge 
after: 10 iterations  current Norm: 5.72524e-05 (max: 1e-06, Norm deltaR: 0.634217)
WARNING: CTestNormDispIncr::test() - failed to converge 
after: 10 iterations  current Norm: 5.72524e-05 (max: 1e-06, Norm deltaR: 0.634217)
WARNING: CTestNormDispIncr::test() - failed to converge 
after: 10 iterations  current Norm: 5.72524e-05 (max: 1e-06, Norm deltaR: 0.634217)
WARNING: CTestNormDispIncr::test() - failed to converge 
after: 10 iterations  current Norm: 5.72524e-05 (max: 1e-06, Norm deltaR: 0.634217)
WARNING: CTestNormDispIncr::test() - failed to converge 
after: 10 iterations  current Norm: 5.72524e-05 (max: 1e-06, Norm deltaR: 0.634217)
WARNING: CTestNormDispIncr::test() - failed to converge 
after: 10 iterations  current Norm: 5.72524e-05 (max: 1e-06, Norm deltaR: 0.634217)
WARNING: CTestNormDispIncr::test() - failed to converge 
after: 10 iterations  current Norm: 5.72524e-05 (max: 1e-06, Norm deltaR: 0.634217)
WARNING: CTestNormDispIncr::test() - failed to converge 
after: 10 iterations  current Norm: 5.72524e-05 (max: 1e-06, Norm deltaR: 0.634217)
WARNING: CTestNormDispIncr::test() - failed to converge 
after: 10 iterations  current Norm: 5.72524e-05 (max: 1e-06, Norm deltaR: 0.634217)
WARNING: CTestNormDispIncr::test() - failed to converge 
after: 10 iterations  current Norm: 5.72524e-05 (max: 1e-06, Norm deltaR: 0.634217)
WARNING: CTestNormDispIncr::test() - failed to converge 
after: 10 iterations  current Norm: 5.72524e-05 (max: 1e-06, Norm deltaR: 0.634217)
WARNING: CTestNormDispIncr::test() - failed to converge 
after: 10 iterations  current Norm: 5.72524e-05 (max: 1e-06, Norm deltaR: 0.634217)
WARNING: CTestNormDispIncr::test() - failed to converge 
after: 10 iterations  current Norm: 5.72524e-05 (max: 1e-06, Norm deltaR: 0.634217)
WARNING: CTestNormDispIncr::test() - failed to converge 
after: 10 iterations  current Norm: 5.72524e-05 (max: 1e-06, Norm deltaR: 0.634217)
WARNING: CTestNormDispIncr::test() - failed to converge 
after: 10 iterations  current Norm: 5.72524e-05 (max: 1e-06, Norm deltaR: 0.634217)
WARNING: CTestNormDispIncr::test() - failed to converge 
after: 10 iterations  current Norm: 5.72524e-05 (max: 1e-06, Norm deltaR: 0.634217)
WARNING: CTestNormDispIncr::test() - failed to converge 
after: 10 iterations  current Norm: 5.72524e-05 (max: 1e-06, Norm deltaR: 0.634217)
WARNING: CTestNormDispIncr::test() - failed to converge 
after: 10 iterations  current Norm: 5.72524e-05 (max: 1e-06, Norm deltaR: 0.634217)
WARNING: CTestNormDispIncr::test() - failed to converge 
after: 10 iterations  current Norm: 5.72524e-05 (max: 1e-06, Norm deltaR: 0.634217)
WARNING: CTestNormDispIncr::test() - failed to converge 
after: 10 iterations  current Norm: 5.72524e-05 (max: 1e-06, Norm deltaR: 0.634217)
WARNING: CTestNormDispIncr::test() - failed to converge 
after: 10 iterations  current Norm: 5.72524e-05 (max: 1e-06, Norm deltaR: 0.634217)
WARNING: CTestNormDispIncr::test() - failed to converge 
after: 10 iterations  current Norm: 5.72524e-05 (max: 1e-06, Norm deltaR: 0.634217)
WARNING: CTestNormDispIncr::test() - failed to converge 
after: 10 iterations  current Norm: 5.72524e-05 (max: 1e-06, Norm deltaR: 0.634217)
WARNING: CTestNormDispIncr::test() - failed to converge 
after: 10 iterations  current Norm: 5.72524e-05 (max: 1e-06, Norm deltaR: 0.634217)
WARNING: CTestNormDispIncr::test() - failed to converge 
after: 10 iterations  current Norm: 5.72524e-05 (max: 1e-06, Norm deltaR: 0.634217)
WARNING: CTestNormDispIncr::test() - failed to converge 
after: 10 iterations  current Norm: 5.72524e-05 (max: 1e-06, Norm deltaR: 0.634217)
WARNING: CTestNormDispIncr::test() - failed to converge 
after: 10 iterations  current Norm: 5.72524e-05 (max: 1e-06, Norm deltaR: 0.634217)
WARNING: CTestNormDispIncr::test() - failed to converge 
after: 10 iterations  current Norm: 5.72524e-05 (max: 1e-06, Norm deltaR: 0.634217)
WARNING: CTestNormDispIncr::test() - failed to converge 
after: 10 iterations  current Norm: 5.72524e-05 (max: 1e-06, Norm deltaR: 0.634217)
WARNING: CTestNormDispIncr::test() - failed to converge 
after: 10 iterations  current Norm: 5.72524e-05 (max: 1e-06, Norm deltaR: 0.634217)
WARNING: CTestNormDispIncr::test() - failed to converge 
after: 10 iterations  current Norm: 5.72524e-05 (max: 1e-06, Norm deltaR: 0.634217)
WARNING: CTestNormDispIncr::test() - failed to converge 
after: 10 iterations  current Norm: 5.72524e-05 (max: 1e-06, Norm deltaR: 0.634217)
WARNING: CTestNormDispIncr::test() - failed to converge 
after: 10 iterations  current Norm: 5.72524e-05 (max: 1e-06, Norm deltaR: 0.634217)
WARNING: CTestNormDispIncr::test() - failed to converge 
after: 10 iterations  current Norm: 5.72524e-05 (max: 1e-06, Norm deltaR: 0.634217)
WARNING: CTestNormDispIncr::test() - failed to converge 
after: 10 iterations  current Norm: 5.72524e-05 (max: 1e-06, Norm deltaR: 0.634217)
WARNING: CTestNormDispIncr::test() - failed to converge 
after: 10 iterations  current Norm: 5.72524e-05 (max: 1e-06, Norm deltaR: 0.634217)
WARNING: CTestNormDispIncr::test() - failed to converge 
after: 10 iterations  current Norm: 5.72524e-05 (max: 1e-06, Norm deltaR: 0.634217)
WARNING: CTestNormDispIncr::test() - failed to converge 
after: 10 iterations  current Norm: 5.72524e-05 (max: 1e-06, Norm deltaR: 0.634217)
WARNING: CTestNormDispIncr::test() - failed to converge 
after: 10 iterations  current Norm: 5.72524e-05 (max: 1e-06, Norm deltaR: 0.634217)
WARNING: CTestNormDispIncr::test() - failed to converge 
after: 10 iterations  current Norm: 5.72524e-05 (max: 1e-06, Norm deltaR: 0.634217)
WARNING: CTestNormDispIncr::test() - failed to converge 
after: 10 iterations  current Norm: 5.72524e-05 (max: 1e-06, Norm deltaR: 0.634217)
WARNING: CTestNormDispIncr::test() - failed to converge 
after: 10 iterations  current Norm: 5.72524e-05 (max: 1e-06, Norm deltaR: 0.634217)
WARNING: CTestNormDispIncr::test() - failed to converge 
after: 10 iterations  current Norm: 5.72524e-05 (max: 1e-06, Norm deltaR: 0.634217)
WARNING: CTestNormDispIncr::test() - failed to converge 
after: 10 iterations  current Norm: 5.72524e-05 (max: 1e-06, Norm deltaR: 0.634217)
WARNING: CTestNormDispIncr::test() - failed to converge 
after: 10 iterations  current Norm: 5.72524e-05 (max: 1e-06, Norm deltaR: 0.634217)
WARNING: CTestNormDispIncr::test() - failed to converge 
after: 10 iterations  current Norm: 5.72524e-05 (max: 1e-06, Norm deltaR: 0.634217)
WARNING: CTestNormDispIncr::test() - failed to converge 
after: 10 iterations  current Norm: 5.72524e-05 (max: 1e-06, Norm deltaR: 0.634217)
WARNING: CTestNormDispIncr::test() - failed to converge 
after: 10 iterations  current Norm: 5.72524e-05 (max: 1e-06, Norm deltaR: 0.634217)
WARNING: CTestNormDispIncr::test() - failed to converge 
after: 10 iterations  current Norm: 5.72524e-05 (max: 1e-06, Norm deltaR: 0.634217)
WARNING: CTestNormDispIncr::test() - failed to converge 
after: 10 iterations  current Norm: 5.72524e-05 (max: 1e-06, Norm deltaR: 0.634217)
WARNING: CTestNormDispIncr::test() - failed to converge 
after: 10 iterations  current Norm: 5.72524e-05 (max: 1e-06, Norm deltaR: 0.634217)
WARNING: CTestNormDispIncr::test() - failed to converge 
after: 10 iterations  current Norm: 5.72524e-05 (max: 1e-06, Norm deltaR: 0.634217)
WARNING: CTestNormDispIncr::test() - failed to converge 
after: 10 iterations  current Norm: 5.72524e-05 (max: 1e-06, Norm deltaR: 0.634217)
WARNING: CTestNormDispIncr::test() - failed to converge 
after: 10 iterations  current Norm: 5.72524e-05 (max: 1e-06, Norm deltaR: 0.634217)
WARNING: CTestNormDispIncr::test() - failed to converge 
after: 100 iterations  current Norm: 5.72524e-05 (max: 1e-06, Norm deltaR: 0.634217)
Broyden::solveCurrentStep() -the ConvergenceTest object failed in test()
DirectIntegrationAnalysis::analyze() - the Algorithm failed at time 23.5212
OpenSees > analyze failed, returned: -3 error flag
WARNING: CTestNormDispIncr::test() - failed to converge 
after: 10 iterations  current Norm: 0.00092343 (max: 1e-06, Norm deltaR: 0.646052)
WARNING: CTestNormDispIncr::test() - failed to converge 
after: 10 iterations  current Norm: 3.33368e-05 (max: 1e-06, Norm deltaR: 0.634301)
WARNING: CTestNormDispIncr::test() - failed to converge 
after: 10 iterations  current Norm: 5.72524e-05 (max: 1e-06, Norm deltaR: 0.634217)
WARNING: CTestNormDispIncr::test() - failed to converge 
after: 10 iterations  current Norm: 5.72524e-05 (max: 1e-06, Norm deltaR: 0.634217)
WARNING: CTestNormDispIncr::test() - failed to converge 
after: 10 iterations  current Norm: 5.72524e-05 (max: 1e-06, Norm deltaR: 0.634217)
WARNING: CTestNormDispIncr::test() - failed to converge 
after: 10 iterations  current Norm: 5.72524e-05 (max: 1e-06, Norm deltaR: 0.634217)
WARNING: CTestNormDispIncr::test() - failed to converge 
after: 10 iterations  current Norm: 5.72524e-05 (max: 1e-06, Norm deltaR: 0.634217)
WARNING: CTestNormDispIncr::test() - failed to converge 
after: 10 iterations  current Norm: 5.72524e-05 (max: 1e-06, Norm deltaR: 0.634217)
WARNING: CTestNormDispIncr::test() - failed to converge 
after: 10 iterations  current Norm: 5.72524e-05 (max: 1e-06, Norm deltaR: 0.634217)
WARNING: CTestNormDispIncr::test() - failed to converge 
after: 10 iterations  current Norm: 5.72524e-05 (max: 1e-06, Norm deltaR: 0.634217)
WARNING: CTestNormDispIncr::test() - failed to converge 
after: 10 iterations  current Norm: 5.72524e-05 (max: 1e-06, Norm deltaR: 0.634217)
WARNING: CTestNormDispIncr::test() - failed to converge 
after: 10 iterations  current Norm: 5.72524e-05 (max: 1e-06, Norm deltaR: 0.634217)
WARNING: CTestNormDispIncr::test() - failed to converge 
after: 10 iterations  current Norm: 5.72524e-05 (max: 1e-06, Norm deltaR: 0.634217)
WARNING: CTestNormDispIncr::test() - failed to converge 
after: 10 iterations  current Norm: 5.72524e-05 (max: 1e-06, Norm deltaR: 0.634217)
WARNING: CTestNormDispIncr::test() - failed to converge 
after: 10 iterations  current Norm: 5.72524e-05 (max: 1e-06, Norm deltaR: 0.634217)
WARNING: CTestNormDispIncr::test() - failed to converge 
after: 10 iterations  current Norm: 5.72524e-05 (max: 1e-06, Norm deltaR: 0.634217)
WARNING: CTestNormDispIncr::test() - failed to converge 
after: 10 iterations  current Norm: 5.72524e-05 (max: 1e-06, Norm deltaR: 0.634217)
WARNING: CTestNormDispIncr::test() - failed to converge 
after: 10 iterations  current Norm: 5.72524e-05 (max: 1e-06, Norm deltaR: 0.634217)
WARNING: CTestNormDispIncr::test() - failed to converge 
after: 10 iterations  current Norm: 5.72524e-05 (max: 1e-06, Norm deltaR: 0.634217)
WARNING: CTestNormDispIncr::test() - failed to converge 
after: 10 iterations  current Norm: 5.72524e-05 (max: 1e-06, Norm deltaR: 0.634217)
WARNING: CTestNormDispIncr::test() - failed to converge 
after: 10 iterations  current Norm: 5.72524e-05 (max: 1e-06, Norm deltaR: 0.634217)
WARNING: CTestNormDispIncr::test() - failed to converge 
after: 10 iterations  current Norm: 5.72524e-05 (max: 1e-06, Norm deltaR: 0.634217)
WARNING: CTestNormDispIncr::test() - failed to converge 
after: 10 iterations  current Norm: 5.72524e-05 (max: 1e-06, Norm deltaR: 0.634217)
WARNING: CTestNormDispIncr::test() - failed to converge 
after: 10 iterations  current Norm: 5.72524e-05 (max: 1e-06, Norm deltaR: 0.634217)
WARNING: CTestNormDispIncr::test() - failed to converge 
after: 10 iterations  current Norm: 5.72524e-05 (max: 1e-06, Norm deltaR: 0.634217)
WARNING: CTestNormDispIncr::test() - failed to converge 
after: 10 iterations  current Norm: 5.72524e-05 (max: 1e-06, Norm deltaR: 0.634217)
WARNING: CTestNormDispIncr::test() - failed to converge 
after: 10 iterations  current Norm: 5.72524e-05 (max: 1e-06, Norm deltaR: 0.634217)
WARNING: CTestNormDispIncr::test() - failed to converge 
after: 10 iterations  current Norm: 5.72524e-05 (max: 1e-06, Norm deltaR: 0.634217)
WARNING: CTestNormDispIncr::test() - failed to converge 
after: 10 iterations  current Norm: 5.72524e-05 (max: 1e-06, Norm deltaR: 0.634217)
WARNING: CTestNormDispIncr::test() - failed to converge 
after: 10 iterations  current Norm: 5.72524e-05 (max: 1e-06, Norm deltaR: 0.634217)
WARNING: CTestNormDispIncr::test() - failed to converge 
after: 10 iterations  current Norm: 5.72524e-05 (max: 1e-06, Norm deltaR: 0.634217)
WARNING: CTestNormDispIncr::test() - failed to converge 
after: 10 iterations  current Norm: 5.72524e-05 (max: 1e-06, Norm deltaR: 0.634217)
WARNING: CTestNormDispIncr::test() - failed to converge 
after: 10 iterations  current Norm: 5.72524e-05 (max: 1e-06, Norm deltaR: 0.634217)
WARNING: CTestNormDispIncr::test() - failed to converge 
after: 10 iterations  current Norm: 5.72524e-05 (max: 1e-06, Norm deltaR: 0.634217)
WARNING: CTestNormDispIncr::test() - failed to converge 
after: 10 iterations  current Norm: 5.72524e-05 (max: 1e-06, Norm deltaR: 0.634217)
WARNING: CTestNormDispIncr::test() - failed to converge 
after: 10 iterations  current Norm: 5.72524e-05 (max: 1e-06, Norm deltaR: 0.634217)
WARNING: CTestNormDispIncr::test() - failed to converge 
after: 10 iterations  current Norm: 5.72524e-05 (max: 1e-06, Norm deltaR: 0.634217)
WARNING: CTestNormDispIncr::test() - failed to converge 
after: 10 iterations  current Norm: 5.72524e-05 (max: 1e-06, Norm deltaR: 0.634217)
WARNING: CTestNormDispIncr::test() - failed to converge 
after: 10 iterations  current Norm: 5.72524e-05 (max: 1e-06, Norm deltaR: 0.634217)
WARNING: CTestNormDispIncr::test() - failed to converge 
after: 10 iterations  current Norm: 5.72524e-05 (max: 1e-06, Norm deltaR: 0.634217)
WARNING: CTestNormDispIncr::test() - failed to converge 
after: 10 iterations  current Norm: 5.72524e-05 (max: 1e-06, Norm deltaR: 0.634217)
WARNING: CTestNormDispIncr::test() - failed to converge 
after: 10 iterations  current Norm: 5.72524e-05 (max: 1e-06, Norm deltaR: 0.634217)
WARNING: CTestNormDispIncr::test() - failed to converge 
after: 10 iterations  current Norm: 5.72524e-05 (max: 1e-06, Norm deltaR: 0.634217)
WARNING: CTestNormDispIncr::test() - failed to converge 
after: 10 iterations  current Norm: 5.72524e-05 (max: 1e-06, Norm deltaR: 0.634217)
WARNING: CTestNormDispIncr::test() - failed to converge 
after: 10 iterations  current Norm: 5.72524e-05 (max: 1e-06, Norm deltaR: 0.634217)
WARNING: CTestNormDispIncr::test() - failed to converge 
after: 10 iterations  current Norm: 5.72524e-05 (max: 1e-06, Norm deltaR: 0.634217)
WARNING: CTestNormDispIncr::test() - failed to converge 
after: 10 iterations  current Norm: 5.72524e-05 (max: 1e-06, Norm deltaR: 0.634217)
WARNING: CTestNormDispIncr::test() - failed to converge 
after: 10 iterations  current Norm: 5.72524e-05 (max: 1e-06, Norm deltaR: 0.634217)
WARNING: CTestNormDispIncr::test() - failed to converge 
after: 10 iterations  current Norm: 5.72524e-05 (max: 1e-06, Norm deltaR: 0.634217)
WARNING: CTestNormDispIncr::test() - failed to converge 
after: 10 iterations  current Norm: 5.72524e-05 (max: 1e-06, Norm deltaR: 0.634217)
WARNING: CTestNormDispIncr::test() - failed to converge 
after: 10 iterations  current Norm: 5.72524e-05 (max: 1e-06, Norm deltaR: 0.634217)
WARNING: CTestNormDispIncr::test() - failed to converge 
after: 10 iterations  current Norm: 5.72524e-05 (max: 1e-06, Norm deltaR: 0.634217)
WARNING: CTestNormDispIncr::test() - failed to converge 
after: 10 iterations  current Norm: 5.72524e-05 (max: 1e-06, Norm deltaR: 0.634217)
WARNING: CTestNormDispIncr::test() - failed to converge 
after: 10 iterations  current Norm: 5.72524e-05 (max: 1e-06, Norm deltaR: 0.634217)
WARNING: CTestNormDispIncr::test() - failed to converge 
after: 10 iterations  current Norm: 5.72524e-05 (max: 1e-06, Norm deltaR: 0.634217)
WARNING: CTestNormDispIncr::test() - failed to converge 
after: 10 iterations  current Norm: 5.72524e-05 (max: 1e-06, Norm deltaR: 0.634217)
WARNING: CTestNormDispIncr::test() - failed to converge 
after: 10 iterations  current Norm: 5.72524e-05 (max: 1e-06, Norm deltaR: 0.634217)
WARNING: CTestNormDispIncr::test() - failed to converge 
after: 10 iterations  current Norm: 5.72524e-05 (max: 1e-06, Norm deltaR: 0.634217)
WARNING: CTestNormDispIncr::test() - failed to converge 
after: 10 iterations  current Norm: 5.72524e-05 (max: 1e-06, Norm deltaR: 0.634217)
WARNING: CTestNormDispIncr::test() - failed to converge 
after: 10 iterations  current Norm: 5.72524e-05 (max: 1e-06, Norm deltaR: 0.634217)
WARNING: CTestNormDispIncr::test() - failed to converge 
after: 10 iterations  current Norm: 5.72524e-05 (max: 1e-06, Norm deltaR: 0.634217)
WARNING: CTestNormDispIncr::test() - failed to converge 
after: 10 iterations  current Norm: 5.72524e-05 (max: 1e-06, Norm deltaR: 0.634217)
WARNING: CTestNormDispIncr::test() - failed to converge 
after: 10 iterations  current Norm: 5.72524e-05 (max: 1e-06, Norm deltaR: 0.634217)
WARNING: CTestNormDispIncr::test() - failed to converge 
after: 10 iterations  current Norm: 5.72524e-05 (max: 1e-06, Norm deltaR: 0.634217)
WARNING: CTestNormDispIncr::test() - failed to converge 
after: 10 iterations  current Norm: 5.72524e-05 (max: 1e-06, Norm deltaR: 0.634217)
WARNING: CTestNormDispIncr::test() - failed to converge 
after: 10 iterations  current Norm: 5.72524e-05 (max: 1e-06, Norm deltaR: 0.634217)
WARNING: CTestNormDispIncr::test() - failed to converge 
after: 10 iterations  current Norm: 5.72524e-05 (max: 1e-06, Norm deltaR: 0.634217)
WARNING: CTestNormDispIncr::test() - failed to converge 
after: 10 iterations  current Norm: 5.72524e-05 (max: 1e-06, Norm deltaR: 0.634217)
WARNING: CTestNormDispIncr::test() - failed to converge 
after: 10 iterations  current Norm: 5.72524e-05 (max: 1e-06, Norm deltaR: 0.634217)
WARNING: CTestNormDispIncr::test() - failed to converge 
after: 10 iterations  current Norm: 5.72524e-05 (max: 1e-06, Norm deltaR: 0.634217)
WARNING: CTestNormDispIncr::test() - failed to converge 
after: 10 iterations  current Norm: 5.72524e-05 (max: 1e-06, Norm deltaR: 0.634217)
WARNING: CTestNormDispIncr::test() - failed to converge 
after: 10 iterations  current Norm: 5.72524e-05 (max: 1e-06, Norm deltaR: 0.634217)
WARNING: CTestNormDispIncr::test() - failed to converge 
after: 10 iterations  current Norm: 5.72524e-05 (max: 1e-06, Norm deltaR: 0.634217)
WARNING: CTestNormDispIncr::test() - failed to converge 
after: 10 iterations  current Norm: 5.72524e-05 (max: 1e-06, Norm deltaR: 0.634217)
WARNING: CTestNormDispIncr::test() - failed to converge 
after: 10 iterations  current Norm: 5.72524e-05 (max: 1e-06, Norm deltaR: 0.634217)
WARNING: CTestNormDispIncr::test() - failed to converge 
after: 10 iterations  current Norm: 5.72524e-05 (max: 1e-06, Norm deltaR: 0.634217)
WARNING: CTestNormDispIncr::test() - failed to converge 
after: 10 iterations  current Norm: 5.72524e-05 (max: 1e-06, Norm deltaR: 0.634217)
WARNING: CTestNormDispIncr::test() - failed to converge 
after: 10 iterations  current Norm: 5.72524e-05 (max: 1e-06, Norm deltaR: 0.634217)
WARNING: CTestNormDispIncr::test() - failed to converge 
after: 10 iterations  current Norm: 5.72524e-05 (max: 1e-06, Norm deltaR: 0.634217)
WARNING: CTestNormDispIncr::test() - failed to converge 
after: 10 iterations  current Norm: 5.72524e-05 (max: 1e-06, Norm deltaR: 0.634217)
WARNING: CTestNormDispIncr::test() - failed to converge 
after: 10 iterations  current Norm: 5.72524e-05 (max: 1e-06, Norm deltaR: 0.634217)
WARNING: CTestNormDispIncr::test() - failed to converge 
after: 10 iterations  current Norm: 5.72524e-05 (max: 1e-06, Norm deltaR: 0.634217)
WARNING: CTestNormDispIncr::test() - failed to converge 
after: 10 iterations  current Norm: 5.72524e-05 (max: 1e-06, Norm deltaR: 0.634217)
WARNING: CTestNormDispIncr::test() - failed to converge 
after: 10 iterations  current Norm: 5.72524e-05 (max: 1e-06, Norm deltaR: 0.634217)
WARNING: CTestNormDispIncr::test() - failed to converge 
after: 10 iterations  current Norm: 5.72524e-05 (max: 1e-06, Norm deltaR: 0.634217)
WARNING: CTestNormDispIncr::test() - failed to converge 
after: 10 iterations  current Norm: 5.72524e-05 (max: 1e-06, Norm deltaR: 0.634217)
WARNING: CTestNormDispIncr::test() - failed to converge 
after: 10 iterations  current Norm: 5.72524e-05 (max: 1e-06, Norm deltaR: 0.634217)
WARNING: CTestNormDispIncr::test() - failed to converge 
after: 10 iterations  current Norm: 5.72524e-05 (max: 1e-06, Norm deltaR: 0.634217)
WARNING: CTestNormDispIncr::test() - failed to converge 
after: 10 iterations  current Norm: 5.72524e-05 (max: 1e-06, Norm deltaR: 0.634217)
WARNING: CTestNormDispIncr::test() - failed to converge 
after: 10 iterations  current Norm: 5.72524e-05 (max: 1e-06, Norm deltaR: 0.634217)
WARNING: CTestNormDispIncr::test() - failed to converge 
after: 10 iterations  current Norm: 5.72524e-05 (max: 1e-06, Norm deltaR: 0.634217)
WARNING: CTestNormDispIncr::test() - failed to converge 
after: 10 iterations  current Norm: 5.72524e-05 (max: 1e-06, Norm deltaR: 0.634217)
WARNING: CTestNormDispIncr::test() - failed to converge 
after: 10 iterations  current Norm: 5.72524e-05 (max: 1e-06, Norm deltaR: 0.634217)
WARNING: CTestNormDispIncr::test() - failed to converge 
after: 10 iterations  current Norm: 5.72524e-05 (max: 1e-06, Norm deltaR: 0.634217)
WARNING: CTestNormDispIncr::test() - failed to converge 
after: 10 iterations  current Norm: 5.72524e-05 (max: 1e-06, Norm deltaR: 0.634217)
WARNING: CTestNormDispIncr::test() - failed to converge 
after: 10 iterations  current Norm: 5.72524e-05 (max: 1e-06, Norm deltaR: 0.634217)
WARNING: CTestNormDispIncr::test() - failed to converge 
after: 10 iterations  current Norm: 5.72524e-05 (max: 1e-06, Norm deltaR: 0.634217)
WARNING: CTestNormDispIncr::test() - failed to converge 
after: 10 iterations  current Norm: 5.72524e-05 (max: 1e-06, Norm deltaR: 0.634217)
WARNING: CTestNormDispIncr::test() - failed to converge 
after: 10 iterations  current Norm: 5.72524e-05 (max: 1e-06, Norm deltaR: 0.634217)
WARNING: CTestNormDispIncr::test() - failed to converge 
after: 10 iterations  current Norm: 5.72524e-05 (max: 1e-06, Norm deltaR: 0.634217)
WARNING: CTestNormDispIncr::test() - failed to converge 
after: 100 iterations  current Norm: 5.72524e-05 (max: 1e-06, Norm deltaR: 0.634217)
BFGS::solveCurrentStep() -the ConvergenceTest object failed in test()
DirectIntegrationAnalysis::analyze() - the Algorithm failed at time 23.5212
OpenSees > analyze failed, returned: -3 error flag
WARNING: CTestNormDispIncr::test() - failed to converge 
after: 100 iterations  current Norm: 2.34295e-05 (max: 1e-06, Norm deltaR: 0.542122)
AcceleratedNewton::solveCurrentStep() -The ConvergenceTest object failed in test()
DirectIntegrationAnalysis::analyze() - the Algorithm failed at time 23.52
OpenSees > analyze failed, returned: -3 error flag
WARNING: CTestNormDispIncr::test() - failed to converge 
after: 100 iterations  current Norm: 1.76433e-05 (max: 1e-06, Norm deltaR: 0.412982)
NewtonLineSearch::solveCurrentStep() -the ConvergenceTest object failed in test()
DirectIntegrationAnalysis::analyze() - the Algorithm failed at time 23.52
OpenSees > analyze failed, returned: -3 error flag
WARNING: CTestNormDispIncr::test() - failed to converge 
after: 10 iterations  current Norm: 2.199e-05 (max: 1e-06, Norm deltaR: 0.705957)
WARNING - ForceBeamColumn3d::update - failed to get compatible element forces & deformations for element: 1101(dW: << 4.45165e-05, dW0: 0.000897932)
Domain::update - domain failed in update
TRBDF2::update() - failed to update the domain
WARNING Broyden::solveCurrentStep() -the Integrator failed in update()
DirectIntegrationAnalysis::analyze() - the Algorithm failed at time 23.52
OpenSees > analyze failed, returned: -3 error flag
WARNING: CTestNormDispIncr::test() - failed to converge 
after: 10 iterations  current Norm: 0.27949 (max: 1e-06, Norm deltaR: 165209)
WARNING - ForceBeamColumn3d::update - failed to get compatible element forces & deformations for element: 1101(dW: << 4.45165e-05, dW0: 0.000895644)
Domain::update - domain failed in update
TRBDF2::update() - failed to update the domain
WARNING BFGS::solveCurrentStep() -the Integrator failed in update()
DirectIntegrationAnalysis::analyze() - the Algorithm failed at time 23.52
OpenSees > analyze failed, returned: -3 error flag
WARNING: CTestNormDispIncr::test() - failed to converge 
after: 100 iterations  current Norm: 1.12605e-05 (max: 1e-05, Norm deltaR: 0.254447)
AcceleratedNewton::solveCurrentStep() -The ConvergenceTest object failed in test()
DirectIntegrationAnalysis::analyze() - the Algorithm failed at time 23.52
OpenSees > analyze failed, returned: -3 error flag
WARNING - ForceBeamColumn3d::update - failed to get compatible element forces & deformations for element: 1101(dW: << 4.45162e-05, dW0: 0.000883866)
Domain::update - domain failed in update
TRBDF2::update() - failed to update the domain
WARNInG InitialInterpolatedLineSearch::search() -the Integrator failed in update()

[SUCCESS] Analysis completed successfully, MIDR = 9.102802142162549
