0.00000000
205.08762659
369.30570627
507.32593454
623.99381338
721.56724769
801.19233707
863.21258256
907.27839103
928.13924479
918.36146063
906.93647061
895.08853083
882.79125842
869.65053457
855.52284260
838.98686801
819.19029589
796.66536289
771.45715446
745.50456040
718.29473189
689.97041942
661.44805054
632.67962553
603.49838079
574.14117990
544.33949820
515.08683441
489.62903144
467.46864765
446.81420282
436.49990598
436.66187214
436.73960969
436.77808689
436.77165250
436.71585740
436.61733669
436.48666726
436.32940698
436.12565340
435.87204061
435.56730390
435.19495928
434.75921896
434.28308350
433.77083827
433.22435389
432.64151457
432.00806747
431.34323532
430.64533769
429.91406579
429.15768650
428.37427079
427.56482132
426.73071105
425.86378231
424.96035886
424.01970070
423.06746792
422.10296271
421.12439950
420.13609245
419.13348350
418.12163437
417.09492240
416.04276367
414.97244475
413.89533384
412.81152098
411.72287249
410.63147422
409.54872147
408.46759180
407.38313952
406.29639704
405.20290068
404.10560006
403.00450168
401.89810245
400.78535702
399.66951302
398.54949465
397.42335838
396.28835561
395.15758414
394.07005222
392.98620894
391.89748447
390.80293121
389.70201429
388.59524196
387.48206082
386.36188045
385.23955703
384.12769873
383.08512427
382.08621632
381.10004770
380.15055581
379.19735771
378.24083413
377.31560249
376.39758265
375.48490331
374.57190318
373.65617687
372.74394406
371.83588915
