0.00000000
0.00099608
0.00199608
0.00299608
0.00399608
0.00499608
0.00599608
0.00699608
0.00799608
0.00899608
0.00999608
0.01099608
0.01199608
0.01299608
0.01399608
0.01499608
0.01599608
0.01699608
0.01799608
0.01899608
0.01999608
0.02099608
0.02199608
0.02299608
0.02399608
0.02499608
0.02599608
0.02699608
0.02799608
0.02899608
0.02999608
0.03099608
0.03199608
0.03299608
0.03399608
0.03499608
0.03599608
0.03699608
0.03799608
0.03899608
0.03999608
0.04099608
0.04199608
0.04299608
0.04399608
0.04499608
0.04599608
0.04699608
0.04799608
0.04899608
0.04999608
0.05099608
0.05199608
0.05299608
0.05399608
0.05499608
0.05599608
0.05699608
0.05799608
0.05899608
0.05999608
0.06099608
0.06199608
0.06299608
0.06399608
0.06499608
0.06599608
0.06699608
0.06799608
0.06899608
0.06999608
0.07099608
0.07199608
0.07299608
0.07399608
0.07499608
0.07599608
0.07699608
0.07799608
0.07899608
0.07999608
0.08099608
0.08199608
0.08299608
0.08399608
0.08499608
0.08599608
0.08699608
0.08799608
0.08899608
0.08999608
0.09099608
0.09199608
0.09299608
0.09399608
0.09499608
0.09599608
0.09699608
0.09799608
0.09899608
0.09999608
0.10099608
0.10199608
0.10299608
0.10399608
0.10499608
0.10599608
0.10699608
0.10799608
0.10899608
0.10999608
