0.00000000
0.00100049
0.00200049
0.00300049
0.00400049
0.00500049
0.00600049
0.00700049
0.00800049
0.00900049
0.01000049
0.01100049
0.01200049
0.01300049
0.01400049
0.01500049
0.01600049
0.01700049
0.01800049
0.01900049
0.02000049
0.02100049
0.02200049
0.02300049
0.02400049
0.02500049
0.02600049
0.02700049
0.02800049
0.02900049
0.03000049
0.03100049
0.03200049
0.03300049
0.03400049
0.03500049
0.03600049
0.03700049
0.03800049
0.03900049
0.04000049
0.04100049
0.04200049
0.04300049
0.04400049
0.04500049
0.04600049
0.04700049
0.04800049
0.04900049
0.05000049
0.05100049
0.05200049
0.05300049
0.05400049
0.05500049
0.05600049
0.05700049
0.05800049
0.05900049
0.06000049
0.06100049
0.06200049
0.06300049
0.06400049
0.06500049
0.06600049
0.06700049
0.06800049
0.06900049
0.07000049
0.07100049
0.07200049
0.07300049
0.07400049
0.07500049
0.07600049
0.07700049
0.07800049
0.07900049
0.08000049
0.08100049
0.08200049
0.08300049
0.08400049
0.08500049
0.08600049
0.08700049
0.08800049
0.08900049
0.09000049
0.09100049
0.09200049
0.09300049
0.09400049
0.09500049
0.09600049
0.09700049
0.09800049
0.09900049
0.10000049
0.10100049
0.10200049
0.10300049
0.10400049
0.10500049
0.10600049
0.10700049
0.10800049
0.10900049
0.11000049
0.11100049
0.11200049
0.11300049
0.11400049
0.11500049
0.11600049
0.11700049
0.11800049
0.11900049
0.12000049
0.12100049
0.12200049
0.12300049
0.12400049
0.12500049
0.12600049
0.12700049
0.12800049
0.12900049
0.13000049
0.13100049
0.13200049
0.13300049
0.13400049
0.13500049
0.13600049
0.13700049
0.13800049
0.13900049
0.14000049
0.14100049
0.14200049
0.14300049
0.14400049
0.14500049
0.14600049
0.14700049
0.14800049
0.14900049
0.15000049
0.15100049
0.15200049
0.15300049
0.15400049
0.15500049
0.15600049
0.15700049
0.15800049
0.15900049
0.16000049
0.16100049
0.16200049
0.16300049
0.16400049
0.16500049
0.16600049
0.16700049
0.16800049
0.16900049
0.17000049
0.17100049
0.17200049
0.17300049
0.17400049
0.17500049
0.17600049
0.17700049
0.17800049
0.17900049
0.18000049
0.18100049
0.18200049
0.18300049
0.18400049
0.18500049
0.18600049
0.18700049
0.18800049
0.18900049
