0.00000000 0.00000000 0.00000000 0.00000000 0.00000000 0.00000000 0.00000000 0.00000000 0.00000000 0.00000000 0.00000000 0.00000000
0.12301641 2.67469586 0.11433542 -34.01796301 -9.70156816 -34.22197659 -23.53517681 -1.95226445 -24.09271280 -35.44897843 -9.62886500 -35.40016902
-2.19431302 -1.82787986 -2.01411763 -60.34578478 -13.28936788 -60.48896798 -43.12900876 -7.52161691 -43.78421691 -61.42950146 -11.90650369 -61.37442739
-3.93297216 -5.28122009 -3.60041891 -82.88856535 -15.78996558 -82.95040439 -59.33805314 -11.71588109 -60.04372024 -83.96081726 -13.95777903 -83.86613729
-5.47779140 -8.04612938 -5.01626837 -102.19651085 -17.94707046 -102.20598098 -72.74543196 -14.65841035 -73.51169442 -103.22420333 -15.84000527 -103.12431660
-6.94472893 -10.33531902 -6.36491697 -118.40338471 -19.82386635 -118.36595527 -83.60970060 -17.04632521 -84.42453312 -119.33093539 -17.69422702 -119.22335510
-8.44641037 -12.31888425 -7.75392958 -131.53878962 -21.65736730 -131.46546958 -91.99250470 -19.18167894 -92.85556936 -132.29305322 -19.52864747 -132.16003269
-10.01676640 -14.11145189 -9.20719115 -141.62920719 -23.43274030 -141.49904646 -97.90275069 -21.20985321 -98.81214824 -142.09769826 -21.34515008 -141.94857868
-11.64932589 -15.80838296 -10.73260729 -148.62575963 -25.04142738 -148.47522228 -101.29845386 -23.12156333 -102.25559096 -148.67331190 -23.00953523 -148.58721034
-13.34686436 -17.46233046 -12.33074254 -152.64656554 -26.61928474 -152.39685868 -99.55897075 -24.89618271 -100.35609479 -152.00893475 -24.62351378 -151.89290169
-15.17478388 -19.07514741 -14.09266035 -149.46680716 -28.17597523 -148.63616572 -97.13969130 -26.63382530 -97.95627391 -148.13014112 -26.22955182 -147.65043743
-17.02650035 -20.66498107 -15.85131306 -145.65005056 -29.72234794 -144.64733898 -94.61524491 -28.34451919 -95.45141507 -143.88600864 -27.82976532 -143.24698551
-18.86135500 -22.16083394 -17.52860695 -141.82033284 -31.25578142 -140.63609332 -92.03250607 -30.02884634 -92.88771778 -139.62987702 -29.42040491 -138.82617524
-20.58418841 -23.62980667 -19.15564898 -137.82560968 -32.77940395 -136.61384596 -89.43368201 -31.68859657 -90.31527029 -135.35594822 -31.00288943 -134.40636824
-22.29895408 -25.09174052 -20.76742455 -133.42213212 -34.30149334 -132.22933773 -86.84217398 -33.32198137 -87.74200161 -131.07515912 -32.57631615 -129.98182000
-23.93548689 -26.54596879 -22.37100110 -128.65043070 -35.81215767 -127.52159150 -84.25603623 -34.94159124 -85.00267512 -126.78699793 -34.14180909 -125.55709634
-25.04255614 -27.99650991 -23.83249874 -123.62172570 -37.30767623 -122.32940452 -81.61838755 -36.55321853 -81.66969227 -122.33365595 -35.69831058 -120.98323189
-25.81010905 -29.44092082 -24.93156592 -118.31673516 -38.79069160 -116.95344486 -78.59466979 -38.15246128 -77.98313721 -117.50253072 -36.93758103 -115.77644846
-26.57627837 -30.77559257 -25.68676274 -112.94305978 -39.91100480 -111.32289043 -75.08450831 -39.72329528 -74.30412482 -112.32413982 -37.61490629 -110.39879968
-27.33953075 -31.39372486 -26.43849186 -107.58199547 -40.26582573 -105.66411146 -71.55175153 -40.42816215 -70.55104406 -107.07379208 -38.28415359 -104.88457093
-28.09393888 -31.98033442 -27.18362953 -102.24264419 -40.40147080 -99.97501594 -68.02402660 -41.09522939 -66.47654918 -101.84147560 -38.83662120 -99.35362467
-28.72884658 -32.55165599 -27.80253552 -96.92671221 -40.48995404 -94.26163875 -64.36512495 -41.75453080 -62.38869608 -96.55608748 -38.94565268 -93.52329681
-29.31663443 -33.11400009 -28.37238400 -91.58770435 -40.55737113 -88.55546508 -60.52595806 -41.95821970 -58.31097976 -90.99182786 -39.04582968 -87.63404526
-29.90000094 -33.67294582 -28.93643882 -86.24567636 -40.62309749 -82.83998754 -56.68039244 -42.02887910 -54.22444996 -85.42519517 -39.13565230 -81.73533459
-30.30087515 -34.23340119 -29.49146420 -80.90481696 -40.68314904 -77.11906972 -52.82812549 -42.09411902 -50.13273655 -79.84418781 -39.21157634 -75.83610407
-30.57144186 -34.79391168 -29.80236639 -75.56929127 -40.73590684 -71.40266033 -48.97434211 -42.15397043 -46.03161891 -74.26078464 -39.27236518 -69.92972113
-30.83952214 -35.29116407 -30.06233342 -70.23126413 -40.78157775 -65.67635643 -45.11857304 -42.20815908 -41.91974117 -68.67829010 -39.31986481 -64.01433376
-31.10219160 -35.42682796 -30.31988288 -64.90467778 -40.81107020 -59.92647813 -41.26667080 -42.25797398 -37.78961464 -63.10774900 -39.34711151 -58.07924972
-31.36196511 -35.49378816 -30.56943558 -59.53958068 -40.82755403 -54.16430311 -37.38356989 -42.29293239 -34.42349833 -57.49949268 -39.36356183 -52.16715262
-31.62309271 -35.58701323 -30.80755257 -53.96927622 -40.82860041 -48.38228499 -33.92011319 -42.30779666 -34.65032359 -51.70874524 -39.41372572 -46.43050692
-31.86996539 -35.61482939 -31.04789852 -48.40208775 -40.81499940 -42.38732562 -34.12569790 -42.31625368 -34.87976646 -46.12403726 -39.40494342 -40.48084285
-32.11326504 -35.65982865 -31.24361761 -42.74444899 -40.79712698 -37.57690194 -34.32255455 -42.31475328 -35.08365318 -40.44635366 -39.40963151 -35.10206744
-32.37950595 -35.73670244 -31.25820235 -37.08238279 -40.77593810 -37.58437148 -34.50486496 -42.29796133 -35.09537711 -35.25170040 -39.41164498 -35.12125409
-32.41692677 -35.76412768 -31.30259776 -37.09820221 -40.74975627 -37.58958378 -34.51303670 -42.25585302 -35.11451428 -35.27841074 -39.39849168 -35.18037125
-32.45118499 -35.78017839 -31.33390934 -37.11251461 -40.71879124 -37.58798912 -34.51742702 -42.20907848 -35.13009507 -35.29592039 -39.37415648 -35.22836457
-32.48425234 -35.79445062 -31.36050412 -37.12523442 -40.68364964 -37.58493836 -34.51835603 -42.15448983 -35.14388077 -35.31150791 -39.34577636 -35.27104647
-32.51626416 -35.80683466 -31.38437589 -37.13642168 -40.63670924 -37.57978337 -34.51516643 -42.08791953 -35.15536165 -35.32559251 -39.31523669 -35.31198669
-32.54722705 -35.81721508 -31.40497136 -37.14628454 -40.57701845 -37.57333705 -34.50793407 -42.00543135 -35.16476878 -35.33807111 -39.28280352 -35.35079505
-32.57706504 -35.82550609 -31.42408931 -37.15449622 -40.51317288 -37.56523979 -34.49845272 -41.90641155 -35.16875898 -35.34890849 -39.24842922 -35.38680639
-32.60577863 -35.83166950 -31.44165689 -37.15984579 -40.44534459 -37.55522824 -34.48520578 -41.80180267 -35.16954258 -35.35804872 -39.21190156 -35.42064231
-32.63321719 -35.83556241 -31.45676286 -37.16364308 -40.37296819 -37.54382166 -34.46925246 -41.69556623 -35.16762985 -35.36544699 -39.17315455 -35.45238152
-32.65916834 -35.83689112 -31.46609748 -37.16581403 -40.29624620 -37.53019637 -34.44952975 -41.57578858 -35.16206897 -35.37011823 -39.13179814 -35.48193620
-32.68380810 -35.83585719 -31.47228078 -37.16580784 -40.21471697 -37.51490134 -34.42382744 -41.44425051 -35.15298901 -35.37239774 -39.08190179 -35.50930191
-32.70720924 -35.83141384 -31.47692709 -37.16375465 -40.11917005 -37.49838410 -34.39070865 -41.31287838 -35.14030248 -35.37295136 -39.01964269 -35.53396137
-32.72925667 -35.82287334 -31.47989558 -37.16046982 -39.98169283 -37.47984390 -34.35123549 -41.18176617 -35.12496885 -35.37164498 -38.95514584 -35.55616581
-32.74991858 -35.80969708 -31.47985311 -37.15463313 -39.81548747 -37.45885643 -34.30416580 -41.05046652 -35.10653298 -35.36725360 -38.88848063 -35.57387364
-32.76910903 -35.79399421 -31.47558822 -37.14701804 -39.64848652 -37.43382615 -34.24974748 -40.91921534 -35.08479708 -35.35929229 -38.81244589 -35.58956325
-32.78688829 -35.77540278 -31.46792287 -37.13712958 -39.48065797 -37.40525837 -34.19153972 -40.78794724 -35.05938442 -35.34878655 -38.72701668 -35.60290379
-32.80295964 -35.75380910 -31.45444591 -37.12443757 -39.31203841 -37.37385888 -34.13131032 -40.65645775 -35.02477538 -35.33499152 -38.64143652 -35.61383290
-32.81754469 -35.72582398 -31.43700922 -37.10927636 -39.14257361 -37.33916205 -34.06849690 -40.52453651 -34.98449965 -35.31628983 -38.55543351 -35.62086828
-32.83072388 -35.67751810 -31.41607235 -37.08997953 -38.97231004 -37.30105399 -34.00339839 -40.39222358 -34.93703858 -35.29293204 -38.46907592 -35.62574106
-32.84231548 -35.62506878 -31.39439458 -37.06654277 -38.80050384 -37.26067310 -33.93655984 -40.25962520 -34.88251967 -35.26426463 -38.38240791 -35.62835952
-32.85221774 -35.57115477 -31.37083746 -37.03857985 -38.62485289 -37.21850900 -33.86692157 -40.12675548 -34.82246557 -35.22905246 -38.29531144 -35.62867946
-32.85975203 -35.51489843 -31.34643827 -37.00511533 -38.44600022 -37.17442049 -33.79309997 -39.99350040 -34.76019359 -35.18844982 -38.20803093 -35.62416634
-32.86390624 -35.45477600 -31.32062538 -36.96691646 -38.26558034 -37.12904347 -33.71748958 -39.85988198 -34.69713174 -35.14627905 -38.12064961 -35.61540666
-32.86376502 -35.39129424 -31.29406871 -36.92288254 -38.08351281 -37.08228300 -33.64016708 -39.72586745 -34.63157687 -35.10204671 -38.03309808 -35.60370827
-32.85746696 -35.32635337 -31.26618214 -36.87237484 -37.89972206 -37.03513002 -33.56146114 -39.59147088 -34.56507103 -35.05681148 -37.94531751 -35.58745991
-32.84584421 -35.25965553 -31.23734625 -36.82086331 -37.71410897 -36.98699469 -33.48259403 -39.45668857 -34.49636614 -35.00942577 -37.85741888 -35.56340470
-32.82734035 -35.19110210 -31.20722021 -36.76733917 -37.52656771 -36.93793446 -33.40359102 -39.32151266 -34.42591568 -34.96092338 -37.76969368 -35.52464190
-32.80698969 -35.11895182 -31.17586540 -36.71335435 -37.33696869 -36.88840271 -33.32473303 -39.18582526 -34.35106143 -34.91068393 -37.68193900 -35.46558355
-32.78543158 -35.02598757 -31.14344478 -36.65761709 -37.14507025 -36.83716611 -33.24606179 -39.04970866 -34.27310007 -34.85964336 -37.59391279 -35.40255666
-32.76286053 -34.93114690 -31.10983555 -36.60044296 -36.95090431 -36.78575480 -33.16710030 -38.91317242 -34.19397784 -34.80689760 -37.50567534 -35.33969937
-32.73885008 -34.83611103 -31.07490940 -36.54220187 -36.75431327 -36.73421183 -33.08802698 -38.77618714 -34.11285033 -34.75189445 -37.41718631 -35.27622001
-32.71378471 -34.74080162 -31.03716652 -36.48197069 -36.55510334 -36.68248449 -33.00865678 -38.63876411 -34.03178642 -34.69459833 -37.32847360 -35.21080888
-32.68738342 -34.64530937 -30.99910238 -36.42081726 -36.35308903 -36.62957342 -32.92912890 -38.50088958 -33.95053948 -34.63734984 -37.23961114 -35.14329864
-32.65997869 -34.54964006 -30.96092191 -36.35747561 -36.14802136 -36.57592254 -32.84951274 -38.36256610 -33.86960258 -34.58013562 -37.15048097 -35.06922533
-32.63128531 -34.45340369 -30.92271436 -36.29343890 -35.93964204 -36.52226352 -32.76959412 -38.22377892 -33.78877265 -34.52248694 -37.06125134 -34.99300257
-32.60150201 -34.35623636 -30.88438712 -36.22658568 -35.72492400 -36.46853336 -32.68959263 -38.08449682 -33.70767782 -34.46469815 -36.97188379 -34.91440465
-32.57045726 -34.25898717 -30.84595115 -36.15991621 -35.49046939 -36.41493349 -32.60932128 -37.94493908 -33.62639631 -34.40675244 -36.88231101 -34.83232887
-32.53801094 -34.16162484 -30.80737490 -36.09335327 -35.24457759 -36.36134981 -32.52885938 -37.80485930 -33.54489879 -34.34878105 -36.79250501 -34.74624985
-32.50448531 -34.06399171 -30.76871143 -36.02733349 -34.99606721 -36.30765831 -32.44732515 -37.66425916 -33.46318955 -34.29065469 -36.70262188 -34.65903595
-32.46938405 -33.96605328 -30.72997265 -35.96134788 -34.74467739 -36.25388985 -32.36527533 -37.52304176 -33.38123376 -34.23244273 -36.61268132 -34.57152098
-32.43338482 -33.86785920 -30.69117825 -35.89527203 -34.49012133 -36.20010709 -32.28298847 -37.38114930 -33.29904658 -34.17412865 -36.52268516 -34.48495163
-32.39545606 -33.76919898 -30.65236093 -35.82892647 -34.23712505 -36.14619471 -32.20042950 -37.23836929 -33.21673027 -34.11574281 -36.43265651 -34.39828365
-32.35644172 -33.66962867 -30.61353684 -35.76194542 -33.99749980 -36.09192437 -32.11773771 -37.09438536 -33.13429772 -34.05731154 -36.34265815 -34.31135416
-32.31610531 -33.56924999 -30.57464588 -35.69486202 -33.76384907 -36.03717152 -32.03501481 -36.94946848 -33.05157056 -33.99890191 -36.25263881 -34.22411344
-32.27565002 -33.46836307 -30.53570157 -35.62797162 -33.52914303 -35.98233896 -31.95199892 -36.80369308 -32.96864967 -33.94041501 -36.16255555 -34.13665901
-32.23537498 -33.36689665 -30.49670768 -35.56134891 -33.29337049 -35.92745224 -31.86865297 -36.65703476 -32.88553069 -33.88183679 -36.07243595 -34.04975494
-32.19516673 -33.26480103 -30.45765895 -35.49457289 -33.05655892 -35.87250171 -31.78503870 -36.50583518 -32.80226373 -33.82316037 -35.98231824 -33.96302420
-32.15490981 -33.16222413 -30.41853986 -35.42770515 -32.81856336 -35.81746647 -31.70115880 -36.35363969 -32.71875900 -33.76444000 -35.89212588 -33.87606791
-32.11457269 -33.05922538 -30.37935414 -35.36074211 -32.57932692 -35.76234972 -31.61699682 -36.20049137 -32.63501371 -33.70567107 -35.80186348 -33.78889427
-32.07416214 -32.95578320 -30.34011184 -35.29365920 -32.33883227 -35.70716259 -31.53254569 -36.04504606 -32.55104629 -33.64682693 -35.71155464 -33.70137160
-32.03367926 -32.85187765 -30.30079524 -35.22647933 -32.09704704 -35.65188303 -31.44780445 -35.88617156 -32.46685541 -33.58792557 -35.62120044 -33.61363804
-31.99333029 -32.74754452 -30.26146583 -35.15908375 -31.85384179 -35.59661252 -31.36262592 -35.72627075 -32.38247942 -33.52887813 -35.53083223 -33.52654786
-31.95313463 -32.64275897 -30.22206867 -35.09157760 -31.60914875 -35.54126202 -31.27710443 -35.56526468 -32.29784464 -33.46977252 -35.44038938 -33.43916836
-31.91285786 -32.53748947 -30.18260516 -35.02398745 -31.36208024 -35.48586426 -31.19088812 -35.40309428 -32.21254019 -33.41060237 -35.34986898 -33.35148002
-31.87254368 -32.43175208 -30.14305571 -34.95639035 -31.11094740 -35.43043609 -31.10344158 -35.23967767 -32.12622216 -33.35138768 -35.25926376 -33.26323745
-31.83219837 -32.32544572 -30.10345381 -34.88861184 -30.86767494 -35.37490602 -31.01565154 -35.07483374 -32.03972840 -33.29210072 -35.16858920 -33.17438984
-31.79180959 -32.21822395 -30.06381499 -34.82041416 -30.67186866 -35.31904812 -30.92758787 -34.90848622 -31.95309507 -33.23273772 -35.07790436 -33.08506151
-31.75133410 -32.11035231 -30.02413175 -34.75205219 -30.48282636 -35.26306892 -30.83917404 -34.74050416 -31.86622649 -33.17326953 -34.98719161 -32.99607748
-31.71082412 -32.00189615 -29.98437560 -34.68358561 -30.29276156 -35.20700395 -30.75041196 -34.57069519 -31.77910035 -33.11374047 -34.89638868 -32.90670085
-31.67026703 -31.89282575 -29.94455055 -34.61503107 -30.10162522 -35.15086131 -30.66056215 -34.39886667 -31.69171084 -33.05414728 -34.80549041 -32.81699295
-31.62963570 -31.78311494 -29.90466865 -34.54637176 -29.90935134 -35.09465687 -30.56950129 -34.22477998 -31.60407589 -32.99446914 -34.71449509 -32.72689363
-31.58895599 -31.67273661 -29.86470557 -34.47760207 -29.71586564 -35.03835864 -30.47816159 -34.04814334 -31.51615132 -32.93472851 -34.62340467 -32.63642802
-31.54823834 -31.56166142 -29.82466371 -34.40871493 -29.52108545 -34.98196996 -30.38652279 -33.86859605 -31.42793762 -32.87491712 -34.53221654 -32.54553688
-31.50748301 -31.44985646 -29.78454016 -34.33971010 -29.32491754 -34.92548799 -30.29457563 -33.68567920 -31.33942181 -32.81503359 -34.44093168 -32.45424329
-31.46668368 -31.33730058 -29.74433704 -34.27059772 -29.12721253 -34.86892592 -30.20228651 -33.50450415 -31.25056807 -32.75508845 -34.34950938 -32.36254301
-31.42583580 -31.22381295 -29.70405507 -34.20141383 -28.92794480 -34.81230528 -30.10961828 -33.33801182 -31.16128861 -32.69512203 -34.25786045 -32.27042982
-31.38503386 -31.10717623 -29.66371491 -34.13165284 -28.80435931 -34.75511902 -30.01826012 -33.16888875 -31.07174616 -32.63513312 -34.16618705 -32.17785291
-31.34423040 -30.98936303 -29.62325754 -34.06151568 -28.72660620 -34.69749794 -29.93099151 -32.99661266 -30.98183430 -32.57512875 -34.07442997 -32.08474832
-31.30337261 -30.86875797 -29.58280168 -33.99120403 -28.64827636 -34.63988375 -29.84320432 -32.84208149 -30.89161993 -32.51502834 -33.98248186 -31.99133538
-31.26248533 -30.74737949 -29.54229738 -33.92084353 -28.56921644 -34.58229918 -29.75486925 -32.72760916 -30.80086454 -32.45494321 -33.89017135 -31.89757695
-31.22155050 -30.62524650 -29.50169880 -33.85037389 -28.49017058 -34.52463259 -29.66619645 -32.61193328 -30.70972169 -32.39477927 -33.79772904 -31.80332512
-31.18056765 -30.50231935 -29.46100622 -33.77977633 -28.41113150 -34.46688324 -29.57782369 -32.49489804 -30.61817781 -32.33453010 -33.70515842 -31.70856179
-31.13958470 -30.37862865 -29.42021756 -33.70902056 -28.33151615 -34.40912203 -29.49472695 -32.40780683 -30.52502747 -32.27427945 -33.61236331 -31.61330883
-31.09854448 -30.25407764 -29.37935220 -33.63813374 -28.25167688 -34.35130565 -29.41125591 -32.33172039 -30.43129007 -32.21395395 -33.51946630 -31.51680542
-31.05748926 -30.12859623 -29.33839226 -33.56708645 -28.17185905 -34.29327373 -29.33157044 -32.25530535 -30.34249575 -32.15354444 -33.42645012 -31.41884024
-31.01639926 -30.00212644 -29.29732758 -33.49588807 -28.09205862 -34.23512966 -29.25360641 -32.17878523 -30.25385017 -32.09305433 -33.33328000 -31.32039742
-30.97534268 -29.87476169 -29.25608357 -33.42464628 -28.01227054 -34.17683536 -29.17545019 -32.10218230 -30.16475567 -32.03253289 -33.23994816 -31.22136754
-30.93409742 -29.75348376 -29.21484365 -33.35315616 -27.93247970 -34.11860088 -29.09605499 -32.02549257 -30.07549842 -31.97180185 -33.14644887 -31.12198577
-30.89278069 -29.63648984 -29.17329716 -33.28156416 -27.85268392 -34.06024553 -29.01861759 -31.94865049 -29.98578751 -31.91103067 -33.05277688 -31.02196471
