0.00000000 0.00000000 0.00000000 0.00000000 0.00000000 0.00000000 0.00000000 0.00000000 0.00000000 0.00000000 0.00000000 0.00000000
1.77099077 -33.66500874 -37.60061848 4.56109558 -6.23624380 -10.20687247 4.02742095 -5.93055918 -9.97823669 1.75881221 -33.61975604 -38.44782423
-0.92023540 -60.90140318 -63.22788046 0.46533313 -11.19339356 -12.36170124 0.50481106 -10.90194390 -11.97261054 -0.89653611 -60.99708580 -64.13754194
-2.79521640 -83.66246981 -85.48615333 -3.02673348 -14.34159727 -14.38213418 -2.65553213 -14.22644361 -13.84696941 -2.73152208 -83.79421970 -86.32595608
-4.45902468 -102.89859902 -104.45124819 -5.96328366 -16.76622414 -16.34508070 -5.22973910 -16.81761616 -15.64140709 -4.36597517 -103.19128713 -105.36878030
-5.94104747 -118.94439908 -120.29905430 -8.56191659 -18.88251278 -18.25124654 -7.47621928 -19.09221944 -17.38780787 -5.81400988 -119.35365411 -121.24439710
-7.45552877 -131.86393841 -132.99930117 -10.74169238 -20.83618918 -20.13390332 -9.38295334 -21.18751427 -19.12066091 -7.29108161 -132.40753270 -133.99599565
-9.04885653 -141.71134416 -142.52465218 -12.72970600 -22.71350528 -21.89789827 -11.11053323 -23.19190893 -20.75265107 -8.83655931 -142.36552218 -143.59882897
-10.73305571 -148.46738316 -148.83597029 -14.63003966 -24.42612335 -23.63038233 -12.75054243 -25.01936654 -22.34486083 -10.44196106 -149.21012067 -149.94102963
-12.53638829 -152.04167247 -151.59362299 -16.50803047 -26.09305033 -25.36190313 -14.33388941 -26.79364927 -23.92008314 -12.08737096 -152.95295699 -153.10736617
-14.64978048 -147.67680027 -146.74852490 -18.37600625 -27.75731838 -27.11263684 -15.85375249 -28.51078079 -25.45972941 -13.74490080 -150.17518920 -149.53084167
-16.61579270 -143.49603080 -142.19792183 -20.21140479 -29.37964248 -28.82639941 -17.40646494 -30.23325921 -27.01280979 -15.54419100 -146.39304765 -145.35232507
-18.57160492 -139.30229847 -137.64004106 -21.98086896 -30.98818005 -30.53072453 -18.89718861 -31.92890469 -28.55620597 -17.33785831 -142.59346593 -141.16231096
-20.38951184 -135.07693635 -133.06920134 -23.67812554 -32.58117569 -32.22602182 -20.33177652 -33.60527839 -30.08927183 -19.05741468 -138.77457454 -136.96612378
-22.19500188 -130.83815978 -128.49085551 -25.36877575 -34.15844480 -33.91081607 -21.76091428 -35.26592808 -31.61253077 -20.71867377 -134.93278470 -132.75813388
-23.82241373 -126.51454199 -123.87864522 -27.05358467 -35.72404374 -35.58743110 -23.17772041 -36.90888318 -33.12156256 -22.36304817 -131.09781059 -128.56518317
-24.86848083 -121.38431520 -119.22806966 -28.73826000 -37.28304987 -36.55920605 -24.57877612 -38.53245971 -34.47344974 -23.83403346 -126.80314316 -124.32320448
-25.71044140 -115.94320421 -114.06109352 -29.61831097 -38.81074824 -36.76452171 -25.98593651 -40.13323858 -34.65715262 -24.58595153 -121.94412436 -119.56593780
-26.55580671 -110.24332073 -108.39397155 -30.26626463 -39.97581525 -36.89707136 -27.37950756 -41.34115330 -34.79039626 -25.32357765 -117.12565782 -114.51692704
-27.39244082 -104.38800496 -102.63285942 -30.91587263 -40.47296323 -37.00754917 -28.33576774 -41.82970130 -34.88994925 -26.04360585 -112.00170507 -109.45680715
-28.22443239 -98.52122227 -96.57913941 -31.56058666 -40.62265695 -37.09701758 -28.91649407 -42.00559163 -34.93699415 -26.75932322 -106.81695557 -104.08294684
-28.97587966 -92.63706179 -90.50389792 -32.20119719 -40.72783884 -37.17121402 -29.48345828 -42.10665234 -34.97386143 -27.46734476 -101.63390840 -98.72020841
-29.61047230 -86.73613175 -84.40231735 -32.84015406 -40.81368877 -37.23205281 -30.03662889 -42.20106435 -35.00642728 -28.16790877 -96.45239220 -93.36174637
-30.24011251 -80.82003990 -78.26912880 -33.47499223 -40.88277850 -37.27805854 -30.57391397 -42.28412751 -35.02938862 -28.82824271 -91.26401886 -88.00952062
-30.63950803 -74.88902544 -72.10593262 -33.91861507 -40.92945084 -37.31059055 -31.11371188 -42.35509838 -35.04436133 -29.36981171 -86.08755152 -82.67437481
-30.93550258 -68.92973261 -65.90896823 -33.97828266 -40.95291892 -37.33101978 -31.62284574 -42.41472793 -35.05065153 -29.77170348 -80.93853686 -77.36415249
-31.22655183 -62.95561145 -59.69773280 -34.01405727 -40.97112930 -37.34213708 -31.98745878 -42.45998788 -35.05704507 -30.00752903 -75.80303214 -72.06081630
-31.51127719 -56.97338907 -53.47655509 -34.04964725 -40.97925265 -37.34816629 -32.21859532 -42.48994091 -35.06067100 -30.23566502 -70.66145765 -66.75588669
-31.78887607 -50.98080653 -47.23901205 -34.08474368 -40.98225485 -37.34979267 -32.27447989 -42.49739241 -35.06359472 -30.45847180 -65.51855553 -61.45074117
-32.06125206 -44.97746837 -40.99521693 -34.11310003 -40.98145256 -37.34997962 -32.32517661 -42.48535498 -35.06451805 -30.67745350 -60.37271286 -56.14605505
-32.32612939 -38.96676312 -34.74836127 -34.13743695 -40.97709890 -37.34870971 -32.37070016 -42.46354773 -35.06367111 -30.89330129 -55.21917502 -50.83787489
-32.38060993 -38.42377654 -34.40395911 -34.27908950 -40.96658315 -37.35749877 -32.45679435 -42.43390773 -35.19519174 -31.28011179 -49.06327562 -44.53089908
-32.12869773 -38.42775892 -34.18400643 -34.38131640 -40.95499020 -37.36574613 -32.51550359 -42.38795516 -35.27502188 -31.84352336 -39.84548625 -35.14439377
-32.38924057 -38.42514864 -34.51560568 -34.41629583 -40.93457104 -37.37817776 -32.55559101 -42.33598794 -35.29236022 -31.89166041 -39.82994186 -35.20701318
-32.43748736 -38.42645501 -34.52845835 -34.45322299 -40.91071116 -37.38039822 -32.58768340 -42.27856405 -35.30816490 -31.93311587 -39.81078770 -35.26004962
-32.48159388 -38.42536897 -34.53529979 -34.48547603 -40.88310634 -37.37502561 -32.61265139 -42.21517687 -35.31565599 -31.97302748 -39.78910249 -35.30615891
-32.51975846 -38.42166282 -34.53463012 -34.51267314 -40.85147487 -37.36346285 -32.63479021 -42.13988694 -35.31750447 -32.01126686 -39.76514432 -35.34916831
-32.55208301 -38.41461238 -34.53095082 -34.53840583 -40.81582494 -37.34961471 -32.65473999 -42.04622216 -35.31716595 -32.04483515 -39.73922530 -35.39029965
-32.58220562 -38.40033964 -34.52383513 -34.56291088 -40.77604028 -37.33422252 -32.67112352 -41.93330799 -35.31460481 -32.07703259 -39.71022736 -35.42871018
-32.61119918 -38.38322370 -34.51382802 -34.58631968 -40.73163174 -37.31725404 -32.68422533 -41.81362087 -35.30948197 -32.10801043 -39.67932312 -35.46521732
-32.63906634 -38.36170407 -34.50077864 -34.60850474 -40.68226956 -37.29867690 -32.69537237 -41.68929180 -35.30164390 -32.13779745 -39.64483403 -35.49974536
-32.66574939 -38.33663432 -34.48133376 -34.62946519 -40.62592110 -37.27853749 -32.70444883 -41.56005041 -35.29090300 -32.16634806 -39.60838794 -35.53193799
-32.69122916 -38.30750724 -34.45369057 -34.64921499 -40.55993728 -37.25590079 -32.71135008 -41.42580951 -35.27708544 -32.19362168 -39.56728351 -35.56161368
-32.71555438 -38.27414934 -34.41702857 -34.66773630 -40.48162340 -37.22973313 -32.71589559 -41.28932976 -35.26011140 -32.21949797 -39.52136616 -35.58907957
-32.73860894 -38.23689332 -34.37645826 -34.68517143 -40.36501088 -37.19932299 -32.71790376 -41.15329531 -35.23980940 -32.24399230 -39.46947489 -35.61441764
-32.76046758 -38.19113989 -34.33355335 -34.70147775 -40.21198041 -37.16131406 -32.71715547 -41.01788005 -35.21393516 -32.26697378 -39.41235390 -35.63770210
-32.78101071 -38.13618708 -34.28886265 -34.71632599 -40.05040418 -37.11491902 -32.71062726 -40.88242311 -35.18130991 -32.28857565 -39.34939226 -35.65874197
-32.80021207 -38.06952127 -34.24228109 -34.72976682 -39.87925335 -37.06193600 -32.69448474 -40.74716578 -35.13862837 -32.30878797 -39.28136354 -35.67804728
-32.81798670 -37.99146461 -34.19343922 -34.74189719 -39.69494552 -37.00707076 -32.66812362 -40.61257985 -35.06447354 -32.32746560 -39.21233668 -35.69538379
-32.83427706 -37.90069142 -34.14235764 -34.75251659 -39.50561532 -36.94981521 -32.63328320 -40.47796984 -34.98291984 -32.34462784 -39.14021886 -35.71065408
-32.84900240 -37.80726562 -34.08922744 -34.76124560 -39.31530364 -36.89075499 -32.59660149 -40.34328888 -34.89490665 -32.36008119 -39.06780064 -35.72383175
-32.86212658 -37.70956823 -34.03520630 -34.76800572 -39.12482468 -36.83141336 -32.55846400 -40.20828544 -34.80555456 -32.37381648 -38.99379033 -35.73476485
-32.87356872 -37.60918236 -33.98110140 -34.77266881 -38.93235976 -36.77156049 -32.51767279 -40.07301842 -34.71598606 -32.38579743 -38.91879733 -35.74355084
-32.88257647 -37.50424711 -33.92675945 -34.77523193 -38.73597172 -36.71135978 -32.47368072 -39.93756613 -34.62666367 -32.39592607 -38.84309230 -35.74814487
-32.88748323 -37.39742149 -33.87223114 -34.77566148 -38.53726033 -36.65073083 -32.42622958 -39.80179702 -34.53743790 -32.40416760 -38.76591722 -35.75009577
-32.88832274 -37.28600453 -33.81743058 -34.77326263 -38.33659960 -36.58980113 -32.37509898 -39.66586989 -34.44799103 -32.40940857 -38.68884718 -35.74748426
-32.88433367 -37.17243371 -33.76259931 -34.75784398 -38.13491061 -36.52866912 -32.32090623 -39.52948584 -34.35823598 -32.40372713 -38.60966527 -35.74158621
-32.87579704 -37.05521008 -33.70761227 -34.73234034 -37.93227926 -36.46718541 -32.26350918 -39.39274741 -34.26851762 -32.38866048 -38.53075854 -35.72697619
-32.86243632 -36.93777502 -33.65263325 -34.70587850 -37.72886038 -36.40546576 -32.20297847 -39.25556707 -34.17890981 -32.37159820 -38.45184637 -35.70219802
-32.84502215 -36.82056933 -33.59785480 -34.67855309 -37.52478497 -36.34362058 -32.13919822 -39.11781052 -34.08920252 -32.35308913 -38.37275616 -35.66279068
-32.82469732 -36.70447393 -33.54376841 -34.65048744 -37.32044066 -36.28189119 -32.07123048 -38.97916060 -33.99898842 -32.33214710 -38.29287506 -35.60321963
-32.80336928 -36.58905469 -33.49011475 -34.62154796 -37.11559404 -36.22039614 -31.99966989 -38.83980517 -33.90735602 -32.30894258 -38.21226643 -35.53170551
-32.78029554 -36.47368818 -33.43659153 -34.59145453 -36.90993489 -36.15899765 -31.92707391 -38.69992561 -33.81475347 -32.28388816 -38.13135379 -35.46025386
-32.75620785 -36.35795749 -33.38297215 -34.55988985 -36.70321839 -36.09758417 -31.85448887 -38.55964278 -33.72164829 -32.25666036 -38.05047346 -35.38725093
-32.73031978 -36.24210075 -33.32938357 -34.52701461 -36.49549517 -36.03617039 -31.78178022 -38.41884770 -33.62825726 -32.22745647 -37.96942769 -35.31353116
-32.70354630 -36.12626324 -33.27589113 -34.48863483 -36.28674883 -35.97476443 -31.70870567 -38.27744211 -33.53455097 -32.19650471 -37.88822024 -35.23576747
-32.67505854 -36.01032063 -33.22245828 -34.43964637 -36.07684912 -35.91335567 -31.63567593 -38.13543129 -33.44058328 -32.16344315 -37.80685498 -35.15571827
-32.64569138 -35.89408851 -33.16900342 -34.38461501 -35.86568601 -35.85192017 -31.56280120 -37.99287290 -33.34629004 -32.12819139 -37.72556763 -35.07005890
-32.61454233 -35.77796060 -33.11570113 -34.32949628 -35.65336826 -35.79052750 -31.48922241 -37.84964401 -33.25157636 -32.09116164 -37.64404840 -34.98008574
-32.58281477 -35.66205658 -33.06261604 -34.27440131 -35.43987784 -35.72920808 -31.41510166 -37.70566660 -33.15638848 -32.05214352 -37.56223057 -34.88492100
-32.54914032 -35.54654577 -33.00983681 -34.21933626 -35.22520448 -35.66798213 -31.34059115 -37.56084982 -33.06066978 -32.01057938 -37.48008046 -34.78199599
-32.51471214 -35.43051435 -32.95688475 -34.16423803 -35.00877844 -35.60663482 -31.26590056 -37.41551849 -32.96501569 -31.96749387 -37.39788241 -34.68106239
-32.47826506 -35.31381266 -32.90369375 -34.10900973 -34.79039854 -35.54514985 -31.19110477 -37.26968024 -32.86938427 -31.92344879 -37.31576284 -34.58135517
-32.44127430 -35.19692375 -32.85049852 -34.05373358 -34.57014675 -35.48361051 -31.11617592 -37.12316035 -32.77363039 -31.87932409 -37.23347360 -34.48119023
-32.40253297 -35.07930869 -32.79702264 -33.99818476 -34.34756804 -35.42189464 -31.04119162 -36.97612974 -32.67806207 -31.83533947 -37.15120987 -34.38485067
-32.36352430 -34.96072048 -32.74314892 -33.94245884 -34.12235114 -35.35995025 -30.96617255 -36.82862979 -32.58276743 -31.79156634 -37.06915545 -34.29183118
-32.32444254 -34.84182218 -32.68922647 -33.88661294 -33.89462561 -35.29794647 -30.89103063 -36.68036021 -32.48732749 -31.74774101 -36.98698675 -34.19875204
-32.28525989 -34.72248947 -32.63519796 -33.83060212 -33.66406817 -35.23586226 -30.81578272 -36.53131543 -32.39178160 -31.70390413 -36.90476109 -34.10608450
-32.24595848 -34.60262383 -32.58101964 -33.77452680 -33.43031759 -35.17367234 -30.74044275 -36.38059970 -32.29616943 -31.66008914 -36.82254667 -34.01432838
-32.20660112 -34.48242487 -32.52679060 -33.71842533 -33.19310104 -35.11142701 -30.66497187 -36.22885973 -32.20039175 -31.61615266 -36.74020704 -33.92251208
-32.16718497 -34.36179272 -32.47246807 -33.66223091 -32.95191802 -35.04911501 -30.58936726 -36.07619945 -32.10446439 -31.57206796 -36.65779399 -33.83066547
-32.12773845 -34.24059775 -32.41807539 -33.60572892 -32.70945406 -34.98666797 -30.51365363 -35.92164444 -32.00842662 -31.52784222 -36.57533762 -33.73855177
-32.08825894 -34.11898020 -32.36362886 -33.54902823 -32.46368773 -34.92414313 -30.43781284 -35.76551116 -31.91227196 -31.48348771 -36.49273844 -33.64686887
-32.04864554 -33.99666886 -32.30897115 -33.49214332 -32.21285870 -34.86151150 -30.36185516 -35.60787319 -31.81600869 -31.43913127 -36.41018261 -33.55546906
-32.00897304 -33.87390543 -32.25422390 -33.43512331 -31.95622578 -34.79882629 -30.28574148 -35.44886580 -31.71956395 -31.39468815 -36.32751652 -33.46349811
-31.96923148 -33.75067931 -32.19942837 -33.37794316 -31.69479187 -34.73603264 -30.20945518 -35.28868577 -31.62292776 -31.35013774 -36.24473328 -33.37064706
-31.92921561 -33.62682964 -32.14456207 -33.32050254 -31.43615397 -34.67298054 -30.13301562 -35.12712347 -31.52614491 -31.30555892 -36.16191863 -33.27763775
-31.88906182 -33.50252541 -32.08963178 -33.26303510 -31.16983975 -34.60988092 -30.05638933 -34.96463391 -31.42913794 -31.26088562 -36.07894454 -33.18435801
-31.84879393 -33.37747334 -32.03454049 -33.20553454 -30.89585952 -34.54670330 -29.97957039 -34.80140899 -31.33193474 -31.21618470 -35.99594492 -33.09100122
-31.80845344 -33.25187732 -31.97937979 -33.14799508 -30.61655473 -34.48344995 -29.90259822 -34.63534700 -31.23450195 -31.17140810 -35.91278794 -32.99740530
-31.76801800 -33.12560337 -31.92410783 -33.09040929 -30.33111433 -34.42010744 -29.82544124 -34.46797910 -31.13684759 -31.12656273 -35.82954831 -32.90362766
-31.72753372 -32.99870435 -31.86874376 -33.03266083 -30.03285585 -34.35672586 -29.74808619 -34.29924555 -31.03892758 -31.08161467 -35.74614386 -32.80962446
-31.68684941 -32.87082891 -31.81313749 -32.97420644 -29.73372678 -34.29312204 -29.67060631 -34.12883827 -30.94085084 -31.03676024 -35.66291752 -32.71565870
-31.64618661 -32.74260481 -31.75757762 -32.91567412 -29.42875296 -34.22951611 -29.59289009 -33.95659112 -30.84245028 -30.99172316 -35.57936725 -32.62124016
-31.60546819 -32.61230972 -31.70192807 -32.85674481 -29.13885244 -34.16584530 -29.51494425 -33.78263069 -30.74382752 -30.94660162 -35.49574872 -32.52667540
-31.56491905 -32.48129692 -31.64655804 -32.79657602 -28.96912432 -34.10161969 -29.43669240 -33.60650920 -30.64502556 -30.90125386 -35.41190380 -32.43165564
-31.52495182 -32.35169346 -31.59208152 -32.73582571 -28.85350128 -34.03752200 -29.35796015 -33.42809004 -30.54558869 -30.85515173 -35.32664566 -32.33496649
-31.48478165 -32.22084208 -31.53730360 -32.67471513 -28.75473714 -33.97320566 -29.27898271 -33.24959509 -30.44597077 -30.80917406 -35.24127080 -32.23843805
-31.44456286 -32.08934221 -31.48246016 -32.61331912 -28.66995640 -33.90878963 -29.19974467 -33.06922763 -30.34603963 -30.76312682 -35.15575768 -32.14164456
-31.40433797 -31.95729839 -31.42760637 -32.55171386 -28.59454296 -33.84430315 -29.12022413 -32.88685607 -30.24574540 -30.71695563 -35.06999726 -32.04447433
-31.36404206 -31.82444679 -31.37264258 -32.48997772 -28.52160174 -33.77972825 -29.04036310 -32.71147722 -30.14512243 -30.67072526 -34.98400400 -31.94706763
-31.32355458 -31.69039974 -31.31739903 -32.42813245 -28.44823547 -33.71506387 -28.95998708 -32.57919371 -30.04425083 -30.62460185 -34.89779701 -31.84972192
-31.28282496 -31.55463547 -31.26178464 -32.36609212 -28.37443444 -33.65026756 -28.87912537 -32.47971797 -29.94316444 -30.57863542 -34.81173153 -31.75263841
-31.24206006 -31.41784786 -31.20609663 -32.30392950 -28.30050110 -33.58538782 -28.79787228 -32.39052501 -29.84170131 -30.53256835 -34.72545970 -31.65526430
-31.20121563 -31.27981416 -31.15027182 -32.24161800 -28.22643863 -33.52039018 -28.71626005 -32.30817362 -29.73987716 -30.48644611 -34.63910045 -31.55768016
-31.16031631 -31.14051186 -31.09433213 -32.17916194 -28.15226095 -33.45528158 -28.63428142 -32.23151325 -29.63765303 -30.44023893 -34.55262110 -31.45982483
-31.11929716 -31.00535146 -31.03798677 -32.11653415 -28.07791002 -33.39004980 -28.55196291 -32.15850926 -29.53502706 -30.39396667 -34.46603687 -31.36170661
-31.07835005 -30.87022375 -30.98174148 -32.05381895 -28.00360294 -33.32475221 -28.46926598 -32.08535973 -29.43185901 -30.34744826 -34.37899984 -31.26296609
-31.03722332 -30.73962432 -30.92532477 -31.99092303 -27.92919223 -33.25927133 -28.38626647 -32.01212444 -29.32828121 -30.30091884 -34.29193370 -31.16403456
-30.99616447 -30.60898067 -30.86898922 -31.92794847 -27.85484382 -33.19373166 -28.30286156 -31.93875454 -29.22411298 -30.25413669 -34.20439643 -31.06444843
-30.95491616 -30.48239240 -30.81245468 -31.86479373 -27.78041582 -33.12801196 -28.21912274 -31.86535269 -29.11948850 -30.20734996 -34.11683964 -30.96466973
-30.91375305 -30.35589977 -30.75600132 -31.80155905 -27.70605476 -33.06221931 -28.13496184 -31.79173777 -29.01422117 -30.16030388 -34.02878530 -30.86418637
-30.87238655 -30.25765757 -30.69950689 -31.73822268 -27.63158191 -32.99633183 -28.05040888 -31.71774535 -28.90835838 -30.11308947 -33.94037499 -30.76313208
-30.83144830 -30.17639080 -30.64368005 -31.67500358 -27.55732705 -32.93063508 -27.96519048 -31.64289848 -28.80106845 -30.06507196 -33.85050172 -30.66036508
-30.79044871 -30.10892601 -30.58786824 -31.61171067 -27.48306959 -32.86488649 -27.87867816 -31.56773389 -28.69225895 -30.01681605 -33.76020610 -30.55696855
-30.74959602 -30.04633369 -30.53222675 -31.54836741 -27.40865957 -32.79912720 -27.79161895 -31.49216296 -28.58258422 -29.96816375 -33.66919518 -30.45261039
-30.70850871 -29.98611240 -30.47588582 -31.48479451 -27.33376360 -32.73318199 -27.70542205 -31.41636103 -28.47589494 -29.91955972 -33.57825708 -30.34808287
-30.66737105 -29.92733327 -30.41921418 -31.42097103 -27.25883003 -32.66711503 -27.62957781 -31.34004709 -28.37886695 -29.87078004 -33.48674552 -30.24297415
-30.62600459 -29.86968320 -30.36221940 -31.35679578 -27.18383395 -32.60078649 -27.56301937 -31.26250468 -28.28760489 -29.82204774 -33.39521459 -30.13772901
-30.58456199 -29.81465053 -30.30513799 -31.29236579 -27.10890573 -32.53405169 -27.50431988 -31.18465405 -28.21910544 -29.77317592 -33.30347824 -30.03198862
-30.54259774 -29.75908651 -30.24902647 -31.22754404 -27.03383099 -32.46656435 -27.45052672 -31.10663168 -28.17752647 -29.72470749 -33.21503535 -29.92678340
-30.50064047 -29.70719975 -30.19533509 -31.16263102 -26.95883069 -32.39887023 -27.39663466 -31.02839589 -28.13992945 -29.67598911 -33.12700825 -29.82082433
-30.45877927 -29.65547875 -30.14386790 -31.09763805 -26.88390990 -32.33099233 -27.34244974 -30.94986663 -28.10598683 -29.62696223 -33.04011602 -29.71399195
-30.41669081 -29.60536287 -30.10753211 -31.03245865 -26.80886372 -32.26259499 -27.29065012 -30.87082900 -28.07421503 -29.57797375 -32.95445911 -29.60691903
-30.37565367 -29.55778224 -30.08091758 -30.96758257 -26.73414309 -32.19452183 -27.24389646 -30.79110418 -28.04220309 -29.52753324 -32.86679817 -29.49682463
-30.33431570 -29.50991840 -30.05604065 -30.90245569 -26.65909274 -32.12621942 -27.20187493 -30.71148313 -28.01016540 -29.47720889 -32.78142022 -29.39006362
-30.29296648 -29.46470684 -30.03259125 -30.83718958 -26.58393225 -32.05787730 -27.16405739 -30.63075716 -27.97804822 -29.42665439 -32.69562184 -29.28583231
-30.25191903 -29.42003431 -30.01058584 -30.77186693 -26.50904523 -31.98964071 -27.13007062 -30.54902440 -27.94577108 -29.37550404 -32.61786550 -29.18536284
-30.21049599 -29.37502035 -29.98954253 -30.70622066 -26.43410331 -31.92115674 -27.10013045 -30.46731487 -27.91351986 -29.32455137 -32.54908023 -29.09082519
-30.16889116 -29.32988058 -29.96970503 -30.64032629 -26.35915141 -31.85255412 -27.07352742 -30.38534577 -27.88117164 -29.27359948 -32.48748501 -29.01801888
-30.12648103 -29.28393793 -29.94993924 -30.57395345 -26.28385544 -31.78342852 -27.04999429 -30.29010834 -27.84901588 -29.22336117 -32.43227465 -28.96830079
-30.08387707 -29.23762921 -29.93114377 -30.50729320 -26.20874148 -31.71354311 -27.02978124 -30.17762171 -27.81796830 -29.17305853 -32.37932660 -28.92820512
-30.04107925 -29.19138029 -29.91321571 -30.44041472 -26.13301380 -31.64356631 -27.01094139 -30.08505710 -27.78602748 -29.12285213 -32.32722410 -28.89041493
-29.99811271 -29.14504257 -29.89576087 -30.37335475 -26.05720545 -31.57352125 -26.99207960 -29.99262272 -27.75409825 -29.07262507 -32.27516542 -28.85690296
-29.95519028 -29.09883838 -29.87831877 -30.30618232 -25.98119583 -31.50704877 -26.97318121 -29.90019033 -27.72215065 -29.02211913 -32.22365352 -28.82518666
-29.91211521 -29.05251320 -29.86077734 -30.23883205 -25.90454921 -31.44458482 -26.95434038 -29.80285319 -27.69027020 -28.97153327 -32.17356158 -28.79575286
-29.86895159 -29.00596954 -29.84311945 -30.17138390 -25.82793868 -31.39131038 -26.93624600 -29.66594619 -27.65930216 -28.92076433 -32.12509463 -28.76991528
-29.82579498 -28.95977013 -29.82555136 -30.10376475 -25.75111501 -31.35442976 -26.91734646 -29.56520675 -27.62723140 -28.86981780 -32.07613687 -28.74521833
-29.78218954 -28.91320992 -29.80784473 -30.03585105 -25.67401973 -31.32048039 -26.89845428 -29.46324841 -27.59522780 -28.81914757 -32.02831325 -28.72305461
-29.73843140 -28.86658073 -29.79011703 -29.96775204 -25.59684647 -31.28704673 -26.87960426 -29.35585637 -27.56335464 -28.76840855 -31.98071194 -28.70283668
-29.69431302 -28.81970102 -29.77229252 -29.89939953 -25.51949832 -31.25351282 -26.86073136 -29.24610559 -27.53156775 -28.72371045 -31.93459726 -28.68376005
-29.64974528 -28.77247626 -29.75433240 -29.83076707 -25.44188086 -31.21984465 -26.84187866 -29.13106715 -27.49991957 -28.68777301 -31.88943767 -28.66481608
-29.60510140 -28.72523438 -29.73636786 -29.76200780 -25.36394542 -31.18603392 -26.82311543 -28.99311285 -27.46857170 -28.66114591 -31.84476356 -28.64583285
-29.56073605 -28.67840399 -29.71855841 -29.70314842 -25.28599446 -31.15230721 -26.80413876 -28.81476842 -27.43698439 -28.63613196 -31.80017779 -28.62668206
-29.51632538 -28.63165878 -29.70077464 -29.65848848 -25.20783348 -31.11855660 -26.78504339 -28.56431485 -27.40537185 -28.61328982 -31.75635927 -28.60750768
-29.47288704 -28.58399726 -29.68258736 -29.61348689 -25.12914870 -31.08464550 -26.76586331 -28.60067219 -27.37376538 -28.59164398 -31.71320116 -28.58872597
-29.43558337 -28.53711221 -29.66473411 -29.56855340 -25.05053948 -31.05083774 -26.74656853 -28.46391628 -27.34182666 -28.57134772 -31.66927459 -28.56967278
-29.40287423 -28.49050394 -29.64699854 -29.52357866 -24.97116620 -31.01700626 -26.72721587 -28.27116192 -27.30974468 -28.55199057 -31.62507051 -28.55052756
-29.37389568 -28.44388994 -29.62925347 -29.47850513 -24.89152833 -30.98315704 -26.70776758 -28.06022082 -27.27758330 -28.53400121 -31.58077788 -28.53140726
-29.34873415 -28.39671845 -29.61126151 -29.43306847 -24.81188505 -30.94938683 -26.68805337 -28.09011657 -27.24543857 -28.51718774 -31.53638817 -28.51256031
-29.32604663 -28.34973313 -29.59336333 -29.38753358 -24.73284628 -30.91566242 -26.66828306 -27.99519366 -27.21291438 -28.50140905 -31.49150834 -28.49369631
-29.30530817 -28.30298009 -29.57555508 -29.34191823 -24.65386435 -30.88193724 -26.64846528 -27.89852659 -27.18034225 -28.48669389 -31.44639153 -28.47474778
-29.28532211 -28.25626621 -29.55776267 -29.29618003 -24.57490235 -30.84818477 -26.62860907 -27.80233325 -27.14775211 -28.47304529 -31.40121515 -28.45579249
-29.26724033 -28.20951488 -29.53995762 -29.25644670 -24.49590675 -30.81439023 -26.60874330 -27.70616970 -27.11516070 -28.46037302 -31.35605500 -28.43686017
-29.24994926 -28.16282964 -29.52217674 -29.23230873 -24.41689576 -30.78057413 -26.58884508 -27.60994562 -27.08255044 -28.44876288 -31.31081598 -28.41790830
-29.23391105 -28.11642662 -29.50450591 -29.21081369 -24.33798666 -30.74677577 -26.56891185 -27.51382888 -27.04988089 -28.43796480 -31.26527593 -28.39885679
-29.21909057 -28.06989343 -29.48678623 -29.18927544 -24.25902355 -30.71291940 -26.54899082 -27.41802065 -27.01722672 -28.42827392 -31.21983726 -28.37985760
-29.20500205 -28.02349453 -29.46912054 -29.16772316 -24.18009955 -30.67905416 -26.52905371 -27.32217392 -26.98454070 -28.41908571 -31.17423792 -28.36081424
-29.19247339 -27.97702401 -29.45142887 -29.14613386 -24.10112754 -30.64514141 -26.50911989 -27.22639043 -26.95186010 -28.41117159 -31.12868166 -28.34180063
-29.18029106 -27.93066701 -29.43378357 -29.12453120 -24.02219200 -30.61121636 -26.48917065 -27.13064118 -26.91915091 -28.40332293 -31.08298316 -28.32275105
-29.16989532 -27.88429714 -29.41613615 -29.10290171 -23.94325893 -30.57725530 -26.46921624 -27.03517008 -26.88643587 -28.39702770 -31.03726622 -28.30371019
-29.15980498 -27.83792459 -29.39849022 -29.08124664 -23.86431083 -30.54326037 -26.44925689 -26.93974088 -26.85371361 -28.39073659 -30.99152108 -28.28467504
-29.15113947 -27.79153945 -29.38085472 -29.05957087 -23.78535514 -30.50923567 -26.42929026 -26.84433888 -26.82097986 -28.38444628 -30.94572525 -28.26563823
-29.14297747 -27.74509467 -29.36320775 -29.03786553 -23.70637004 -30.47517061 -26.40932238 -26.74899840 -26.78824489 -28.37816564 -30.89993479 -28.24661940
-29.13594750 -27.69867578 -29.34557344 -29.01613964 -23.62738099 -30.44107757 -26.38934697 -26.65370184 -26.75549712 -28.37188521 -30.85408692 -28.22759716
-29.12950764 -27.65221894 -29.32792746 -28.99438449 -23.54838100 -30.40694546 -26.36937705 -26.55996168 -26.72274983 -28.36561555 -30.80824213 -28.20859232
-29.12399578 -27.60575805 -29.31028285 -28.97260341 -23.46935766 -30.37278009 -26.34940687 -26.46690139 -26.68999588 -28.35935059 -30.76236887 -28.18959320
-29.11848778 -27.55929485 -29.29263972 -28.95079170 -23.39032006 -30.33858050 -26.32943332 -26.37389826 -26.65723534 -28.35308994 -30.71646857 -28.17059938
-29.11296242 -27.51282815 -29.27499784 -28.92895020 -23.31127985 -30.30434659 -26.30946093 -26.28254329 -26.62447099 -28.34683266 -30.67054122 -28.15160791
-29.10743766 -27.46634416 -29.25735222 -28.90707596 -23.23222231 -30.27007561 -26.28948879 -26.19156018 -26.59170321 -28.34058173 -30.62460169 -28.13262577
-29.10191963 -27.41988379 -29.23971824 -28.88517422 -23.15318591 -30.23577575 -26.26951413 -26.10214020 -26.55892665 -28.33433218 -30.57860832 -28.11364145
-29.09640189 -27.37339812 -29.22207759 -28.86323882 -23.07413228 -30.20143742 -26.24954113 -26.01305603 -26.52614801 -28.32809096 -30.53261080 -28.09467002
-29.09089019 -27.32692845 -29.20444526 -28.84127449 -22.99507769 -30.16706815 -26.22956198 -25.92387594 -26.49335949 -28.32185121 -30.48656840 -28.07569802
-29.08538367 -27.28046891 -29.18681903 -28.81928066 -22.91601922 -30.13266698 -26.20957702 -25.83461419 -26.46056182 -28.31561392 -30.44048639 -28.05672749
-29.07988129 -27.23401197 -29.16919620 -28.79725668 -22.83696069 -30.09823269 -26.18958978 -25.74567164 -26.42775687 -28.30938035 -30.39437176 -28.03776039
-29.07438047 -27.18754812 -29.15157345 -28.77520239 -22.75794690 -30.06376417 -26.16960745 -25.65833384 -26.39494575 -28.30315332 -30.34823122 -28.01880042
-29.06888413 -27.14108978 -29.13395498 -28.75311842 -22.67892785 -30.02926314 -26.14962174 -25.57103842 -26.36212674 -28.29692932 -30.30205490 -27.99984276
-29.06339196 -27.09463421 -29.11633983 -28.73100444 -22.59990225 -29.99472911 -26.12963354 -25.48380303 -26.32930060 -28.29070871 -30.25584559 -27.98088808
-29.05790878 -27.04813177 -29.09873583 -28.70884596 -22.52058465 -29.96015976 -26.10965395 -25.39653173 -26.29648124 -28.28448548 -30.20959842 -27.96192763
-29.05242661 -27.00157826 -29.08112652 -28.68664489 -22.44117231 -29.92554671 -26.08967959 -25.30929598 -26.26366590 -28.27826956 -30.16335037 -27.94297842
-29.04695187 -26.95503546 -29.06352653 -28.66441112 -22.36177274 -29.89089865 -26.06970233 -25.22210099 -26.23084255 -28.27205424 -30.11705592 -27.92402718
-29.04148240 -26.90848998 -29.04593114 -28.64214293 -22.28237997 -29.85621319 -26.04972365 -25.13496168 -26.19801345 -28.26584188 -30.07072826 -27.90507836
-29.03601733 -26.86194086 -29.02833955 -28.61984048 -22.20299008 -29.82149037 -26.02974166 -25.04775798 -26.16517697 -28.25963344 -30.02436814 -27.88613362
-29.03055779 -26.81539421 -29.01075391 -28.59750446 -22.12360326 -29.78673134 -26.00975512 -24.96048886 -26.13233214 -28.25342772 -29.97796934 -27.86719089
-29.02510319 -26.76884247 -28.99317202 -28.57513377 -22.04421408 -29.75193457 -25.98976567 -24.87324507 -26.09948036 -28.24722543 -29.93153903 -27.84825151
-29.01965371 -26.72228925 -28.97559483 -28.55272902 -21.96482351 -29.71710087 -25.96977191 -24.78601630 -26.06662041 -28.24102640 -29.88507352 -27.82931510
-29.01420949 -26.67573441 -28.95802242 -28.53029014 -21.88543642 -29.68223015 -25.94977524 -24.69883518 -26.03375347 -28.23483040 -29.83857318 -27.81038120
-29.00877036 -26.62917069 -28.94045298 -28.50781585 -21.80603562 -29.64732086 -25.92977485 -24.61156073 -26.00087891 -28.22863794 -29.79204415 -27.79145106
-29.00334786 -26.58288198 -28.92291415 -28.48539238 -21.73018375 -29.61243703 -25.90972502 -24.52453173 -25.96793431 -28.22243137 -29.74534014 -27.77249156
-28.99790631 -26.53570787 -28.90538286 -28.46253851 -21.64657091 -29.57724167 -25.88980996 -24.43406805 -25.93518273 -28.21629721 -29.69894657 -27.75365172
