0.00000000
160.16744149
291.30905349
401.65363347
495.59347719
575.05552564
640.96676266
693.57930205
733.17325139
759.82048295
757.50422180
754.43815166
751.11625557
747.42759093
743.51886513
739.43948116
732.86305567
720.21139209
705.60193274
703.90354815
699.43993493
690.16640250
671.09675632
651.45300477
631.68288488
611.57624639
591.31042860
570.60101793
548.96502874
526.91524041
504.78842327
482.58064088
460.29477748
437.94518236
426.38301122
426.41820445
426.41334580
426.37212270
426.29789501
426.17723130
426.01660037
425.82306105
425.60380681
425.35712990
425.08497778
424.78611562
424.46215621
424.11226663
423.73882444
423.34217835
422.92269991
422.48090354
422.01720753
421.53231126
421.02666513
420.50090401
419.95544917
419.39111497
418.80843640
418.20773143
417.59048376
416.95741657
416.30931088
415.64659698
414.97013778
414.28092951
413.57980495
412.86763090
412.14519278
411.41328987
410.67269986
409.92413354
409.16831251
408.40599214
407.63779897
406.86463999
406.08704635
405.30559325
404.52074289
403.73247620
402.94141621
402.14864973
401.35474068
400.56014151
399.76528913
398.97053563
398.17619162
397.38262308
396.58995677
395.79869550
395.00909669
394.22143599
393.43601895
392.65306960
391.87281613
391.09541117
390.32104237
389.54983886
388.78188039
388.01707870
387.25578478
386.49807134
385.74402410
384.99370423
384.24716239
383.50443953
365.39788011
365.61532695
366.61354974
367.68790447
368.75722768
369.81049800
370.80255374
370.56713352
369.87980523
369.19551055
368.51427037
366.65149899
365.49088449
362.34711385
362.37650205
362.29737591
361.80792008
361.16947559
360.53360828
359.90034686
353.53718358
353.83664003
354.12772780
349.51210238
350.34249579
350.57759443
350.68906295
350.11367461
340.50095245
341.18763664
342.38701754
342.92102888
342.42959994
341.90213651
331.79479843
333.23316358
334.67487491
335.08560080
330.14055256
330.69096915
331.22946776
330.52911426
324.32567542
323.65338344
324.47103490
323.92118929
323.49620731
323.07068885
322.64498050
321.72816692
321.42020977
320.99662874
320.38113146
319.95921913
319.53713358
319.11503873
318.69293734
318.27083064
317.84872007
317.42660703
317.00449285
316.58237883
316.16026623
315.73815625
315.31605004
314.89394874
314.47185343
314.04976513
313.62768486
313.20561357
312.78355220
312.36150163
311.93946271
311.51743627
311.09542309
310.67342392
310.25143949
309.82947048
309.39430617
308.94761843
308.49535674
308.03417914
307.53076513
306.94804874
306.31644433
304.87708164
304.50927031
304.09833861
