0.00000000
201.73380456
364.36591398
501.89944466
618.15913380
715.42316438
794.57536342
855.94185652
899.51108272
919.78326744
909.65868870
898.08816397
886.23803311
874.06074567
861.26078308
847.46513761
830.97312165
811.10921125
788.73210891
763.79563144
737.49995605
709.97050331
681.77390329
653.16419507
624.31610679
594.96679509
565.52411996
535.62819880
505.52095204
481.34108157
459.14890473
436.87861704
427.67824132
427.74004744
427.75497131
427.73369665
427.66377550
427.54981592
427.38876073
427.19859081
426.98083808
426.73419783
426.44872111
426.13893320
425.80511963
425.44753315
425.06598742
424.65930828
424.22759917
423.77410944
423.29968808
422.80487893
422.28845928
421.75276677
421.19876360
420.62710029
420.03840856
419.43340308
418.81277904
418.17704009
417.52697628
416.86346845
416.18726098
415.49922067
414.80014071
414.09075964
413.37184335
412.64418762
411.90852612
411.16520709
410.41526830
409.65940747
408.89826036
408.13256947
407.36295903
406.58995936
405.81401683
405.03562411
404.25524524
403.47327462
402.69036472
401.90702483
401.12360284
400.34042854
399.55793072
398.77636826
397.99609945
397.21733312
396.44068362
395.66623117
394.89402858
394.12430010
393.35719218
392.59289106
391.83152754
391.07322160
390.31809436
389.56623231
388.81772571
388.07264803
386.89603175
374.18788530
374.46297298
375.11444352
375.75826833
371.72922577
372.99449244
373.83190041
373.65126109
373.35284417
373.05496266
372.07739567
371.40192470
370.41920955
369.75257508
368.78258280
368.12345482
