0.00000000
0.00100000
0.00200000
0.00300000
0.00400000
0.00500000
0.00600000
0.00700000
0.00800000
0.00900000
0.01000000
0.01100000
0.01200000
0.01300000
0.01400000
0.01500000
0.01600000
0.01700000
0.01800000
0.01810000
0.01835000
0.01885000
0.01985000
0.02085000
0.02185000
0.02285000
0.02385000
0.02485000
0.02585000
0.02685000
0.02785000
0.02885000
0.02985000
0.03085000
0.03185000
0.03285000
0.03385000
0.03485000
0.03585000
0.03685000
0.03785000
0.03885000
0.03985000
0.04085000
0.04185000
0.04285000
0.04385000
0.04485000
0.04585000
0.04685000
0.04785000
0.04885000
0.04985000
0.05085000
0.05185000
0.05285000
0.05385000
0.05485000
0.05585000
0.05685000
0.05785000
0.05885000
0.05985000
0.06085000
0.06185000
0.06285000
0.06385000
0.06485000
0.06585000
0.06685000
0.06785000
0.06885000
0.06985000
0.07085000
0.07185000
0.07285000
0.07385000
0.07485000
0.07585000
0.07685000
0.07785000
0.07885000
0.07985000
0.08085000
0.08185000
0.08285000
0.08385000
0.08485000
0.08585000
0.08685000
0.08785000
0.08885000
0.08985000
0.09085000
0.09185000
0.09285000
0.09385000
0.09485000
0.09585000
0.09685000
0.09785000
0.09885000
0.09985000
0.10085000
0.10185000
0.10285000
0.10385000
0.10485000
0.10585000
0.10685000
0.10785000
0.10885000
0.10985000
0.11085000
0.11185000
0.11285000
0.11385000
0.11485000
0.11585000
0.11685000
0.11785000
0.11885000
0.11985000
0.12085000
0.12185000
0.12285000
0.12385000
0.12485000
0.12585000
0.12685000
0.12785000
0.12885000
0.12985000
0.13085000
0.13185000
0.13285000
0.13385000
0.13485000
0.13585000
0.13685000
0.13785000
0.13885000
0.13985000
0.14085000
0.14185000
0.14285000
0.14385000
0.14485000
0.14585000
0.14685000
0.14785000
0.14885000
0.14985000
0.15085000
0.15185000
0.15285000
0.15385000
0.15485000
0.15585000
0.15685000
0.15785000
0.15885000
0.15985000
0.16085000
0.16185000
0.16285000
0.16385000
0.16485000
0.16585000
0.16685000
0.16785000
0.16885000
0.16985000
0.17085000
0.17185000
0.17285000
0.17385000
0.17485000
0.17585000
0.17685000
0.17785000
0.17885000
0.17985000
0.18085000
0.18185000
0.18285000
0.18385000
0.18485000
0.18585000
0.18685000
0.18785000
0.18885000
0.18985000
0.19085000
