0.00000000
0.00100259
0.00200259
0.00300259
0.00400259
0.00500259
0.00600259
0.00700259
0.00800259
0.00900259
0.01000259
0.01100259
0.01200259
0.01300259
0.01400259
0.01500259
0.01600259
0.01700259
0.01800259
0.01900259
0.02000259
0.02100259
0.02200259
0.02300259
0.02400259
0.02500259
0.02600259
0.02700259
0.02800259
0.02900259
0.03000259
0.03100259
0.03200259
0.03300259
0.03400259
0.03500259
0.03600259
0.03700259
0.03800259
0.03900259
0.04000259
0.04100259
0.04200259
0.04300259
0.04400259
0.04500259
0.04600259
0.04700259
0.04800259
0.04900259
0.05000259
0.05100259
0.05200259
0.05300259
0.05400259
0.05500259
0.05600259
0.05700259
0.05800259
0.05900259
0.06000259
0.06100259
0.06200259
0.06300259
0.06400259
0.06500259
0.06600259
0.06700259
0.06800259
0.06900259
0.07000259
0.07100259
0.07200259
0.07300259
0.07400259
0.07500259
0.07600259
0.07700259
0.07800259
0.07900259
0.08000259
0.08100259
0.08200259
0.08300259
0.08400259
0.08500259
0.08600259
0.08700259
0.08800259
0.08900259
0.09000259
0.09100259
0.09200259
0.09300259
0.09400259
0.09500259
0.09600259
0.09700259
0.09800259
0.09900259
0.10000259
0.10100259
0.10200259
0.10300259
0.10400259
0.10500259
0.10600259
0.10700259
0.10800259
0.10900259
0.11000259
0.11100259
0.11200259
0.11300259
0.11400259
0.11500259
0.11600259
0.11700259
0.11800259
0.11900259
0.12000259
