0.00000000
0.00099965
0.00199965
0.00299965
0.00399965
0.00499965
0.00599965
0.00699965
0.00799965
0.00899965
0.00999965
0.01099965
0.01199965
0.01299965
0.01399965
0.01499965
0.01599965
0.01699965
0.01799965
0.01899965
0.01999965
0.02099965
0.02199965
0.02299965
0.02399965
0.02499965
0.02599965
0.02699965
0.02799965
0.02899965
0.02999965
0.03099965
0.03199965
0.03299965
0.03399965
0.03499965
0.03599965
0.03699965
0.03799965
0.03899965
0.03999965
0.04099965
0.04199965
0.04299965
0.04399965
0.04499965
0.04599965
0.04699965
0.04799965
0.04899965
0.04999965
0.05099965
0.05199965
0.05299965
0.05399965
0.05499965
0.05599965
0.05699965
0.05799965
0.05899965
0.05999965
0.06099965
0.06199965
0.06299965
0.06399965
0.06499965
0.06599965
0.06699965
0.06799965
0.06899965
0.06999965
0.07099965
0.07199965
0.07299965
0.07399965
0.07499965
0.07599965
0.07699965
0.07799965
0.07899965
0.07999965
0.08099965
0.08199965
0.08299965
0.08399965
0.08499965
0.08599965
0.08699965
0.08799965
0.08899965
0.08999965
0.09099965
0.09199965
0.09299965
0.09399965
0.09499965
0.09599965
0.09699965
0.09799965
0.09899965
0.09999965
0.10099965
0.10199965
0.10299965
0.10399965
0.10499965
0.10599965
0.10699965
0.10799965
0.10899965
0.10999965
0.11099965
0.11199965
0.11299965
0.11399965
0.11499965
0.11599965
0.11699965
0.11799965
0.11899965
0.11999965
0.12099965
0.12199965
0.12299965
0.12399965
0.12499965
0.12599965
0.12699965
0.12799965
0.12899965
0.12999965
0.13099965
0.13199965
0.13299965
0.13399965
0.13499965
0.13599965
0.13699965
0.13799965
0.13899965
0.13999965
0.14099965
0.14199965
0.14299965
0.14399965
0.14499965
0.14599965
0.14699965
0.14799965
0.14899965
0.14999965
0.15099965
0.15199965
0.15299965
0.15399965
0.15499965
0.15599965
0.15699965
0.15799965
0.15899965
0.15999965
0.16099965
0.16199965
0.16249965
0.16349965
0.16449965
0.16549965
0.16649965
0.16749965
0.16849965
0.16949965
0.17049965
0.17149965
0.17249965
0.17349965
0.17449965
0.17549965
0.17649965
0.17749965
0.17849965
0.17949965
0.18049965
0.18149965
0.18249965
0.18349965
0.18449965
0.18549965
0.18649965
0.18749965
0.18849965
0.18949965
0.19049965
0.19149965
