0.00000000 0.00000000 0.00000000 0.00000000 0.00000000 0.00000000 0.00000000 0.00000000 0.00000000 0.00000000 0.00000000 0.00000000
0.08790832 2.67604133 0.17910049 -33.70207271 -8.83302969 -33.77602720 -24.21329393 -2.03981884 -24.09847962 -35.19187757 -9.37025951 -35.38473582
-2.07796118 -1.65248330 -2.08310362 -59.92662514 -12.42037883 -59.97671967 -43.89459750 -7.73806890 -43.81081429 -61.25958354 -11.58985086 -61.31982705
-3.68762408 -5.03918917 -3.78512326 -82.35877921 -15.02824363 -82.41533580 -60.14362605 -12.00910087 -60.14847752 -83.83376927 -13.57556947 -83.81116456
-5.13480307 -7.76029660 -5.33006049 -101.56727261 -17.19567994 -101.61633067 -73.58942460 -15.12104713 -73.69079339 -103.15499400 -15.41060235 -103.04594429
-6.46502804 -10.07649855 -6.76069571 -117.66363601 -19.25628200 -117.71385195 -84.49732212 -17.72185596 -84.70710976 -119.31497326 -17.22567997 -119.12473721
-7.82254796 -12.05254016 -8.22304484 -130.68733592 -21.10710310 -130.74078060 -92.92138790 -20.02324801 -93.24069262 -132.32462773 -19.02721067 -132.05830693
-9.24429922 -13.85326705 -9.75406222 -140.65899605 -22.89635924 -140.70128403 -98.88365284 -22.25948325 -99.29623313 -142.18763973 -20.77793961 -141.83130325
-10.76507681 -15.56157507 -11.35223540 -147.57252848 -24.59999212 -147.58424804 -102.34972540 -24.39373868 -102.85475276 -148.87552112 -22.44808623 -148.41696021
-12.35711404 -17.21801238 -13.02397140 -151.44919878 -26.28817492 -151.48359718 -100.50190459 -26.47080151 -101.19816355 -152.27189994 -24.05071173 -151.76197682
-14.14732536 -18.83899194 -14.83153439 -147.84276772 -27.96118127 -148.16167744 -98.16166940 -28.45017305 -99.00134143 -148.18495852 -25.65039267 -147.86002465
-15.94485850 -20.44588024 -16.67154676 -143.87300995 -29.58540798 -144.27877287 -95.80168437 -30.38516943 -96.67551256 -143.91486808 -27.24350319 -143.62346148
-17.75729797 -21.98757362 -18.51483643 -139.88508300 -31.18711927 -140.39642404 -93.33489131 -32.31354325 -94.32178309 -139.62072228 -28.83034320 -139.38788671
-19.56754359 -23.48573572 -20.30040448 -135.86853803 -32.76868884 -136.49353747 -90.86469914 -34.20179720 -91.96150135 -135.32409183 -30.40873243 -135.14135892
-21.28595837 -24.97935569 -22.02744853 -131.38272089 -34.34628614 -132.33586139 -88.38672045 -36.08132582 -89.60622656 -131.00192831 -31.98070125 -130.91037600
-22.76247400 -26.47389364 -23.60821233 -126.55097690 -35.91047027 -127.82734517 -85.73614397 -37.95880193 -86.92016032 -126.67111144 -33.54387019 -126.69644686
-23.71502312 -27.96831399 -24.59191058 -121.32811685 -37.45588639 -122.91918297 -82.44947015 -39.83177555 -83.65747069 -121.92922847 -35.09850570 -122.43517807
-24.54850064 -29.45503214 -25.37738988 -115.79040314 -38.98728136 -117.82828051 -78.80732771 -40.95192798 -80.18491606 -116.67781884 -36.21750351 -117.81700568
-25.37706525 -30.44041213 -26.16595106 -110.18629173 -40.05902770 -112.46298608 -75.17596324 -41.78191865 -76.70175502 -111.23810038 -36.91145725 -112.73396668
-26.20465205 -31.04832197 -26.95190724 -104.56631965 -40.26889649 -107.10418671 -71.38408839 -42.57854201 -73.10573422 -105.76684170 -37.60578930 -107.50015170
-26.93148790 -31.63219321 -27.72887362 -98.91798903 -40.36090699 -101.77281111 -67.33703226 -43.03354344 -69.26175233 -100.13148602 -38.08457348 -102.29842037
-27.57429153 -32.21050596 -28.38003494 -93.23565580 -40.44988192 -96.46734157 -63.27272623 -43.15829621 -65.43795014 -94.22248945 -38.19462465 -97.12067350
-28.20686326 -32.79029864 -28.98508046 -87.56871956 -40.53046596 -91.13318358 -59.21635827 -43.28177357 -61.59539482 -88.33195564 -38.28284496 -91.61315707
-28.74567372 -33.36649185 -29.58862642 -81.89682077 -40.60301176 -85.79265610 -55.15566921 -43.39744112 -57.75580168 -82.43176621 -38.36060551 -86.06971407
-29.06919522 -33.94790935 -29.96526278 -76.22705349 -40.66458930 -80.45927865 -51.08406345 -43.50051305 -53.91315010 -76.52329530 -38.42276905 -80.52154785
-29.38939803 -34.52881823 -30.25348997 -70.54590857 -40.71695202 -75.12596436 -47.00703999 -43.55980698 -50.06579145 -70.60564267 -38.46193408 -74.96635175
-29.70916607 -34.82349027 -30.53796228 -64.84038745 -40.75266814 -69.80463572 -42.91211793 -43.60332135 -46.22695890 -64.66258319 -38.47632278 -69.42556119
-30.02214612 -34.89427820 -30.81505412 -59.12536357 -40.76976197 -64.47951544 -38.80632591 -43.64682008 -42.38260488 -58.70986464 -38.48569717 -63.88428738
-30.32967546 -34.95573447 -31.09048606 -53.40401853 -40.75743365 -59.11497225 -35.32824235 -43.67436785 -38.50725707 -52.78818073 -38.50071215 -58.30353749
-30.62799165 -35.04163450 -31.37039167 -47.65016134 -40.72533965 -53.54462954 -35.58217596 -43.66261746 -35.26725915 -47.02514040 -38.55072567 -52.55627382
-30.93043469 -35.08050553 -31.63169484 -41.70502205 -40.68585370 -47.98157648 -35.83896659 -43.63628291 -35.48552049 -41.06791301 -38.54818390 -46.99157808
-31.21005711 -35.12606043 -31.89012345 -36.15413780 -40.64184319 -42.37864142 -36.07680761 -43.60914144 -35.69829861 -35.43732877 -38.55210816 -41.38509415
-31.23932225 -35.18775014 -32.19721827 -36.16532386 -40.59305913 -36.50004747 -36.09794457 -43.57681828 -35.92131690 -35.44686531 -38.56468462 -35.56604115
-31.31680783 -35.22973979 -32.25554728 -36.18437629 -40.53896881 -36.51591355 -36.13289087 -43.54051819 -35.93009825 -35.48019268 -38.57300192 -35.60285642
-31.39001017 -35.26086732 -32.30941971 -36.20087105 -40.47965547 -36.52763848 -36.16498487 -43.50212338 -35.93700481 -35.50690404 -38.56914035 -35.62835975
-31.45998564 -35.28697768 -32.36096809 -36.21523657 -40.41575943 -36.53731849 -36.19505544 -43.46146499 -35.94208177 -35.52729813 -38.55758484 -35.65073452
-31.52711783 -35.31091304 -32.41135652 -36.22755008 -40.34532853 -36.54509351 -36.22299873 -43.41770641 -35.94177107 -35.54553031 -38.54343679 -35.67119311
-31.59201121 -35.33247279 -32.46058930 -36.23752706 -40.26539872 -36.55083075 -36.24905516 -43.37067028 -35.93839041 -35.56199878 -38.52668077 -35.68974406
-31.65637424 -35.35161161 -32.50861700 -36.24546889 -40.18066699 -36.55442744 -36.27309275 -43.32082045 -35.93330790 -35.57663300 -38.50720517 -35.70636693
-31.72016355 -35.36833994 -32.55457155 -36.25126891 -40.09256094 -36.55588956 -36.29501546 -43.26818405 -35.92651241 -35.58939496 -38.48491500 -35.72101116
-31.78156688 -35.38241924 -32.59906432 -36.25479321 -40.00103484 -36.55505581 -36.31477530 -43.21267206 -35.91794517 -35.60024473 -38.45973054 -35.73363196
-31.84237686 -35.39379264 -32.64214617 -36.25608279 -39.90612210 -36.55208629 -36.33225800 -43.15416438 -35.90763123 -35.60915044 -38.43157452 -35.74418143
-31.90260276 -35.40236826 -32.68358084 -36.25507940 -39.80787347 -36.54693842 -36.34738079 -43.09256044 -35.89556053 -35.61607515 -38.40037052 -35.75261926
-31.96111386 -35.40795400 -32.72360991 -36.25167104 -39.70634128 -36.53958543 -36.35967582 -43.02777998 -35.88172531 -35.62096378 -38.36605485 -35.75890301
-32.01833122 -35.41051472 -32.76156359 -36.24586462 -39.60161173 -36.52994143 -36.36944212 -42.95971646 -35.86612074 -35.62381330 -38.32855978 -35.76299635
-32.07493706 -35.40999743 -32.79754609 -36.23755473 -39.49381176 -36.51799537 -36.37654400 -42.88834359 -35.84874511 -35.62458164 -38.28783547 -35.76485935
-32.13016453 -35.40624300 -32.83192395 -36.22673135 -39.38300914 -36.50375200 -36.38101379 -42.81351909 -35.82961075 -35.62326300 -38.24382258 -35.76446345
-32.18307519 -35.39904101 -32.86464049 -36.21335964 -39.26930173 -36.48718325 -36.38276750 -42.73516242 -35.80872075 -35.61983803 -38.19647822 -35.76178286
-32.23540242 -35.38843715 -32.89577613 -36.19744351 -39.15283775 -36.46827925 -36.38165925 -42.65322378 -35.78608403 -35.61428801 -38.14578542 -35.75674758
-32.28711472 -35.37433320 -32.92513317 -36.17897101 -39.03375906 -36.44701419 -36.37764648 -42.56767041 -35.76169322 -35.60660603 -38.09172294 -35.74935095
-32.33817156 -35.35656874 -32.95270057 -36.15791401 -38.91222366 -36.42338182 -36.37061530 -42.47839436 -35.73561648 -35.59678691 -38.03427151 -35.73963373
-32.38854059 -35.33513079 -32.97801958 -36.13429259 -38.78837033 -36.39736206 -36.36046733 -42.38550233 -35.70785766 -35.58482981 -37.97337620 -35.72759476
-32.43818524 -35.30993995 -33.00154674 -36.10809575 -38.66235459 -36.36899557 -36.34709441 -42.28892411 -35.67844046 -35.57073023 -37.90921019 -35.71323131
-32.48706748 -35.28093272 -33.02319136 -36.07930831 -38.53434173 -36.33830104 -36.33038820 -42.18871843 -35.64740124 -35.55448381 -37.84160221 -35.69653802
-32.53514128 -35.24806307 -33.04296543 -36.04792149 -38.40450208 -36.30530810 -36.31024256 -42.08488074 -35.61477812 -35.53611757 -37.77063852 -35.67753170
-32.58235435 -35.21129310 -33.06078377 -36.01395348 -38.27302015 -36.27004530 -36.28656933 -41.97733651 -35.58061893 -35.51563587 -37.69643759 -35.65622676
-32.62865635 -35.17059487 -33.07656023 -35.97741058 -38.14005396 -36.23252551 -36.25925453 -41.86613188 -35.54496558 -35.49307602 -37.61906871 -35.63264643
-32.67399045 -35.12595886 -33.09020922 -35.93839469 -38.00578172 -36.19287388 -36.22833678 -41.75140404 -35.50784466 -35.46844998 -37.53862172 -35.60681810
-32.71829157 -35.07737190 -33.10163798 -35.89687045 -37.87035499 -36.15106781 -36.19365696 -41.63331930 -35.46935145 -35.44181811 -37.45510579 -35.57877305
-32.76148649 -35.02490776 -33.11069120 -35.85296903 -37.73394964 -36.10714400 -36.15527131 -41.51195785 -35.42949023 -35.41321372 -37.36872451 -35.54854658
-32.80350517 -34.96851584 -33.11720181 -35.80673001 -37.59671096 -36.06121158 -36.11302599 -41.38742657 -35.38825797 -35.38266449 -37.27961384 -35.51624121
-32.84425793 -34.90821847 -33.12128023 -35.75820620 -37.45878479 -36.01335752 -36.06707371 -41.25989263 -35.34573807 -35.35025171 -37.18794086 -35.48178043
-32.88365632 -34.84414951 -33.12282232 -35.70750415 -37.32030694 -35.96361420 -36.01731407 -41.12968350 -35.30200177 -35.31600388 -37.09385022 -35.44525964
-32.92159445 -34.77639507 -33.12173960 -35.65471312 -37.18140018 -35.91211134 -35.96375295 -40.99705408 -35.25709238 -35.27999666 -36.99749544 -35.40680522
-32.95795587 -34.70505755 -33.11794523 -35.59993101 -37.04219172 -35.85893692 -35.90642277 -40.86220737 -35.21107994 -35.24229620 -36.89903234 -35.36646677
-32.99260690 -34.63025662 -33.11135823 -35.54321193 -36.90280637 -35.80414444 -35.84536715 -40.72544027 -35.16402170 -35.20297312 -36.79857582 -35.32428674
-33.02540166 -34.55211835 -33.10209618 -35.48467188 -36.76334985 -35.74785887 -35.78065479 -40.58701129 -35.11596490 -35.16206636 -36.69631165 -35.28044907
-33.05616655 -34.47079460 -33.09000610 -35.42439514 -36.62392496 -35.69022044 -35.71235674 -40.44717134 -35.06699844 -35.11966603 -36.59239237 -35.23504697
-33.08471066 -34.38644969 -33.07506564 -35.36253334 -36.48464599 -35.63138816 -35.64060637 -40.30618122 -35.01717535 -35.07587478 -36.48694708 -35.18814669
-33.11080572 -34.29924456 -33.05750715 -35.29919075 -36.34557891 -35.57125465 -35.56553197 -40.16427932 -34.96658338 -35.03077310 -36.38010551 -35.13984588
-33.13418236 -34.20936352 -33.03712087 -35.23446736 -36.20679666 -35.51004546 -35.48726701 -40.02170441 -34.91529052 -34.98442360 -36.27201690 -35.09025275
-33.15453480 -34.11699343 -33.01428555 -35.16847314 -36.06837580 -35.44780353 -35.40602500 -39.87868344 -34.86333748 -34.93688950 -36.16289927 -35.03943461
-33.17147086 -34.02233015 -32.98869772 -35.10124923 -35.93038110 -35.38470974 -35.32193241 -39.73542752 -34.81081723 -34.88826247 -36.05294890 -34.98752820
-33.18454238 -33.92557506 -32.96077547 -35.03301036 -35.79287206 -35.32078342 -35.23525787 -39.59213578 -34.75775421 -34.83867924 -35.94230980 -34.93458544
-33.19316524 -33.82692915 -32.93026247 -34.96388112 -35.65589847 -35.25615485 -35.14624548 -39.44899308 -34.70422529 -34.78820246 -35.83112273 -34.88072411
-33.19662574 -33.72660097 -32.89743764 -34.89394282 -35.51951564 -35.19088449 -35.05591699 -39.30618044 -34.65026279 -34.73689939 -35.71953412 -34.82600860
-33.19393849 -33.62479414 -32.86203433 -34.82374232 -35.38378304 -35.12511595 -34.96367133 -39.16385116 -34.59595457 -34.68483044 -35.60772120 -34.77057622
-33.18554831 -33.52170458 -32.82410409 -34.75291696 -35.24871872 -35.05900001 -34.86965813 -39.02212706 -34.54140104 -34.63203984 -35.49583617 -34.71457278
-33.17306581 -33.41752418 -32.78369378 -34.68143917 -35.11436394 -34.99269772 -34.77404503 -38.88112293 -34.48670675 -34.57854432 -35.38399485 -34.65814874
-33.15342396 -33.31244319 -32.74074068 -34.60954862 -34.98073294 -34.92618933 -34.67713157 -38.74093741 -34.43185286 -34.52446745 -35.27230549 -34.60131411
-33.12543845 -33.20649150 -32.69550005 -34.53736683 -34.84785492 -34.85950793 -34.57919462 -38.60165322 -34.37686483 -34.46989923 -35.16086519 -34.54412275
-33.08784887 -33.09959944 -32.64812853 -34.46492102 -34.71575096 -34.79278571 -34.48030428 -38.46334301 -34.32182870 -34.41488619 -35.04976271 -34.48666869
-33.03922523 -32.99222562 -32.59849619 -34.39226459 -34.58443697 -34.72607027 -34.38119032 -38.32608949 -34.26677459 -34.35949388 -34.93909564 -34.42890363
-32.97801589 -32.88459458 -32.54664646 -34.31949142 -34.45392634 -34.65939562 -34.28222241 -38.18993846 -34.21171525 -34.30374386 -34.82892665 -34.37094282
-32.90226632 -32.77685432 -32.49267705 -34.24665416 -34.32422380 -34.59287538 -34.18296795 -38.05490449 -34.15673740 -34.24755573 -34.71931373 -34.31287210
-32.81016847 -32.66914231 -32.43667635 -34.17380166 -34.19533658 -34.52657323 -34.08356307 -37.92101440 -34.10188570 -34.19102748 -34.61030132 -34.25480658
-32.70078022 -32.56157906 -32.37874302 -34.10099539 -34.06727083 -34.46052838 -33.98416790 -37.78828816 -34.04718622 -34.13431419 -34.50193900 -34.19675085
-32.57416346 -32.45430931 -32.32020119 -34.02835508 -33.94004320 -34.39469593 -33.88501515 -37.65673978 -33.99261958 -34.07750264 -34.39426663 -34.13871137
-32.43124211 -32.34739507 -32.26044620 -33.95579722 -33.81364867 -34.32924856 -33.78608251 -37.52637393 -33.93829296 -34.02055750 -34.28731914 -34.08078287
-32.27453186 -32.24090865 -32.19941033 -33.88345443 -33.68808728 -34.26409774 -33.68777181 -37.39719802 -33.88413608 -33.96363169 -34.18112432 -34.02298732
-32.10686412 -32.13470804 -32.13859047 -33.81146151 -33.56338754 -34.19908694 -33.59113213 -37.26924632 -33.83003913 -33.90688723 -34.07571511 -33.96522870
-31.92834652 -32.02885845 -32.07862185 -33.73979130 -33.43953842 -34.13434503 -33.49528094 -37.14246743 -33.77609912 -33.85028476 -33.97109805 -33.90763225
-31.75991000 -31.92344601 -32.01892081 -33.66862790 -33.31652921 -34.06957815 -33.40083874 -37.01685298 -33.72207084 -33.79416286 -33.86729043 -33.84994169
-31.59571519 -31.81848849 -31.95877320 -33.59832306 -33.19432966 -34.00455298 -33.30823451 -36.89237865 -33.66772629 -33.73880939 -33.76430755 -33.79192327
-31.39758295 -31.71406189 -31.89849256 -33.52816546 -33.07284155 -33.93988281 -33.21657813 -36.76902441 -33.61361816 -33.68367373 -33.66214843 -33.73418175
-31.18181693 -31.61059747 -31.83847000 -33.45736814 -32.95219686 -33.87627081 -33.12494829 -36.64680690 -33.56029761 -33.62818861 -33.56081281 -33.67734665
-30.99907136 -31.50837383 -31.77839481 -33.38699969 -32.83257115 -33.81314273 -33.03420789 -36.52570680 -33.50720570 -33.57296993 -33.46032302 -33.62087438
-30.83029504 -31.41634670 -31.71855985 -33.32377069 -31.42064755 -33.75716387 -32.94261206 -36.41196566 -33.45163390 -33.51799094 -33.35957519 -33.56444565
-30.66578767 -31.32361753 -31.65923010 -33.26199892 -29.01783160 -33.70229475 -32.85258261 -36.30924257 -33.39674087 -33.46335248 -33.25917775 -33.50812166
-30.51287159 -31.22449685 -31.60052725 -33.19491427 -29.18146996 -33.64153935 -32.76525411 -36.19537129 -33.34384502 -33.40936378 -33.16087043 -33.45233041
-30.36314675 -31.12618575 -31.54220445 -33.12833192 -29.28429411 -33.58088397 -32.67915946 -36.08163470 -33.29116530 -33.35581532 -33.06345150 -33.39685445
-30.22855440 -31.04477119 -31.48504634 -33.06960946 -26.86226322 -33.52840227 -32.59071000 -35.95789937 -33.23390418 -33.30271831 -32.96631410 -33.34167563
-30.09311945 -30.94829596 -31.42736527 -33.00516768 -27.39830894 -33.46939046 -32.50689600 -35.85080665 -33.18162820 -33.25002081 -32.87023986 -33.28679258
-29.96467311 -30.85109120 -31.37023063 -32.94036326 -27.93798744 -33.40956659 -32.42452367 -35.74375175 -33.13008506 -33.19772898 -32.77514005 -33.23235138
-29.84228437 -30.75417194 -31.31402034 -32.87554025 -28.22257023 -33.34955493 -32.34349814 -35.63608754 -33.07888718 -33.14600232 -32.68098205 -33.17823425
-29.72305973 -30.65885099 -31.25893224 -32.81077848 -28.17481009 -33.28968922 -32.26324881 -35.52429201 -33.02777814 -33.09465722 -32.58783728 -33.12467620
-29.60878295 -30.56445414 -31.20449432 -32.74651228 -28.08774279 -33.23023001 -32.18401989 -35.41295323 -32.97696241 -33.04371867 -32.49548713 -33.07156066
-29.50047742 -30.47099945 -31.15064894 -32.68289780 -28.00070191 -33.17116067 -32.10589324 -35.30229286 -32.92635796 -32.99326531 -32.40390035 -33.01881386
-29.39510995 -30.37843350 -31.09748489 -32.61980235 -27.91370942 -33.11256796 -32.02874601 -35.19240528 -32.87606500 -32.94321071 -32.31305942 -32.96651906
-29.29267308 -30.28675281 -31.04499764 -32.55725228 -27.82677040 -33.05442511 -31.95259370 -35.08325183 -32.82606137 -32.89357896 -32.22295274 -32.91465630
-29.19372509 -30.19594920 -30.99321257 -32.49522166 -27.73989092 -32.99674536 -31.87740133 -34.97480931 -32.77636099 -32.84435629 -32.13356701 -32.86323977
-29.09121617 -29.90886039 -30.94562866 -32.42845626 -27.65279964 -32.94370991 -31.79743527 -34.86688442 -32.73048946 -32.79188839 -32.04480822 -32.81593405
-28.99951348 -29.82290555 -30.89555749 -32.36748771 -27.56613471 -32.88699129 -31.72419855 -34.75979832 -32.68137010 -32.74353119 -31.95682505 -32.76535855
-28.91039882 -29.73772572 -30.84580115 -32.30712971 -27.47945057 -32.83055031 -31.65198701 -34.65335561 -32.63247024 -32.69565981 -31.86952668 -32.71514955
-28.83146497 -29.45867710 -30.79415309 -32.25195298 -27.39280604 -32.77014338 -31.58598501 -34.54719967 -32.58042778 -32.65164297 -31.78300007 -32.66193067
-28.74363315 -29.37781065 -30.74690524 -32.04556063 -27.30556626 -32.71621554 -31.51194200 -34.44256976 -32.53359198 -32.60271344 -31.69710044 -32.61437350
-28.47621668 -29.29468467 -30.70128139 -31.98529408 -27.21832097 -32.66498896 -31.26815038 -34.34260355 -32.48877945 -32.55129154 -31.61202415 -32.56959021
-28.20275989 -29.21797296 -30.65655868 -31.92193273 -27.13158518 -32.61488177 -31.19672414 -34.23860638 -32.44533038 -32.50109672 -31.52716086 -32.52498228
-28.13499424 -29.13986873 -30.61095819 -31.86584750 -27.04556915 -32.56174164 -31.13157865 -34.13489952 -32.39796532 -32.45526077 -31.44306399 -32.47695320
-28.06488903 -29.06135360 -30.56833265 -31.80704340 -26.95948340 -32.51103514 -31.06371463 -34.03253358 -32.35361786 -32.40725987 -31.21165814 -32.43149838
-28.00040614 -28.98361355 -30.52393529 -31.75196802 -26.87334663 -32.45747246 -31.00026085 -33.92986673 -32.30671754 -32.36274394 -31.13079497 -32.38439297
