0.00000000 0.00000000 0.00000000 0.00000000 0.00000000 0.00000000 0.00000000 0.00000000 0.00000000 0.00000000 0.00000000 0.00000000
1.63802251 -33.24425764 -38.19854687 4.06762702 -5.41263429 -9.82083572 4.12788342 -6.26939886 -9.75528593 1.82250836 -33.55236910 -37.96077522
-0.88259217 -60.50624206 -63.98385237 0.22371980 -10.15233271 -11.89798611 0.28537639 -11.33996952 -11.86063523 -0.80014111 -60.80687438 -63.65750637
-2.62840087 -83.25292575 -86.33215547 -3.08691033 -13.41404849 -13.85843770 -2.98572682 -14.79117971 -13.84215785 -2.62296068 -83.56496425 -85.91532640
-4.21782540 -102.57564993 -105.50756074 -5.85224440 -15.93307647 -15.75671670 -5.73604996 -17.55903537 -15.77501338 -4.26758378 -102.81716605 -104.92060815
-5.57390984 -118.66632101 -121.53465897 -8.28394891 -18.13628053 -17.60182176 -8.17058967 -20.04168957 -17.65311600 -5.71052164 -118.86218376 -120.79077415
-6.94896465 -131.60257982 -134.39472910 -10.33329428 -20.17063825 -19.43261871 -10.18819952 -22.34659431 -19.50563694 -7.18069679 -131.82020880 -133.56337563
-8.40272523 -141.44292012 -144.10632036 -12.22272556 -22.09827603 -21.19502975 -12.02878350 -24.57781010 -21.26671786 -8.72236810 -141.71019085 -143.21162310
-9.95639886 -148.18989126 -150.59651207 -14.02653031 -23.89281082 -22.90965182 -13.76907492 -26.70462690 -22.99269456 -10.32669917 -148.50420610 -149.62088459
-11.65992313 -151.66341711 -153.35350106 -15.82200235 -25.66077683 -24.63113331 -15.47939534 -28.71863647 -24.69780007 -11.95362023 -152.18350902 -152.86355249
-13.63370734 -147.40694507 -148.77096504 -17.59719539 -27.42059543 -26.36371679 -17.15400159 -30.68500914 -26.36224547 -13.64285951 -149.52355359 -149.49508117
-15.50540263 -143.28366282 -144.41861200 -19.35235636 -29.13065017 -28.06485091 -18.84053239 -32.65296256 -28.05208953 -15.45594132 -145.72915906 -145.37197682
-17.37516947 -139.15166181 -140.06208160 -21.05377998 -30.81304058 -29.75621961 -20.52448349 -34.60329441 -29.73214268 -17.26660216 -141.92570046 -141.24133804
-19.23976657 -135.01423908 -135.70584655 -22.70642419 -32.46982262 -31.43742720 -22.11639957 -36.53953065 -31.40342937 -19.04555116 -138.10320206 -137.09758368
-21.01727141 -130.85321004 -131.34089473 -24.35690188 -34.10750932 -33.10875219 -23.70531746 -38.46388742 -33.06347014 -20.75475375 -134.26573025 -132.94834986
-22.57625132 -126.22917630 -126.68055449 -26.00084990 -35.73755843 -34.72753168 -25.27972606 -40.36540370 -34.69454595 -22.41056386 -130.52154209 -128.90393488
-23.49797708 -120.66502369 -121.00953566 -27.64584055 -37.35877890 -35.52179422 -26.84194400 -42.01007403 -35.39421287 -23.78136914 -126.40761457 -124.98558478
-24.37176107 -115.16854352 -115.35849494 -28.82623907 -38.93657325 -35.67234507 -28.37221276 -42.69451699 -35.51875366 -24.53069472 -121.59483687 -120.53966911
-25.25299672 -109.28479985 -109.32986291 -29.47690643 -40.03932953 -35.79843317 -29.26431793 -43.00172906 -35.62298150 -25.26013868 -116.82359673 -115.58581578
-26.12328702 -103.41666264 -103.22396585 -30.11380073 -40.50972107 -35.89597052 -29.88366442 -43.15185744 -35.72087950 -25.99043617 -111.67900736 -110.59053741
-26.98718546 -97.53746482 -97.10300909 -30.74425000 -40.61187119 -35.96550468 -30.50099548 -43.29942047 -35.80709938 -26.71657642 -106.52322254 -105.44594656
-27.68602286 -91.65125620 -90.96861634 -31.37400983 -40.70527681 -36.01322119 -31.11760699 -43.43483842 -35.85676582 -27.43724056 -101.37408954 -100.11587542
-28.34943025 -85.74586714 -84.82706612 -32.00097128 -40.79068414 -36.04697866 -31.73252502 -43.56470183 -35.86758839 -28.15321711 -96.22273193 -94.78320415
-28.85978101 -79.83117750 -78.67304505 -32.62552035 -40.86444506 -36.07351832 -32.34312412 -43.68392990 -35.87273069 -28.85546528 -91.07617225 -89.45427040
-29.19140865 -73.90733717 -72.50395881 -32.98933531 -40.91405304 -36.09811483 -32.89298989 -43.77665521 -35.87527510 -29.40998946 -85.94100768 -84.13654477
-29.52116847 -67.95488757 -66.30475279 -33.03956435 -40.94246624 -36.12203573 -33.31355474 -43.82689501 -35.87335839 -29.77897938 -80.83432737 -78.83693168
-29.84612055 -62.00956923 -60.11895310 -33.08595481 -40.95753691 -36.14441757 -33.45101738 -43.84473006 -35.87320574 -30.01936768 -75.71398706 -73.52079688
-30.16664961 -56.05921414 -53.93309601 -33.13277149 -40.95737984 -36.16495630 -33.51808458 -43.85006296 -35.86857493 -30.25709541 -70.58216774 -68.19726218
-30.48178481 -50.10087485 -47.74410172 -33.17657642 -40.94193106 -36.18317668 -33.57839429 -43.84473266 -35.86012251 -30.49142481 -65.44404078 -62.87041144
-30.78740942 -44.13414700 -41.55059721 -33.21441034 -40.91158611 -36.19886595 -33.63776293 -43.82630687 -35.84865541 -30.72195736 -60.30185584 -57.54274456
-31.08859053 -38.16252128 -35.40101835 -33.24879876 -40.87341021 -36.21195843 -33.69574617 -43.80449780 -35.83640082 -30.94996382 -55.14885915 -52.20574364
-31.16340316 -37.94605784 -35.57321581 -33.41529635 -40.82978224 -36.23054272 -33.76483658 -43.77751048 -35.97173215 -31.37823926 -48.89402213 -45.76528061
-31.22363528 -37.95815202 -35.68463426 -33.57922719 -40.77919061 -36.24802141 -33.83409096 -43.74384915 -36.15645325 -31.82185248 -42.37621600 -39.06316972
-31.23981201 -37.96271677 -35.69002359 -33.58643947 -40.72781557 -36.24182710 -33.90489738 -43.70408807 -36.15468327 -32.03357288 -39.05613845 -35.59546854
-31.31075325 -37.97357650 -35.73794505 -33.63136206 -40.66287265 -36.25901971 -33.96480923 -43.66244299 -36.15641774 -32.08293091 -39.05814282 -35.62617649
-31.37902757 -37.97988483 -35.77941971 -33.67115172 -40.59360098 -36.26708996 -34.01996757 -43.61852016 -36.14833752 -32.12456205 -39.05763049 -35.65048979
-31.44492676 -37.98347919 -35.81597064 -33.70495905 -40.52018291 -36.26541971 -34.06997478 -43.57208094 -36.13598016 -32.16452796 -39.05464384 -35.67235894
-31.50887173 -37.98411511 -35.84888436 -33.73592642 -40.44151272 -36.26132837 -34.11803484 -43.52271993 -36.12181567 -32.20305088 -39.04914134 -35.69231406
-31.57163159 -37.98165277 -35.88004443 -33.76525902 -40.35896002 -36.25501516 -34.16458452 -43.47024433 -36.10574320 -32.24028786 -39.03953809 -35.71034018
-31.63272659 -37.97597371 -35.90936187 -33.79289964 -40.27260440 -36.24645112 -34.20956941 -43.41227795 -36.08767792 -32.27619896 -39.02612326 -35.72639747
-31.69340975 -37.96698734 -35.93677047 -33.81879467 -40.18235645 -36.23555327 -34.25291673 -43.35119047 -36.06772782 -32.31069431 -39.01008069 -35.74044160
-31.75175242 -37.95430504 -35.96219196 -33.84275456 -40.08820062 -36.22228362 -34.29458312 -43.28708759 -36.04589079 -32.34373318 -38.99134494 -35.75242705
-31.80986329 -37.93806672 -35.98554918 -33.86482157 -39.99020695 -36.20660146 -34.33446524 -43.21986137 -36.02216507 -32.37528785 -38.96982637 -35.76230954
-31.86654274 -37.91813066 -36.00679154 -33.88474242 -39.88800436 -36.18843951 -34.37227571 -43.14938807 -35.99657003 -32.40529459 -38.94546054 -35.77004020
-31.92227050 -37.89440183 -36.02555823 -33.90251657 -39.78197084 -36.16784699 -34.40798365 -43.07557500 -35.96909432 -32.43373482 -38.91814611 -35.77557896
-31.97778678 -37.86672211 -36.04195959 -33.91819464 -39.67251010 -36.14477719 -34.44151665 -42.99836638 -35.93975535 -32.46054419 -38.88782010 -35.77888249
-32.03308138 -37.83504754 -36.05604006 -33.93170225 -39.55970000 -36.11918003 -34.47281413 -42.91769983 -35.90857600 -32.48568572 -38.85441074 -35.77991476
-32.08817136 -37.79925027 -36.06772517 -33.94288608 -39.44365016 -36.09103910 -34.50147129 -42.83350041 -35.87558713 -32.50912991 -38.81786563 -35.77864238
-32.14301665 -37.75918977 -36.07692849 -33.95177134 -39.32451781 -36.06035281 -34.52780334 -42.74566868 -35.84080700 -32.53083447 -38.77811462 -35.77503654
-32.19760293 -37.71476952 -36.08356993 -33.95828443 -39.20245431 -36.02712382 -34.55168273 -42.65439321 -35.80427058 -32.55076835 -38.73510421 -35.76907132
-32.25191266 -37.66588568 -36.08751668 -33.96235449 -39.07763222 -35.99137621 -34.57296325 -42.55942804 -35.76601178 -32.56889395 -38.68878246 -35.76072535
-32.30590818 -37.61239849 -36.08865234 -33.96400398 -38.95024145 -35.95314497 -34.59195760 -42.46087439 -35.72606158 -32.58518280 -38.63910151 -35.74997876
-32.35817584 -37.55442879 -36.08705755 -33.96283780 -38.82042599 -35.91242583 -34.60819456 -42.35872477 -35.68447531 -32.59962267 -38.58600899 -35.73681696
-32.40972237 -37.49182755 -36.08264133 -33.95910037 -38.68844709 -35.86927554 -34.62202583 -42.25292162 -35.64128980 -32.61217500 -38.52947362 -35.72122382
-32.46096343 -37.42460846 -36.07532521 -33.95282125 -38.55451704 -35.82372066 -34.63318605 -42.14331640 -35.59657455 -32.62278769 -38.46955450 -35.70320941
-32.51187644 -37.35276611 -36.06505133 -33.94395369 -38.41882588 -35.77581088 -34.64149985 -42.02989906 -35.55039896 -32.63135378 -38.40624931 -35.68277915
-32.56244619 -37.27629721 -36.05175618 -33.93251316 -38.28156318 -35.72561669 -34.64697575 -41.91295893 -35.50279839 -32.63792318 -38.33959754 -35.65995330
-32.61266590 -37.19526023 -36.03538057 -33.91843995 -38.14291459 -35.67320920 -34.64927983 -41.79266535 -35.45384163 -32.64254684 -38.26966714 -35.63476048
-32.66252701 -37.10970333 -36.01586857 -33.90168948 -38.00306344 -35.61866554 -34.64805943 -41.66921350 -35.40355895 -32.64521064 -38.19654652 -35.60724337
-32.71197231 -37.01975829 -35.99318070 -33.88235656 -37.86220778 -35.56206474 -34.64334236 -41.54280938 -35.35198174 -32.64590534 -38.12023804 -35.57741870
-32.76096757 -36.92558178 -35.96729107 -33.86045118 -37.72053201 -35.50351913 -34.63481929 -41.41364355 -35.29916891 -32.64463017 -38.04085247 -35.54536950
-32.80948135 -36.82745391 -35.93814660 -33.83599030 -37.57821532 -35.44310081 -34.62210714 -41.28193075 -35.24523785 -32.64138313 -37.95849016 -35.51111623
-32.85744220 -36.72589065 -35.90584572 -33.80897463 -37.43546056 -35.38089188 -34.60514943 -41.14787353 -35.19019156 -32.63614869 -37.87314677 -35.47471741
-32.90483764 -36.62088077 -35.87031624 -33.77939921 -37.29239414 -35.31704914 -34.58387270 -41.01173250 -35.13408635 -32.62894314 -37.78492706 -35.43624210
-32.95163335 -36.51270520 -35.83161800 -33.74738289 -37.14916223 -35.25165244 -34.55829477 -40.87374827 -35.07698469 -32.61977321 -37.69400214 -35.39575085
-32.99780839 -36.40145483 -35.78978555 -33.71286545 -37.00589417 -35.18478765 -34.52847578 -40.73417539 -35.01898291 -32.60865370 -37.60060769 -35.35333419
-33.04333139 -36.28731750 -35.74486328 -33.67592595 -36.86270817 -35.11661752 -34.49454118 -40.59327410 -34.96011673 -32.59560921 -37.50493887 -35.30909424
-33.08816390 -36.17067152 -35.69690800 -33.63662357 -36.71970636 -35.04724773 -34.45657805 -40.45130299 -34.90049304 -32.58067315 -37.40721885 -35.26313333
-33.13226300 -36.05183233 -35.64598375 -33.59502999 -36.57697860 -34.97679974 -34.41467390 -40.30852134 -34.84013823 -32.56385898 -37.30765835 -35.21553127
-33.17555935 -35.93107859 -35.59237317 -33.55123603 -36.43463035 -34.90541488 -34.36885112 -40.16515462 -34.77918486 -32.54529927 -37.20644629 -35.16633285
-33.21798538 -35.80872905 -35.53607486 -33.50535653 -36.29273186 -34.83317841 -34.31874528 -40.02144104 -34.71760032 -32.52496555 -37.10377325 -35.11572075
-33.25947140 -35.68505558 -35.47722726 -33.45739097 -36.15135721 -34.76014880 -34.26440469 -39.87758004 -34.65554016 -32.50296047 -36.99984392 -35.06379797
-33.29994942 -35.56029091 -35.41596027 -33.40745362 -36.01057015 -34.68610558 -34.20610954 -39.73378029 -34.59303365 -32.47930867 -36.89489814 -35.01065977
-33.33929578 -35.43477425 -35.35246417 -33.35569763 -35.87044658 -34.61123585 -34.14355889 -39.59019944 -34.53017567 -32.45406637 -36.78904657 -34.95636799
-33.37740383 -35.30877395 -35.28691064 -33.30225079 -35.73103621 -34.53570108 -34.07678230 -39.44699026 -34.46702549 -32.42731270 -36.68245580 -34.90105534
-33.41415272 -35.18252661 -35.21954077 -33.24722264 -35.59238908 -34.45964198 -34.00627379 -39.30428378 -34.40363187 -32.39910063 -36.57529053 -34.84482556
-33.44938842 -35.05628326 -35.15082786 -33.19075691 -35.45455968 -34.38326777 -33.93204293 -39.16219524 -34.34001994 -32.36949290 -36.46766534 -34.78775403
-33.48296450 -34.93018357 -35.08064339 -33.13296139 -35.31754977 -34.30664354 -33.85430315 -39.02085225 -34.27625308 -32.33858191 -36.35979407 -34.72997597
-33.51469376 -34.80435313 -35.00913766 -33.07390929 -35.18137554 -34.22983984 -33.77375538 -38.88036202 -34.21238472 -32.30644767 -36.25186404 -34.67161075
-33.54433075 -34.67898141 -34.93650555 -33.01377285 -35.04606438 -34.15293616 -33.69016781 -38.74079773 -34.14844986 -32.27317521 -36.14397427 -34.61273593
-33.57159366 -34.55414798 -34.86288300 -32.95257586 -34.91161958 -34.07599053 -33.60468994 -38.60224691 -34.08450080 -32.23896598 -36.03629648 -34.55346917
-33.59610594 -34.42999144 -34.78844615 -32.89052946 -34.77805773 -33.99906995 -33.51680432 -38.46475479 -34.02056695 -32.20380704 -35.92892584 -34.49388718
-33.61738114 -34.30646523 -34.71326016 -32.82762985 -34.64535168 -33.92220753 -33.42773657 -38.32840423 -33.95670686 -32.16782594 -35.82209836 -34.43412496
-33.63478608 -34.18376491 -34.63753759 -32.76410929 -34.51353230 -33.84547332 -33.33693369 -38.19320151 -33.89293703 -32.13106786 -35.71580936 -34.37416781
-33.64741176 -34.06179304 -34.56130793 -32.69995975 -34.38255749 -33.76888302 -33.24558189 -38.05921766 -33.82933249 -32.09365451 -35.61029655 -34.31405568
-33.65397135 -33.94066232 -34.48468855 -32.63539793 -34.25243978 -33.69249315 -33.15319401 -37.92646180 -33.76589853 -32.05558019 -35.50558714 -34.25387774
-33.65243217 -33.82040847 -34.40777119 -32.57051396 -34.12316994 -33.61634194 -33.05995571 -37.79493992 -33.70265943 -32.01698562 -35.40175821 -34.19371623
-33.63916319 -33.70092536 -34.33058965 -32.50543498 -33.99470045 -33.54043457 -32.96611646 -37.66469717 -33.63965991 -31.97798928 -35.29899740 -34.13372228
-33.60652094 -33.58204046 -34.25304654 -32.44013406 -33.86696097 -33.46476350 -32.87191578 -37.53578638 -33.57695392 -31.93874378 -35.19754569 -34.07407362
-33.52918542 -33.46301329 -34.17467045 -32.37478588 -33.73970019 -33.38920283 -32.77761881 -37.40840635 -33.51468239 -31.89957256 -35.09816058 -34.01532876
-32.94920311 -33.32910704 -34.08454158 -32.31012733 -33.60859731 -33.31092137 -32.68536870 -37.28652547 -33.45489262 -31.86504464 -35.01418574 -33.96579396
-31.49663286 -33.17867266 -33.98095092 -32.24456143 -33.47311867 -33.22850881 -32.59601732 -37.17070204 -33.39662575 -31.83461682 -34.94714040 -33.92560826
-31.41909033 -33.06682706 -33.90554138 -32.18052548 -33.34910264 -33.15524041 -32.50132679 -37.04588877 -33.33542979 -31.79572520 -34.84771236 -33.86699483
-31.69004884 -32.96296057 -33.83560791 -32.11658308 -33.22800496 -33.08372611 -32.40585415 -36.92032580 -33.27375802 -31.75317341 -34.74298888 -33.80409395
-31.88466170 -32.85762128 -33.76447850 -32.05243578 -33.10721204 -33.01179791 -32.31132120 -36.79656981 -33.21180211 -31.71087678 -34.64134741 -33.74259994
-31.78981916 -32.74683136 -33.68949658 -31.98760031 -32.98553797 -32.93912740 -32.21877004 -36.67567360 -33.15095568 -31.67052558 -34.54631168 -33.68502858
-31.68005047 -32.63548844 -33.61402351 -31.92311521 -32.86423916 -32.86664172 -32.12727154 -36.55626315 -33.09065062 -31.63070616 -34.45367346 -33.62876170
-31.54000911 -32.52391524 -33.53837510 -31.85925598 -32.74340036 -32.79443526 -32.03678842 -36.43818464 -33.03083870 -31.59132798 -34.36307702 -33.57359187
-31.24250777 -32.40589649 -33.45860114 -31.79743329 -32.62134421 -32.72149796 -31.94794426 -36.32277368 -32.97236477 -31.55415719 -34.27949272 -33.52266258
-30.76764836 -32.29042601 -33.38081598 -31.73285105 -32.49972427 -32.64914508 -31.85988271 -36.20799486 -32.91380543 -31.51695355 -34.19528637 -33.47129885
-30.27903124 -32.18141911 -33.30737597 -31.66651512 -32.37993553 -32.57786105 -31.77223983 -36.09296408 -32.85517651 -31.47849056 -34.10749859 -33.41752370
-30.08808184 -32.08286524 -33.24018708 -31.60037692 -32.26356769 -32.50908186 -31.68453740 -35.97691464 -32.79560307 -31.43733264 -34.01362455 -33.35993286
-29.89673279 -31.96406228 -33.15288136 -31.56543629 -28.43484094 -32.42579136 -31.60500584 -35.89385406 -32.73410192 -31.40449111 -33.94168314 -33.31685517
-29.73683539 -31.86691648 -33.08702404 -31.50135644 -28.59212621 -32.36068101 -31.51944627 -35.78286445 -32.67584853 -31.36411327 -33.85017916 -33.26071745
-29.58910726 -31.77018364 -33.02141909 -31.43748021 -28.76324007 -32.29543826 -31.43508290 -35.67261868 -32.61788085 -31.32374980 -33.76006193 -33.20514998
-29.46519873 -31.67498087 -32.95704692 -31.37453579 -28.96724448 -32.23072274 -31.35170160 -35.56272474 -32.55961525 -31.28337519 -33.67035260 -33.14967809
-29.34544043 -31.58078144 -32.89350653 -31.31195692 -29.19392942 -32.16648108 -31.26948484 -35.45320193 -32.50165539 -31.24329020 -33.58153563 -33.09470379
-29.21256546 -31.46872763 -32.81259025 -31.25935860 -25.49035542 -32.10097254 -31.19290247 -35.37207756 -32.44352937 -31.21098908 -33.51283964 -33.05275189
-29.10634912 -31.37892004 -32.75179618 -31.19985461 -25.95715322 -32.03989522 -31.11269448 -35.26705739 -32.38641990 -31.17130677 -33.42383810 -32.99796819
-29.00134281 -31.28743427 -32.68993623 -31.14112813 -26.13557475 -31.97700390 -31.03420211 -35.16217090 -32.32931427 -31.13245514 -33.33799224 -32.94484871
-28.90029746 -31.19655363 -32.62945068 -31.08253166 -26.31554857 -31.91335111 -30.95698301 -35.05589816 -32.27254533 -31.09369886 -33.25275560 -32.89200850
-28.79953831 -30.43309746 -32.55850119 -31.02310614 -26.59821948 -31.84913946 -30.88250735 -34.95066490 -32.21757205 -31.05846640 -33.17975273 -32.84694958
-28.70442216 -30.04498253 -32.49532969 -30.96472915 -26.87976489 -31.78519761 -30.80853255 -34.84564020 -32.16214598 -31.02223351 -33.10180603 -32.79820352
-28.61595332 -29.92279707 -32.43792454 -30.90764999 -27.15704274 -31.72252242 -30.73481704 -34.73999708 -32.10631808 -30.98474543 -33.01851776 -32.74653081
-28.51649086 -28.91658487 -32.36431782 -30.84518721 -27.12374993 -31.65031093 -30.66635770 -34.64022280 -32.05177639 -30.95567546 -32.95473289 -32.70557447
-28.43484496 -29.11450023 -32.31312281 -30.78868508 -27.03950300 -31.58982846 -30.59403880 -34.53395243 -31.99723060 -30.91742775 -32.86952371 -32.65371687
-28.35255058 -29.08237493 -32.25864376 -30.73227739 -26.95408800 -31.52876836 -30.52353767 -34.42881053 -31.94325199 -30.88070402 -32.78854750 -32.60370013
-28.27207792 -29.01688104 -32.20388896 -30.67630359 -26.86853176 -31.46749900 -30.45422550 -34.32444152 -31.88949171 -30.84458296 -32.70893817 -32.55442429
-28.19402933 -28.95187154 -32.14976163 -30.62087032 -26.78307045 -31.40661160 -30.38592794 -34.22056967 -31.83553749 -30.80875260 -32.62984344 -32.50541605
-28.08092611 -26.09654706 -32.05936101 -30.55089158 -26.68175694 -31.32711438 -30.31690122 -34.13225203 -31.77911467 -30.77102224 -32.60222901 -32.46907971
-28.01273096 -26.46210385 -32.01177726 -30.50091606 -26.59739755 -31.27128775 -30.25930606 -34.02746779 -31.73178202 -30.75401584 -32.51899073 -32.43459332
-27.94840318 -26.80768201 -31.96655491 -30.44944016 -26.51376471 -31.21482553 -30.19314982 -33.92233836 -31.67890873 -30.71728972 -32.43394620 -32.38294451
-27.88565111 -27.14638189 -31.92120228 -30.39792327 -26.43017755 -31.15821199 -30.12759760 -33.81768681 -31.62617859 -30.68054431 -32.34957892 -32.33142208
-27.81992131 -27.21037678 -31.87237369 -30.34546623 -26.34544368 -31.10004404 -30.06370360 -33.71537177 -31.57347571 -30.64555161 -32.27096172 -32.28296517
-27.75405556 -27.16449127 -31.82264753 -30.29310622 -26.26030739 -31.04174937 -30.00108816 -33.61424147 -31.52114164 -30.61166160 -32.19498103 -32.23614965
-27.68984965 -27.11858312 -31.77351669 -30.24120652 -26.17525858 -30.98382737 -29.93937908 -33.51353121 -31.46908618 -30.57813776 -32.11958753 -32.18975878
-27.05649737 -27.06454637 -31.71749072 -30.18866915 -26.07366172 -30.26834463 -29.89438940 -29.53206701 -31.41331836 -30.55485598 -31.25480742 -32.14547141
-26.60438532 -27.01115877 -31.66071055 -30.13531676 -25.98233266 -30.25471674 -29.83588620 -30.57830880 -31.36678905 -30.52728638 -31.20219872 -32.10664420
-26.43520071 -26.96679254 -31.61569737 -30.08464290 -25.89463794 -30.08565042 -29.77571279 -31.63050462 -31.32022448 -30.49717111 -30.72883390 -32.05995549
-26.14676817 -26.91648395 -31.56372133 -30.03261863 -25.80325880 -29.23488503 -29.71819682 -31.62103469 -31.27183381 -30.47155328 -30.47072933 -32.01892132
-25.95542728 -26.86233516 -31.51290669 -29.98229358 -25.71373368 -28.57581350 -29.66032652 -31.54611654 -31.22787999 -30.44178982 -30.57092645 -31.98054296
-25.78347446 -26.81796206 -31.47178952 -29.93523243 -25.62674360 -27.94615985 -29.60035457 -31.46508975 -31.18788331 -30.40499583 -30.50278060 -31.92759562
-25.61328681 -26.76883072 -31.42598016 -29.88681296 -25.54142504 -28.27643876 -29.54397267 -31.38848243 -31.14021500 -30.37462258 -30.44769954 -31.88740343
-25.45071906 -26.71831229 -31.37964978 -28.98584881 -25.45580880 -28.25010924 -28.31631919 -31.32082118 -30.04888995 -30.34900548 -27.98257593 -31.84736944
-25.29370170 -26.67868775 -31.34128459 -28.07933387 -25.37411211 -28.22138141 -28.43694084 -31.24424405 -29.46597026 -30.31499109 -28.49024408 -31.80100480
-25.27081167 -26.63586520 -31.29816571 -28.53814661 -25.28794188 -28.18867198 -28.01285701 -31.16857037 -29.93381133 -30.28504906 -28.92178150 -31.50081451
-25.11180861 -26.57564464 -30.63327125 -28.52724593 -25.19190732 -28.15476121 -28.05489503 -31.11464940 -27.95966385 -30.26516654 -29.08791452 -31.22382312
-25.09340927 -26.52618116 -30.34056733 -28.49074036 -25.10569422 -28.12196131 -28.01825684 -31.03528941 -28.38380847 -30.23829052 -29.04872778 -30.81757312
-24.94623262 -26.48065800 -30.10642747 -28.45520233 -25.02353649 -28.09193075 -27.98096290 -30.95491383 -28.72193773 -30.20839019 -29.00442620 -30.66215192
-24.80204994 -26.43420692 -30.07678870 -28.41944347 -24.94043057 -28.05970742 -27.94407635 -30.87514693 -28.76834864 -30.17887612 -28.95956779 -30.50921530
-24.78879958 -26.38314021 -30.04518789 -28.38040629 -24.85670744 -28.02630992 -27.22173864 -30.79539622 -28.73899593 -30.15440375 -28.91939195 -30.12130811
-24.65347396 -26.34786154 -30.02364774 -28.34786356 -24.77944966 -27.99567660 -27.18647112 -30.71085277 -28.70449343 -30.11869312 -28.86514811 -29.59727908
-24.64330312 -26.30205499 -29.99511682 -28.31471398 -24.69751010 -27.96314826 -27.02683488 -30.63138623 -28.67246527 -30.09031771 -28.82004179 -29.59887106
-24.50938408 -26.25078165 -28.63284521 -28.27989684 -24.61038588 -27.93028103 -26.74146232 -30.55465639 -28.64032780 -30.06555565 -28.78271173 -29.46021758
-24.50158939 -26.20822864 -28.93517019 -28.24796627 -24.52985434 -27.89895633 -26.59152078 -30.47234541 -28.60768255 -30.03448727 -28.73302747 -29.43649654
-24.49392547 -26.16855084 -28.92055531 -28.21638849 -24.44974555 -27.86752655 -26.44799420 -30.38956802 -28.57354127 -30.00212493 -28.68207217 -29.29443633
-24.48651605 -26.11934244 -28.90254046 -26.29885249 -24.37698901 -27.83467171 -26.43466107 -30.30750122 -28.54106559 -29.97517924 -28.63919902 -29.15961762
-24.47891572 -26.07755731 -28.88673203 -26.74315531 -24.29190488 -27.80180518 -26.41489720 -30.22572774 -28.50565663 -29.94487888 -28.58943102 -29.02532554
-24.47037834 -26.03085918 -28.86940682 -26.96883541 -24.20688544 -27.76878753 -26.39573873 -30.14558162 -28.47374747 -29.91773191 -28.54401197 -29.00689006
-24.46418235 -26.00068690 -28.85714181 -26.94660825 -24.13184131 -27.73707268 -26.37496504 -30.05739860 -28.43725846 -28.34362337 -28.48339693 -28.97987676
-24.45501008 -25.94902052 -28.83804416 -26.92431733 -24.04748039 -27.70348762 -26.35661240 -29.97899105 -28.40646873 -28.81969829 -28.44272354 -28.96358763
-24.44657117 -25.90137704 -28.82058782 -26.90240693 -23.96501064 -27.67074307 -26.33774514 -29.89872645 -28.37499819 -28.80823738 -28.39797999 -28.94573129
-24.43810430 -25.85405926 -28.80316225 -26.88029560 -23.88319255 -27.63779586 -26.31864115 -29.81641943 -28.34336261 -28.79156334 -28.35285972 -28.92762003
-24.42960435 -25.80687075 -28.78569392 -26.85797129 -23.79917760 -27.60471963 -26.29941835 -29.72966730 -28.31200416 -28.77496245 -28.30783692 -28.90934403
-24.42146644 -25.76237256 -28.76890877 -26.83555447 -23.70719719 -27.57152381 -26.28058127 -28.78573887 -28.27996287 -28.75769567 -28.26106458 -28.88970169
-24.41314240 -25.71759457 -28.75232679 -26.81296178 -23.51443785 -27.53891373 -26.26128667 -27.73946843 -28.24832351 -28.74043297 -28.21407205 -28.87031062
-24.40480354 -25.67121840 -28.73503354 -26.79049389 -23.42619304 -27.50577420 -26.24191880 -27.46448028 -28.21711694 -28.72418695 -28.16854360 -28.85159725
-24.39647463 -25.62473725 -28.71771033 -26.76796190 -23.33772137 -27.47261609 -26.22216382 -27.18362158 -28.18580356 -28.70801670 -28.12292257 -28.83290261
-24.38812632 -25.57824281 -28.70037499 -26.74530811 -23.24902493 -27.43940374 -26.20221571 -26.88929300 -28.15438451 -28.69197610 -28.07716754 -28.81423575
-24.37972159 -25.53177290 -28.68303860 -26.72257645 -23.16020507 -27.40617703 -26.18211400 -26.52829921 -28.12271563 -28.67603171 -28.03128479 -28.79558548
-24.37140100 -25.48573202 -28.66579334 -26.69986541 -23.07115475 -27.37298737 -26.16180170 -26.11410287 -28.09084367 -28.66008989 -27.98489737 -28.77678350
-24.36514598 -25.45444503 -28.65269809 -26.67728151 -22.98702443 -27.34104119 -26.13901002 -25.81723554 -28.05541461 -27.38594349 -27.92408552 -28.75148616
-24.35619160 -25.40267016 -28.63400606 -26.65454275 -22.67245313 -27.30775710 -26.11952885 -26.17528427 -28.02473397 -27.61685798 -27.88237837 -28.73494807
-24.35226655 -25.38017516 -28.62565669 -26.64332189 -22.66652269 -27.29138786 -26.10935394 -25.79833988 -28.00935705 -27.61338482 -27.85871474 -28.72565345
-24.34443573 -25.33653271 -28.60901562 -26.62068325 -22.56907351 -27.25839476 -26.08817010 -24.65174630 -27.97776909 -27.60604090 -27.81001351 -28.70625532
-24.33611084 -25.28925650 -28.59142177 -26.59802501 -22.47752705 -27.22517161 -26.06785434 -24.73466331 -27.94630858 -27.59952023 -27.76448763 -28.68840237
-24.32772216 -25.24153929 -28.57372221 -26.57535100 -22.38611445 -27.19192195 -26.04719931 -24.90459459 -27.91459378 -27.59308340 -27.71925846 -28.67066958
-24.31902796 -25.19339281 -28.55568848 -26.55204605 -22.20179926 -27.15835970 -26.02611883 -25.04112281 -27.88248388 -27.58646809 -27.67417209 -28.65287839
-24.31061383 -25.14645649 -28.53814337 -26.52920296 -22.11345064 -27.12503204 -26.00506118 -24.80758428 -27.84981212 -27.57998216 -27.62792361 -28.63470576
-24.30221714 -25.09985672 -28.52067223 -26.50623246 -22.02474363 -27.09168875 -25.98375196 -24.47801306 -27.81695314 -27.57335614 -27.58128400 -28.61641569
-24.29435127 -25.05561057 -28.50383860 -26.48346825 -21.93242491 -27.05869038 -25.96175992 -23.55307323 -27.78358323 -27.56633578 -27.53222378 -28.59736937
-24.28544243 -25.00678224 -28.48577669 -26.46015931 -21.84841188 -27.02501356 -25.94091679 -23.92633621 -27.75077082 -27.56008495 -27.48760799 -28.57983556
-24.27635935 -24.95765162 -28.46761581 -26.43676046 -21.76428480 -26.99123022 -25.92004418 -24.29915976 -27.71794718 -27.55383427 -27.44324071 -28.56236680
-24.26726899 -24.90853891 -28.44946665 -26.41330955 -21.68016622 -26.95740236 -25.89913859 -24.67063975 -27.68505563 -27.54758103 -27.39880786 -28.54485633
-24.25814259 -24.85936865 -28.43117250 -26.38978131 -21.59600706 -26.92352139 -25.87820242 -25.03887643 -27.65210063 -27.54132393 -27.35438504 -28.52736750
-24.24897217 -24.81009196 -28.41280300 -26.36619768 -21.51179117 -26.88960291 -25.85723953 -25.40326137 -27.61905819 -27.53508781 -27.31001832 -28.50991603
-24.23978031 -24.76084774 -28.39445177 -26.34257927 -21.42763192 -26.85567610 -25.83623694 -25.75536088 -27.58594485 -27.52885311 -27.26556628 -28.49245682
-24.23098507 -24.71289102 -28.37657457 -26.31911078 -21.34610765 -26.82193461 -25.81529895 -25.70396196 -27.55260732 -27.52245782 -27.21988340 -28.47448525
-24.22228157 -24.66510933 -28.35875555 -26.29561719 -21.26492779 -26.78819565 -25.79437470 -25.60938778 -27.51922113 -27.51604554 -27.17403343 -28.45643960
-24.21357950 -24.61731674 -28.34092587 -26.27208368 -21.18383206 -26.75443130 -25.77344311 -25.51496611 -27.48578282 -27.50963010 -27.12816756 -28.43839605
-24.20487691 -24.56949122 -28.32308496 -26.24850610 -21.10280635 -26.72061621 -25.75250246 -25.42071167 -27.45232162 -27.50321203 -27.08230703 -28.42036221
-24.19618081 -24.52165852 -28.30524236 -26.22488784 -21.02186134 -26.68676837 -25.73155197 -25.32661130 -27.41883346 -27.49679281 -27.03642747 -28.40233006
-24.18748754 -24.47380880 -28.28739539 -26.20122718 -20.94099747 -26.65289230 -25.71059260 -25.23266884 -27.38531946 -27.49037572 -26.99053808 -28.38430288
-24.17879581 -24.42593341 -28.26954020 -26.17752328 -20.86020574 -26.61896258 -25.68962541 -25.13888994 -27.35177965 -27.48395770 -26.94464830 -28.36628346
-24.17011030 -24.37805205 -28.25168428 -26.15377863 -20.77950024 -26.58501152 -25.66864849 -25.04526284 -27.31821225 -27.47753794 -26.89873837 -28.34826548
-24.16142729 -24.33015379 -28.23382401 -26.12999149 -20.69887648 -26.55103699 -25.64766275 -24.95179188 -27.28461911 -27.47112032 -26.85281882 -28.33025250
-24.15274843 -24.28224300 -28.21595640 -26.10616252 -20.61833695 -26.51703968 -25.62666809 -24.85847473 -27.25099958 -27.46470419 -26.80688563 -28.31224307
-24.14407064 -24.23430870 -28.19807374 -26.08229018 -20.53787780 -26.48301733 -25.60566534 -24.76531582 -27.21735544 -27.45829111 -26.76094905 -28.29424039
-24.13539887 -24.18636581 -28.18017627 -26.05837673 -20.45750735 -26.44897489 -25.58465373 -24.67230773 -27.18368412 -27.45187883 -26.71499496 -28.27623971
-24.12672542 -24.13839281 -28.16226951 -26.03441881 -20.37721467 -26.41490669 -25.56363443 -24.57945940 -27.14998923 -27.44547069 -26.66904400 -28.25824796
-24.11805776 -24.09041461 -28.14436131 -26.01041990 -20.29700999 -26.38081720 -25.54260598 -24.48675945 -27.11626696 -27.43906305 -26.62307338 -28.24025778
-24.10939337 -24.04242325 -28.12644929 -25.98637883 -20.21689029 -26.34670492 -25.52156896 -24.39421078 -27.08251860 -27.43265710 -26.57709064 -28.22227156
-24.10073222 -23.99441887 -28.10853344 -25.96229558 -20.13685584 -26.31256982 -25.50052343 -24.30181270 -27.04874416 -27.42625285 -26.53109585 -28.20428932
