0.00000000
101.42904044
177.04682031
249.47288503
320.31272199
389.76798071
457.34940696
523.08863956
586.91476955
648.81871634
708.75505970
766.32468222
821.88170561
875.38168411
926.97819954
976.87740031
1025.06679388
1071.47178436
1116.16615917
1159.22526493
1200.60275280
1240.30926405
1278.21698728
1314.60841740
1349.10152439
1381.60968360
1411.95403487
1440.61247384
1466.77034312
1489.33635959
1509.02980856
1523.45874305
1536.46488719
1549.00561174
1561.03762774
1572.33094398
1582.88383798
1592.49374528
1601.71881593
1609.26104143
1615.00741052
1618.95889546
1620.65545447
1620.66284565
1618.73064005
1615.15550844
1609.19491352
1598.60365126
1584.10408183
1565.94467475
1541.53311283
1521.39293705
1500.32790621
1475.81140059
1457.33216234
1435.06817072
1425.03228126
1423.39596339
1426.58682075
1428.31094336
1429.23714650
1429.61275178
1429.40803772
1428.06290489
1426.61774343
1402.47321949
1406.72640368
1405.52979353
1402.82300605
1399.37161317
1390.87992912
1385.45763017
1384.20410787
1380.46231398
1376.98417064
1373.01626136
1369.40204698
1365.27415581
1361.16774628
1356.51134623
1342.69027704
1339.25419920
1335.99211288
1332.51186409
1319.37873458
1316.65316495
1313.45616063
1309.14010177
1305.36557088
1300.31833454
1287.46013853
1284.50948629
1279.55269105
1276.37705541
1257.40596372
1255.75905154
1241.27612565
1241.30266716
1223.28664732
1215.83673851
1215.30124573
1210.62968739
1207.47608683
1204.94496092
1202.55037349
1191.40514891
1188.60579584
1186.65498470
1157.05643957
1154.85689418
1153.63099065
1147.65207762
1146.22557274
1145.35353017
1132.37472891
1117.32525802
1111.30015070
1108.81117739
1107.82621256
1107.31719870
1101.33887231
1098.80364225
1091.84724989
1087.31493257
1086.55825889
1083.90555965
1079.30888426
772.71223900
773.18738229
772.61927450
772.32145487
771.49657733
769.29893131
725.33947406
722.15414970
717.52241864
714.70912874
712.21488337
710.17386584
704.70712986
