0.00000000
0.00102324
0.00202324
0.00302324
0.00402324
0.00502324
0.00602324
0.00702324
0.00802324
0.00902324
0.01002324
0.01102324
0.01202324
0.01302324
0.01402324
0.01502324
0.01602324
0.01702324
0.01802324
0.01902324
0.02002324
0.02102324
0.02202324
0.02302324
0.02402324
0.02502324
0.02602324
0.02702324
0.02802324
0.02902324
0.03002324
0.03102324
0.03202324
0.03302324
0.03402324
0.03502324
0.03602324
0.03702324
0.03802324
0.03902324
0.04002324
0.04102324
0.04202324
0.04302324
0.04402324
0.04502324
0.04602324
0.04702324
0.04802324
0.04902324
0.05002324
0.05102324
0.05202324
0.05302324
0.05402324
0.05502324
0.05602324
0.05702324
0.05802324
0.05902324
0.06002324
0.06102324
0.06202324
0.06302324
0.06402324
0.06502324
0.06602324
0.06702324
0.06802324
0.06902324
0.07002324
0.07102324
0.07202324
0.07302324
0.07402324
0.07502324
0.07602324
0.07702324
0.07802324
0.07902324
0.08002324
0.08102324
0.08202324
0.08302324
0.08402324
0.08502324
0.08602324
0.08702324
0.08802324
0.08902324
0.09002324
0.09102324
0.09202324
0.09302324
0.09402324
0.09502324
0.09602324
0.09702324
0.09802324
0.09902324
0.10002324
0.10102324
0.10202324
0.10302324
0.10402324
0.10502324
0.10602324
0.10702324
0.10802324
