0.00000000
0.00109062
0.00209062
0.00309062
0.00409062
0.00509062
0.00609062
0.00709062
0.00809062
0.00909062
0.01009062
0.01109062
0.01209062
0.01309062
0.01409062
0.01509062
0.01609062
0.01709062
0.01809062
0.01909062
0.02009062
0.02109062
0.02209062
0.02309062
0.02409062
0.02509062
0.02609062
0.02709062
0.02809062
0.02909062
0.03009062
0.03109062
0.03209062
0.03309062
0.03409062
0.03509062
0.03609062
0.03709062
0.03809062
0.03909062
0.04009062
0.04109062
0.04209062
0.04309062
0.04409062
0.04509062
0.04609062
0.04709062
0.04809062
0.04909062
0.05009062
0.05109062
0.05209062
0.05309062
0.05409062
0.05509062
0.05609062
0.05709062
0.05809062
0.05909062
0.06009062
0.06109062
0.06209062
0.06309062
0.06409062
0.06509062
0.06609062
0.06709062
0.06809062
0.06909062
0.07009062
0.07109062
0.07209062
0.07309062
0.07409062
0.07509062
0.07609062
0.07709062
0.07809062
0.07909062
0.08009062
0.08109062
0.08209062
0.08309062
0.08409062
0.08509062
0.08609062
0.08709062
0.08809062
0.08909062
0.09009062
0.09109062
0.09209062
0.09309062
0.09409062
0.09509062
0.09609062
0.09709062
0.09809062
0.09909062
0.10009062
0.10109062
0.10209062
0.10309062
0.10409062
0.10509062
0.10609062
0.10709062
0.10809062
0.10909062
0.11009062
0.11109062
0.11209062
0.11309062
0.11409062
0.11509062
0.11609062
0.11709062
0.11809062
0.11909062
0.12009062
0.12109062
0.12209062
0.12309062
0.12409062
0.12509062
0.12609062
0.12709062
0.12809062
0.12909062
0.13009062
0.13109062
0.13209062
0.13309062
0.13409062
0.13509062
0.13609062
0.13709062
0.13809062
0.13909062
