0.00000000 0.00000000 0.00000000 0.00000000
0.00024576 0.00056951 0.00082792 0.00102324
0.00050114 0.00114580 0.00167471 0.00202324
0.00074948 0.00170107 0.00251361 0.00302324
0.00099788 0.00225801 0.00335342 0.00402324
0.00124405 0.00281495 0.00419503 0.00502324
0.00149034 0.00337233 0.00503792 0.00602324
0.00174141 0.00393457 0.00588378 0.00702324
0.00199712 0.00450015 0.00673228 0.00802324
0.00225606 0.00507015 0.00758535 0.00902324
0.00251981 0.00564502 0.00844248 0.01002324
0.00278830 0.00622339 0.00930304 0.01102324
0.00305678 0.00680353 0.01016756 0.01202324
0.00332735 0.00738595 0.01103545 0.01302324
0.00360013 0.00797035 0.01190650 0.01402324
0.00387286 0.00855542 0.01278058 0.01502324
0.00414375 0.00914024 0.01365731 0.01602324
0.00441278 0.00972415 0.01453623 0.01702324
0.00468112 0.01030790 0.01541782 0.01802324
0.00494825 0.01089173 0.01630248 0.01902324
0.00521383 0.01147571 0.01719044 0.02002324
0.00547655 0.01205931 0.01808200 0.02102324
0.00573614 0.01264202 0.01897711 0.02202324
0.00599181 0.01322311 0.01987601 0.02302324
0.00624310 0.01380251 0.02077882 0.02402324
0.00648964 0.01437930 0.02168558 0.02502324
0.00673054 0.01495251 0.02259661 0.02602324
0.00696538 0.01552066 0.02351208 0.02702324
0.00718974 0.01608927 0.02443409 0.02802324
0.00739659 0.01667287 0.02536682 0.02902324
0.00756796 0.01721022 0.02631382 0.03002324
0.00769285 0.01763387 0.02727080 0.03102324
0.00777082 0.01794073 0.02823616 0.03202324
0.00784218 0.01822959 0.02920241 0.03302324
0.00790845 0.01850668 0.03016949 0.03402324
0.00796060 0.01875327 0.03113977 0.03502324
0.00799835 0.01896116 0.03211281 0.03602324
0.00801264 0.01910556 0.03309139 0.03702324
0.00799030 0.01914159 0.03408676 0.03802324
0.00794977 0.01910854 0.03509003 0.03902324
0.00787975 0.01899823 0.03610604 0.04002324
0.00775680 0.01876117 0.03714476 0.04102324
0.00759083 0.01841988 0.03820389 0.04202324
0.00737707 0.01797078 0.03928637 0.04302324
0.00709773 0.01736939 0.04039896 0.04402324
0.00675632 0.01662111 0.04153658 0.04502324
0.00634219 0.01570030 0.04270240 0.04602324
0.00589456 0.01470230 0.04388218 0.04702324
0.00554992 0.01393611 0.04501984 0.04802324
0.00551161 0.01385362 0.04603356 0.04902324
0.00551387 0.01386098 0.04703096 0.05002324
0.00551471 0.01386494 0.04802911 0.05102324
0.00551392 0.01386501 0.04902807 0.05202324
0.00551144 0.01386102 0.05002787 0.05302324
0.00550731 0.01385303 0.05102850 0.05402324
0.00550120 0.01384022 0.05203007 0.05502324
0.00549281 0.01382185 0.05303285 0.05602324
0.00548311 0.01380026 0.05403621 0.05702324
0.00547202 0.01377519 0.05504029 0.05802324
0.00546016 0.01374829 0.05604477 0.05902324
0.00544775 0.01372001 0.05704954 0.06002324
0.00543468 0.01369014 0.05805465 0.06102324
0.00542096 0.01365866 0.05906007 0.06202324
0.00540667 0.01362580 0.06006574 0.06302324
0.00539156 0.01359099 0.06107189 0.06402324
0.00537570 0.01355435 0.06207848 0.06502324
0.00535905 0.01351571 0.06308554 0.06602324
0.00530455 0.01339063 0.06411497 0.06702324
0.00529249 0.01336237 0.06511894 0.06802324
0.00527699 0.01332617 0.06612507 0.06902324
0.00525989 0.01328621 0.06713220 0.07002324
0.00520363 0.01314591 0.06815499 0.07102324
0.00519224 0.01312060 0.06915946 0.07202324
0.00512836 0.01297417 0.07019199 0.07302324
0.00511546 0.01294411 0.07119572 0.07402324
0.00510146 0.01291135 0.07219982 0.07502324
0.00508645 0.01287627 0.07320455 0.07602324
0.00501859 0.01270589 0.07422774 0.07702324
0.00498504 0.01262967 0.07524179 0.07802324
0.00497060 0.01259546 0.07624473 0.07902324
0.00495749 0.01256500 0.07724715 0.08002324
0.00494426 0.01253430 0.07824975 0.08102324
0.00490715 0.01244336 0.07925713 0.08202324
0.00489670 0.01241951 0.08025825 0.08302324
0.00488292 0.01238775 0.08126065 0.08402324
0.00487012 0.01235821 0.08226325 0.08502324
0.00485719 0.01232838 0.08326606 0.08602324
0.00476482 0.01211650 0.08432653 0.08702324
0.00475758 0.01209981 0.08532692 0.08802324
0.00472683 0.01202968 0.08633902 0.08902324
0.00469932 0.01196650 0.08735549 0.09002324
0.00469471 0.01195578 0.08835307 0.09102324
0.00458226 0.01166459 0.08940398 0.09202324
0.00455911 0.01161431 0.09041757 0.09302324
0.00455647 0.01161071 0.09141663 0.09402324
0.00452924 0.01155040 0.09243446 0.09502324
0.00442972 0.01131836 0.09349572 0.09602324
0.00441490 0.01128415 0.09450257 0.09702324
0.00441556 0.01128607 0.09549886 0.09802324
0.00441392 0.01128216 0.09649503 0.09902324
0.00441204 0.01127774 0.09749090 0.10002324
0.00441073 0.01127512 0.09848665 0.10102324
0.00439914 0.01124914 0.09948957 0.10202324
0.00431312 0.01102315 0.10052458 0.10302324
0.00429532 0.01098084 0.10153080 0.10402324
0.00427095 0.01092300 0.10253686 0.10502324
0.00426730 0.01091705 0.10353952 0.10602324
0.00426474 0.01091466 0.10454462 0.10702324
-0.00198332 -0.00285967 0.22386906 0.10802324
