0.00000000 0.00000000 0.00000000 0.00000000
0.00023690 0.00056528 0.00086370 0.00109062
0.00046250 0.00110241 0.00168626 0.00209062
0.00069414 0.00164873 0.00251406 0.00309062
0.00092373 0.00219226 0.00334231 0.00409062
0.00115206 0.00273486 0.00417114 0.00509062
0.00137970 0.00327637 0.00500037 0.00609062
0.00160796 0.00381928 0.00583168 0.00709062
0.00183860 0.00436458 0.00666531 0.00809062
0.00207269 0.00491212 0.00750119 0.00909062
0.00230850 0.00546137 0.00833959 0.01009062
0.00254881 0.00601512 0.00918171 0.01109062
0.00278995 0.00657033 0.01002669 0.01209062
0.00303297 0.00712681 0.01087368 0.01309062
0.00327749 0.00768486 0.01172331 0.01409062
0.00352274 0.00824391 0.01257570 0.01509062
0.00376713 0.00880283 0.01343040 0.01609062
0.00401269 0.00936292 0.01428774 0.01709062
0.00425777 0.00992309 0.01514818 0.01809062
0.00450128 0.01048251 0.01601138 0.01909062
0.00474422 0.01104287 0.01687744 0.02009062
0.00498520 0.01160242 0.01774667 0.02109062
0.00522276 0.01215938 0.01861876 0.02209062
0.00545803 0.01271539 0.01949440 0.02309062
0.00568947 0.01326757 0.02037313 0.02409062
0.00591652 0.01381788 0.02125644 0.02509062
0.00613841 0.01436757 0.02214411 0.02609062
0.00635580 0.01491270 0.02303529 0.02709062
0.00656346 0.01544652 0.02393157 0.02809062
0.00676017 0.01598807 0.02483861 0.02909062
0.00694397 0.01651482 0.02575299 0.03009062
0.00709171 0.01696355 0.02667630 0.03109062
0.00723104 0.01739339 0.02760218 0.03209062
0.00736843 0.01781911 0.02852884 0.03309062
0.00750474 0.01824095 0.02945645 0.03409062
0.00763983 0.01865840 0.03038611 0.03509062
0.00777011 0.01907320 0.03131812 0.03609062
0.00789926 0.01948867 0.03225324 0.03709062
0.00802520 0.01989673 0.03318884 0.03809062
0.00814254 0.02029084 0.03412953 0.03909062
0.00824418 0.02065490 0.03507610 0.04009062
0.00832628 0.02097363 0.03602845 0.04109062
0.00838247 0.02122893 0.03698730 0.04209062
0.00842011 0.02144301 0.03795032 0.04309062
0.00843597 0.02161054 0.03892090 0.04409062
0.00843474 0.02173991 0.03989870 0.04509062
0.00841600 0.02181267 0.04088387 0.04609062
0.00836548 0.02177334 0.04188446 0.04709062
0.00829257 0.02166672 0.04289526 0.04809062
0.00820030 0.02150978 0.04391626 0.04909062
0.00807512 0.02126570 0.04495648 0.05009062
0.00797257 0.02107227 0.04598926 0.05109062
0.00786499 0.02086425 0.04702896 0.05209062
0.00773957 0.02061184 0.04808145 0.05309062
0.00764551 0.02042522 0.04911612 0.05409062
0.00753200 0.02018587 0.05016311 0.05509062
0.00748146 0.02009050 0.05117933 0.05609062
0.00747399 0.02009180 0.05217269 0.05709062
0.00749093 0.02014735 0.05315486 0.05809062
0.00750028 0.02018240 0.05414227 0.05909062
0.00750545 0.02020430 0.05513179 0.06009062
0.00750772 0.02021741 0.05612296 0.06109062
0.00750694 0.02022170 0.05711606 0.06209062
0.00750028 0.02021014 0.05811390 0.06309062
0.00749297 0.02019630 0.05910966 0.06409062
0.00736762 0.01989305 0.06012850 0.06509062
0.00738982 0.01994950 0.06110991 0.06609062
0.00738373 0.01993639 0.06210941 0.06709062
0.00736975 0.01990320 0.06311360 0.06809062
0.00735192 0.01986011 0.06411965 0.06909062
0.00730857 0.01975552 0.06514184 0.07009062
0.00728117 0.01968956 0.06615655 0.07109062
0.00727494 0.01967449 0.06715866 0.07209062
0.00725559 0.01962689 0.06816496 0.07309062
0.00723763 0.01958253 0.06917157 0.07409062
0.00721711 0.01953181 0.07017835 0.07509062
0.00719844 0.01948552 0.07118540 0.07609062
0.00717719 0.01943294 0.07219404 0.07709062
0.00715596 0.01938023 0.07320153 0.07809062
0.00713196 0.01932071 0.07421219 0.07909062
0.00706085 0.01914635 0.07525158 0.08009062
0.00704303 0.01910173 0.07625558 0.08109062
0.00702615 0.01905945 0.07726051 0.08209062
0.00700818 0.01901444 0.07826662 0.08309062
0.00693973 0.01882432 0.07929221 0.08409062
0.00692573 0.01879111 0.08029616 0.08509062
0.00690928 0.01875093 0.08130113 0.08609062
0.00688708 0.01869569 0.08231038 0.08709062
0.00686766 0.01864710 0.08331846 0.08809062
0.00684176 0.01858271 0.08433184 0.08909062
0.00677611 0.01842223 0.08537721 0.09009062
0.00676084 0.01838200 0.08638088 0.09109062
0.00673539 0.01831740 0.08739214 0.09209062
0.00671909 0.01827651 0.08839781 0.09309062
0.00662214 0.01803932 0.08946332 0.09409062
0.00661364 0.01801721 0.09046300 0.09509062
0.00653841 0.01781233 0.09149726 0.09609062
0.00653872 0.01781560 0.09249387 0.09709062
0.00644493 0.01755935 0.09352660 0.09809062
0.00640737 0.01747037 0.09454138 0.09909062
0.00640484 0.01746730 0.09553709 0.10009062
0.00638127 0.01741245 0.09653714 0.10109062
0.00636527 0.01737279 0.09753930 0.10209062
0.00635238 0.01734057 0.09853832 0.10309062
0.00634021 0.01730986 0.09953577 0.10409062
0.00628291 0.01715094 0.10054116 0.10509062
0.00626875 0.01711692 0.10153968 0.10609062
0.00625885 0.01709305 0.10253488 0.10709062
0.00610919 0.01672720 0.10366019 0.10809062
0.00609802 0.01669942 0.10465684 0.10909062
0.00609181 0.01668477 0.10565015 0.11009062
0.00606107 0.01659959 0.10664960 0.11109062
0.00605373 0.01658250 0.10764193 0.11209062
0.00604934 0.01657269 0.10863395 0.11309062
0.00598237 0.01638684 0.10966543 0.11409062
0.00590483 0.01617209 0.11070605 0.11509062
0.00587417 0.01609175 0.11171303 0.11609062
0.00586176 0.01606240 0.11271096 0.11709062
0.00585700 0.01605393 0.11370766 0.11809062
0.00585471 0.01605279 0.11470343 0.11909062
0.00582457 0.01598235 0.11571733 0.12009062
0.00581178 0.01595104 0.11671624 0.12109062
0.00577601 0.01584978 0.11772637 0.12209062
0.00575282 0.01578789 0.11872794 0.12309062
0.00574917 0.01578412 0.11972160 0.12409062
0.00573581 0.01575277 0.12072077 0.12509062
0.00571259 0.01569633 0.12171649 0.12609062
0.00419723 0.01176858 0.12378063 0.12709062
0.00419969 0.01177500 0.12478169 0.12809062
0.00419700 0.01176833 0.12578704 0.12909062
0.00419560 0.01176498 0.12679005 0.13009062
0.00419171 0.01175573 0.12779450 0.13109062
0.00418135 0.01173192 0.12880494 0.13209062
0.00397264 0.01122713 0.12996403 0.13309062
0.00395768 0.01119151 0.13097950 0.13409062
0.00393590 0.01113863 0.13199976 0.13509062
0.00392273 0.01110741 0.13301393 0.13609062
0.00391107 0.01107977 0.13402672 0.13709062
0.00390149 0.01105661 0.13503751 0.13809062
0.00387571 0.01098472 0.13607970 0.13909062
