0.00000000 0.00000000 0.00000000 0.00000000 0.00000000 0.00000000 0.00000000 0.00000000 0.00000000 0.00000000 0.00000000 0.00000000 0.00000000 0.00000000 0.00000000 0.00000000
4.51621232 -13.39389169 -15.80234427 -23.80739096 1.83884084 -3.96906994 -5.04670032 -10.28493545 1.90445835 -3.76301131 -5.15158794 -10.59301704 5.77092304 -15.47068268 -17.58392431 -22.30821899
2.68845530 -25.13050050 -25.24364715 -32.34586439 -0.68900742 -11.34377870 -12.21552907 -12.77659959 -1.21264981 -10.68364329 -12.58804683 -13.06203190 3.29569499 -25.92028957 -27.18435589 -30.63201603
1.28274739 -34.37858390 -34.22441335 -40.42564767 -3.18041803 -18.62717830 -19.29911457 -15.24379427 -4.27511872 -17.52280905 -19.92428590 -15.50484236 2.04151913 -34.82555540 -36.29143181 -38.50401453
-0.11670951 -43.44120317 -42.99792375 -48.29691794 -5.24386682 -25.73024432 -26.36892938 -17.71714405 -6.86655066 -24.18957691 -27.24669538 -17.95133763 0.79236156 -43.55021648 -45.19304250 -46.16768957
-1.49743998 -52.22536218 -51.47759778 -55.87797810 -7.37108714 -32.72421731 -33.30526635 -20.15577120 -9.50954116 -30.74901800 -34.42781027 -20.36230966 -0.44107689 -52.00668947 -53.80088677 -53.55267641
-2.85733465 -60.84067775 -59.76509193 -63.23520855 -9.49000207 -39.51256517 -40.15520516 -22.53794804 -12.03585085 -37.24389040 -41.40843142 -22.68881523 -1.67622209 -60.30398094 -62.22666630 -60.73660043
-4.12862400 -69.41292134 -68.04616506 -70.51573122 -11.62803465 -45.42637489 -46.52407270 -24.89161849 -14.39218679 -43.07643318 -47.85406547 -24.96817546 -2.89746545 -68.58848356 -70.62887508 -67.84071248
-5.15652435 -77.79253536 -76.27551225 -77.66771962 -13.67538062 -51.10168748 -52.52298132 -27.17798944 -16.52867705 -48.62346276 -54.00704904 -27.18083580 -3.72097340 -76.72517983 -78.97854308 -74.86093761
-5.66783009 -85.81284563 -84.35609989 -84.66352492 -15.54674571 -56.48870756 -58.24873717 -29.42558822 -18.41444013 -53.94493674 -59.67674110 -29.33520795 -4.38348267 -84.60350542 -87.09340763 -81.70402116
-6.04460838 -93.59626191 -92.24211750 -91.51454373 -17.29053436 -61.74323846 -63.28788512 -31.45406815 -20.15432695 -59.19762090 -64.91273504 -31.28973293 -4.95923090 -92.27962561 -94.98029773 -88.40342476
-6.34705323 -100.92628421 -99.84795603 -98.21845371 -18.92802708 -66.69516344 -68.18728534 -33.49764390 -21.77405486 -64.12458351 -69.75176920 -33.20933533 -5.41906127 -99.73830651 -102.63988736 -94.94328813
-6.63520751 -107.91639240 -107.09196233 -104.61453813 -20.45243699 -71.59436377 -72.78108998 -35.47811762 -23.27727547 -68.80729390 -74.62077389 -35.09659839 -5.79611985 -106.65464039 -109.84882903 -101.21075340
-6.89063763 -114.60930402 -113.84728900 -110.70122497 -21.87699060 -76.17372940 -77.36434694 -37.35184317 -24.72738173 -73.55333046 -79.27423863 -36.88798848 -6.13489963 -113.32099432 -116.78848220 -107.23644096
-7.13602330 -121.07376596 -120.37762372 -116.56187988 -23.22693027 -80.61289786 -81.71774092 -39.19414281 -26.08869199 -77.98903422 -83.65980783 -38.62737557 -6.44861669 -119.71250038 -123.27767066 -112.98735292
-7.36762676 -127.21331570 -126.55563216 -122.13080823 -24.56432079 -85.05877338 -85.83627712 -41.01116528 -27.39760206 -82.27213580 -88.02721164 -40.33478989 -6.74798345 -125.81009077 -129.41931491 -118.45903343
-7.58530977 -132.96882246 -132.32703901 -127.35212354 -25.82912399 -89.43874758 -89.87400593 -42.78906710 -28.68697585 -86.51099560 -92.35121647 -42.00603362 -7.01683155 -131.61794182 -135.25721360 -123.61424946
-7.79588760 -138.41186698 -137.78485401 -132.24723293 -27.00751686 -93.71183555 -93.83711775 -44.48555877 -29.96015514 -90.70624898 -96.58952662 -43.61230496 -7.27681457 -137.08479145 -140.75798169 -128.46126473
-7.99542357 -143.59839220 -142.97700882 -136.88797125 -28.16133590 -97.74532681 -97.74053827 -46.09576873 -31.20381620 -94.84074560 -100.61709263 -45.13627515 -7.53434684 -142.22649994 -145.92319893 -133.02480008
-8.19568452 -148.52064198 -147.84422724 -141.25284082 -29.31714154 -101.68582092 -101.48173443 -47.65828578 -32.40463867 -98.93634086 -104.44127626 -46.60187802 -7.79241035 -147.07529362 -150.74241321 -137.31057173
-8.39226537 -153.15704874 -152.39390382 -145.33899718 -30.46728017 -105.56047903 -105.02759962 -49.19489347 -33.53248209 -102.79387078 -108.20889995 -48.03502232 -8.03195656 -151.66525409 -155.25811342 -141.31098910
-8.58080335 -157.49484187 -156.62573843 -149.11707089 -31.60067389 -109.31923264 -108.49493692 -50.69166008 -34.64716066 -106.49985359 -111.91574322 -49.43326960 -8.26548060 -155.96219493 -159.50133320 -145.01218684
-8.76825692 -161.51047714 -160.55356267 -152.59806437 -32.72032835 -113.02488035 -111.87433618 -52.15212893 -35.73922240 -110.10905891 -115.53732032 -50.79563026 -8.49597086 -159.97651767 -163.44289687 -148.41708876
-8.96436274 -165.24229939 -164.17853080 -155.77055057 -33.79694227 -116.65184303 -115.16598055 -53.56221810 -36.80038430 -113.63681895 -119.06120900 -52.11515977 -8.73147999 -163.72105525 -167.08085190 -151.52916133
-9.16572586 -168.70470750 -167.50448786 -158.65119427 -34.83364257 -120.15303373 -118.35846707 -54.92358056 -37.83634004 -117.08528735 -122.49399632 -53.38548420 -8.97491737 -167.18436067 -170.41522262 -154.35277124
-9.37450214 -171.90085511 -170.54682702 -161.25222293 -35.82464954 -123.51546170 -121.44262017 -56.23492463 -38.83510241 -120.42350287 -125.81110375 -54.60565903 -9.22526169 -170.38037467 -173.45565062 -156.90709868
-9.58870468 -174.82260122 -173.31341631 -163.58382517 -36.75829005 -126.73877971 -124.41106879 -57.49140803 -39.80223153 -123.62931925 -129.01366522 -55.77476921 -9.48239701 -173.29821155 -176.20718899 -159.19534150
-9.80507020 -177.48997021 -175.80428108 -165.65421684 -37.64773346 -129.83404539 -127.26302876 -58.69461975 -40.73170064 -126.69533335 -132.08784314 -56.89135006 -9.73923780 -175.94455861 -178.67032301 -161.22375827
-10.00895135 -179.85731032 -177.97546910 -167.42026106 -38.43966826 -132.69452926 -129.87929582 -59.79257081 -41.55721227 -129.49711778 -134.91896464 -57.90695526 -9.98546845 -178.28853694 -180.79270636 -162.96099837
-10.17949306 -181.86870909 -179.75281804 -168.82317557 -39.07744727 -135.09962446 -132.06471549 -60.70591847 -42.39430970 -131.91963641 -137.28231606 -58.74911059 -10.19566024 -180.26049010 -182.52368301 -164.35506654
-10.32285710 -183.36312122 -181.05461866 -169.81719514 -39.46105379 -136.90716948 -133.70403415 -61.39191758 -42.41815677 -133.53944350 -139.06963907 -59.37788486 -10.37360741 -181.75929843 -183.78557242 -165.35947616
-10.43019305 -184.39482794 -181.91533199 -170.45509294 -39.33655154 -138.02854343 -134.83966460 -61.87270532 -42.29034335 -134.64094218 -140.28507784 -59.82224117 -10.51447916 -182.76976454 -184.62118995 -166.00945822
-10.52869919 -184.97300185 -182.38687867 -170.79560471 -39.17207664 -138.62310932 -135.45951308 -62.14734052 -42.11456714 -135.22322764 -140.92658234 -60.09324605 -10.63362982 -183.33939738 -185.07404502 -166.36404513
-10.62078927 -185.47991561 -182.79448113 -171.08404523 -39.00518769 -139.14521352 -136.01476794 -62.39585697 -41.93557789 -135.73730012 -141.48669238 -60.35321794 -10.74545528 -183.83954043 -185.46450846 -166.66638162
-10.70994871 -185.92963314 -183.14892588 -171.32725477 -38.86330106 -139.60219084 -136.50772113 -62.62258596 -41.76004079 -136.18744646 -141.98820351 -60.58616517 -10.85077075 -184.28231498 -185.80370672 -166.92709237
-10.78931317 -186.25365182 -183.39063464 -171.48492654 -38.78616830 -139.86473610 -136.80912941 -62.80339465 -41.57761665 -136.44705091 -142.30898980 -60.75400663 -10.93764194 -184.59970667 -186.03272253 -167.10729727
-10.85512671 -186.46410414 -183.53371973 -171.57011132 -38.70342790 -139.97601884 -136.95370522 -62.92056917 -41.38555829 -136.54934334 -142.45249834 -60.86466978 -11.01125792 -184.80275698 -186.16428650 -167.21512603
-10.90285649 -186.49740061 -183.52851916 -171.54961339 -38.60878616 -139.83352356 -136.84765759 -62.93188510 -41.16111708 -136.40164197 -142.31427794 -60.87980010 -11.06023275 -184.83415036 -186.14900966 -167.21866040
-10.93633466 -185.92483886 -182.89068895 -170.94824054 -38.51081461 -139.29764055 -136.37213139 -62.78359597 -41.02850604 -135.87022076 -141.76048696 -60.75530180 -11.09371713 -184.27553031 -185.50212818 -166.63418743
-10.97566068 -184.91796641 -181.81324289 -169.93525567 -38.38964675 -138.62320680 -135.73898838 -62.58655538 -40.86761886 -135.20611094 -141.04864156 -60.58087520 -11.13013627 -183.29084341 -184.42127492 -165.63502897
-11.01813557 -183.18131418 -179.98133091 -168.20697607 -38.17390640 -137.55232576 -134.69546701 -62.21787394 -40.59643955 -134.15546724 -139.95718902 -60.26542776 -11.16390463 -181.58539799 -182.59545009 -163.92927835
-11.06192093 -180.11577928 -176.78267198 -165.18248897 -37.76416220 -135.68193773 -133.00422427 -61.51188514 -40.11206715 -132.31957393 -138.11977029 -59.62590720 -11.19101329 -178.57083914 -179.41156557 -160.93804706
-11.10723406 -175.97351850 -172.46536072 -161.09018422 -37.08165972 -133.24301376 -130.76053255 -60.57038407 -39.37903661 -129.89996894 -135.64535679 -58.75794190 -11.19152108 -174.49386583 -175.12603867 -156.88708122
-11.15891598 -170.63745494 -166.89602011 -155.80633360 -36.14180469 -130.11958924 -127.85893598 -59.34428355 -38.39818276 -126.76954675 -132.45184936 -57.62011437 -11.27416081 -169.22276770 -169.58493572 -151.63800333
-11.24330305 -163.62310774 -159.59897044 -148.85685141 -34.91237260 -126.02848764 -124.08390994 -57.73100580 -37.11458686 -122.64898372 -128.28490753 -56.11425123 -11.34516942 -162.25834226 -162.33274245 -144.72128928
-11.32034092 -154.98752711 -150.64518242 -140.34857943 -33.39746231 -120.96027108 -119.44548219 -55.75292286 -35.53620948 -117.59877043 -123.20021538 -54.26781495 -11.36642517 -153.65853182 -153.40964243 -136.26704262
-11.34475364 -144.47745970 -139.70921759 -130.03329183 -31.50480788 -114.76664194 -113.68381162 -53.36216368 -33.62603393 -111.44221282 -117.01804646 -52.03376627 -11.35195707 -143.12115905 -142.48663774 -126.02007375
-11.33908443 -132.93898492 -127.79399677 -118.86429563 -29.41129404 -107.99710883 -107.39505762 -50.77426429 -31.56869149 -104.68356559 -110.25911181 -49.60952106 -11.32365594 -131.56215359 -130.54598298 -114.93240990
-11.35596575 -123.92093355 -118.57706909 -110.22789270 -27.79913330 -102.69991321 -102.49603730 -48.75729811 -29.97935333 -99.46000076 -104.97510630 -47.69520169 -11.22425518 -122.50944051 -121.27352524 -106.40545221
-11.41798008 -122.92749782 -117.50370982 -109.23883053 -27.62992397 -102.10394408 -101.94439359 -48.53063819 -29.79171593 -98.87102997 -104.37245887 -47.48451196 -11.17941005 -121.47695231 -120.24443068 -105.46169413
-11.42248484 -122.99255459 -117.56116302 -109.28539953 -27.63610068 -102.13383089 -101.97957303 -48.54813213 -29.79456087 -98.90511418 -104.39391126 -47.50020519 -11.18676327 -121.54075518 -120.29948424 -105.50825687
-11.42664384 -123.01878556 -117.57997652 -109.29643436 -27.63610792 -102.14278397 -101.99512749 -48.55734143 -29.79152636 -98.91676715 -104.39275775 -47.50805795 -11.19362568 -121.56646330 -120.31667920 -105.51977181
-11.43019844 -123.00115524 -117.55379914 -109.26690766 -27.62894737 -102.12830252 -101.98795730 -48.55702805 -29.78200518 -98.90276061 -104.36721335 -47.50693367 -11.19968610 -121.54881297 -120.29060927 -105.49080913
-11.43344978 -122.93812908 -117.47938201 -109.19648687 -27.61432861 -102.08955770 -101.95692624 -48.54700675 -29.76588932 -98.86212579 -104.31659536 -47.49658738 -11.20517797 -121.48611668 -120.21946351 -105.42044921
-11.43653438 -122.82905631 -117.36108103 -109.08536119 -27.59249708 -102.02708738 -101.90265990 -48.52715108 -29.74370678 -98.79511833 -104.24051298 -47.47727866 -11.21020664 -121.37817940 -120.10501698 -105.30941755
-11.43920325 -122.66469517 -117.18916506 -108.92472035 -27.56215306 -101.93572446 -101.82157435 -48.49583112 -29.71367517 -98.69606730 -104.13506621 -47.44728793 -11.21461957 -121.21656854 -119.93674331 -105.14989136
-11.44138376 -122.43959699 -116.95350642 -108.70905688 -27.52199866 -101.81151678 -101.70929818 -48.45140964 -29.67441120 -98.56123227 -103.99248865 -47.40497301 -11.21776112 -120.99485029 -119.70688746 -104.93459862
-11.44363204 -122.17615546 -116.68393762 -108.46063372 -27.47625377 -101.66734189 -101.58051457 -48.39947829 -29.63044770 -98.40536536 -103.83119187 -47.35541759 -11.22066308 -120.73717181 -119.44244644 -104.68752718
-11.44605609 -121.87437020 -116.37718971 -108.17757704 -27.42387196 -101.50314494 -101.43273662 -48.33944180 -29.58188429 -98.22574959 -103.65002892 -47.29786963 -11.22321411 -120.44112098 -119.13812805 -104.40659728
-11.44900921 -121.55159730 -116.04996413 -107.87588916 -27.36772334 -101.32821873 -101.27428096 -48.27468897 -29.53082688 -98.03245390 -103.45835477 -47.23559354 -11.22554472 -120.12524842 -118.81340052 -104.10640097
-11.45224364 -121.21328565 -115.70757701 -107.56038410 -27.30874298 -101.14606966 -101.10794430 -48.20648775 -29.47779500 -97.82806526 -103.25880763 -47.16971488 -11.22773170 -119.79435064 -118.47387119 -103.79234155
-11.45576836 -120.85737793 -115.34777643 -107.22898100 -27.24674557 -100.95303057 -100.93306351 -48.13437067 -29.42259690 -97.61092860 -103.05049892 -47.09984562 -11.22962563 -119.44639392 -118.11665238 -103.46227144
-11.45955469 -120.48352904 -114.97032011 -106.88117612 -27.18149284 -100.74889742 -100.74949934 -48.05825235 -29.36541264 -97.38296092 -102.83337656 -47.02584796 -11.23125923 -119.08145474 -117.74043799 -103.11578036
-11.46350208 -120.09496683 -114.57719875 -106.51847733 -27.11360081 -100.53594631 -100.55776721 -47.97882359 -29.30607175 -97.14350850 -102.60837872 -46.94815112 -11.23239270 -118.70142920 -117.34934088 -102.75537103
-11.46766783 -119.68452343 -114.16255429 -106.13573221 -27.04250288 -100.30601363 -100.35489797 -47.89459303 -29.24360183 -96.89098091 -102.37229378 -46.86527750 -11.23271882 -118.29997812 -116.93559820 -102.37376387
-11.47219688 -119.25479905 -113.72792634 -105.73447120 -26.96890236 -100.05850191 -100.14333604 -47.80569009 -29.17812150 -96.62552275 -102.12613664 -46.77785028 -11.23240034 -117.87930536 -116.50063830 -101.97359109
-11.47708477 -118.80486976 -113.27176966 -105.31328809 -26.89330065 -99.79052974 -99.92079133 -47.71219743 -29.10959810 -96.34847090 -101.86918871 -46.68564352 -11.23166300 -117.43823625 -116.04126529 -101.55350196
-11.46042556 -117.33540007 -111.79435507 -103.95281365 -26.63820381 -98.94877654 -99.20052889 -47.39908390 -28.87847830 -95.49740326 -100.86923508 -46.38501613 -11.20461062 -115.99185969 -114.57243218 -100.20516060
-11.46725046 -117.00711159 -111.46022924 -103.64540538 -26.58439335 -98.74822379 -99.05017356 -47.33320814 -28.82964209 -95.28985789 -100.67160860 -46.31988861 -11.20639885 -115.67196232 -114.23804512 -99.90044446
-11.47282098 -116.58699714 -111.03385659 -103.25311551 -26.51488975 -98.49284390 -98.84497825 -47.24579286 -28.76636806 -95.02782692 -100.42451395 -46.23333091 -11.20509644 -115.25970181 -113.81040465 -99.50974197
-11.47826469 -116.12542839 -110.56368117 -102.81994791 -26.43861058 -98.20504386 -98.61643324 -47.14820116 -28.69680385 -94.74157177 -100.15431331 -46.13730759 -11.20254139 -114.80512224 -113.33973622 -99.07923260
-11.47715079 -114.62574419 -109.04827066 -101.42239423 -26.20560136 -97.36843471 -97.87863357 -46.84626047 -28.48230835 -94.00086877 -98.63520580 -45.91228546 -11.18347812 -113.32564056 -111.82704954 -97.70386172
-11.48235500 -114.31475065 -108.72609612 -101.12873324 -26.15072001 -97.16801043 -97.73090965 -46.77753766 -28.43165258 -93.78516208 -98.51517393 -45.83727311 -11.18277597 -113.01961602 -111.51063296 -97.41391027
-11.46563290 -112.60090034 -106.99160421 -99.53609167 -25.87046902 -96.08273109 -96.79651170 -46.39147753 -28.17857096 -92.74529216 -97.53576642 -45.46888121 -11.14034893 -111.34527040 -109.74406022 -95.77385587
-11.47141927 -112.25183986 -106.62803072 -99.20612187 -25.81097655 -95.86992880 -96.62413284 -46.31515006 -28.12457842 -92.52384081 -97.33246891 -45.39228876 -11.13860092 -110.99733243 -109.39485681 -95.44615331
-11.47656862 -111.87271736 -106.23445816 -98.84873324 -25.74590586 -95.64268011 -96.43437070 -46.23168428 -28.06715324 -92.28621756 -97.11120583 -45.30944710 -11.13556561 -110.62128250 -109.00801773 -95.09157553
-11.48099081 -111.46568395 -105.81266182 -98.46566303 -25.67638104 -95.40253580 -96.22788602 -46.14167610 -28.00540560 -92.03142620 -96.87333789 -45.22090057 -11.13160812 -110.21799499 -108.59363632 -94.71174295
-11.48198327 -109.64464261 -103.98337510 -96.78219404 -25.45714929 -93.95369073 -95.39300962 -45.74644996 -27.77910361 -91.00790289 -95.81405705 -44.86518325 -11.09535585 -108.49069514 -106.49183387 -93.05194490
-11.47497768 -108.78003998 -103.01867298 -95.88379374 -25.31276024 -93.45181266 -94.89839194 -45.53156321 -27.61014708 -90.44867875 -95.28282190 -44.66802631 -11.07111602 -107.58467855 -105.59198453 -92.21574885
-11.47875559 -108.38661203 -102.62079864 -95.51673395 -25.24248289 -93.23837321 -94.70817422 -45.44381821 -27.55276580 -90.22388776 -94.96894362 -44.59073609 -11.06655658 -107.19560555 -105.19902828 -91.84806949
-11.48188027 -108.03008027 -102.25149102 -95.18093648 -25.17931081 -93.03404107 -94.53139131 -45.36252328 -27.49743442 -90.00392979 -94.74720803 -44.51170781 -11.06223829 -106.84054671 -104.84197382 -91.51212806
-11.48493246 -107.67176340 -101.87868986 -94.84184975 -25.11530565 -92.82786297 -94.35259651 -45.27962845 -27.44149675 -89.78188399 -94.52756825 -44.43102997 -11.05753873 -106.48186857 -104.48164672 -91.17406235
-11.47919915 -106.77324037 -100.56972738 -93.92396775 -24.97596024 -92.29629466 -93.82422305 -45.05897800 -27.27055309 -89.20409340 -93.96859429 -44.22256994 -11.03496442 -105.48068487 -103.48215341 -90.25074830
-11.48256521 -106.48461244 -100.29392606 -93.64910675 -24.92141152 -92.12797281 -93.68472442 -44.99166693 -27.22791451 -89.02531775 -93.79135702 -44.15681548 -11.03225636 -105.19551459 -103.19416802 -89.98085181
-11.48331680 -106.10908802 -99.91391550 -93.29356035 -24.85243854 -91.90988609 -93.49327574 -44.90292690 -27.17173160 -88.79534447 -93.56863180 -44.07184009 -11.02700924 -104.82257225 -102.81160521 -89.62383950
-11.48528755 -105.76125254 -99.56084710 -92.96280117 -24.78921078 -91.70806818 -93.31746367 -44.82073378 -27.11841021 -88.58124125 -93.36011897 -43.99196222 -11.02335814 -104.47267241 -102.45731223 -89.29797931
-11.48680135 -105.40944434 -99.20390250 -92.62895121 -24.72588450 -91.50415087 -93.13973788 -44.73764322 -27.06414791 -88.36513291 -93.14971678 -43.91124792 -11.01938710 -104.11906957 -102.09928531 -88.96881732
-11.44334777 -102.90683247 -96.67352515 -90.31272490 -24.30833257 -90.13844892 -91.77781491 -44.14038518 -26.79909980 -86.57290866 -91.72442501 -43.34618054 -10.96451235 -101.61760829 -99.58258484 -86.65257537
-11.44763519 -102.70727455 -96.46790143 -90.12102123 -24.27014340 -90.02402018 -91.68698196 -44.09403289 -26.76614415 -86.45473328 -91.60460365 -43.29930670 -10.96459794 -101.42243433 -99.37604982 -86.45975138
-11.43145563 -101.87141752 -95.62127105 -89.35074401 -24.11233796 -89.52558260 -91.24010418 -43.89801104 -26.65618799 -85.96300636 -91.11233996 -43.10603600 -11.02523477 -100.57358148 -98.45980973 -85.69318985
-11.48119614 -101.15166564 -94.85407446 -88.65118988 -23.85214943 -89.06770604 -90.84010002 -43.71926066 -26.62029629 -85.52319979 -90.68072337 -42.93861411 -11.01566010 -99.82679794 -97.69939812 -85.00503783
-11.49501235 -101.02856808 -94.71749146 -88.52176553 -23.81617579 -88.99589745 -90.78937568 -43.69027103 -26.60463605 -85.44797804 -90.60421251 -42.90856826 -11.02507903 -99.70030173 -97.56263699 -84.88862740
-11.48638538 -98.01931108 -91.64228131 -85.72046671 -23.40063029 -87.30478713 -89.35978751 -43.03595729 -26.55951611 -82.07638699 -89.27205439 -42.27408260 -11.14377837 -96.34943659 -94.56932561 -82.11877789
-11.55686184 -97.34303325 -90.94375723 -85.13547627 -23.29823844 -86.92503627 -89.00237256 -42.87871628 -26.41756375 -81.79937687 -88.84033701 -42.13454855 -11.13022997 -95.73723764 -93.91698301 -81.54340951
-11.56739410 -97.26483702 -90.85609582 -85.06334920 -23.26624222 -86.87599404 -88.95240691 -42.85753572 -26.38861052 -81.86801717 -88.75631766 -42.11360878 -11.13650304 -95.67970882 -93.82308161 -81.47324538
-11.56042381 -96.52145981 -90.08964830 -84.36651698 -23.20418738 -86.43670418 -88.52923772 -42.67798787 -26.09846658 -81.54267333 -88.28068093 -41.94513215 -11.14875013 -94.95252375 -93.05535117 -80.78712836
-11.64166526 -93.51639237 -87.34683327 -81.88705077 -22.81347490 -84.93520651 -86.63837274 -42.05247320 -25.59149365 -80.09790716 -86.70698837 -41.36351008 -11.07128150 -92.22179348 -90.30456840 -78.29567897
-11.64980005 -93.13643998 -86.90218917 -81.51538028 -22.75325320 -84.67447973 -86.37016768 -41.96034634 -25.51462220 -79.88129098 -86.46629632 -41.27604224 -11.07384466 -91.81883704 -89.88114650 -77.92043436
-11.66568396 -93.15532514 -86.90817178 -81.52782145 -22.74829292 -84.68275302 -86.39803374 -41.96662408 -25.51241306 -79.90290790 -86.46507377 -41.27879860 -11.09075158 -91.84083301 -89.88313542 -77.93228034
-11.68193332 -93.11201172 -86.85321528 -81.48509145 -22.74159422 -84.61645821 -86.40597890 -41.95890843 -25.50157538 -79.89019170 -86.42986311 -41.26811576 -11.10490658 -91.79749950 -89.82122397 -77.88717052
-11.69669886 -93.06166678 -86.78999866 -81.43548996 -22.72287579 -84.58568154 -86.40227184 -41.94954399 -25.49568461 -79.87798582 -86.35353386 -41.26014231 -11.12024541 -91.74754010 -89.75161635 -77.83664981
-11.71097075 -93.02460554 -86.74109604 -81.39939243 -22.70635095 -84.56142360 -86.40028103 -41.94283208 -25.49024582 -79.86660310 -86.32098449 -41.25080635 -11.13753043 -91.71326285 -89.69767776 -77.80138460
-11.71742469 -92.70332312 -86.40566295 -81.10356918 -22.63983772 -84.36910917 -86.23447493 -41.86902236 -25.44614066 -79.69401251 -86.10847723 -41.18001661 -11.15952590 -91.39774734 -89.34706301 -77.51214674
-11.73525986 -90.40698437 -84.03380973 -78.99862303 -22.33667618 -83.46596165 -83.17176350 -41.54999910 -25.14130654 -78.51938917 -84.81270990 -40.74459190 -11.14031254 -89.07163182 -86.98225049 -75.38150922
-11.74595663 -89.92016279 -83.52868472 -78.55528596 -22.26062958 -83.22243298 -82.74830700 -41.45554022 -25.06314502 -78.24700667 -84.52560441 -40.64235826 -11.14511642 -88.58330656 -86.47534360 -74.93567017
-11.74560163 -89.25378060 -82.84952133 -77.95417730 -22.14349417 -82.86898441 -82.25380956 -41.32922749 -24.97478809 -77.87365394 -84.14788257 -40.45308042 -11.16402915 -87.86913161 -85.77447286 -74.32737761
-11.75682525 -89.14543360 -82.73606152 -77.85733358 -22.11547464 -82.76749234 -82.37426835 -41.28990409 -24.95247419 -77.80198780 -84.07765563 -40.41310375 -11.19042841 -87.70431047 -85.65760747 -74.23534387
-11.77699882 -89.06802100 -82.64964116 -77.78522059 -22.07679053 -82.67684882 -82.50498191 -41.25252598 -24.93380530 -77.74932037 -84.02217338 -40.37815696 -11.18429494 -87.63164300 -85.57173475 -74.16033021
54.28261422 155.49958403 -0.00000000 -11.81966027 42.38881271 13.72220470 125.48361805 24.34273356 71.08315864 34.97748070 8.73737831 22.43411699 63.22041941 142.63628039 2.14066114 0.23692941
