0.00000000
123.60210969
227.67420259
324.66566556
414.41577634
496.39505476
571.63185113
640.65777769
704.03726840
761.66662078
813.62835303
859.79259469
899.80915908
932.24589071
954.44701022
961.27065134
963.91618714
958.19561674
946.94615034
933.75313585
918.94323698
901.70494773
881.96198729
860.53819540
838.06001477
814.90649594
790.54309766
770.22094765
748.79116702
726.67881628
703.63767423
680.17769496
656.49215770
636.87013067
617.87459903
601.82688120
595.51266051
594.59585702
593.47519456
591.92720895
583.22335985
578.27524746
569.19440480
571.94667640
573.15328020
566.39486084
565.73150992
565.74833207
