0.00000000
0.00098151
0.00198151
0.00298151
0.00398151
0.00498151
0.00598151
0.00698151
0.00798151
0.00898151
0.00998151
0.01098151
0.01198151
0.01298151
0.01398151
0.01498151
0.01598151
0.01698151
0.01798151
0.01898151
0.01998151
0.02098151
0.02198151
0.02298151
0.02398151
0.02498151
0.02598151
0.02698151
0.02798151
0.02898151
0.02998151
0.03098151
0.03198151
0.03298151
0.03398151
0.03498151
0.03598151
0.03698151
0.03798151
0.03898151
0.03998151
0.04098151
0.04198151
0.04298151
0.04398151
0.04498151
0.04598151
0.04698151
0.04798151
0.04898151
0.04998151
0.05098151
0.05198151
0.05298151
0.05398151
0.05498151
0.05598151
0.05698151
0.05798151
0.05898151
0.05998151
0.06098151
0.06198151
0.06298151
0.06398151
0.06498151
0.06598151
0.06698151
0.06798151
0.06898151
0.06998151
0.07098151
0.07198151
0.07298151
0.07398151
0.07498151
0.07598151
0.07698151
0.07798151
0.07898151
0.07998151
0.08098151
0.08198151
0.08298151
0.08398151
0.08498151
0.08598151
0.08698151
0.08798151
0.08898151
0.08998151
0.09098151
0.09198151
0.09298151
0.09398151
0.09498151
0.09598151
0.09698151
0.09798151
0.09898151
0.09998151
0.10098151
0.10198151
0.10298151
0.10398151
0.10498151
0.10598151
0.10698151
0.10798151
0.10898151
0.10998151
0.11098151
0.11198151
0.11298151
0.11398151
0.11498151
0.11598151
0.11698151
0.11798151
0.11898151
0.11998151
