0.00000000
0.00101941
0.00201941
0.00301941
0.00401941
0.00501941
0.00601941
0.00701941
0.00801941
0.00901941
0.01001941
0.01101941
0.01201941
0.01301941
0.01401941
0.01501941
0.01601941
0.01701941
0.01801941
0.01901941
0.02001941
0.02101941
0.02201941
0.02301941
0.02401941
0.02501941
0.02601941
0.02701941
0.02801941
0.02901941
0.03001941
0.03101941
0.03201941
0.03301941
0.03401941
0.03501941
0.03601941
0.03701941
0.03801941
0.03901941
0.04001941
0.04101941
0.04201941
0.04301941
0.04401941
0.04501941
0.04601941
0.04701941
