0.00000000 0.00000000
0.00051319 0.00098151
0.00107987 0.00198151
0.00165468 0.00298151
0.00224663 0.00398151
0.00286000 0.00498151
0.00349240 0.00598151
0.00414200 0.00698151
0.00480635 0.00798151
0.00548774 0.00898151
0.00618418 0.00998151
0.00690076 0.01098151
0.00764278 0.01198151
0.00841762 0.01298151
0.00928588 0.01398151
0.01024326 0.01498151
0.01121469 0.01598151
0.01221070 0.01698151
0.01322262 0.01798151
0.01424788 0.01898151
0.01529270 0.01998151
0.01635303 0.02098151
0.01741813 0.02198151
0.01849046 0.02298151
0.01956994 0.02398151
0.02065428 0.02498151
0.02174441 0.02598151
0.02283901 0.02698151
0.02393751 0.02798151
0.02504052 0.02898151
0.02614836 0.02998151
0.02725895 0.03098151
0.02837053 0.03198151
0.02948316 0.03298151
0.03056697 0.03398151
0.03164932 0.03498151
0.03264839 0.03598151
0.03364914 0.03698151
0.03465043 0.03798151
0.03565207 0.03898151
0.03665396 0.03998151
0.03765602 0.04098151
0.03865841 0.04198151
0.03966138 0.04298151
0.04066500 0.04398151
0.04166874 0.04498151
0.04267256 0.04598151
0.04367671 0.04698151
0.04468129 0.04798151
0.04568600 0.04898151
0.04669080 0.04998151
0.04769575 0.05098151
0.04870143 0.05198151
0.04970761 0.05298151
0.05071403 0.05398151
0.05172114 0.05498151
0.05272953 0.05598151
0.05373774 0.05698151
0.05474549 0.05798151
0.05575422 0.05898151
0.05680574 0.05998151
0.05781297 0.06098151
0.05881899 0.06198151
0.05989686 0.06298151
0.06090027 0.06398151
0.06190405 0.06498151
0.06290800 0.06598151
0.06391392 0.06698151
0.06492011 0.06798151
0.06592671 0.06898151
0.06693334 0.06998151
0.06793998 0.07098151
0.06894667 0.07198151
0.06995349 0.07298151
0.07096059 0.07398151
0.07196769 0.07498151
0.07301616 0.07598151
0.07401708 0.07698151
0.07506254 0.07798151
0.07605912 0.07898151
0.07705960 0.07998151
0.07806322 0.08098151
0.07906798 0.08198151
0.08007342 0.08298151
0.08107871 0.08398151
0.08208389 0.08498151
0.08315223 0.08598151
0.08414841 0.08698151
0.08514635 0.08798151
0.08614671 0.08898151
0.08714895 0.08998151
0.08815050 0.09098151
0.08922657 0.09198151
0.09022088 0.09298151
0.09122108 0.09398151
0.09222106 0.09498151
0.09321760 0.09598151
0.09421333 0.09698151
0.09525505 0.09798151
0.09626181 0.09898151
0.09727860 0.09998151
0.09829772 0.10098151
0.09931467 0.10198151
0.10033241 0.10298151
0.10135043 0.10398151
0.10231141 0.10498151
0.10330975 0.10598151
0.10431542 0.10698151
0.10532049 0.10798151
0.10632992 0.10898151
0.10733710 0.10998151
0.10834571 0.11098151
0.10935433 0.11198151
0.11036339 0.11298151
0.11131379 0.11398151
0.11230786 0.11498151
0.11331856 0.11598151
0.11433414 0.11698151
0.11534813 0.11798151
0.11635305 0.11898151
0.11736814 0.11998151
