0.00000000 0.00000000
0.00052621 0.00101941
0.00107928 0.00201941
0.00163909 0.00301941
0.00221068 0.00401941
0.00279806 0.00501941
0.00340060 0.00601941
0.00401688 0.00701941
0.00464711 0.00801941
0.00529074 0.00901941
0.00595058 0.01001941
0.00662877 0.01101941
0.00733191 0.01201941
0.00807141 0.01301941
0.00886963 0.01401941
0.00977014 0.01501941
0.01069926 0.01601941
0.01169115 0.01701941
0.01271513 0.01801941
0.01374822 0.01901941
0.01479017 0.02001941
0.01584712 0.02101941
0.01692016 0.02201941
0.01800389 0.02301941
0.01909328 0.02401941
0.02018694 0.02501941
0.02128378 0.02601941
0.02236513 0.02701941
0.02345229 0.02801941
0.02454333 0.02901941
0.02564080 0.03001941
0.02674107 0.03101941
0.02784327 0.03201941
0.02892908 0.03301941
0.03001240 0.03401941
0.03108311 0.03501941
0.03211190 0.03601941
0.03311744 0.03701941
0.03412458 0.03801941
0.03513180 0.03901941
0.03615189 0.04001941
0.03717648 0.04101941
0.03818638 0.04201941
0.03917121 0.04301941
0.04016359 0.04401941
0.04119627 0.04501941
0.04220060 0.04601941
0.04319998 0.04701941
