0.00000000 0.00000000 0.00000000 0.00000000 0.00000000 0.00000000 0.00000000 0.00000000 0.00000000 0.00000000 0.00000000 0.00000000
2.15613518 2.64998479 2.07638135 -9.88465569 -9.84861809 -24.41281274 -23.53551706 -2.98511580 -14.97444706 -14.88555360 -6.50749472 -23.45039625
0.65907021 0.60304598 0.59100699 -26.91889837 -17.00519605 -41.56225101 -32.68472263 -9.88439205 -28.70495536 -24.92467260 -8.59298460 -39.24925308
-0.71653702 -1.49509162 -0.78619653 -43.08002522 -23.17388513 -57.11237844 -41.04964626 -16.65218798 -41.40845088 -34.41105829 -10.62134194 -54.15886628
-1.81692804 -3.63683187 -1.86047870 -58.34473513 -28.37513845 -71.46544134 -49.00379259 -22.83964832 -52.95342754 -43.46448134 -12.46411730 -68.19075571
-2.52193542 -5.46850847 -2.51975395 -72.43112943 -32.68597544 -84.81454288 -56.59794054 -28.28625483 -63.37738072 -52.16384289 -14.18491450 -81.34287569
-3.07469577 -7.26985817 -3.03075522 -85.03904241 -36.48675739 -97.27827768 -63.79639287 -33.01948265 -72.85447889 -60.45686775 -15.74674649 -93.57849584
-3.53854500 -8.93233910 -3.46000362 -96.34243819 -39.98432753 -108.84424742 -70.47953714 -37.26126442 -81.41169517 -68.29367600 -17.28226214 -104.82744195
-4.00303601 -10.50110765 -3.88682352 -106.40280120 -43.27909032 -119.52071436 -76.71052705 -41.18638548 -89.05669329 -75.72835544 -18.71068635 -115.05104774
-4.47170965 -12.01946735 -4.30282921 -115.20751746 -46.35893452 -129.23320028 -82.46842384 -44.82964883 -95.77642430 -82.71910469 -20.11127110 -124.16808955
-4.92630193 -13.50508456 -4.71649419 -122.66343589 -49.44402740 -137.93616366 -87.77293124 -48.22917819 -101.57561730 -89.23073433 -21.48508857 -132.14329576
-5.40248960 -14.93402718 -5.16147885 -128.71412144 -52.56526158 -145.56493740 -92.56438125 -51.60733602 -106.36121306 -95.20854857 -22.83010473 -138.87869500
-5.92835586 -16.34634198 -5.67423396 -133.42885315 -55.73656248 -152.06245581 -96.43806834 -55.00529801 -110.11755649 -100.55903796 -24.20884091 -144.30355415
-6.54343506 -17.81188869 -6.26653152 -136.28247753 -59.03039873 -157.31174544 -98.84881230 -58.59059792 -112.76277130 -104.88201864 -25.62143176 -148.29378180
-7.27535126 -19.36276700 -7.01067436 -137.02011271 -62.55637597 -161.27633370 -99.92857831 -62.42032297 -111.55944873 -108.32417706 -27.07760319 -150.63526497
-8.27851312 -21.10839933 -8.05996231 -131.82345560 -66.20591091 -160.24041770 -101.11541105 -66.26724685 -110.29080429 -112.05920493 -28.70094767 -147.12037759
-9.33868701 -22.84361384 -9.20341304 -125.45951646 -69.82195183 -157.34707126 -102.01729915 -70.13831578 -108.99710764 -115.77354037 -30.34823224 -142.62743853
-10.53010183 -24.69599703 -10.43959448 -118.74551643 -72.10109340 -153.40325532 -100.79023719 -73.79518897 -107.60917698 -116.13546746 -32.06536173 -137.88462590
-11.72429953 -26.49618971 -11.68147131 -112.02306062 -74.40274218 -148.71331234 -98.52255508 -76.24849453 -105.00558857 -115.32264075 -33.81222417 -132.99357154
-12.55927705 -28.27076023 -12.52923362 -105.31469102 -76.68423739 -143.89868810 -96.04457898 -78.66879029 -102.03652593 -114.15616554 -35.55616803 -128.03401965
-13.19498932 -30.02062709 -13.22876936 -98.54789820 -78.69398935 -138.85766836 -93.39614826 -81.02598838 -99.00712221 -112.65468287 -37.29462586 -123.02072771
-13.84723054 -31.76565096 -13.94443714 -91.65521678 -79.71645572 -133.43126003 -90.59679968 -83.30387031 -95.89233369 -110.60602362 -39.04036548 -117.90530379
-14.52099895 -33.52033553 -14.67341497 -84.64647194 -80.71855051 -127.61657753 -87.65213844 -84.79855579 -92.55728355 -108.16107187 -40.77685262 -112.31973559
-15.20631046 -35.27302211 -15.41379170 -77.55499385 -81.69791278 -121.72191896 -84.57738335 -85.64570397 -88.91419882 -105.56087260 -42.49276230 -106.47932450
-15.89618626 -37.02008135 -16.16024166 -70.41326468 -82.63174089 -115.77050801 -81.40072725 -86.44378103 -84.79188431 -102.72412729 -44.19495128 -100.61252077
-16.53948615 -38.84802313 -16.83903147 -63.23659084 -83.53346530 -109.78877765 -78.11774035 -87.19260482 -80.60414465 -99.71251625 -45.88143009 -94.61268523
-17.09810214 -40.35303631 -17.45450295 -56.10409569 -84.17553442 -103.76793033 -75.06472114 -87.89528963 -76.38108161 -96.77122466 -46.95246001 -88.52511878
-17.60734221 -40.89632462 -18.05399269 -50.13306913 -84.61847395 -97.49710515 -74.89233853 -88.40391983 -71.97722320 -96.46976991 -47.64404425 -82.02734417
-18.04600447 -41.37333665 -18.55789156 -44.32460179 -85.02452105 -91.03363821 -74.69009808 -88.73152167 -67.41815746 -96.12638264 -48.24527206 -75.21974139
-18.34738615 -41.86059162 -18.95296301 -38.51761372 -85.39236405 -84.53343285 -74.45656419 -89.02154915 -62.82107112 -95.74639394 -48.68083892 -68.34804756
-18.65446463 -42.34729872 -19.34567126 -32.60463052 -85.51600508 -78.04071488 -74.19659447 -89.26695037 -58.21785061 -95.32686873 -48.67321134 -61.44741362
-18.95748943 -42.82775325 -19.73014899 -26.68941122 -85.50278363 -71.50756378 -73.92623323 -89.45454275 -53.57416724 -94.89406621 -48.61220939 -54.50132585
-19.20597437 -43.32427997 -20.10819097 -20.66877487 -85.46401017 -65.03957688 -73.64190552 -89.48738636 -48.96722168 -94.44137323 -48.50883630 -47.63462738
-19.45867746 -43.80872277 -20.44776970 -14.62603410 -85.38479236 -58.50977830 -73.36541850 -89.37390573 -48.48982626 -94.00929746 -48.40166532 -40.99424271
-19.70803881 -44.28496502 -20.77516803 -8.58059469 -85.27743975 -51.95996705 -73.09281563 -89.23150006 -48.71376140 -93.58054002 -48.28866990 -34.38113867
-19.95889362 -44.74968199 -21.01786765 -2.52442747 -85.13866939 -47.46489911 -72.83160050 -89.07086408 -48.88911972 -93.17299134 -48.17565460 -28.83221171
-20.21658736 -45.13201456 -21.07639086 3.43816463 -84.98404180 -47.45498312 -72.59729321 -88.90774535 -48.85934444 -92.81822483 -48.10477842 -28.79942119
-20.22751501 -45.28948236 -21.10994776 3.47267586 -84.82064759 -47.43327195 -72.36685292 -88.74119169 -48.82782744 -92.48938532 -48.00912285 -28.75328799
-20.23644404 -45.27274409 -21.14137766 3.50811430 -84.65409305 -47.40557496 -72.14056367 -88.56350963 -48.79172074 -92.16556349 -47.90860900 -28.70310853
-20.25219966 -45.24791348 -21.16688469 3.61681587 -84.48587980 -47.37255718 -71.78962405 -88.39993034 -48.74757169 -91.63810208 -47.80041647 -28.64294538
-20.32867414 -45.25242879 -21.19764210 4.84609306 -84.35058938 -47.33403866 -68.73048514 -88.25900588 -48.68732899 -87.59451785 -47.72008092 -28.61466106
-20.51220403 -45.24608001 -21.22849052 4.53421115 -84.27136563 -47.28095674 -65.81495479 -88.05973124 -48.62681932 -85.59899233 -47.61788894 -28.55197506
-20.60123087 -45.24428720 -21.23954262 7.07544138 -84.11194158 -47.22736970 -66.10434033 -87.96300265 -48.55333731 -79.16058736 -47.53697726 -28.52722932
-20.60653227 -45.15375948 -21.23377085 6.39013184 -83.94029804 -47.16870002 -66.85438548 -87.78206919 -48.49275854 -81.24211678 -47.40768383 -28.45473375
-20.61658970 -45.06788586 -21.23460074 5.64614396 -83.76661555 -47.10893850 -66.65670764 -87.59423023 -48.42781975 -82.66078233 -47.28145789 -28.38379598
-20.81430876 -45.05281389 -21.26772298 2.26031453 -83.69170433 -47.04018856 -60.80823090 -87.37668054 -48.35188575 -78.76855387 -47.17552494 -28.30756086
-20.86848165 -44.98262957 -21.27655738 2.50482555 -83.54296854 -46.97259748 -61.00590117 -87.15899645 -48.27888995 -78.87329732 -47.04781720 -28.22819875
-20.89276385 -44.90480738 -21.28046463 3.34346366 -83.38373420 -46.90262403 -62.03599288 -86.94728686 -48.20283565 -79.48139874 -46.90969634 -28.15019117
