0.00000000
123.00451688
227.68531612
325.15252304
415.13250825
497.16334923
572.40752509
641.59426190
704.77956294
762.45533569
814.61662741
860.87966415
900.90639551
933.27615043
955.54960425
962.89435031
964.78095947
959.24572467
948.62735350
935.49686423
920.65775068
903.50550470
884.75943430
864.03517710
841.68674838
818.18072175
792.71610283
772.54572582
751.51919375
729.78567134
706.75993095
683.59484709
660.28141461
641.12016096
622.52557092
605.46191395
599.20061289
598.09063364
597.13372070
595.67476772
594.65469236
408.08498212
421.29860286
433.61217262
444.01322411
451.73604036
456.21693938
459.17282689
461.18724161
462.55960149
463.62492710
464.19601958
464.31992133
454.26836042
454.48918557
454.61469011
453.59971221
452.31926046
450.95937448
449.95034574
448.42406799
446.87590511
444.44158427
438.40730403
436.26888325
435.09237941
433.37258615
431.12886666
429.73742639
427.94233815
426.13366830
424.28545573
422.45220947
420.60358888
418.75669071
417.26613706
415.49382673
413.98412561
412.06251730
406.76779444
404.63427546
403.21794826
400.67020471
399.23744434
397.57670422
396.02424654
394.29446658
392.91170611
391.58400582
390.26043457
388.66198847
