0.00000000
120.76835452
218.32668518
310.12158386
394.43594482
470.77223081
539.89770148
602.75762507
659.76168276
711.01625149
756.81633653
797.32138488
832.20768574
860.98465662
876.15245024
877.68955714
876.81067072
872.71381075
865.11051252
854.74894866
841.74879910
826.20907175
809.68754305
792.16997391
772.87756474
752.35333783
730.90906268
708.79195872
685.82302723
661.90889322
637.73501844
613.20645784
588.26172309
563.01393723
547.07177624
531.89533043
524.53823724
524.30896357
523.93304976
523.45143646
522.81803274
522.11312942
521.33141557
520.38481371
519.32003255
518.18625743
517.00140643
515.72687478
514.41158109
513.04923081
511.65986129
510.24531070
508.80744725
507.34956907
505.87339728
504.38179374
502.88115231
501.35218909
499.77588946
498.05097675
491.72754278
490.30005703
482.28745622
477.83320798
476.84344640
475.63118989
474.21123963
472.70554107
466.04505135
465.37534274
463.95988258
462.09502050
459.59711188
458.19556613
457.03207912
455.63864114
454.05606197
441.48885848
440.40453438
434.01582670
429.24442914
429.26613050
426.74749319
424.86364367
419.28401185
418.40096887
410.29502740
409.26144385
408.32215408
407.36497360
406.44264037
405.20603963
403.87612326
402.41993975
394.02588586
386.85164265
386.07433015
386.33125909
385.41321569
384.33619818
381.81827094
380.88177451
371.22074054
368.55781879
364.12396990
363.61667042
363.45606793
362.70679474
362.04963883
357.05599652
356.12861605
355.30204632
354.47571422
353.27059450
352.11270889
351.13495402
