0.00000000
0.00096246
0.00196246
0.00296246
0.00396246
0.00496246
0.00596246
0.00696246
0.00796246
0.00896246
0.00996246
0.01096246
0.01196246
0.01296246
0.01396246
0.01496246
0.01596246
0.01696246
0.01796246
0.01896246
0.01996246
0.02096246
0.02196246
0.02296246
0.02396246
0.02496246
0.02596246
0.02696246
0.02796246
0.02896246
0.02996246
0.03096246
0.03196246
0.03296246
0.03396246
0.03496246
0.03596246
0.03696246
0.03796246
0.03896246
0.03996246
0.04096246
0.04196246
0.04296246
0.04396246
0.04496246
0.04596246
0.04696246
0.04796246
0.04896246
0.04996246
0.05096246
0.05196246
0.05296246
0.05396246
0.05496246
0.05596246
0.05696246
0.05796246
0.05896246
0.05996246
0.06096246
0.06196246
0.06296246
0.06396246
0.06496246
0.06596246
0.06696246
0.06796246
0.06896246
0.06996246
0.07096246
0.07196246
0.07296246
0.07396246
0.07496246
0.07596246
0.07696246
0.07796246
0.07896246
0.07996246
0.08096246
0.08196246
0.08296246
0.08396246
0.08496246
0.08596246
0.08696246
0.08796246
0.08896246
0.08996246
0.09096246
0.09196246
0.09296246
0.09396246
0.09496246
0.09596246
0.09696246
0.09796246
0.09896246
0.09996246
0.10096246
0.10196246
0.10296246
0.10396246
0.10496246
0.10596246
0.10696246
0.10796246
0.10896246
0.10996246
0.11096246
0.11196246
0.11296246
0.11396246
0.11496246
