0.00000000
48.50846322
85.34687208
121.26527014
156.16797661
190.02191099
222.87479223
254.74377533
285.66484570
315.51996921
344.36074941
372.30414385
399.41219142
425.68516848
451.15734734
475.87004175
499.81960020
522.99214590
545.36356248
566.94993169
587.79185264
607.92547605
627.25940591
645.85050350
663.73557063
680.90111551
697.35020291
713.04880846
728.00655808
742.26302055
755.82225275
768.69249755
780.84335878
792.26886795
802.99295457
813.01479639
822.33975687
830.95406049
838.85950382
846.04860572
852.53399580
858.31238432
861.98585069
864.95452623
867.41297496
869.35888440
867.72220147
864.58000942
861.43313221
858.23085976
854.98867027
851.72653692
848.44416435
845.15871661
841.87031959
838.55082282
835.17435525
831.77242157
828.36529991
824.88422073
821.33689850
817.72507659
814.09180461
810.27452969
806.30712958
802.27755712
798.23284069
794.11556527
789.89960078
785.56225025
781.17443415
776.76518192
772.33777555
767.89294023
763.42631198
758.93524594
754.42665477
749.90062291
745.36874998
740.83200130
736.28890917
731.74046686
727.04619149
722.21612048
717.37968652
712.53784169
707.66491112
702.63995481
697.47200376
692.22201275
686.96910851
681.71285795
676.45368192
671.17340539
665.86958375
660.56214682
655.24995472
649.87202970
644.48154330
639.08798376
633.58111166
628.00376488
622.42359755
616.84059217
611.25498101
605.66777164
600.07769311
594.48498964
588.88457417
583.25950045
577.57711664
571.87447328
566.16863622
560.45095271
554.67506603
548.85706642
543.02444532
537.18918274
531.35102424
525.51013099
519.66656743
513.81429851
507.95553552
502.09409728
496.22925077
490.36012445
484.48775118
478.61266346
472.73484875
466.85432799
460.97108131
455.08512878
449.19651728
443.30517330
437.41106760
431.51415243
425.61443483
419.71144972
413.80422261
407.89411868
401.98086016
396.06382398
390.83130243
385.71283213
380.93563673
376.60487458
372.22999219
367.83139306
363.43025402
359.01448785
354.57374565
350.13056236
