0.00000000
0.00020026
0.00040026
0.00060026
0.00080026
0.00100026
0.00120026
0.00140026
0.00160026
0.00180026
0.00200026
0.00220026
0.00240026
0.00260026
0.00280026
0.00300026
0.00320026
0.00340026
0.00360026
0.00380026
0.00400026
0.00420026
0.00440026
0.00460026
0.00480026
0.00500026
0.00520026
0.00540026
0.00560026
0.00580026
0.00600026
0.00620026
0.00640026
0.00660026
0.00680026
0.00700026
0.00720026
0.00740026
0.00760026
0.00780026
0.00800026
0.00820026
0.00840026
0.00860026
0.00880026
0.00900026
0.00920026
0.00940026
0.00960026
0.00980026
0.01000026
0.01020026
0.01040026
0.01060026
0.01080026
0.01100026
0.01120026
0.01140026
0.01160026
0.01180026
0.01200026
0.01220026
0.01240026
0.01260026
0.01280026
0.01300026
0.01320026
0.01340026
0.01360026
0.01380026
0.01400026
0.01420026
0.01440026
0.01460026
0.01480026
0.01500026
0.01520026
0.01540026
0.01560026
0.01580026
0.01600026
0.01620026
0.01640026
0.01660026
0.01680026
0.01700026
0.01720026
0.01740026
0.01760026
0.01780026
0.01800026
0.01820026
0.01840026
0.01860026
0.01880026
0.01900026
0.01920026
0.01940026
0.01960026
0.01980026
0.02000026
0.02020026
0.02040026
0.02060026
0.02080026
0.02100026
0.02120026
0.02140026
0.02160026
0.02180026
0.02200026
0.02220026
0.02240026
0.02260026
0.02280026
0.02300026
0.02320026
0.02340026
0.02360026
0.02380026
0.02400026
0.02420026
0.02440026
0.02460026
0.02480026
0.02500026
0.02520026
0.02540026
0.02560026
0.02580026
0.02600026
0.02620026
0.02640026
0.02660026
0.02680026
0.02700026
0.02720026
0.02740026
0.02760026
0.02780026
0.02800026
0.02820026
0.02840026
0.02860026
0.02880026
0.02900026
0.02920026
0.02940026
0.02960026
0.02980026
0.03000026
0.03020026
