0.00000000
0.00100066
0.00200066
0.00300066
0.00400066
0.00500066
0.00600066
0.00700066
0.00800066
0.00900066
0.01000066
0.01100066
0.01200066
0.01300066
0.01400066
0.01500066
0.01600066
0.01700066
0.01800066
0.01900066
0.02000066
0.02100066
0.02200066
0.02300066
0.02400066
0.02500066
0.02600066
0.02700066
0.02800066
0.02900066
0.03000066
0.03100066
0.03200066
0.03300066
0.03400066
0.03500066
0.03600066
0.03700066
0.03800066
0.03900066
0.04000066
0.04100066
0.04200066
0.04300066
0.04400066
0.04500066
0.04600066
0.04700066
0.04800066
0.04900066
0.05000066
0.05100066
0.05200066
0.05300066
0.05400066
0.05500066
0.05600066
0.05700066
0.05800066
0.05900066
0.06000066
0.06100066
0.06200066
0.06300066
0.06400066
0.06500066
0.06600066
0.06700066
0.06800066
0.06900066
0.07000066
0.07100066
0.07200066
0.07300066
0.07400066
0.07500066
