0.00000000 0.00000000 0.00000000 0.00000000 0.00000000 0.00000000 0.00000000 0.00000000 0.00000000 0.00000000 0.00000000 0.00000000
2.20024750 -32.42586478 -37.29869314 2.61782601 -5.26862335 -7.79804763 1.94504386 -5.44009438 -7.16932059 2.24363027 -32.13043625 -36.89493152
0.45383197 -59.37516354 -62.61760792 -1.16053418 -9.84561618 -9.51546963 -1.31673817 -10.03151821 -8.71884674 0.41324120 -59.21943709 -62.23044103
-0.64262903 -82.17782694 -84.59866985 -3.89271806 -13.05956669 -11.08971478 -3.77702703 -13.19873293 -10.11933495 -0.63288864 -82.01307888 -84.14045646
-1.61256157 -101.44650112 -103.26814355 -6.15932433 -15.47773495 -12.57917530 -5.70214654 -15.57165109 -11.44908099 -1.61832747 -101.47364985 -102.90318228
-2.56417619 -117.55881518 -118.77563502 -8.12242056 -17.52612099 -14.00414101 -7.29651801 -17.59562525 -12.70997611 -2.61657220 -117.74362235 -118.48622520
-3.47129427 -130.63964178 -131.19462626 -9.78576441 -19.39538677 -15.40936857 -8.69493414 -19.45328260 -13.94603408 -3.58582098 -130.83569481 -130.83656505
-4.34507273 -140.63013095 -140.44727549 -11.30389137 -21.15053387 -16.80399444 -9.99846809 -21.19988819 -15.17158810 -4.46971230 -140.81370267 -140.01299909
-5.23965491 -147.51172841 -146.50706015 -12.76181598 -22.82875803 -18.18353449 -11.23685539 -22.89577784 -16.38681563 -5.39853472 -147.67003791 -145.97585686
-6.11475368 -151.26540386 -149.38752204 -14.16540016 -24.34251414 -19.45453488 -12.44350878 -24.48395523 -17.54852273 -6.48072211 -150.91714864 -147.46855761
-7.07456052 -149.29793752 -146.01790958 -15.54621210 -25.81635504 -20.67857656 -13.61248884 -26.04938067 -18.70360295 -7.75401580 -146.47266479 -142.11109865
-8.14683495 -145.50156567 -141.36531003 -16.93981538 -27.28737778 -21.93624275 -14.78005042 -27.56213212 -19.83317549 -8.95896243 -142.16906767 -136.90104251
-9.21397058 -141.67036669 -136.64801118 -18.32827577 -28.72996189 -22.93920804 -15.93747353 -29.05457839 -20.83764735 -10.12763778 -137.75857689 -131.40108639
-10.26645077 -137.55075570 -131.56026308 -19.38316716 -30.14436164 -23.47334858 -17.06616022 -30.52573962 -21.70358294 -10.97036583 -133.03121702 -125.22233419
-11.32422473 -133.35099402 -126.10746387 -19.93731856 -31.53265488 -23.55973205 -18.14072147 -31.96988229 -22.04599837 -11.58889924 -128.16138474 -119.03149559
-12.23167338 -128.96553426 -120.68300185 -20.49137431 -32.78607490 -23.59881646 -18.62244367 -33.07066818 -22.10884832 -12.21111197 -123.11343566 -112.80147488
-12.73479586 -124.56630645 -115.24719159 -21.04117542 -33.60604805 -23.62551968 -19.06678958 -33.78876425 -22.16619373 -12.83489304 -118.00698588 -106.57174958
-13.23144911 -120.14097892 -109.81619840 -21.58614110 -34.19960434 -23.64656775 -19.50272505 -34.28365520 -22.20964461 -13.45587861 -112.72773520 -100.33385244
-13.72785052 -115.54188234 -104.36657693 -21.94159441 -34.58188549 -23.66008689 -19.93677616 -34.69736996 -22.25178739 -14.07491753 -107.43686650 -94.10707096
-14.21105186 -110.92945036 -98.91716897 -22.28330074 -34.94773213 -23.66904341 -20.24175362 -35.08497023 -22.28731774 -14.62287910 -102.06597747 -87.87424163
-14.68868964 -106.26723184 -93.48607895 -22.34504101 -35.28348497 -23.67669726 -20.34887852 -35.44766031 -22.32147786 -15.12480714 -96.48954571 -81.62696395
-15.16280005 -101.42304848 -88.05653996 -22.39473748 -35.60320455 -23.67881560 -20.38354545 -35.79016284 -22.35034212 -15.62332513 -90.89553344 -75.37954241
-15.62925142 -96.58154263 -82.64126839 -22.43940813 -35.90760266 -23.67616830 -20.41500314 -36.11468232 -22.37482858 -16.10117611 -85.14656051 -69.11400861
-16.06208295 -91.69746619 -77.23970999 -22.48240359 -36.19566420 -23.67061062 -20.44340301 -36.41944330 -22.39682868 -16.39779341 -79.37137004 -62.83282460
-16.43458091 -86.71974550 -71.83321336 -22.52552484 -36.46707453 -23.66560273 -20.46831522 -36.70603470 -22.41603246 -16.69044698 -73.58453456 -56.55752876
-16.80178007 -81.73093149 -66.42327514 -22.56612202 -36.72235335 -23.65879640 -20.48812212 -36.97362294 -22.43249818 -16.97957669 -67.77536913 -50.27533287
-17.16261996 -76.73880172 -61.02043915 -22.60615314 -36.96150890 -23.64884597 -20.50531483 -37.22144693 -22.44429255 -17.26695722 -61.84254465 -43.98604164
-17.41403500 -71.74201438 -55.61300607 -22.64153445 -37.18338069 -23.63912366 -20.52050890 -37.44837210 -22.45281529 -17.54598776 -55.89504337 -37.69720732
-17.60570880 -66.69307244 -50.20563288 -22.67195480 -37.38703216 -23.62833748 -20.53462963 -37.62602357 -22.45784600 -17.82052882 -49.93231657 -31.40670443
-17.79426868 -61.58350088 -44.79839522 -22.70023982 -37.57282866 -23.61562710 -20.54797869 -37.74154474 -22.45920613 -18.09104353 -43.95418361 -25.11353126
-18.03099484 -56.12323058 -39.04700481 -22.73364554 -37.70861931 -23.64575381 -20.59739981 -37.80007923 -22.46097098 -18.32536833 -38.76878493 -21.41584728
-18.40353774 -49.75198864 -32.39236559 -22.77888824 -37.79805717 -23.79276441 -20.74242963 -37.82917899 -22.46853473 -18.36197196 -38.83001976 -21.55997354
-18.83456509 -42.99798732 -25.37808738 -22.82628083 -37.84052776 -23.96466005 -20.82788277 -37.80088170 -22.47514129 -18.39624271 -38.88263246 -21.68096031
-19.01440507 -39.90290068 -22.56727900 -22.88930994 -37.80470090 -23.98017429 -20.81416990 -37.77553145 -22.47827969 -18.40617842 -38.90194525 -21.65916219
-19.02546993 -39.99602857 -22.56647708 -22.91546060 -37.76201122 -23.98040155 -20.83232035 -37.71451825 -22.48718653 -18.44771564 -38.95742215 -21.67812852
-19.03521285 -40.08089031 -22.56252951 -22.93994232 -37.71153480 -23.97120617 -20.84077133 -37.60730763 -22.47879822 -18.48921748 -39.00719527 -21.69184813
-19.04080911 -40.15898063 -22.55649346 -22.96271512 -37.61174056 -23.95778797 -20.84610447 -37.49289933 -22.46489588 -18.52746562 -39.05084741 -21.69827996
-19.04542008 -40.23127358 -22.54928092 -22.98519064 -37.49894062 -23.94243182 -20.84944527 -37.37153522 -22.44813567 -18.56483338 -39.08845187 -21.70259345
-19.04911292 -40.29833688 -22.54124915 -23.00723778 -37.38033533 -23.92526148 -20.85072187 -37.24390142 -22.42887378 -18.60190466 -39.12008371 -21.70478890
-19.05184985 -40.36042071 -22.53240542 -23.02591864 -37.25652780 -23.90634743 -20.85011524 -37.11049300 -22.40707725 -18.63881615 -39.14614758 -21.70508093
-19.05368134 -40.41763725 -22.52278460 -23.04370456 -37.12813842 -23.88568264 -20.84769598 -36.97186324 -22.38272391 -18.67547047 -39.16706248 -21.70372796
-19.05464241 -40.47022820 -22.51240363 -23.06134959 -36.99573462 -23.86329057 -20.84342320 -36.82835748 -22.35582388 -18.71192059 -39.18317801 -21.70072778
-19.05481061 -40.50875616 -22.50108918 -23.07828238 -36.86004699 -23.83926170 -20.83704287 -36.68025052 -22.32637443 -18.74807069 -39.19488277 -21.69613106
-19.05419433 -40.51940973 -22.48835484 -23.09419964 -36.72163342 -23.81368543 -20.82869410 -36.52812674 -22.29448549 -18.78371895 -39.19882939 -21.68980977
-19.05276483 -40.52045331 -22.47485009 -23.10980568 -36.58053129 -23.78650553 -20.81878588 -36.37259555 -22.26014751 -18.81932243 -39.18445742 -21.68146620
-19.05054396 -40.51820200 -22.46062550 -23.12541213 -36.43690182 -23.75770917 -20.80681022 -36.21395754 -22.22343113 -18.85248646 -39.16266377 -21.67152031
-19.04747066 -40.51299017 -22.44572980 -23.13844145 -36.29100669 -23.72735910 -20.79326564 -36.05278101 -22.18439792 -18.88543704 -39.12788686 -21.65984923
-19.04365916 -40.50498402 -22.43022265 -23.15129702 -36.14335427 -23.69548366 -20.77794984 -35.88913664 -22.14306447 -18.91828353 -39.09057754 -21.64663926
-19.03827580 -40.49451221 -22.41414528 -23.16381650 -35.99445814 -23.66210247 -20.76086828 -35.72335582 -22.09949613 -18.95101557 -39.05091449 -21.63188405
-19.03182895 -40.46609005 -22.39751068 -23.17627700 -35.84459957 -23.62727983 -20.74194751 -35.55581765 -22.05378145 -18.98355410 -39.00960047 -21.61563609
-19.02468410 -40.42184922 -22.38016029 -23.18888549 -35.69384906 -23.59104357 -20.72121773 -35.38710936 -22.00609372 -19.01580422 -38.96699518 -21.59794331
-19.01694682 -40.37585007 -22.36234050 -23.20124902 -35.54261567 -23.55348579 -20.69889747 -35.21737112 -21.95649826 -19.04798092 -38.91814344 -21.57865983
-19.00862947 -40.32846805 -22.34402471 -23.21334344 -35.39106476 -23.51464933 -20.67502550 -35.04703972 -21.90508355 -19.08001449 -38.85761140 -21.55781979
-18.99977576 -40.27999011 -22.32531225 -23.22507433 -35.23952173 -23.47460648 -20.64963278 -34.87633381 -21.85171040 -19.11202286 -38.78522186 -21.53548530
-18.99040432 -40.22997279 -22.30613563 -23.23663047 -35.08808062 -23.43340368 -20.62263400 -34.70567200 -21.79670943 -19.14384373 -38.71170827 -21.51158247
-18.98054684 -40.17674753 -22.28653112 -23.24796333 -34.93695540 -23.39109617 -20.59412254 -34.53523578 -21.74018850 -19.17547739 -38.63712693 -21.48628216
-18.97025079 -40.10631969 -22.26641941 -23.25904059 -34.78604735 -23.34764778 -20.56411861 -34.36547692 -21.68236286 -19.20677979 -38.56148558 -21.45977782
-18.95941233 -40.03028495 -22.24583708 -23.26876791 -34.63560584 -23.30314845 -20.53278570 -34.19646826 -21.62363692 -19.23779757 -38.48294410 -21.43202010
-18.94816086 -39.94685758 -22.22498809 -23.27799802 -34.48600572 -23.25781984 -20.49997026 -34.02836826 -21.56368456 -19.26878991 -38.38225777 -21.40290542
-18.93650512 -39.86257145 -22.20378301 -23.28703257 -34.33723347 -23.21164307 -20.46576467 -33.86142022 -21.50272503 -19.29953956 -38.28145250 -21.37260652
-18.92446116 -39.77764457 -22.18223741 -23.29599719 -34.18514107 -23.16469374 -20.43019744 -33.69567218 -21.44078195 -19.33002579 -38.18051768 -21.34116640
-18.91201370 -39.69243157 -22.16032167 -23.30511747 -34.02446860 -23.11708953 -20.39325543 -33.53144110 -21.37790130 -19.36022248 -38.07941685 -21.30868235
-18.89923036 -39.60684525 -22.13814183 -23.31396909 -33.86468270 -23.06881105 -20.35511721 -33.36866933 -21.31431082 -19.39015586 -37.97828279 -21.27512404
-18.88615822 -39.52100854 -22.11582581 -23.32248917 -33.70587171 -23.01968527 -20.31591834 -33.20579285 -21.25101856 -19.41990084 -37.87733860 -21.24052614
-18.87303631 -39.44272899 -22.09482427 -23.32851889 -33.54898403 -22.97023487 -20.27588958 -33.03322115 -21.18718250 -19.45141076 -37.56153997 -21.20049998
-18.85950750 -39.35666750 -22.07218009 -23.33624862 -33.39332141 -22.91990700 -20.23482089 -32.86181745 -21.12329545 -19.48048733 -37.46452233 -21.16394229
-18.84714994 -39.12179465 -22.04747074 -23.34377939 -33.23113447 -22.86965488 -20.19291533 -32.69367360 -21.05908429 -19.51084799 -37.16911917 -21.12426683
-18.83327343 -39.04479421 -22.02583240 -23.34927889 -33.06677733 -22.81918149 -20.14919664 -32.52656398 -20.99376693 -19.54111125 -36.87661378 -21.08247622
-18.82053251 -38.81780673 -22.00117489 -23.35617876 -32.90491632 -22.76830036 -20.10520264 -32.36063907 -20.92863097 -19.57108819 -36.58722763 -21.04165540
-18.80612757 -38.73673323 -21.97801163 -23.36281768 -32.73185702 -22.71684221 -20.06093846 -32.18528502 -20.86351220 -19.59898457 -36.48512412 -21.00212045
-18.79435763 -38.48657280 -21.95403487 -23.38280080 -31.63868893 -22.65774711 -20.02908834 -31.01973545 -20.79272230 -19.62877844 -36.16997480 -20.96047027
-18.78117621 -38.22398963 -21.92734869 -23.39942747 -30.94450438 -22.60165190 -19.99232241 -30.32760368 -20.72657344 -19.65527511 -36.07885731 -20.92253404
-18.75126899 -38.19925494 -21.90902994 -23.39074649 -30.22669571 -22.54257999 -19.94032260 -29.56353507 -20.63901446 -19.68644022 -33.39744569 -20.84380292
-18.74946030 -38.11204859 -21.89492395 -23.41473533 -29.12447878 -22.49826291 -19.91253504 -28.46439054 -20.57315163 -19.70885449 -33.21922978 -20.79628824
-18.74222897 -37.85810221 -21.87230711 -23.42048700 -29.06661861 -22.44827155 -19.86674135 -28.40590436 -20.51077484 -19.72782717 -33.25243766 -20.75820503
-18.72900440 -36.10327884 -21.84424836 -23.42550145 -28.95272288 -22.39198289 -19.83672656 -24.73765419 -20.45479192 -19.74927712 -33.05957379 -20.72392089
