0.00000000 0.00000000 0.00000000 0.00000000 0.00000000 0.00000000 0.00000000 0.00000000 0.00000000 0.00000000 0.00000000 0.00000000
1.74809380 6.64627782 1.87137308 -34.25982585 -10.75514989 -33.46495477 -21.44503935 1.85817775 -22.01763981 -35.18104839 -11.24177961 -34.97717185
0.21655777 3.67585559 0.17701904 -59.51892071 -13.84492945 -58.84685851 -40.53465047 -2.73117180 -40.99504826 -60.30061044 -13.35927265 -60.23022586
-0.75147907 0.53787703 -0.90924766 -81.27623208 -16.31535310 -80.60548557 -56.24883258 -7.09145846 -56.55988681 -81.98270556 -15.40048109 -81.97609599
-1.61482651 -2.34921116 -1.89595055 -99.88638660 -18.48938547 -99.19360911 -69.19245707 -10.62385464 -69.40167009 -100.39335296 -17.34855420 -100.45300691
-2.47419142 -4.70464712 -2.89394281 -115.49331548 -20.48886681 -114.75019014 -79.60776254 -13.48840488 -79.68890351 -115.68737273 -19.26279259 -115.79227691
-3.33013247 -6.97450469 -3.88660810 -128.07068539 -22.37454255 -127.25249089 -87.56299640 -15.91491641 -87.52780261 -127.83723431 -21.13498276 -128.00830731
-4.15831232 -9.17590228 -4.84407819 -137.57952022 -24.12754536 -136.68004707 -93.06473411 -18.01674641 -92.93118215 -136.85621012 -22.86639296 -137.09703399
-5.01235360 -11.37370891 -5.83847633 -144.03205071 -25.82487969 -143.03528494 -96.14690010 -19.94608026 -95.87412517 -142.75557868 -24.58743111 -143.05547940
-5.91222825 -13.46940902 -6.87259141 -147.43013999 -27.48741792 -146.35282624 -94.21332909 -21.84986749 -93.71692140 -145.46802157 -26.28678908 -145.82996651
-6.94269638 -15.44560092 -8.03875255 -143.27402019 -29.11375086 -142.34215521 -91.27297228 -23.58566690 -90.72192992 -140.79314783 -27.96419025 -141.29168981
-7.98474821 -17.35339401 -9.21311628 -138.27435756 -30.71528628 -137.69826118 -88.34182549 -25.21692643 -87.75385513 -135.84509758 -29.62214968 -136.43608772
-9.02772339 -19.20250544 -10.38577741 -132.86360555 -32.30893954 -132.76487120 -85.41359120 -26.82467544 -84.79064389 -130.86797177 -31.27376264 -131.56136867
-10.05928526 -21.04279652 -11.30416323 -127.25282027 -33.90273519 -127.44498958 -82.32555133 -28.41876675 -81.78142503 -125.84050611 -32.92513533 -126.54193542
-11.08386350 -22.75920755 -11.84952721 -121.63951015 -35.48267622 -121.93457065 -78.81039798 -30.00068424 -78.47218820 -120.55439376 -34.57536550 -121.25208222
-11.90445151 -24.42917500 -12.37178197 -116.01132862 -37.04590223 -116.45258381 -75.23058288 -31.55536604 -74.93382296 -115.03594969 -36.22160139 -115.82145494
-12.45693531 -26.09563686 -12.89437512 -110.39680993 -38.14175827 -110.97854673 -71.50974334 -33.09146357 -71.32992361 -109.40786443 -37.87648783 -110.31403483
-12.94495118 -27.73025776 -13.40878329 -104.76143680 -38.26429893 -105.51791339 -67.75044957 -34.34796314 -67.65326651 -103.75916585 -38.69067866 -104.83198813
-13.43034510 -29.36007419 -13.92111665 -99.12423908 -38.38066813 -100.05413564 -63.98523037 -34.99102606 -63.97125835 -98.10497796 -39.32752181 -99.34294433
-13.91657375 -30.40944851 -14.43161005 -93.44764295 -38.48232370 -94.61878634 -60.01459022 -35.63316391 -60.30062576 -92.37993053 -39.95527216 -93.88047070
-14.40401863 -30.97324811 -14.94911175 -87.77075275 -38.57340419 -89.18663788 -56.00022679 -36.27111302 -56.46659783 -86.49960596 -40.59920285 -88.25570074
-14.88707505 -31.53274879 -15.46016184 -82.07015932 -38.65363286 -83.76036608 -51.95947007 -36.89779354 -52.60009998 -80.60157503 -41.01859290 -82.63314149
-15.36569788 -32.08728755 -15.96937774 -76.35408710 -38.72461066 -78.34004447 -47.91147584 -37.50994355 -48.73919939 -74.68292702 -41.12762999 -77.02145502
-15.83859010 -32.64025416 -16.45389988 -70.63658599 -38.79167400 -72.91306771 -43.85287178 -37.81194871 -44.86804157 -68.76594335 -41.22571247 -71.40131237
-16.30657629 -33.19585093 -16.87366329 -64.91808381 -38.85238486 -67.48506281 -39.78314925 -37.86517163 -40.98257715 -62.85547908 -41.31178988 -65.77391032
-16.72737252 -33.74984718 -17.28862503 -59.19286109 -38.87740240 -62.05671814 -35.69981551 -37.91206063 -37.09323595 -56.93661463 -41.39034645 -60.14803852
-17.10833624 -34.30134131 -17.70148632 -53.46005177 -38.87129121 -56.63217837 -31.60879132 -37.94869497 -33.20612266 -50.99448820 -41.45115897 -54.52696757
-17.48209326 -34.82155471 -18.07161720 -47.71057579 -38.85849231 -51.19093530 -27.49751627 -37.97625844 -29.31371592 -45.04243868 -41.49897673 -48.90815386
-17.71349449 -35.22683702 -18.30774896 -41.88484882 -38.83696522 -45.68681530 -23.38273134 -37.99234036 -25.41889595 -39.08100577 -41.53144782 -43.28931308
-17.93571274 -35.63236982 -18.54728748 -36.02483445 -38.80234699 -40.01399069 -22.09823337 -38.00097696 -21.99878523 -33.25107409 -41.57954478 -37.53217951
-18.15814158 -36.01352186 -18.77569755 -29.94461509 -38.76004875 -34.26766236 -22.29931798 -37.98609811 -22.20094505 -27.29625556 -41.59195966 -31.89383763
