0.00000000
143.37063984
250.76763179
347.54419960
441.16823025
531.61607045
618.41450676
701.26563683
779.81763688
853.88349706
923.33763133
988.17977940
1048.50723375
1104.55023678
1156.27222150
1203.85000481
1247.21754429
1286.27323651
1320.43619617
1349.82340485
1364.06016834
1370.10838630
1375.34178109
1379.76145582
1383.40588528
1386.32540524
1388.59566941
1390.21294251
1389.35715047
1383.82298467
1371.64442634
1357.68012980
1342.59510943
1321.68371798
1289.81472347
1255.05942782
1218.06833751
1177.92504876
1135.64500475
1092.65086890
1048.97822237
1038.30613610
1037.42291960
1036.11153506
1034.41210282
1032.32888137
1029.95924132
1027.23696271
1024.38157068
1021.20983515
1017.73969090
1014.18585550
1010.55597913
1006.73905019
991.90385610
988.86211945
971.02061569
968.10217455
954.19529353
951.12090557
947.93983025
944.71148200
925.60938114
922.74255113
919.79150208
916.00056928
910.27987393
907.16355027
903.92039696
900.63555721
896.36257444
893.01463353
888.64088237
885.05690249
879.19357411
875.64641583
871.90896906
867.94622282
842.15121443
840.94547711
838.39482163
835.60730480
824.05913726
792.59283903
793.53733163
793.52274854
792.26507798
766.88234618
766.39040401
762.61878387
754.61143972
748.13859030
745.74748796
742.75723731
740.37162464
737.66447065
735.18417889
726.09928924
723.60655373
722.36921084
720.30477842
716.79861174
713.64530432
710.16154939
706.85184819
703.51707878
700.16226433
696.77567027
692.50306455
687.56649367
684.17215321
680.41929312
676.49923487
671.20633336
664.72430165
661.73772372
656.79394351
648.44095714
644.14453899
639.13068416
629.30631763
625.04596406
622.12719721
609.75700366
607.21082647
604.04764241
600.75383410
597.15742207
594.12399391
590.71001459
587.86997636
584.77725020
580.84306100
577.53397682
559.88794263
557.24913513
