0.00000000
116.10106994
201.97108449
284.13277064
363.60029039
440.14874790
513.84201182
584.36175685
651.34606080
714.82149468
775.08633717
831.96043258
885.88170154
936.41267667
983.83651781
1028.10850047
1069.52400101
1107.81921871
1142.86895155
1174.39800672
1201.58743680
1224.25324317
1239.88111259
1254.49444873
1267.92393344
1279.07076977
1287.81433042
1295.72924095
1303.17200156
1310.25984083
1316.62766055
1321.55252616
1324.94387865
1325.52205760
1325.31799736
1321.20494446
1314.48744454
1304.95193817
1292.17787837
1275.30757409
1260.17510470
1244.40405307
1225.09234653
1204.68594576
1187.29798495
1167.28036897
1143.06547324
1138.48314765
1122.97732280
1118.24730836
1117.67593694
1114.35156488
1105.72094364
1103.12901617
1099.99753991
1096.50951630
1092.80426731
1088.93774664
1079.29162301
1075.28295336
1059.15100023
1055.52021206
1051.27398048
1047.01365047
1041.50480578
1037.46476509
1022.36154299
1007.43253473
1004.42801760
994.53525635
990.67171366
986.90265204
981.58809528
971.76008295
958.26127804
951.72241012
948.47588618
943.84391134
940.71517469
935.38148274
927.16119473
922.66604639
914.54567840
911.86541442
908.04917915
904.43094806
900.75567541
890.02654426
886.49017193
882.36445279
878.60446678
874.12788930
866.20036799
862.37741371
853.32026122
842.69533933
826.62943003
823.05527380
818.87650151
814.51567957
809.00756941
804.94181408
793.46620107
789.34534681
786.13259266
779.18587212
776.41050160
770.53982239
769.24885818
764.67327529
761.71423043
758.29553659
754.65377859
750.01201172
744.89658074
740.26533026
736.44927755
729.43229031
725.41830184
720.67285263
711.31587620
707.92172633
702.89152449
697.61991895
693.48874807
689.82557566
686.27118396
682.53576210
675.59708223
672.10310147
668.19921206
663.75705047
658.97099059
652.89005409
647.24379275
625.94329166
621.62454095
617.36875967
610.06178024
586.34408065
582.45051187
578.87255839
575.29053709
566.70685218
563.66264235
552.12823337
544.11970909
542.40405065
534.81088292
