0.00000000
0.00104137
0.00204137
0.00304137
0.00404137
0.00504137
0.00604137
0.00704137
0.00804137
0.00904137
0.01004137
0.01104137
0.01204137
0.01304137
0.01404137
0.01504137
0.01604137
0.01704137
0.01804137
0.01904137
0.02004137
0.02104137
0.02204137
0.02304137
0.02404137
0.02504137
0.02604137
0.02704137
0.02804137
0.02904137
0.03004137
0.03104137
0.03204137
0.03304137
0.03404137
0.03504137
0.03604137
0.03704137
0.03804137
0.03904137
0.04004137
0.04104137
0.04204137
0.04304137
0.04404137
0.04504137
0.04604137
0.04704137
0.04804137
0.04904137
0.05004137
0.05104137
0.05204137
0.05304137
0.05404137
0.05504137
0.05604137
0.05704137
0.05804137
0.05904137
0.06004137
0.06104137
0.06204137
0.06304137
0.06404137
0.06504137
0.06604137
0.06704137
0.06804137
0.06904137
0.07004137
0.07104137
0.07204137
0.07304137
0.07404137
0.07504137
0.07604137
0.07704137
0.07804137
0.07904137
0.08004137
0.08104137
0.08204137
0.08304137
0.08404137
0.08504137
0.08604137
0.08704137
0.08804137
0.08904137
0.09004137
0.09104137
0.09204137
0.09304137
0.09404137
0.09504137
0.09604137
0.09704137
0.09804137
0.09904137
0.10004137
0.10104137
0.10204137
0.10304137
0.10404137
0.10504137
0.10604137
0.10704137
0.10804137
0.10904137
0.11004137
0.11104137
0.11204137
0.11304137
0.11404137
0.11504137
0.11604137
0.11704137
0.11804137
0.11904137
0.12004137
0.12104137
0.12204137
0.12304137
0.12404137
0.12504137
0.12604137
0.12704137
0.12804137
0.12904137
0.13004137
0.13104137
0.13204137
0.13304137
0.13404137
0.13504137
