0.00000000
0.00104095
0.00204095
0.00304095
0.00404095
0.00504095
0.00604095
0.00704095
0.00804095
0.00904095
0.01004095
0.01104095
0.01204095
0.01304095
0.01404095
0.01504095
0.01604095
0.01704095
0.01804095
0.01904095
0.02004095
0.02104095
0.02204095
0.02304095
0.02404095
0.02504095
0.02604095
0.02704095
0.02804095
0.02904095
0.03004095
0.03104095
0.03204095
0.03304095
0.03404095
0.03504095
0.03604095
0.03704095
0.03804095
0.03904095
0.04004095
0.04104095
0.04204095
0.04304095
0.04404095
0.04504095
0.04604095
0.04704095
0.04804095
0.04904095
0.05004095
0.05104095
0.05204095
0.05304095
0.05404095
0.05504095
0.05604095
0.05704095
0.05804095
0.05904095
0.06004095
0.06104095
0.06204095
0.06304095
0.06404095
0.06504095
0.06604095
0.06704095
0.06804095
0.06904095
0.07004095
0.07104095
0.07204095
0.07304095
0.07404095
0.07504095
0.07604095
0.07704095
0.07804095
0.07904095
0.08004095
0.08104095
0.08204095
0.08304095
0.08404095
0.08504095
0.08604095
0.08704095
0.08804095
0.08904095
0.09004095
0.09104095
0.09204095
0.09304095
0.09404095
0.09504095
0.09604095
0.09704095
0.09804095
0.09904095
0.10004095
0.10104095
0.10204095
0.10304095
0.10404095
0.10504095
0.10604095
0.10704095
0.10804095
0.10904095
0.11004095
0.11104095
0.11204095
0.11304095
0.11404095
0.11504095
0.11604095
0.11704095
0.11804095
0.11904095
0.12004095
0.12104095
0.12204095
0.12304095
0.12404095
0.12504095
0.12604095
0.12704095
0.12804095
0.12904095
0.13004095
0.13104095
0.13204095
0.13304095
0.13404095
0.13504095
0.13604095
0.13704095
0.13804095
0.13904095
0.14004095
0.14104095
0.14204095
0.14304095
0.14404095
0.14504095
0.14604095
0.14704095
0.14804095
