0.00000000 0.00000000 0.00000000
0.00034552 0.00072970 0.00104192
0.00074397 0.00151614 0.00204192
0.00114149 0.00229141 0.00304192
0.00154043 0.00306934 0.00404192
0.00194119 0.00384997 0.00504192
0.00234537 0.00463444 0.00604192
0.00275510 0.00542335 0.00704192
0.00317201 0.00621764 0.00804192
0.00359738 0.00701841 0.00904192
0.00403143 0.00782661 0.01004192
0.00447445 0.00864254 0.01104192
0.00492671 0.00946660 0.01204192
0.00538798 0.01029869 0.01304192
0.00585941 0.01113932 0.01404192
0.00634179 0.01198893 0.01504192
0.00683717 0.01284841 0.01604192
0.00734880 0.01371883 0.01704192
0.00788766 0.01460263 0.01804192
0.00845714 0.01549988 0.01904192
0.00920626 0.01644865 0.02004192
0.01006082 0.01742613 0.02104192
0.01092410 0.01840638 0.02204192
0.01179669 0.01938946 0.02304192
0.01267899 0.02037537 0.02404192
0.01356929 0.02136361 0.02504192
0.01446748 0.02235410 0.02604192
0.01537418 0.02334683 0.02704192
0.01629482 0.02434268 0.02804192
0.01730259 0.02535360 0.02904192
0.01836052 0.02637938 0.03004192
0.01942964 0.02740869 0.03104192
0.02051080 0.02844199 0.03204192
0.02163417 0.02948940 0.03304192
0.02282956 0.03055888 0.03404192
0.02406592 0.03164105 0.03504192
0.02532033 0.03272922 0.03604192
0.02659630 0.03382436 0.03704192
0.02788812 0.03492472 0.03804192
0.02918883 0.03602826 0.03904192
0.03048295 0.03712971 0.04004192
0.03156280 0.03815785 0.04104192
0.03255997 0.03915719 0.04204192
0.03356084 0.04015766 0.04304192
0.03456599 0.04115936 0.04404192
0.03557293 0.04216160 0.04504192
0.03658327 0.04316476 0.04604192
0.03759540 0.04416845 0.04704192
0.03860945 0.04517265 0.04804192
0.03962496 0.04617727 0.04904192
0.04064277 0.04718252 0.05004192
0.04166247 0.04818832 0.05104192
0.04268346 0.04919454 0.05204192
0.04375410 0.05021689 0.05304192
0.04484715 0.05124767 0.05404192
0.04586644 0.05225325 0.05504192
0.04693564 0.05327513 0.05604192
0.04795533 0.05428085 0.05704192
0.04897549 0.05528666 0.05804192
0.05007476 0.05631766 0.05904192
0.05115624 0.05733796 0.06004192
0.05217866 0.05834461 0.06104192
0.05327245 0.05936873 0.06204192
0.05429467 0.06037572 0.06304192
0.05531222 0.06138105 0.06404192
0.05633241 0.06238726 0.06504192
0.05736026 0.06339558 0.06604192
0.05838763 0.06440406 0.06704192
0.05941216 0.06541126 0.06804192
0.06043176 0.06641729 0.06904192
0.06147772 0.06743312 0.07004192
0.06250023 0.06843982 0.07104192
0.06352263 0.06944632 0.07204192
0.06459597 0.07046980 0.07304192
0.06563882 0.07148394 0.07404192
0.06665976 0.07249065 0.07504192
0.06768386 0.07349845 0.07604192
0.06870004 0.07450346 0.07704192
0.06972447 0.07551110 0.07804192
0.07081371 0.07653747 0.07904192
0.07184017 0.07754602 0.08004192
0.07293171 0.07857836 0.08104192
0.07398666 0.07959843 0.08204192
0.07501402 0.08060477 0.08304192
0.07603153 0.08160932 0.08404192
0.07711664 0.08263549 0.08504192
0.07813030 0.08363894 0.08604192
0.07914149 0.08464130 0.08704192
0.08016175 0.08563719 0.08804192
0.08116274 0.08663444 0.08904192
0.08216891 0.08763343 0.09004192
0.08319921 0.08863375 0.09104192
0.08419725 0.08962661 0.09204192
0.08519470 0.09062319 0.09304192
0.08623292 0.09162805 0.09404192
0.08722348 0.09262216 0.09504192
0.08821516 0.09361735 0.09604192
0.08923080 0.09462566 0.09704192
0.09023235 0.09562474 0.09804192
0.09128156 0.09663940 0.09904192
0.09227353 0.09763332 0.10004192
0.09326587 0.09862642 0.10104192
0.09427349 0.09962436 0.10204192
0.09527803 0.10062213 0.10304192
0.09628813 0.10162230 0.10404192
0.09729386 0.10262159 0.10504192
0.09831071 0.10362490 0.10604192
0.09932476 0.10462739 0.10704192
0.10033412 0.10562833 0.10804192
0.10134803 0.10663042 0.10904192
0.10236082 0.10763251 0.11004192
0.10337147 0.10863388 0.11104192
0.10440367 0.10964399 0.11204192
0.10541839 0.11064934 0.11304192
0.10643494 0.11165535 0.11404192
0.10745309 0.11266204 0.11504192
