0.00000000 0.00000000 0.00000000
0.00035803 0.00074603 0.00103056
0.00073564 0.00150518 0.00203056
0.00111904 0.00226847 0.00303056
0.00150247 0.00303399 0.00403056
0.00188629 0.00380197 0.00503056
0.00227240 0.00457346 0.00603056
0.00266215 0.00534907 0.00703056
0.00305679 0.00612959 0.00803056
0.00345904 0.00691576 0.00903056
0.00386681 0.00770770 0.01003056
0.00428321 0.00850670 0.01103056
0.00470432 0.00931160 0.01203056
0.00513473 0.01012412 0.01303056
0.00557378 0.01094447 0.01403056
0.00601810 0.01177124 0.01503056
0.00647067 0.01260715 0.01603056
0.00693120 0.01345138 0.01703056
0.00740222 0.01430486 0.01803056
0.00789235 0.01517068 0.01903056
0.00841439 0.01605216 0.02003056
0.00897729 0.01695056 0.02103056
0.00961708 0.01787918 0.02203056
0.01025356 0.01881037 0.02303056
0.01088725 0.01974544 0.02403056
0.01148288 0.02068732 0.02503056
0.01201458 0.02163546 0.02603056
0.01253110 0.02258558 0.02703056
0.01304556 0.02353697 0.02803056
0.01356742 0.02448989 0.02903056
0.01410530 0.02544635 0.03003056
0.01468691 0.02641005 0.03103056
0.01529650 0.02737938 0.03203056
0.01600346 0.02836318 0.03303056
0.01676584 0.02935557 0.03403056
0.01759272 0.03035488 0.03503056
0.01857816 0.03136785 0.03603056
0.01962850 0.03239430 0.03703056
0.02071718 0.03343121 0.03803056
0.02186772 0.03448530 0.03903056
0.02302388 0.03553992 0.04003056
0.02415260 0.03658592 0.04103056
0.02531708 0.03764200 0.04203056
0.02652770 0.03870893 0.04303056
0.02770260 0.03976285 0.04403056
0.02898481 0.04083797 0.04503056
0.03015473 0.04188864 0.04603056
0.03121983 0.04290854 0.04703056
0.03235413 0.04393915 0.04803056
0.03464761 0.04530994 0.04903056
0.03566239 0.04631373 0.05003056
0.03668204 0.04731865 0.05103056
0.03770732 0.04832477 0.05203056
0.03873633 0.04933170 0.05303056
0.03976783 0.05033914 0.05403056
0.04080207 0.05134715 0.05503056
0.04183731 0.05235529 0.05603056
0.04292847 0.05337802 0.05703056
0.04403960 0.05440555 0.05803056
0.04512526 0.05542705 0.05903056
0.04615867 0.05643432 0.06003056
0.04719388 0.05744199 0.06103056
0.04822819 0.05844653 0.06203056
0.04926491 0.05945446 0.06303056
0.05036522 0.06047787 0.06403056
0.05146313 0.06149881 0.06503056
0.05250082 0.06250619 0.06603056
0.05367953 0.06355570 0.06703056
0.05479598 0.06457611 0.06803056
0.05580899 0.06557640 0.06903056
0.05206541 0.06383388 0.07003056
0.05267416 0.06469267 0.07103056
0.05325552 0.06553216 0.07203056
0.05383927 0.06637219 0.07303056
0.05441896 0.06720913 0.07403056
0.05500900 0.06804978 0.07503056
0.05560453 0.06889169 0.07603056
0.05633469 0.06978426 0.07703056
0.05713311 0.07070212 0.07803056
0.05807249 0.07167435 0.07903056
0.05895677 0.07262588 0.08003056
0.05987620 0.07359224 0.08103056
0.06083677 0.07457387 0.08203056
0.06179658 0.07555501 0.08303056
0.06275745 0.07653605 0.08403056
0.06372710 0.07752026 0.08503056
0.06492031 0.07858127 0.08603056
0.06599015 0.07959965 0.08703056
0.06709089 0.08063167 0.08803056
0.06810350 0.08163201 0.08903056
0.06912281 0.08263507 0.09003056
0.07013172 0.08363513 0.09103056
0.07113656 0.08463151 0.09203056
0.07216606 0.08563681 0.09303056
0.07316082 0.08662754 0.09403056
0.07420756 0.08762193 0.09503056
0.07521072 0.08861765 0.09603056
0.07620892 0.08961140 0.09703056
0.07721430 0.09060823 0.09803056
0.07822486 0.09160679 0.09903056
0.07928072 0.09262282 0.10003056
0.08041556 0.09366605 0.10103056
0.08143906 0.09466837 0.10203056
0.07953988 0.09362727 0.10303056
0.08003146 0.09441870 0.10403056
0.08053069 0.09520225 0.10503056
0.08108640 0.09600928 0.10603056
0.08172676 0.09685144 0.10703056
0.08252786 0.09776063 0.10803056
0.08362141 0.09878140 0.10903056
0.08461242 0.09976778 0.11003056
0.08564787 0.10076978 0.11103056
0.08670628 0.10178599 0.11203056
0.08772864 0.10278186 0.11303056
0.08871940 0.10376614 0.11403056
