0.00000000 0.00000000 0.00000000 0.00000000 0.00000000 0.00000000 0.00000000 0.00000000 0.00000000 0.00000000 0.00000000 0.00000000 0.00000000 0.00000000 0.00000000 0.00000000
1.94442060 3.11310790 2.72153870 2.19603688 -8.85341732 -5.92324846 -10.13562413 -16.66612638 -21.65381187 0.09047935 0.83083880 -16.72493085 -13.67947588 -5.19014335 -5.25158150 -22.69788178
0.64004859 1.66836725 1.40308015 0.94081575 -21.69243757 -9.07582566 -15.08694744 -30.20160431 -29.31353596 -2.99233630 -3.83416364 -25.34951367 -21.45827433 -6.44753077 -6.60648277 -33.93412264
-0.68100346 0.20139667 0.05446545 -0.36686806 -33.87903148 -12.26851772 -20.17421748 -41.28178248 -36.63887762 -6.11023616 -8.60934473 -33.85399648 -29.02070031 -7.73612270 -8.00998935 -44.95891918
-1.90832659 -1.26562025 -1.29424043 -1.67533472 -45.59935360 -15.36847394 -25.23322670 -51.84648250 -43.65948288 -9.19430481 -13.36056487 -41.97955105 -36.33201146 -9.02764116 -9.41809487 -55.50060289
-3.03117167 -2.66498911 -2.61168974 -2.82971682 -56.84802520 -18.47176573 -30.26625983 -61.90884663 -50.30452672 -12.27000273 -18.09245127 -49.70322875 -43.37200679 -10.32929703 -10.83791632 -65.56444893
-4.01736681 -4.07519257 -3.93594339 -3.86988132 -67.59662311 -21.60489463 -35.01253646 -71.48560811 -56.62287505 -15.35127408 -22.82732827 -57.02263650 -50.13165717 -11.64108441 -12.27800411 -75.18680145
-4.81777482 -5.50300151 -5.27112436 -4.73892083 -77.78535559 -24.70889574 -39.34482677 -80.56198051 -62.64951108 -18.45111171 -27.57833801 -63.92195634 -56.65072318 -12.96945511 -13.73223119 -84.37405185
-5.43974336 -6.95172604 -6.63038451 -5.42990820 -87.29673663 -27.70412171 -43.42631333 -89.14091079 -68.43241520 -21.57874913 -32.02374333 -70.35735844 -62.94319972 -14.32021863 -15.20107202 -93.11638054
-5.96871435 -8.44332968 -8.01866201 -6.00497313 -96.13908855 -30.45355913 -47.27510110 -97.27680362 -74.00479101 -24.62614807 -36.23532428 -76.33388668 -69.05051779 -15.58008152 -16.51175524 -101.46277814
-6.43423738 -9.95464028 -9.42476799 -6.50914486 -104.33249201 -33.13171023 -50.98333506 -104.91987285 -79.31814896 -27.55126762 -40.37672443 -81.83193724 -74.93412688 -16.76404688 -17.80633642 -109.32916863
-6.86055419 -11.35403960 -10.76908747 -6.97990334 -111.99916861 -35.57435318 -54.46169497 -112.13185464 -84.43831748 -30.31079462 -44.27940855 -86.88504054 -80.67328255 -17.90781709 -19.02432993 -116.75078581
-7.26008166 -12.70022018 -12.05470414 -7.42772942 -119.06593324 -38.01697326 -57.95308275 -118.84377258 -89.30615531 -33.06731855 -48.07630191 -91.42897457 -86.18366502 -18.99052293 -20.17219801 -123.64266672
-7.64411383 -13.98243750 -13.24764137 -7.85818143 -125.44143912 -40.24153716 -61.39685733 -125.10616008 -93.98068285 -35.58670790 -51.87512345 -95.52352751 -91.38281988 -20.04315887 -21.32257395 -130.02918522
-8.03111082 -15.21313286 -14.44065951 -8.29262344 -131.28470035 -42.42866085 -64.62453101 -130.91659854 -98.39516380 -38.11837638 -55.39302159 -99.14048555 -96.39252089 -21.04199389 -22.38060080 -135.91383539
-8.42507420 -16.37894557 -15.52210991 -8.73367988 -136.58164398 -44.61430180 -67.87055139 -136.18167837 -102.38266757 -40.56264764 -58.92687466 -102.25268488 -101.08134866 -22.00419918 -23.41057992 -141.19956260
-8.83734310 -17.52973454 -16.56827959 -9.20681931 -141.25552893 -46.72739212 -71.18152522 -140.91653978 -106.15881041 -42.84759797 -62.49519707 -104.85078962 -105.63509828 -22.93622044 -24.40641724 -145.88365675
-9.28293592 -18.52710082 -17.56753261 -9.70812343 -145.28532684 -48.72605253 -74.49851804 -145.09582108 -109.70010845 -45.12062914 -65.99292014 -106.90481523 -110.01748819 -23.84817831 -25.40468459 -149.94171726
-9.75392544 -19.54573541 -18.49062996 -10.25249653 -148.63051825 -50.72479099 -77.66550854 -148.70700083 -112.99691614 -47.33137106 -69.43977816 -108.40885775 -114.20583243 -24.73070153 -26.33557456 -153.36716510
-10.27612928 -20.54785846 -19.45541843 -10.86994992 -151.28827779 -52.79267542 -80.74038041 -151.76275021 -116.06719613 -49.61211351 -72.94332683 -108.31031436 -118.25897760 -25.59803403 -27.30108251 -156.13389465
-10.87753970 -21.59636221 -20.47345909 -11.58136302 -152.97442391 -54.82498673 -83.96709337 -154.15828439 -118.51710744 -52.00656630 -76.29354575 -106.89886049 -121.97379268 -26.51606196 -28.28170265 -158.10149113
-11.56396579 -22.63028951 -21.49306706 -12.42232135 -153.72385653 -56.90102041 -87.44602709 -155.52669593 -120.70930298 -54.24806321 -79.86586422 -105.39003014 -125.59568859 -27.45633614 -29.29961565 -157.42661600
-12.46373364 -23.82266129 -22.64641486 -13.52456029 -150.60341490 -59.25661839 -91.46934851 -152.75528165 -123.11752808 -56.68543693 -83.98215343 -103.64538185 -129.52864381 -28.48708352 -30.43854998 -154.59490479
-13.36199942 -24.97910200 -23.71927317 -14.62355624 -147.43202045 -61.57204156 -95.42740413 -149.97968749 -125.40261105 -59.07771493 -88.01420339 -101.87851552 -133.31136088 -29.48768783 -31.50512899 -151.74417651
-14.25946722 -26.05750072 -24.75498446 -15.71550554 -144.17213733 -63.85247573 -99.30788265 -147.20858231 -127.31049013 -61.42750308 -91.95901992 -100.11638556 -136.79229424 -30.43697872 -32.50190132 -148.88387222
-15.11568468 -27.03726188 -25.69818808 -16.72145841 -140.94091994 -65.90749060 -102.82345256 -144.56155436 -128.67129636 -63.57422190 -95.49185624 -98.45691131 -139.73546281 -31.26495230 -33.40973269 -146.15542614
-15.85498476 -27.84470089 -26.50609978 -17.62814337 -137.97705418 -67.69379404 -105.83682876 -142.13768656 -129.69766036 -65.38635041 -98.47595283 -96.92696593 -142.19306583 -31.98066672 -34.17773084 -143.64615044
-16.56351489 -28.59409693 -27.26900280 -18.50597176 -135.08392823 -69.40470571 -108.74153194 -139.76798083 -130.64823329 -67.08817950 -101.31562216 -95.43267452 -144.51357304 -32.66181244 -34.89848002 -141.18764107
-17.26488862 -29.31023250 -27.98807138 -19.37792697 -132.20114902 -71.08805489 -111.61395782 -137.39405749 -131.53328359 -68.75759888 -104.10968295 -93.93474396 -146.74221161 -33.32861641 -35.59765494 -138.71977592
-17.96217893 -30.00485669 -28.69464586 -20.27477969 -129.27877053 -72.75922714 -114.52485120 -134.95339451 -132.33746052 -70.42522012 -106.93334967 -92.39071286 -148.87392491 -33.98725646 -36.29795061 -136.18109147
-18.68508864 -30.72972427 -29.41231480 -21.20306126 -126.25406244 -74.45061564 -117.52007630 -132.43100481 -132.69779624 -72.13743568 -109.82897637 -90.79346615 -150.71576365 -34.63896690 -37.01171606 -133.56106249
-19.51454065 -31.55020459 -30.17653017 -22.19609134 -123.24029787 -76.29255331 -120.75804768 -129.75505378 -131.54550052 -74.00446579 -112.95260118 -89.09755544 -151.82264391 -35.34353748 -37.77238998 -130.79787746
-20.40970845 -32.39468112 -30.97800982 -23.22910513 -119.64946266 -78.22009032 -124.13666831 -126.97276460 -130.13648219 -75.94502587 -116.19991938 -87.33376601 -152.39927869 -36.07488025 -38.55813361 -127.93639478
-21.49713338 -33.40734762 -31.92204827 -24.43686300 -114.88993322 -80.47754318 -126.69848633 -123.78225157 -128.35720183 -78.18574978 -119.91895813 -85.30671143 -151.95427406 -36.92359300 -39.46340703 -124.68595832
-22.67770553 -34.49637812 -32.94379597 -25.52733262 -109.74931475 -82.49016212 -128.94176504 -120.33376328 -126.36791716 -80.54734671 -123.52091715 -83.10213135 -151.36515769 -37.82805328 -40.44482933 -121.18232853
-23.97313783 -35.67521044 -34.04221386 -26.49951057 -104.14369250 -83.98718022 -131.37180411 -116.59181459 -124.10970175 -83.06399559 -127.45946258 -80.70395155 -150.59494149 -38.79379676 -41.48365819 -117.39235704
-25.03428924 -37.09334429 -35.33905287 -27.31421169 -97.49080810 -85.76154770 -134.31957494 -112.13754880 -121.32311905 -86.00649276 -130.45907244 -77.83830870 -149.56325904 -39.92789024 -42.67615809 -112.89509937
-25.82109309 -38.58645243 -36.69416407 -28.19258242 -90.38103764 -87.60178765 -137.39945663 -107.09958399 -118.24996203 -87.82341065 -133.08229393 -74.70344967 -148.28188684 -41.09490068 -43.89544781 -108.08805762
-26.62880701 -40.10944738 -38.07497229 -29.10722307 -82.98167819 -89.10317906 -140.40782147 -101.29714793 -114.95369017 -89.54801039 -135.76712180 -70.99178532 -146.71825451 -42.26625667 -45.10868678 -103.04771457
-27.49287483 -41.57061473 -39.49470025 -30.08989616 -75.17144671 -89.98582612 -142.20187791 -94.96086647 -111.37686981 -91.26070508 -138.53862256 -66.73019284 -144.51207974 -43.45834496 -46.33985978 -97.04138593
-28.31447550 -42.34443346 -40.39114175 -31.07275055 -67.89909507 -90.79174830 -143.42312216 -88.43281753 -109.06646790 -92.89926535 -141.26550572 -62.21402643 -142.88996055 -44.60697969 -47.52321721 -90.68686527
-29.02553034 -42.92633706 -40.94407929 -31.88477106 -61.80413868 -91.50260141 -144.54539137 -81.44620668 -108.84584173 -94.39312941 -143.90221481 -57.47456715 -142.98303313 -45.66689077 -48.54204811 -84.10691760
-29.72654323 -43.49580622 -41.50549472 -32.67070564 -55.52265769 -92.00687794 -145.64210819 -74.18471922 -108.58678565 -95.17329434 -146.62491590 -52.44180632 -142.97722067 -46.32806042 -48.99848565 -77.22126715
-30.34270769 -44.07046360 -42.05772113 -33.49638533 -48.97286339 -92.38712937 -146.67579474 -66.58071326 -108.30305735 -95.70250393 -148.39916317 -46.90107722 -142.84692437 -46.71060054 -49.35930821 -69.92204246
-30.79385833 -44.62974385 -42.56377923 -34.00803941 -42.38303421 -92.70213589 -147.50587668 -59.22273719 -107.97837118 -96.11744905 -148.93183937 -46.84499559 -142.56883381 -47.05497571 -49.59486472 -62.85826404
-31.24899106 -45.29568830 -43.05662720 -34.47259669 -33.09336858 -92.99454447 -148.37369308 -51.55582857 -104.45787028 -96.13199830 -149.27620751 -46.92936044 -138.35715471 -47.41566793 -49.54825331 -55.16195099
-31.52570520 -45.71308489 -43.16160228 -34.84238335 -26.96732630 -93.01846895 -149.11054682 -44.13895568 -104.94542712 -96.01917201 -149.54987948 -46.95542629 -138.87539870 -47.42195219 -49.35748910 -49.22017329
-31.81099144 -45.92227617 -43.14140882 -34.93983712 -20.52953703 -92.87863599 -149.70064567 -43.76836530 -104.68531161 -95.88569665 -149.75650490 -46.86415255 -138.49405351 -47.33923657 -49.22409045 -49.15856547
-32.19098387 -45.99658980 -43.13784594 -35.05867063 -10.72816708 -92.62852345 -150.11130695 -43.65924182 -104.54366444 -95.76035682 -149.93266027 -46.76094485 -131.84512492 -47.24756224 -49.09597497 -49.09092596
-34.08026539 -46.60061972 -43.51542928 -35.85957412 -32.16193816 -92.01414786 -150.80200090 -43.54927300 -21.73927816 -95.14305665 -150.21370872 -46.59509263 -77.45857814 -47.09848436 -48.94152221 -48.70109183
-34.14877832 -46.49782577 -43.42459788 -35.90729174 -32.00679563 -91.56643669 -150.99782086 -43.43854542 -21.46203236 -94.61422460 -150.31904556 -46.47168687 -77.21824362 -46.97227538 -48.78245502 -48.61054408
-34.21613406 -46.38554750 -43.32467150 -35.94578787 -31.84998586 -91.07195500 -151.15318479 -43.32047933 -21.18156989 -94.02226618 -150.34325091 -46.34172285 -76.96009764 -46.75843989 -48.61606787 -48.49782834
-34.27994826 -46.26147585 -43.20846094 -35.97984304 -31.69076152 -90.56294865 -151.26481188 -43.19746909 -20.89893760 -93.41680828 -150.12128357 -46.20443511 -76.68222399 -46.53704980 -48.44548989 -48.36742873
-34.34143886 -46.13177183 -43.08016575 -36.00712546 -31.52957274 -90.04179515 -151.26087144 -43.07252833 -20.61602096 -92.80131648 -149.80344166 -46.05914387 -76.39414402 -46.31251270 -48.27097487 -48.22429397
-34.39901079 -45.99611389 -42.94531409 -36.03075278 -31.36837687 -89.51072596 -151.10863958 -42.94501532 -20.33435713 -92.17638540 -149.46193732 -45.90612371 -76.09824330 -46.08566812 -48.09483102 -48.07282000
-34.45189101 -45.85589820 -42.80910214 -36.05135214 -31.20586380 -88.97017901 -150.84733046 -42.81440504 -20.04993513 -91.54505939 -149.10015292 -45.74558168 -75.79173493 -45.85438004 -47.88078519 -47.91532501
-34.50071324 -45.71038701 -42.66720180 -36.06640481 -31.04380579 -88.42336972 -150.58086165 -42.68188194 -19.76766480 -90.91124021 -148.72290135 -45.57839755 -75.48150096 -45.59466520 -47.62085248 -47.75351672
-34.57134582 -45.54216251 -42.51086439 -36.10360894 -30.87471126 -87.87703465 -150.26275849 -42.54410077 -19.45256281 -85.05438187 -148.32397823 -45.39432672 -75.13325353 -45.27347199 -47.34205604 -47.55949901
-34.64565422 -45.39279993 -42.36781622 -36.14963954 -30.70361302 -87.29462962 -150.01658372 -42.40244320 -19.15888131 -84.72644539 -140.40187464 -45.22351231 -74.76796377 -44.95153374 -47.06761887 -47.34880561
-34.70654205 -45.23226361 -42.21094574 -36.17323028 -30.50049457 -82.07167548 -149.67166285 -42.26196436 -18.68355248 -84.26739368 -140.51703092 -45.03286582 -74.18707622 -44.62839305 -46.76879577 -47.14929186
-34.73308433 -45.07045093 -42.06768525 -36.17147231 -30.34275372 -81.76048207 -149.23232762 -42.12616717 -18.41035572 -83.83038958 -140.20120472 -44.84311352 -73.86473949 -44.32514152 -46.43382238 -46.97062778
-34.75561258 -44.90464094 -41.92362469 -36.16789164 -30.18079391 -81.40864097 -148.78621834 -41.98961863 -18.12570415 -83.38578608 -139.87211949 -44.64901475 -73.52316064 -44.02038286 -46.09366137 -46.78715454
-34.77724033 -44.73288499 -41.77324121 -36.15785257 -29.81249261 -80.97094039 -148.33577193 -41.85332643 -17.82318895 -82.87803072 -139.53179416 -44.45323271 -72.61016137 -43.71383673 -45.75292781 -46.60137808
-34.79088612 -44.56091297 -41.62851524 -36.14979532 -29.65754511 -80.53073561 -147.88148321 -41.71587526 -17.55410817 -82.35260730 -139.18009035 -44.25225205 -72.26761410 -43.40795083 -45.41012879 -46.41025493
-34.83443722 -44.40628074 -41.47954094 -36.16431099 -29.48117906 -75.36472789 -147.42704226 -41.57181319 -17.04434595 -81.79369227 -138.79674594 -44.03813438 -71.62469165 -43.07822905 -45.04639116 -46.18776234
-34.85852543 -44.20805957 -41.32123482 -36.17375686 -29.31769504 -75.16664201 -146.95111588 -41.42854085 -16.72944627 -76.17869740 -138.40540635 -43.81983223 -71.20915324 -42.75463777 -44.68489386 -45.96486693
-34.85724369 -44.02608475 -41.17406561 -36.15610965 -29.16363791 -74.90193178 -146.48528661 -41.29036216 -16.43970882 -75.06530871 -138.02647679 -43.61096407 -70.82085999 -42.44774997 -44.34202739 -45.76598400
-34.90505820 -43.85915568 -41.06835335 -36.20874368 -28.99511199 -74.55108379 -135.06808444 -41.17573776 -16.14853881 -74.79470699 -136.38125315 -43.37182261 -70.37583857 -42.10408871 -43.94611894 -45.49498457
-34.92076554 -43.67654355 -40.92112471 -36.21405593 -28.83499125 -74.19943033 -135.95250904 -41.03362135 -15.85490502 -74.46717305 -129.03404451 -43.15653799 -69.93580338 -41.77883096 -43.58121774 -45.25628957
-34.89623172 -43.49346141 -40.77711967 -36.17837661 -28.68675477 -73.87107251 -136.92343962 -40.90101792 -15.57069170 -74.09032526 -128.77528414 -42.95045338 -69.52191056 -41.48289968 -43.24928855 -45.06532379
-24.74972952 -36.80870593 -34.86217515 -27.65826101 6.25956080 -58.33810344 -111.57222141 -34.21651703 -8.36822818 -57.00115097 -105.43480885 -36.60836728 -38.13428236 -36.65572353 -38.05502714 -39.16258096
-25.18804822 -37.62467029 -35.65147243 -28.47375527 6.23758565 -59.60240765 -114.99621931 -35.04589839 -8.36822160 -57.56758513 -108.56701241 -37.44398279 -38.77486288 -37.40155950 -38.79658207 -40.01851269
-25.57440958 -38.39541701 -36.40293517 -29.24288980 6.21646659 -60.63035039 -118.25030710 -35.83271772 -8.36820157 -58.00154090 -111.54356027 -38.23835518 -39.37251232 -38.11307079 -39.50295046 -40.83622839
-25.95177878 -39.16720213 -37.15947264 -29.90782156 6.19515577 -60.91416656 -121.52072519 -36.61643356 -8.36818034 -58.44632556 -114.53208891 -39.03295619 -39.95883414 -38.82800029 -40.21137949 -41.63010272
-26.31294415 -39.93470182 -37.91784856 -30.02584490 6.17718923 -61.50451877 -124.74366599 -37.38175179 -8.36816038 -58.89747357 -117.50040026 -39.82616023 -40.52157060 -39.53402062 -40.91395413 -42.39856330
-26.67759570 -40.71283671 -38.69237090 -29.89900136 6.17716912 -61.37765969 -128.03602024 -38.16098702 -8.36814027 -59.28679143 -120.53352082 -40.63481570 -41.08256367 -40.24126026 -41.62484973 -43.09314372
-27.04142041 -41.49442924 -39.36156531 -29.72175482 6.17714857 -61.89089012 -131.28529093 -38.94916654 -8.36811972 -59.44643004 -123.59548597 -41.45012842 -41.58599983 -40.42968683 -42.27318536 -43.59483599
-27.53014007 -42.07997498 -39.68247455 -29.61241550 6.17713156 -62.50646939 -133.75403391 -39.90068442 -8.36810271 -59.55199247 -126.26387830 -42.47291872 -42.09347831 -35.97515799 -42.69732729 -44.16066761
-28.06154233 -42.44050068 -39.64988008 -29.55784932 6.17711870 -62.91994463 -134.12982324 -40.06503952 -8.36808984 -59.17319947 -127.46243437 -42.93836451 -42.30733489 -36.31866364 -42.27605364 -44.75926567
-28.69239987 -42.68465282 -39.61014459 -29.60882688 6.17712879 -63.30071448 -134.46344595 -40.06328279 -8.36809994 -58.84782097 -127.83169956 -42.74048710 -42.44177722 -36.42715626 -37.31886751 -45.45933844
-29.28749450 -42.60196193 -39.53507993 -29.61189672 6.17712133 -63.53434348 -134.61087913 -39.97708325 -8.36809247 -58.33512118 -127.89781055 -42.56070360 -42.53200381 -36.37270554 -37.57873157 -45.97338220
-29.90532711 -42.47813537 -39.43838768 -29.64502160 6.17711471 -63.71170628 -134.57919663 -39.87594690 -8.36808586 -58.37705564 -127.77899633 -42.37183523 -42.56699490 -35.92393084 -37.45438643 -46.11403317
-30.53168639 -42.32844618 -39.32619764 -29.70230872 6.17711131 -63.79579621 -134.46728857 -39.76511021 -8.36808246 -57.76378884 -127.60619808 -42.16925097 -42.43585650 -35.50305438 -37.25141058 -45.98647309
-31.05213941 -42.18019551 -39.21520035 -29.76267763 6.17710533 -63.82904051 -134.29237095 -39.64317076 -8.36807648 -57.67230070 -127.38791326 -41.96912231 -42.29150640 -35.44901249 -36.70030300 -45.76923673
-31.55149649 -42.03048988 -39.10232199 -29.82467126 6.17710175 -64.03537658 -134.06458253 -39.51619178 -8.36807290 -57.53852181 -127.12844072 -41.76989065 -42.14489857 -35.38095389 -36.20574990 -45.53054951
-32.03809530 -41.88130837 -38.98561344 -29.88695568 6.17709393 -63.85837540 -133.82057349 -39.38872137 -8.36806508 -57.37570952 -126.84379489 -41.57071173 -41.99659621 -35.31741985 -36.09328862 -45.28529893
-32.37360410 -41.73437097 -38.89954252 -30.09169297 6.17710290 -63.64806413 -126.17481795 -39.27103115 -8.36807404 -57.05588718 -126.43635786 -41.31276369 -41.91193882 -31.08053362 -35.50783238 -44.95050688
-31.76533266 -41.60017440 -38.76684993 -30.21276141 6.17711508 -62.95242759 -126.63929067 -39.13602110 -8.36808623 -56.73550368 -125.48454024 -41.09957628 -41.78146814 -31.30824824 -31.15744783 -44.67903256
-27.06415833 -41.50541704 -38.62487407 -30.29891755 6.17709018 -62.69054348 -126.00689564 -39.00164784 -8.36806133 -56.25413712 -125.10031097 -40.87937735 -41.61794707 -31.25761459 -31.57280250 -44.35625311
-27.61324679 -41.34645267 -38.48766256 -30.38247628 6.17708680 -62.43075100 -125.78253811 -38.87437923 -8.36805795 -55.72082490 -124.17328217 -40.67622426 -41.46175924 -30.63529518 -31.55998768 -44.06502208
-28.04709202 -41.17275639 -38.35039242 -30.46496665 6.17709088 -62.15399762 -125.49489343 -38.74517918 -8.36806203 -55.13371359 -123.76675128 -40.47180465 -41.28173392 -30.17252188 -30.52486884 -43.76991177
-28.45767710 -41.00449094 -38.22150524 -30.52591531 6.17708780 -61.84903766 -124.70193716 -38.62100899 -8.36805895 -54.44536005 -123.36246840 -40.27106515 -41.09083039 -30.14290428 -30.46787889 -43.47742190
-28.83201100 -40.83117463 -38.08867939 -30.56671329 6.17707892 -61.50146137 -124.43487792 -38.49592743 -8.36805007 -52.45195957 -122.94809698 -40.07425966 -40.89551324 -30.11440496 -30.41274936 -43.18928717
-28.65770451 -40.65530361 -37.94551521 -30.58460056 6.17706792 -61.01890584 -124.16937104 -38.36828240 -8.36803907 -50.44725686 -122.50061104 -39.87372851 -40.69665558 -30.05699299 -30.34619262 -42.89646129
-28.98017845 -40.48688253 -37.81438144 -30.59248260 6.17706319 -60.55507252 -123.90703358 -38.24589435 -8.36803434 -49.95229626 -122.07216498 -39.69295452 -40.50277012 -29.88339872 -30.25425568 -42.23700866
-29.30745139 -40.32972469 -37.69202198 -30.63947117 6.17709131 -60.08141100 -123.04772444 -38.12333641 -8.36806245 -49.56432669 -119.96392486 -39.55974800 -40.30774481 -29.62188892 -29.92054501 -37.03620902
-28.91819708 -40.17043186 -37.55926310 -30.62503635 6.17708157 -59.61687920 -122.78843290 -38.00009731 -8.36805272 -49.26181671 -119.88199562 -39.37048657 -40.10117632 -29.39805433 -29.71335786 -37.28772466
-29.09556916 -40.00376915 -37.42777630 -30.61089239 6.17707358 -59.15935643 -122.52720516 -37.87783686 -8.36804473 -48.99081638 -119.62831128 -39.18182830 -39.89322299 -29.17579344 -29.46687749 -37.34184014
-29.21184354 -39.83702038 -37.28843288 -30.59874367 6.17706520 -58.69800114 -122.27030471 -37.75546699 -8.36803635 -48.60335499 -119.22635684 -38.99353483 -39.68441422 -28.95241912 -29.21896103 -37.36621341
-29.20227699 -39.65559139 -37.14747496 -30.58736856 6.17705607 -58.23173990 -122.00943601 -37.63325693 -8.36802722 -48.16572682 -118.81922820 -38.80578039 -39.47506711 -28.72839957 -28.97111774 -37.38579115
-29.17649235 -39.20112233 -36.79713839 -30.59862704 6.17704268 -57.36733200 -121.22475305 -37.50758096 -8.36801383 -47.58142899 -118.38998768 -38.61119714 -39.00004396 -28.49182671 -28.72036667 -37.40647466
-28.88934505 -35.61277513 -36.67845302 -30.61969927 6.17702389 -56.83226422 -120.95600534 -37.37561567 -8.36799504 -46.99603401 -117.93291110 -38.39294082 -35.13493895 -28.17542390 -28.46230280 -37.43924040
-28.72835141 -35.64531136 -36.53120699 -30.61178587 6.17701819 -56.38075055 -120.70906903 -37.25426338 -8.36798934 -46.43968073 -117.50233095 -38.19674301 -34.96987884 -27.93502571 -28.19097867 -37.05381628
-26.27173245 -33.01173162 -33.80606271 -27.13852138 6.20874347 -50.94208683 -109.66802029 -34.10324932 -8.36772733 -40.95451535 -104.84453387 -22.18582185 -33.25475810 -26.10532689 -9.26720659 -1.28805076
-26.57435620 -33.56532742 -34.41376810 -27.83556508 6.19847398 -52.08285632 -112.16468137 -34.71909435 -8.36771667 -42.08717763 -107.10261116 -22.23425603 -33.46619061 -26.56247287 -8.96943912 -1.29832958
-26.88615943 -34.13173591 -35.03366950 -28.54563310 6.18800341 -53.11277997 -114.71503880 -35.32757945 -8.36765151 -43.07629731 -109.36939799 -22.30208109 -33.68232311 -26.95639323 -8.64577619 -1.30866749
-27.28538225 -34.77178542 -35.72674998 -29.35255518 6.17661370 -53.93150361 -117.55403358 -35.95977892 -8.36758485 -43.92573394 -111.85939110 -21.82673405 -33.94431733 -27.08630456 -8.33616280 -1.31988353
-27.79057726 -35.40312275 -36.30780045 -30.01672215 6.17656693 -54.52021840 -119.77751040 -36.62886048 -8.36753808 -44.39981537 -114.28867523 -21.89275264 -34.26551534 -27.26302958 -8.06672263 -1.31988353
-28.37014945 -35.78513182 -36.15901002 -30.01894036 6.17656763 -54.80416424 -120.19832729 -37.18423864 -8.36753878 -44.37138072 -115.62949854 -21.55204721 -34.50358065 -27.28373374 -7.81513925 -1.31988353
-28.79503680 -35.56057709 -33.10965983 -30.24818511 6.17676169 -54.22255335 -120.16143635 -37.32310772 -8.36773284 -43.96854194 -115.54585552 -16.19963005 -34.65781051 -27.14615245 -7.51123110 -1.31988353
-29.10811388 -35.35454501 -33.19496655 -30.28476365 6.17676140 -53.90532029 -119.96030146 -36.96126090 -8.36773255 -43.38424488 -114.43281623 -16.69178448 -34.62449681 -26.92972392 -7.32391352 -1.31988353
-28.77168379 -35.03532156 -33.22161264 -30.32628341 6.17676273 -53.48502385 -119.72536391 -36.30002475 -8.36773388 -42.74059068 -113.36584882 -16.52102379 -34.58849495 -26.51714837 -6.79026314 -1.31988353
-28.66031574 -34.73104370 -33.18209582 -30.43182189 6.17680031 -53.05250581 -119.47205816 -33.30441258 -8.36777145 -42.07920338 -113.38235683 -16.61397074 -34.54417994 -26.10864553 -6.58726842 -1.31988353
-28.20768427 -34.16826288 -33.10382784 -30.46066060 6.17679871 -52.55454133 -119.22777329 -33.41589693 -8.36776986 -41.44056990 -112.93099879 -16.41512306 -34.47536751 -25.88612742 -6.11237205 -1.31988353
-28.18711266 -34.17236342 -33.01065106 -30.48160352 6.17678712 -52.07585676 -118.98436743 -33.47253043 -8.36775827 -40.80665850 -112.50643851 -16.58731007 -34.40458938 -25.66501972 -5.62096586 -1.31988353
