0.00000000 0.00000000 0.00000000 0.00000000 0.00000000 0.00000000 0.00000000 0.00000000 0.00000000 0.00000000 0.00000000 0.00000000 0.00000000 0.00000000 0.00000000 0.00000000
5.75258088 -15.52966165 -22.40415176 -27.82417241 2.44854848 -1.75068206 -3.29781684 -7.44801706 2.40271633 -1.80635715 -3.36920271 -7.46897383 5.12503687 -16.69065555 -23.05643835 -28.45339304
2.38648204 -29.69167352 -34.58415003 -39.73187520 0.79273213 -5.30815084 -8.78379396 -9.25722163 0.74255288 -5.37284506 -8.86862275 -9.28209890 2.29945128 -30.38043403 -35.29861604 -40.42936816
0.95588182 -41.32151426 -46.15894410 -51.07291680 -0.85877626 -8.86439081 -14.27812051 -11.01965139 -0.90641549 -8.92908877 -14.36255047 -11.04397115 0.87241826 -41.97653073 -46.84270590 -51.73692305
-0.47966157 -52.51323752 -57.26010345 -61.89386373 -2.45626120 -12.41620350 -19.76778686 -12.69786412 -2.50102702 -12.48064944 -19.84959639 -12.72143259 -0.55790145 -53.13324714 -57.91388702 -62.52550726
-1.91092786 -63.27021941 -67.89191452 -72.18215491 -4.05940913 -15.97744961 -25.25443299 -14.21920331 -4.10201438 -16.04156965 -25.33447581 -14.24114367 -1.97304777 -63.85624334 -68.51785861 -72.78400551
-3.11135268 -73.60173770 -78.09233755 -81.94967237 -5.66568047 -19.56505749 -30.61993450 -15.62320188 -5.71030515 -19.62902729 -30.69589212 -15.64495353 -3.14200582 -74.14911042 -78.69104901 -82.52318878
-4.07801165 -83.49005948 -87.87137900 -91.23786154 -7.26881429 -23.18841117 -35.66587712 -16.92258295 -7.32301898 -23.25563287 -35.73532410 -16.94412323 -4.06995097 -83.99572989 -88.43575772 -91.78310188
-4.83345598 -92.89886126 -97.17476208 -100.05189279 -8.84047410 -26.69425607 -40.41064795 -18.15691920 -8.92107797 -26.75717410 -40.47616723 -18.17854933 -4.79320033 -93.35946258 -97.70370541 -100.56703051
-5.46177954 -101.78451031 -105.95674185 -108.40179194 -10.32100506 -30.02717816 -44.87156961 -19.31612404 -10.45137870 -30.08907696 -44.92976046 -19.33819186 -5.39877649 -102.20546114 -106.44539256 -108.88475839
-6.01539735 -110.11793221 -114.13196687 -116.22618027 -11.69685805 -33.12263992 -49.14320719 -20.45088674 -11.87435945 -33.19124231 -49.20027335 -20.47297629 -5.93860361 -110.49741652 -114.58191443 -116.67577679
-6.53315648 -117.88532596 -121.70203029 -123.53213182 -12.97947018 -36.03230936 -53.17495310 -21.53242443 -13.20886591 -36.09991201 -53.22728197 -21.55473290 -6.43735077 -118.22506028 -122.10997917 -123.94479475
-7.00266350 -125.05453617 -128.62900081 -130.25631127 -14.17765959 -38.83391741 -57.03581252 -22.55966704 -14.44279444 -38.90472920 -57.09187627 -22.58280542 -6.89208603 -125.37431671 -129.01658746 -130.65246991
-7.44028799 -131.60241735 -134.86977084 -136.35092291 -15.28334033 -41.53601781 -60.88299406 -23.58247227 -15.59699134 -41.61832355 -60.94655744 -23.60797755 -7.31485946 -131.92070765 -135.25236009 -136.74423614
-7.87651961 -137.55644788 -140.45893112 -141.83914998 -16.34901292 -44.08373105 -64.64215912 -24.59627253 -16.70732483 -44.16940411 -64.71749834 -24.62165783 -7.74008902 -137.86858766 -140.82671829 -142.21871723
-8.33982779 -142.88296011 -145.36111383 -146.68255628 -17.38107323 -46.62888343 -68.33111400 -25.60014162 -17.76837218 -46.72267884 -68.40984290 -25.62451460 -8.19408774 -143.17860635 -145.70539280 -147.03883910
-8.84403860 -147.56551594 -149.55706366 -150.82732867 -18.40131535 -49.15025279 -72.02259114 -26.57752459 -18.81629197 -49.24776398 -72.10263917 -26.60058379 -8.69386437 -147.82608261 -149.84985290 -151.13483479
-9.39849116 -151.57717491 -152.99103032 -154.20466788 -19.42033230 -51.63704809 -75.78935058 -27.55043420 -19.84587460 -51.73752870 -75.86530421 -27.57148992 -9.24730868 -151.78458294 -153.21474268 -154.43787534
-10.03741466 -154.87063370 -155.64848426 -156.77906893 -20.48156614 -54.01532784 -79.38907966 -28.53626948 -20.91389287 -54.10389279 -79.45468199 -28.55440381 -9.88454740 -155.02596582 -155.80084738 -156.94011941
-10.76579215 -157.33475871 -157.38534964 -158.43216696 -21.58040580 -56.42440092 -83.09640623 -29.52966546 -22.01794713 -56.51310434 -83.16164838 -29.54603083 -10.61412873 -157.43647466 -157.46570974 -158.51941519
-11.91550948 -157.77016441 -154.96524483 -155.78605307 -23.04912316 -59.57705466 -88.11329325 -30.81440633 -23.49884542 -59.66730708 -88.18062956 -30.83026429 -11.77066220 -157.66947004 -154.81342027 -155.63872029
-13.36228248 -154.28629272 -151.44142412 -152.07300762 -24.71949107 -63.10274722 -93.77562578 -32.25192137 -25.15701354 -63.18526868 -93.83365340 -32.26563795 -13.21097620 -154.19915727 -151.30343426 -151.94045262
-14.82416145 -150.71780223 -147.83388320 -148.28325137 -26.37693514 -66.57941458 -99.34695479 -33.66504165 -26.79774673 -66.65568686 -99.39534437 -33.67670952 -14.66754143 -150.64504159 -147.70995755 -148.16630862
-16.30144910 -147.02940740 -144.11000028 -144.42009129 -28.02060867 -70.01898022 -104.89671842 -35.03820346 -28.42040460 -70.08884634 -104.93729929 -35.04790993 -16.13939048 -146.97177670 -144.00022673 -144.32014291
-17.79513091 -143.24520702 -140.28212745 -140.47336542 -29.66548727 -73.40204082 -110.41542860 -36.37569828 -30.04091531 -73.46614254 -110.44798224 -36.38369265 -17.62761429 -143.20502136 -140.18921848 -140.39081264
-19.30168460 -139.37925534 -136.37215933 -136.44765185 -31.30849723 -76.71785646 -115.89218717 -37.68978624 -31.66079000 -76.77501255 -115.91727846 -37.69609376 -19.12976121 -139.35721386 -136.29683323 -136.38334396
-20.81818796 -135.44637608 -132.39365137 -132.35200710 -32.94338431 -79.98029461 -121.31750316 -38.98682610 -33.27585879 -80.03088833 -121.33514661 -38.99152858 -20.64287169 -135.44150428 -132.33524189 -132.30439856
-22.34644522 -131.44237411 -128.34422164 -128.18993847 -34.56966058 -83.19451252 -126.68637922 -40.26680507 -34.88116820 -83.23853217 -126.69760879 -40.26998682 -22.16580759 -131.45589265 -128.30364726 -128.15996221
-23.94726865 -127.23212404 -124.09270988 -123.82372441 -36.24400432 -86.46619370 -131.23909841 -41.56220799 -36.54253713 -86.50742763 -131.25753733 -41.56502551 -23.76741672 -127.25206432 -124.05836408 -123.79944635
-25.39958012 -122.70464288 -119.52269487 -119.13585179 -37.99190042 -89.79868510 -134.42900831 -42.89824691 -38.30811170 -89.84972308 -134.44832435 -42.90181720 -25.13571545 -122.72007453 -119.47840761 -119.10020035
-26.28697543 -117.95233087 -114.70558345 -114.19037533 -39.02346914 -91.65080981 -137.65459697 -44.25401255 -39.49962327 -91.70637760 -137.67409442 -44.25815262 -26.02112926 -117.96335813 -114.65518373 -114.14835375
-27.17267778 -113.09414668 -109.77845425 -109.15142068 -39.79635953 -93.34075379 -140.83028706 -45.58289287 -40.26164066 -93.39367202 -140.84820454 -45.58734302 -26.91025229 -113.10254717 -109.72465898 -109.10481846
-28.05972847 -108.15148621 -104.76314945 -104.03549377 -40.55584087 -94.82475730 -143.93543893 -46.87829730 -41.01140567 -94.87632469 -143.95150554 -46.88252825 -27.80225343 -108.16304262 -104.71261139 -103.99124552
-29.00673370 -102.85732257 -99.44488902 -98.66677315 -41.18475677 -95.43282020 -146.55178391 -47.59442247 -41.66929854 -95.48852414 -146.57219199 -47.59964997 -28.75708077 -102.85758435 -99.38352966 -98.61635677
-30.07178668 -96.54157051 -93.13751132 -92.22628539 -41.35698865 -95.85536988 -147.81359456 -47.75256494 -41.87705722 -95.90865484 -147.84352604 -47.75959433 -29.83266000 -96.55438130 -93.08866308 -92.19451473
-31.08906539 -89.89191247 -86.54435785 -85.49360446 -41.45111144 -96.22035563 -148.96145026 -47.76729379 -41.94977296 -96.27053706 -148.99182000 -47.77522683 -30.84588603 -89.88762074 -86.47749476 -85.44191816
-31.98159219 -82.99528764 -79.64117542 -78.49369795 -41.53025189 -96.54420751 -149.99871105 -47.75016828 -42.00688887 -96.59097380 -150.02844669 -47.75978020 -31.75151768 -82.98513881 -79.56981134 -78.44068821
-32.59171142 -75.74462925 -72.47830631 -71.08550312 -41.58976163 -96.83421343 -150.97842899 -47.65637824 -42.05019722 -96.87850225 -151.00884005 -47.66676661 -32.34631404 -75.68254332 -72.35169326 -70.98125961
-33.14516341 -68.48646237 -65.18694825 -63.58792738 -41.61340426 -97.09256936 -151.89614658 -47.53050578 -42.09585695 -97.14010644 -151.93558709 -47.53741150 -32.93255470 -67.92746851 -64.56022851 -62.97666366
-33.68385137 -61.20027586 -57.86647893 -56.04072204 -41.61737543 -97.31499726 -152.74770171 -47.35884340 -42.12343247 -97.36333204 -152.79316156 -47.35921728 -33.50084019 -60.10423044 -56.69815563 -54.87825328
-34.21378370 -53.77459397 -50.40589322 -48.34580751 -41.61778292 -97.36679320 -153.54653019 -47.13715558 -42.13140815 -97.39010461 -153.59412291 -47.13438540 -34.05427358 -52.27560132 -49.00581520 -46.98417092
-34.46102874 -48.92688105 -48.89549059 -46.83296605 -41.64671561 -97.23866599 -154.04849858 -46.96413385 -42.02937830 -97.26402746 -154.06897308 -46.97527412 -34.24894025 -48.93618677 -48.90393375 -46.86504190
-34.50252031 -48.79993186 -48.77860482 -46.72550110 -41.59054468 -97.09784152 -154.26962372 -46.81130710 -41.97069846 -97.12251906 -154.28780138 -46.82273880 -34.28811046 -48.80919261 -48.78738558 -46.75859814
-34.54088441 -48.66032997 -48.64858976 -46.60490022 -41.52862915 -96.87837556 -154.41032477 -46.65306117 -41.90761306 -96.89561650 -154.42778642 -46.66471691 -34.32436345 -48.66954341 -48.65769341 -46.63910690
-34.57586827 -48.50785992 -48.50357195 -46.47299844 -41.46103777 -96.57299054 -154.49265475 -46.48939290 -41.83917736 -96.58917698 -154.51119065 -46.50114063 -34.35655698 -48.51738542 -48.51313712 -46.50796314
-34.60641773 -48.34039636 -48.34161556 -46.33423045 -41.38836916 -96.21183649 -154.49389817 -46.32062845 -41.76588305 -96.22374357 -154.51429285 -46.33245805 -34.38413542 -48.34967308 -48.35148552 -46.36981746
-34.63269871 -48.16353955 -48.17188026 -46.18995749 -41.31090737 -95.78394956 -154.45559686 -46.14821540 -41.68720586 -95.79455918 -154.47117103 -46.16009053 -34.40914247 -48.17243781 -48.18171206 -46.22617717
-34.65823267 -47.98267487 -47.99760951 -46.04001258 -41.22801543 -95.34129989 -154.27803436 -45.97266228 -41.60345722 -95.35047998 -154.29078779 -45.98461040 -34.43367877 -47.99128036 -48.00731798 -46.07680862
-34.68130365 -47.79718829 -47.81887185 -45.88544982 -41.14040388 -94.88651676 -154.06796472 -45.79475733 -41.51491687 -94.89464646 -154.07951967 -45.80684157 -34.45602249 -47.80540039 -47.82865648 -45.92311045
-34.70284685 -47.60824708 -47.63622283 -45.72486766 -41.04862245 -94.42231772 -153.73087239 -45.61408628 -41.42156093 -94.42921714 -153.74193747 -45.62628367 -34.47723810 -47.61626909 -47.64611135 -45.76313414
-34.72269173 -47.41575578 -47.44903368 -45.55923595 -40.95150261 -93.95090576 -153.27451189 -45.43052685 -41.32358191 -93.95676100 -153.28404744 -45.44288308 -34.49720236 -47.42358293 -47.45901344 -45.59845449
-34.73895258 -47.21983868 -47.25839760 -45.39011103 -40.85265388 -93.47338162 -152.80043891 -45.24565988 -41.22080734 -93.47811848 -152.80832347 -45.25866229 -34.51423391 -47.22786892 -47.26878052 -45.42962638
-34.75168993 -47.02193091 -47.06520807 -45.21855905 -40.75023614 -92.99107604 -152.30708477 -45.05995097 -41.11529834 -92.99481352 -152.31332637 -45.07366164 -34.52817681 -47.03032773 -47.07616541 -45.25847343
-34.76187974 -46.82024889 -46.86766426 -45.04414603 -40.64647110 -92.49506359 -151.74842701 -44.87225212 -41.00754576 -92.49925032 -151.75796291 -44.88642218 -34.53957280 -46.82866717 -46.87895238 -45.08452394
-34.82680999 -46.61911230 -46.65397526 -44.82149201 -40.57906792 -86.55472978 -151.13409907 -44.65477155 -40.93728369 -86.55242470 -151.14025474 -44.66911170 -34.60417008 -46.62752810 -46.66558313 -44.86344207
-34.82603440 -46.41913864 -46.45769320 -44.64676730 -40.47211219 -86.49975097 -150.53432253 -44.46781022 -40.82716456 -86.50191244 -150.53672689 -44.48232512 -34.60420810 -46.42754380 -46.46950466 -44.68910444
-34.88537444 -46.19969778 -46.25383538 -44.41394912 -40.35804425 -86.06972664 -142.93191891 -44.26487421 -40.70429430 -86.07029993 -142.99213039 -44.27934058 -34.66730328 -46.20821940 -46.26560722 -44.45599987
-34.87556019 -45.99947456 -46.05709431 -44.23935435 -40.24758781 -85.66750745 -142.77236515 -44.07763206 -40.59619707 -85.66669436 -142.79452944 -44.09204238 -34.65845811 -46.00769833 -46.06859803 -44.28138097
-34.92545276 -45.79818129 -45.83981200 -44.01510779 -40.21176996 -79.97862484 -142.35740521 -43.85973490 -40.56142283 -79.97360546 -142.37772534 -43.87423300 -34.70627731 -45.80602971 -45.85135946 -44.05855169
-34.90896959 -45.59734320 -45.64278257 -43.83812708 -40.09806839 -79.72769978 -141.96562032 -43.67118449 -40.44443371 -79.72497657 -141.98401027 -43.68577338 -34.69064429 -45.60515561 -45.65440319 -43.88171312
-34.88861450 -45.39707430 -45.44642028 -43.66110069 -39.98402068 -79.44000802 -141.56178201 -43.48292229 -40.32761927 -79.43564608 -141.57795451 -43.49756635 -34.67149861 -45.40471202 -45.45809030 -43.70480035
-34.86556735 -45.19728207 -45.25058264 -43.48327387 -39.87067167 -79.14564855 -141.14314415 -43.29499517 -40.21069774 -79.13951033 -141.15651375 -43.30966101 -34.65029660 -45.20462669 -45.26210329 -43.52690714
-34.91743686 -44.95825559 -45.03976220 -43.23067748 -39.75875477 -78.07695017 -133.65344804 -43.06028865 -40.09205570 -78.06776610 -133.68300851 -43.07425803 -34.70717686 -44.96518353 -45.04963503 -43.27472362
-34.88681939 -44.74455251 -44.82621597 -43.05585073 -39.64554983 -77.77588348 -133.45508460 -42.87522054 -39.97698714 -77.76467861 -133.48334899 -42.88914867 -34.67875124 -44.75074393 -44.83370857 -43.10000695
-34.85496789 -44.52063122 -44.60020266 -42.88165913 -39.53259128 -77.46835813 -133.24487582 -42.68993628 -39.86143904 -77.45496821 -133.27172350 -42.70371749 -34.64932086 -44.52468466 -44.60702672 -42.92539920
-34.82595415 -44.29533742 -44.36819911 -42.70445700 -39.42718225 -76.80385266 -132.97824674 -42.50241502 -39.75391832 -76.78829955 -132.99666791 -42.51597017 -34.62238490 -44.29876482 -44.37070178 -42.74821748
-34.80258624 -44.04633766 -44.10843406 -42.52313892 -39.32205848 -76.12014828 -131.81064565 -42.31591987 -39.64635139 -76.10166720 -131.82774600 -42.32928054 -34.60176106 -44.04693595 -44.11024205 -42.56662058
-34.76753506 -43.79250537 -43.85327705 -42.35179150 -39.21176606 -75.80083723 -131.58298779 -42.13249031 -39.53406889 -75.77999219 -131.59933575 -42.14580750 -34.56934151 -43.79253583 -43.85440427 -42.39487398
-34.73082938 -43.53875218 -43.59790893 -42.18034069 -39.10221451 -75.47474234 -131.30071842 -41.94880940 -39.42166294 -75.45139863 -131.31622796 -41.96206347 -34.53526537 -43.53817380 -43.59831493 -42.22297402
-34.69161171 -43.28555722 -43.34291719 -42.00979539 -38.99350921 -75.14180107 -131.00277134 -41.76603901 -39.31160767 -75.11585854 -131.01726369 -41.77917098 -34.49865803 -43.28442107 -43.34263413 -42.05194094
-34.65435102 -43.03070217 -43.08571792 -41.83620311 -38.88498461 -74.79416327 -130.23600481 -41.57920522 -39.20026227 -74.76546469 -130.25077254 -41.58893963 -34.46421038 -43.02893095 -43.08464313 -41.87801873
-34.61126594 -42.77816363 -42.83098838 -41.66788107 -38.77804308 -74.44493491 -129.93371216 -41.38476594 -39.09117041 -74.41345585 -129.94756454 -41.39416637 -34.42363271 -42.77604485 -42.82938145 -41.70946224
-34.57003433 -42.52435615 -42.56954194 -41.49731472 -38.67122702 -74.07855347 -129.15542760 -41.18383310 -38.98310734 -74.04370754 -129.16681522 -41.18994901 -34.38525388 -42.52132299 -42.56193778 -41.53850027
-34.52509514 -42.26421343 -42.28715465 -41.33486517 -38.56677533 -73.71041139 -128.81312225 -40.96415550 -38.87659392 -73.67236791 -128.81824099 -40.96815424 -34.34355374 -42.25762219 -42.27876558 -41.37581106
-34.49070788 -41.97947051 -41.99940825 -41.16609074 -38.47753536 -72.25082404 -128.44495123 -40.73541092 -38.78590898 -72.19578981 -128.44923789 -40.73895328 -34.31178400 -41.97160930 -41.98947133 -41.20642060
-34.44585766 -41.69947261 -41.71605226 -41.00697408 -38.38096107 -71.94780279 -128.07811953 -40.50319928 -38.68769296 -71.88102068 -128.08187899 -40.50527826 -34.26966978 -41.69070515 -41.70489079 -41.04683995
-34.40036829 -41.41821701 -41.43166505 -40.84865618 -38.28595889 -71.55961194 -127.70818562 -40.26394120 -38.59082514 -71.48182843 -127.71128039 -40.26577367 -34.22697768 -41.40848034 -41.41919583 -40.88800340
-34.35310296 -41.14173979 -41.15157217 -40.69247683 -38.18449091 -71.21650170 -127.33576932 -40.02695541 -38.50166579 -70.82345878 -127.33488291 -40.02597390 -34.18425928 -41.11839407 -41.12802415 -40.72695484
-34.51129088 -35.62569201 -35.77443712 -40.54703666 -38.12973547 -69.71735203 -126.90388692 -39.75134945 -38.41656603 -69.82897871 -126.90432438 -39.75191003 -34.35578725 -35.60442799 -35.75189909 -40.57654041
-34.44928077 -35.99221336 -36.04023457 -40.37500381 -38.03540202 -69.44108555 -126.53252806 -39.52195107 -38.32065762 -69.46848748 -126.53314717 -39.52156255 -34.29642598 -35.98320647 -36.03093875 -40.40335188
-34.38990495 -36.03847792 -36.07944272 -40.19503369 -37.94014138 -69.07763864 -126.15574875 -39.28543206 -38.22306045 -69.01929352 -126.15507990 -39.28352368 -34.23842552 -36.03260817 -36.06980166 -40.21120862
-34.33277227 -36.03960572 -36.07539417 -40.00072212 -37.84667575 -68.65462433 -125.77599311 -39.04646844 -38.11300832 -68.60752176 -125.77424026 -39.04347536 -34.18415307 -36.03346504 -36.06423003 -40.01495506
-34.31559473 -36.03744475 -36.05565295 -39.69253935 -38.18078215 -68.28382971 -125.34431988 -38.75875079 -34.32090733 -68.05108358 -125.25996578 -38.71121492 -34.33056108 -31.03801674 -35.97167801 -39.70679553
-34.55436498 -30.73853755 -30.94162590 -39.66388787 -34.26918995 -67.71780874 -124.93360650 -33.22214793 -35.09714481 -67.63372840 -124.87999761 -33.09197845 -34.36438240 -31.32325605 -30.54853781 -39.61264406
-34.48949815 -31.30778343 -31.51381211 -39.48280379 -34.58472336 -67.34840827 -124.55672781 -33.26960274 -35.31768975 -67.26069052 -124.51512747 -33.29927215 -34.30725845 -31.66331426 -31.20921055 -39.41140883
-34.43148991 -31.65811072 -31.85321389 -39.28249986 -34.87442137 -66.97362799 -124.17232922 -33.29751262 -35.48782057 -66.89026871 -124.13735624 -33.34166315 -34.25346187 -31.98894167 -31.66846393 -39.21156684
-34.37823063 -31.96332531 -32.07261118 -39.08017525 -35.04314472 -66.60784755 -123.79387660 -33.40224609 -35.41694819 -66.51159294 -123.40201659 -33.42717643 -34.18522629 -32.16195955 -31.83573376 -38.98296690
-34.31824721 -32.01149402 -31.93557042 -33.64902982 -34.96624134 -66.22698674 -122.64217152 -28.09197760 -35.31834135 -66.13019309 -122.62073210 -28.02771855 -34.13264415 -32.17068469 -31.19745782 -33.44285574
-34.24044130 -32.03447533 -31.76319868 -33.86275970 -34.87584644 -65.87319701 -122.28983061 -28.50322896 -35.22314458 -65.77565859 -122.26671833 -28.40701226 -34.05588889 -32.17914621 -31.34885327 -33.69100384
-34.18677635 -31.57125220 -31.27244856 -33.67729055 -34.78465037 -65.49949179 -121.91656633 -28.62152951 -35.12720992 -65.40222639 -121.55128179 -28.51642312 -34.00146332 -31.66253126 -31.32470567 -33.50293676
-34.11742149 -31.33651446 -31.00529654 -28.79668681 -34.81369172 -65.09412693 -121.14300932 -28.74311630 -34.89236450 -65.07266371 -121.23254524 -28.67644792 -33.94938535 -31.37547469 -31.01709258 -33.34560216
-34.03191781 -31.21880969 -30.97969522 -29.12211898 -34.58953809 -64.77465032 -120.83951957 -29.02547873 -34.92399478 -64.68335457 -120.84269284 -28.85357955 -33.85961184 -31.13549128 -30.78347745 -28.47465959
-33.96294479 -31.05995498 -30.85012146 -29.30871155 -34.47405038 -64.42128371 -120.13189606 -29.29708909 -34.86755007 -64.10906356 -120.43469624 -28.88136630 -33.77222348 -30.92473704 -30.43619600 -28.81560324
-33.88401358 -30.87675118 -30.64286489 -29.37759726 -34.38785347 -63.63856811 -119.77037449 -29.27861990 -34.77139003 -63.52951585 -119.69391984 -29.14389519 -33.69210547 -30.74182922 -30.31333172 -29.01460713
-33.80050967 -30.68252332 -30.24613783 -29.56469833 -34.31052891 -63.29453720 -119.41152818 -29.22580829 -34.66416677 -63.19166829 -119.33520119 -29.09705348 -33.61270527 -30.56760434 -30.11874589 -29.24820769
-33.71361348 -30.48834524 -30.03121661 -29.85651640 -34.24209772 -62.94627068 -119.02969081 -28.85232764 -34.54662091 -62.64297022 -118.95830801 -28.96474171 -33.53772606 -30.39729848 -29.93097311 -29.52575356
-33.62891759 -30.29820208 -29.82288899 -30.20372553 -34.16547358 -62.39146620 -118.64279782 -28.87960193 -34.43884574 -62.30396024 -118.57794096 -28.74681493 -33.47461570 -30.03976358 -29.72759299 -29.84157104
-33.64588490 -29.93122516 -29.61201956 -30.30732239 -30.86143062 -61.82801782 -118.22832524 -28.88333232 -31.21747538 -61.92220273 -118.15531124 -28.75446384 -33.43901137 -29.82938919 -29.48973559 -29.99414189
-33.55789493 -29.73603847 -29.38432769 -30.10376520 -31.26371470 -61.47121688 -117.82464941 -28.85015685 -31.50588431 -61.37571913 -117.76880279 -28.72749699 -33.36709813 -29.66578425 -29.29813976 -29.70586423
-33.47504030 -29.55142456 -29.17695557 -30.37527185 -31.61726035 -61.13082710 -117.42931900 -28.79051424 -31.81452520 -61.03842203 -117.37846229 -28.70824952 -33.29010957 -29.49290927 -29.10195928 -29.99796069
-33.38896537 -29.35644989 -28.96457729 -30.26619585 -31.94973250 -60.78341872 -117.01948643 -28.60454979 -32.08908439 -60.70021157 -116.98271932 -28.58257452 -33.22093632 -29.32655842 -28.91529075 -30.15402729
-33.31489763 -29.19542847 -28.78935708 -30.11970021 -31.83099071 -60.45744220 -116.60257910 -28.43267398 -31.98114252 -60.35431054 -116.53888721 -28.39228349 -33.13456721 -29.12412011 -28.68698099 -29.84325028
-33.23703598 -29.02179691 -28.59920452 -29.95668517 -31.74452190 -60.12847989 -116.20884814 -28.25504828 -32.00389837 -60.01626564 -116.13432164 -28.20925097 -33.05378376 -28.93503692 -28.47893355 -29.66219268
-33.14800555 -28.81906513 -28.37077495 -29.60241410 -31.69521909 -59.78782588 -115.77100618 -28.06422713 -31.87911054 -59.69191138 -115.72409890 -28.03497170 -32.98361936 -28.77412424 -28.30223608 -29.51293918
-33.06667359 -28.63730376 -28.17194650 -29.43551373 -31.61393599 -59.45583906 -115.34600439 -27.88502047 -31.78686518 -59.35851155 -115.29242715 -27.85531205 -32.90560077 -28.59300472 -28.10332227 -29.34456699
-32.98606172 -28.45777701 -27.97525317 -29.26997881 -31.52683126 -59.12561057 -114.91039230 -27.70606119 -31.69743654 -59.02498976 -114.85110436 -27.67451407 -32.82635476 -28.40975897 -27.90174303 -29.17321126
-32.90510567 -28.27802062 -27.77808794 -29.10374275 -31.43907018 -58.79589717 -114.46551876 -27.52649212 -31.60860853 -58.69213909 -114.40066475 -27.49335807 -32.74701357 -28.22672731 -27.70017411 -29.00164367
-32.82170470 -28.09471725 -27.57895366 -28.93642732 -31.35249504 -58.46557793 -114.00945050 -27.34605706 -31.51766213 -58.35932695 -113.93971168 -27.31228674 -32.66808534 -28.04404555 -27.49887245 -28.83029595
-32.74504835 -27.93008479 -27.40413255 -28.79195700 -31.22858056 -58.14532766 -113.55424602 -27.17125137 -31.46172481 -58.01064648 -113.42372216 -27.11908871 -32.58364103 -27.80922162 -26.51125303 -28.61313842
-32.65837838 -27.69636536 -26.44841619 -28.59847236 -31.24292601 -57.79604849 -113.04270285 -26.98213482 -30.69928981 -57.65659636 -112.93162963 -26.93658037 -32.51849948 -27.61761891 -26.29811371 -28.44272095
-32.57458567 -27.49961540 -26.23922234 -28.42589751 -31.12906301 -57.46249618 -112.54122269 -26.79839770 -30.89381791 -57.31128102 -112.41567102 -26.75026653 -32.43720566 -27.41116424 -26.02381857 -28.25842778
-32.48965224 -27.29861487 -25.98825156 -28.25080494 -31.03126108 -57.12872152 -112.01946744 -26.61365858 -30.84236130 -56.97198300 -111.88129013 -26.56396785 -32.35343817 -27.20387383 -25.70749085 -28.07445577
-32.40542013 -27.09753300 -25.69763016 -28.07604062 -30.93583756 -56.79594457 -111.48032842 -26.42877823 -30.75609704 -56.63313654 -111.32622144 -26.37620300 -32.26805202 -26.99223316 -25.34285321 -27.88692576
-32.33993739 -26.88952547 -25.36505953 -27.90384346 -30.20417864 -56.43853057 -110.87897396 -26.24116083 -30.75450092 -56.26482198 -110.16555353 -26.17837605 -32.18471377 -26.75581835 -24.95569744 -27.68564148
-32.26015848 -26.40185679 -24.85931876 -27.68851759 -30.33042048 -56.03683640 -108.83544414 -26.03566050 -30.60633457 -55.89588613 -108.91644795 -25.98865350 -32.11692037 -26.34157531 -24.88064402 -27.52962664
-32.17711238 -26.27246758 -24.73925292 -27.50887475 -30.35905222 -55.68644182 -108.41358599 -25.84514987 -30.49472587 -55.54784836 -108.47554289 -25.79848098 -32.03486204 -26.21725857 -24.81555655 -27.35151093
-32.11176038 -25.54228923 -24.65145014 -27.34748353 -30.24055065 -55.33461838 -107.96087852 -25.65761462 -30.42781683 -55.17621988 -107.89378297 -25.59837091 -31.95179283 -25.39556047 -24.36803260 -27.13572156
-28.17932873 -25.06621637 -24.15962449 -27.02808173 -30.31333040 -54.88077098 -107.25058979 -25.40718442 -30.14769249 -54.86228011 -107.29240478 -25.40628324 -31.91446734 -25.30406700 -24.32263958 -26.90599569
-28.49666002 -24.59162833 -23.88127220 -26.76822482 -30.30018541 -54.48737245 -106.03398052 -25.05108308 -29.98523866 -54.54440831 -106.65572380 -25.21093634 -31.86117120 -25.20062083 -24.23209214 -26.84394086
-28.76633228 -24.43216501 -23.59887608 -26.55315412 -30.21715838 -54.12222998 -105.41640100 -24.79964760 -29.87987983 -54.17733580 -104.67169495 -24.91189498 -31.78776451 -25.03280933 -24.06753687 -26.69580342
-28.90661359 -24.30240570 -23.37107857 -26.36661230 -29.96604296 -53.77257732 -104.10584343 -24.59484121 -29.90882468 -53.71329310 -104.03784074 -24.48271477 -27.84733478 -24.09819126 -23.41802126 -26.41408195
-29.07699422 -24.13973133 -23.07310733 -26.22404363 -29.77988443 -53.44895358 -103.48261244 -24.07497174 -29.89830982 -53.32866312 -103.36061185 -24.15099526 -28.03807599 -23.86672936 -22.96319078 -26.13908918
-29.28554011 -23.94773721 -22.84577996 -26.09950671 -29.64894681 -53.10680355 -102.91303786 -24.02851901 -29.83025398 -52.96348123 -102.76080095 -24.05389772 -28.32597249 -23.66164481 -22.73341750 -25.92185731
-25.74911563 -23.26437770 -22.59996787 -25.92638767 -29.48264941 -52.66471410 -102.23043326 -23.80866796 -29.57925085 -52.54052861 -102.06416313 -23.76500291 -24.72180350 -23.02988400 -22.57366191 -25.75639514
-26.39120335 -22.94966739 -22.45221063 -25.74847115 -29.43383425 -52.30080105 -101.61280887 -23.63134502 -29.38514030 -52.17714621 -101.46559983 -23.59294669 -25.32023817 -22.70812213 -22.46431499 -25.57697645
-26.70855293 -22.73174541 -22.32326981 -25.45542111 -29.29489628 -51.96175449 -101.06069287 -23.44099445 -29.17005309 -51.80389860 -100.88188458 -23.38942856 -25.98434182 -22.30915344 -22.29727683 -25.23427813
-26.91972099 -22.54071125 -22.17883506 -25.17798268 -29.17372241 -51.60613109 -100.47980881 -23.22988975 -28.83397522 -51.45791051 -100.31712148 -23.17613133 -26.55168243 -22.20063951 -22.10670765 -24.80286391
-27.11916890 -22.59404657 -21.86650747 -24.85624168 -28.97612170 -51.25637619 -99.91398143 -23.03143090 -28.16381432 -51.10219022 -99.77241980 -22.98417129 -27.05019879 -22.14846442 -21.65437624 -24.66791215
-27.32715967 -22.60019075 -21.50208501 -24.66174208 -28.71760122 -50.90481013 -99.35230534 -22.84051055 -28.01054603 -50.77560995 -99.27284360 -22.80664430 -27.25496406 -22.19217337 -21.39912536 -24.50568251
-27.31917407 -22.57887425 -21.28899916 -24.46943464 -27.61449841 -50.55232949 -98.86966004 -22.65978804 -28.27573668 -50.45065368 -98.81140389 -22.63422903 -27.32710835 -22.31158523 -21.19835459 -24.34818503
-27.22907607 -22.38965358 -21.08881469 -24.30406672 -27.78313637 -50.23475548 -98.41822130 -22.47937310 -28.48825228 -50.13245047 -98.35609298 -22.44375684 -27.22816882 -22.34407339 -20.94840818 -24.00167607
-27.13166238 -22.11769277 -20.87738483 -24.12694548 -28.03725518 -49.91951842 -97.97555297 -22.30202467 -28.45096569 -49.81558074 -97.91355818 -22.26608027 -27.13288876 -22.11648559 -20.73054875 -23.86310551
-27.02967355 -21.82957558 -20.63644601 -23.79244173 -28.21844118 -49.60714214 -97.53477612 -22.11092240 -28.24905655 -49.50161152 -97.47337360 -22.08257639 -27.03777316 -21.66524919 -20.39728527 -23.67671663
-26.92673688 -21.65210843 -20.43047336 -23.64724545 -28.12552386 -49.30103249 -97.10048329 -21.93118181 -28.04995905 -49.19430453 -97.04378777 -21.90688726 -26.94585099 -21.56830377 -20.20664259 -23.50345529
-26.80451294 -21.39641912 -20.12404811 -23.49381231 -27.91873861 -42.21307754 -96.54208907 -21.76826827 -27.83210960 -42.06392469 -96.47598502 -21.74285569 -26.82611375 -21.32831629 -20.00347057 -23.35420106
-26.70497835 -21.22550912 -19.93097389 -23.31239096 -27.80875051 -42.25612371 -96.10753006 -21.59035823 -27.72822628 -42.10996253 -96.03842222 -21.56863089 -26.72999094 -21.15800387 -19.80850517 -23.17077840
