0.00000000
123.23682337
226.26122330
322.49280584
411.60046386
493.02660824
567.76395364
636.31811522
699.16806302
756.37277131
807.91172769
853.47519362
892.97123200
924.66049702
946.07572132
951.74363101
954.31546665
949.75117069
938.25368717
925.26188686
910.40335074
893.03417602
873.38023540
850.88506861
827.15067161
802.88917069
779.66066221
759.66030165
738.08152969
715.69228607
692.25193691
668.28088455
644.00027364
624.21633887
604.01076116
584.60637706
578.92050214
577.94507707
576.86386815
575.55920998
574.20014405
572.72661998
571.11238014
569.42567368
567.66362896
565.80544566
563.84893914
561.80443122
559.69982207
557.53718076
555.29502592
552.91880371
550.42986425
547.85137293
545.25192810
542.86475840
540.57027124
538.29044696
535.93257491
533.59338009
531.64074904
529.86745771
528.11889652
526.39064476
524.64032561
522.87173154
521.07684094
519.25350079
517.41712675
515.56367818
513.66233170
511.73680863
509.78983024
507.80578663
505.78959532
503.24106700
498.98121726
493.86337159
485.28637202
478.16756423
474.86030371
473.77732985
473.97538280
474.64111143
475.57115797
476.26693888
476.38604373
475.77128320
474.42502728
472.72437369
471.06058504
469.40044200
467.72251317
466.07837977
464.44848302
462.82646560
461.22477251
459.65950826
458.10739700
456.53348311
454.79854036
