0.00000000
119.71626859
215.17828150
305.26176390
388.57516216
464.25925023
532.82273383
595.08573399
651.58265871
702.49463746
747.58609174
787.34947677
821.50212134
849.51174644
863.00519582
863.45236223
862.81775241
858.31483481
851.59714616
842.06130029
829.38639453
814.84883274
798.51427558
780.95000731
761.41557750
740.62887732
719.01736728
696.04271155
672.25642790
647.89996785
622.86821054
597.35623972
571.44231230
545.35831640
527.27320285
508.12276235
507.57773135
506.77062785
505.86319748
504.87990585
503.80605438
502.64448951
501.33981199
499.92717748
498.40061751
496.65927725
494.79541172
492.82800162
490.77570459
488.62798105
486.27989037
483.73875628
480.98495778
477.99999867
475.07678820
472.31062341
469.42632571
466.56424788
463.87770578
461.28760502
458.33449301
455.86473895
453.33329561
450.83942845
448.57148986
446.51444901
444.57388604
442.64437349
440.63418967
438.39739011
435.68443025
433.82238379
431.69643869
428.89891072
427.39938417
425.82310002
424.15153120
422.45150504
420.71569205
418.94673823
417.07044225
415.19205861
413.35236855
411.50480906
409.66778736
407.77029349
405.08856611
398.84384472
395.19060487
393.94950900
392.83139762
390.17480727
383.30605788
380.98357680
375.45010108
372.09816264
370.55662991
362.25813128
362.66456498
362.81401808
362.29097932
361.50529913
360.67921680
359.27334742
357.69051959
355.97479468
354.01921354
351.83880627
349.95542119
348.50901069
347.24600972
345.89574187
