0.00000000
0.00097206
0.00197206
0.00297206
0.00397206
0.00497206
0.00597206
0.00697206
0.00797206
0.00897206
0.00997206
0.01097206
0.01197206
0.01297206
0.01397206
0.01497206
0.01597206
0.01697206
0.01797206
0.01897206
0.01997206
0.02097206
0.02197206
0.02297206
0.02397206
0.02497206
0.02597206
0.02697206
0.02797206
0.02897206
0.02997206
0.03097206
0.03197206
0.03297206
0.03397206
0.03497206
0.03597206
0.03697206
0.03797206
0.03897206
0.03997206
0.04097206
0.04197206
0.04297206
0.04397206
0.04497206
0.04597206
0.04697206
0.04797206
0.04897206
0.04997206
0.05097206
0.05197206
0.05297206
0.05397206
0.05497206
0.05597206
0.05697206
0.05797206
0.05897206
0.05997206
0.06097206
0.06197206
0.06297206
0.06397206
0.06497206
0.06597206
0.06697206
0.06797206
0.06897206
0.06997206
0.07097206
0.07197206
0.07297206
0.07397206
0.07497206
0.07597206
0.07697206
0.07797206
0.07897206
0.07997206
0.08097206
0.08197206
0.08297206
0.08397206
0.08497206
0.08597206
0.08697206
0.08797206
0.08897206
0.08997206
0.09097206
0.09197206
0.09297206
0.09397206
0.09497206
0.09597206
0.09697206
0.09797206
0.09897206
0.09997206
0.10097206
0.10197206
0.10297206
0.10397206
0.10497206
0.10597206
0.10697206
0.10797206
0.10897206
0.10997206
0.11097206
