0.00000000 0.00000000
0.00053340 0.00102464
0.00108798 0.00202464
0.00164835 0.00302464
0.00221983 0.00402464
0.00280682 0.00502464
0.00340866 0.00602464
0.00402423 0.00702464
0.00465461 0.00802464
0.00529808 0.00902464
0.00595819 0.01002464
0.00663882 0.01102464
0.00734396 0.01202464
0.00808789 0.01302464
0.00889189 0.01402464
0.00980115 0.01502464
0.01073191 0.01602464
0.01171715 0.01702464
0.01274418 0.01802464
0.01377839 0.01902464
0.01482054 0.02002464
0.01587755 0.02102464
0.01694665 0.02202464
0.01803439 0.02302464
0.01912936 0.02402464
0.02022671 0.02502464
0.02132113 0.02602464
0.02239997 0.02702464
0.02348718 0.02802464
0.02457910 0.02902464
0.02567824 0.03002464
0.02678049 0.03102464
0.02788501 0.03202464
0.02897055 0.03302464
0.03005602 0.03402464
0.03112608 0.03502464
0.03214603 0.03602464
0.03314829 0.03702464
0.03415206 0.03802464
0.03515754 0.03902464
0.03616350 0.04002464
0.03717011 0.04102464
0.03817758 0.04202464
0.03918523 0.04302464
0.04019320 0.04402464
0.04120186 0.04502464
0.04221123 0.04602464
0.04322123 0.04702464
0.04423156 0.04802464
0.04524236 0.04902464
0.04625355 0.05002464
0.04726531 0.05102464
0.04827777 0.05202464
0.04929082 0.05302464
0.05030416 0.05402464
0.05131732 0.05502464
0.05233028 0.05602464
0.05334344 0.05702464
0.05435750 0.05802464
0.05537168 0.05902464
0.05638316 0.06002464
0.05739296 0.06102464
0.05840267 0.06202464
0.05941222 0.06302464
0.06042199 0.06402464
0.06143211 0.06502464
0.06244258 0.06602464
0.06345319 0.06702464
0.06446376 0.06802464
0.06547425 0.06902464
0.06648468 0.07002464
0.06749499 0.07102464
0.06850529 0.07202464
0.06951562 0.07302464
0.07052596 0.07402464
0.07153860 0.07502464
0.07255827 0.07602464
0.07357408 0.07702464
0.07459768 0.07802464
0.07561641 0.07902464
0.07662269 0.08002464
0.07762073 0.08102464
0.07861476 0.08202464
0.07960718 0.08302464
0.08059916 0.08402464
0.08159188 0.08502464
0.08258736 0.08602464
0.08358734 0.08702464
0.08459208 0.08802464
0.08560099 0.08902464
0.08661037 0.09002464
0.08761961 0.09102464
0.08862946 0.09202464
0.08963985 0.09302464
0.09065047 0.09402464
0.09166132 0.09502464
0.09267200 0.09602464
0.09368232 0.09702464
0.09469232 0.09802464
0.09570196 0.09902464
0.09671182 0.10002464
