0.00000000 0.00000000
0.00050592 0.00097206
0.00107458 0.00197206
0.00165066 0.00297206
0.00224214 0.00397206
0.00285421 0.00497206
0.00348529 0.00597206
0.00413402 0.00697206
0.00479805 0.00797206
0.00547879 0.00897206
0.00617635 0.00997206
0.00689444 0.01097206
0.00763823 0.01197206
0.00841520 0.01297206
0.00928839 0.01397206
0.01025179 0.01497206
0.01122323 0.01597206
0.01222202 0.01697206
0.01323315 0.01797206
0.01425658 0.01897206
0.01529840 0.01997206
0.01635145 0.02097206
0.01741673 0.02197206
0.01848844 0.02297206
0.01957055 0.02397206
0.02065799 0.02497206
0.02174964 0.02597206
0.02284840 0.02697206
0.02395088 0.02797206
0.02505676 0.02897206
0.02616669 0.02997206
0.02727942 0.03097206
0.02839441 0.03197206
0.02951023 0.03297206
0.03058999 0.03397206
0.03167323 0.03497206
0.03267360 0.03597206
0.03367510 0.03697206
0.03467710 0.03797206
0.03567944 0.03897206
0.03668207 0.03997206
0.03768493 0.04097206
0.03868808 0.04197206
0.03969176 0.04297206
0.04069606 0.04397206
0.04170152 0.04497206
0.04270774 0.04597206
0.04371456 0.04697206
0.04472189 0.04797206
0.04572985 0.04897206
0.04673877 0.04997206
0.04774873 0.05097206
0.04875978 0.05197206
0.04977236 0.05297206
0.05078504 0.05397206
0.05179701 0.05497206
0.05280968 0.05597206
0.05382232 0.05697206
0.05483335 0.05797206
0.05584231 0.05897206
0.05685243 0.05997206
0.05786092 0.06097206
0.05886966 0.06197206
0.05987863 0.06297206
0.06088675 0.06397206
0.06189351 0.06497206
0.06289948 0.06597206
0.06390484 0.06697206
0.06490978 0.06797206
0.06591503 0.06897206
0.06692126 0.06997206
0.06792528 0.07097206
0.06893018 0.07197206
0.06993656 0.07297206
0.07093908 0.07397206
0.07193940 0.07497206
0.07294083 0.07597206
0.07394184 0.07697206
0.07494290 0.07797206
0.07594525 0.07897206
0.07694610 0.07997206
0.07794739 0.08097206
0.07894962 0.08197206
0.07995243 0.08297206
0.08095541 0.08397206
0.08195989 0.08497206
0.08296793 0.08597206
0.08399591 0.08697206
0.08501134 0.08797206
0.08601485 0.08897206
0.08701732 0.08997206
0.08802718 0.09097206
0.08905658 0.09197206
0.09006659 0.09297206
0.09110599 0.09397206
0.09213020 0.09497206
0.09314044 0.09597206
0.09419838 0.09697206
0.09519223 0.09797206
0.09618236 0.09897206
0.09717348 0.09997206
0.09816431 0.10097206
0.09916040 0.10197206
0.10016259 0.10297206
0.10117342 0.10397206
0.10218385 0.10497206
0.10319644 0.10597206
0.10421065 0.10697206
0.10522026 0.10797206
0.10623834 0.10897206
0.10725513 0.10997206
0.10827471 0.11097206
