0.00000000 0.00000000 0.00000000 0.00000000 0.00000000 0.00000000 0.00000000 0.00000000 0.00000000 0.00000000 0.00000000 0.00000000
3.22470034 -20.19217407 -28.31191088 1.10830127 -3.57127524 -10.17323508 1.18279827 -3.95618657 -12.16783097 2.84988157 -20.95293516 -28.75640207
1.44245676 -37.41128795 -44.54773443 -1.14809000 -10.97306947 -12.95481061 -1.11538603 -11.58144728 -15.09573328 1.19800092 -38.08089611 -44.91028401
-0.30283544 -53.73018566 -59.71444522 -3.29677760 -18.33507676 -15.22728086 -3.31131587 -19.12294661 -17.46227849 -0.42196846 -54.32509648 -60.01155644
-1.68722839 -69.09440878 -74.00029558 -5.34886011 -24.91105659 -17.22723929 -5.42802185 -25.73418742 -19.54286750 -1.74288923 -69.63804284 -74.22006459
-2.57165052 -83.35607804 -87.42846946 -7.18899252 -30.46969177 -19.08107005 -7.35207826 -31.23930998 -21.50015193 -2.62137658 -83.88052571 -87.56985540
-3.18573696 -96.45200814 -99.87234279 -8.75106403 -35.21301439 -20.84775003 -8.99008638 -35.95634819 -23.37106213 -3.24196383 -96.98962421 -99.95173276
-3.73127211 -108.36502345 -111.18275238 -10.08961619 -39.38995618 -22.58184396 -10.38367551 -40.07599843 -25.20814509 -3.78886910 -108.99580223 -111.29277936
-4.21153849 -119.14518160 -121.34513529 -11.28402585 -43.28182906 -24.28202492 -11.60986587 -43.96130037 -27.05081703 -4.26137003 -119.76942380 -121.38014640
-4.64867113 -128.73813529 -130.25798112 -12.40477996 -47.01416274 -25.96217915 -12.74329087 -47.60266598 -28.87918977 -4.71860209 -129.34056620 -130.18441315
-5.11340830 -137.06980483 -137.79413622 -13.49617300 -50.46245462 -27.61185412 -13.84406547 -51.02754956 -30.66828808 -5.21263505 -137.65664804 -137.62907445
-5.63442169 -144.08752520 -143.88651156 -14.58425632 -53.93376610 -29.28936637 -14.92802475 -54.48730749 -32.47073758 -5.76522394 -144.65853351 -143.62380226
-6.23657509 -149.67318511 -148.41028122 -15.69591893 -57.47098984 -31.01094472 -16.03307119 -57.99217215 -34.29406514 -6.39225763 -150.24584936 -148.04681098
-6.92994576 -153.64434357 -151.16109654 -16.84652520 -61.08555994 -32.78995082 -17.17467110 -61.56165540 -36.17161608 -7.11678023 -154.27379341 -150.75580838
-7.87077586 -154.54032077 -148.94748941 -18.14021462 -64.75588223 -34.74975207 -18.46888040 -65.16863734 -38.26410625 -8.07329489 -155.38588258 -148.63995941
-9.08889821 -150.62825588 -144.21227057 -19.57590532 -68.74242029 -36.75629166 -19.89761889 -69.10191668 -40.40717967 -9.28448711 -151.70174364 -144.05537430
-10.33033037 -146.54620648 -139.39134301 -21.00646544 -72.44402761 -38.73921127 -21.30589654 -72.76023872 -42.48177260 -10.51147369 -147.87374141 -139.42704526
-11.61894519 -142.35061501 -134.44826521 -22.46281450 -74.78693274 -40.66662697 -22.74683983 -75.07706206 -43.86599747 -11.79346519 -143.88675854 -134.61051209
-12.86852419 -138.04844441 -129.37526015 -23.62762687 -77.09346441 -41.90029062 -24.11570441 -77.36646180 -44.87995488 -12.69721663 -139.87999894 -129.74419885
-13.73319594 -133.62603031 -124.14512482 -24.30274386 -79.33560792 -42.75985918 -24.83429677 -79.56204046 -45.65212746 -13.36445734 -135.87608352 -124.86973271
-14.48476501 -129.06287001 -118.75009060 -24.85323432 -80.65071603 -43.33301360 -25.24182514 -80.82758659 -46.38735437 -14.04925222 -131.81541292 -119.93027372
-15.25473270 -124.37166448 -112.98868176 -25.19639202 -81.57416619 -43.86901308 -25.38900889 -81.72006790 -47.09739402 -14.74066764 -127.72747460 -114.91956944
-16.04299422 -119.53677119 -106.58719038 -25.33044464 -82.43283792 -44.37588275 -25.46040958 -82.56049531 -47.76248748 -15.42141762 -123.60029186 -109.40305262
-16.72051629 -114.44732130 -99.90740621 -25.43311557 -83.19395737 -44.85248084 -25.51687738 -83.35508071 -48.39862040 -16.00603150 -119.38147483 -103.73712491
-17.37383776 -108.63326388 -93.06979363 -25.52038338 -83.82799934 -45.29808509 -25.54625111 -84.02988438 -49.01015839 -16.59654109 -114.69605708 -97.81332238
-17.94588131 -102.60266804 -86.20045440 -25.59936280 -84.43542008 -45.67473029 -25.55190175 -84.59290511 -49.59893831 -17.00710107 -109.57528782 -91.84422633
-18.36206619 -96.27008586 -79.16742512 -25.66371488 -84.98078355 -45.97443636 -25.54108516 -85.11229246 -50.16582301 -17.37262391 -104.47063897 -85.93639181
-18.77368445 -89.78928771 -72.16354557 -25.71609733 -85.23462025 -46.21289194 -25.53303068 -85.40408006 -50.54164467 -17.74286653 -99.02911960 -79.90184276
-19.18235231 -83.21424440 -65.14164534 -25.76107327 -85.36611555 -46.41821279 -25.52243565 -85.51778219 -50.77666190 -18.11026081 -93.43062197 -73.81502172
-19.58576897 -76.56374482 -58.10538850 -25.80232285 -85.48964947 -46.58687810 -25.51487178 -85.58068351 -50.82318471 -18.46041849 -87.72954002 -67.65751663
-19.98738204 -69.83307292 -51.00890203 -25.83487033 -85.47837557 -46.62435190 -25.50426811 -85.53996113 -50.79792497 -18.80727554 -81.97540014 -61.47642585
-20.38456539 -63.04604794 -43.87993141 -25.85842728 -85.37080833 -46.60698079 -25.47203295 -85.39475319 -50.74610739 -19.15001179 -76.18062510 -55.26594817
-20.77554281 -56.21027330 -36.72754718 -25.87390606 -85.20585444 -46.51733551 -25.42105711 -85.18688597 -50.65782091 -19.48949866 -70.35006187 -49.02652850
-21.15782156 -49.35035513 -29.56146551 -25.87843354 -85.03420044 -46.40958122 -25.36498908 -84.97325154 -50.54471031 -19.82321431 -64.49115272 -42.76914104
-21.40207972 -45.24019788 -28.59756228 -25.88064393 -84.86187963 -46.28778421 -25.36178448 -84.75933864 -50.53131529 -20.20641458 -58.11483056 -36.02937164
-21.43760649 -45.24385031 -28.61239140 -25.50712669 -84.70524767 -46.13949625 -25.67202909 -84.51935902 -50.29962516 -20.71940844 -47.41459055 -27.85203127
-21.52526851 -45.24301316 -28.67654010 -25.45015611 -84.52753198 -46.04788339 -25.63065759 -84.30660130 -50.16995385 -20.73561203 -47.49370171 -27.77081162
-21.56615784 -45.23893534 -28.64999749 -25.37675870 -84.34379701 -45.93156231 -25.57880911 -84.08673531 -50.00786447 -20.75116217 -47.56430752 -27.67454057
-21.60180978 -45.23212903 -28.60617327 -25.28096712 -84.15593469 -45.80102069 -25.51348392 -83.85740128 -49.84423140 -20.76575479 -47.63115395 -27.57313756
-21.63230465 -45.21963569 -28.55349465 -25.18993938 -83.93015257 -45.66457157 -25.44431064 -83.62307208 -49.68053726 -20.77900815 -47.69435898 -27.46852022
-21.66158615 -45.20305082 -28.49394001 -25.09304688 -83.65265367 -45.52803824 -25.37125834 -83.38590769 -49.51269369 -20.79087727 -47.75320490 -27.35979671
-21.68931116 -45.18326367 -28.42036982 -24.99652014 -83.33626854 -45.39137087 -25.29416585 -83.13523873 -49.34127123 -20.80115494 -47.80944930 -27.24610524
-21.71554322 -45.15894277 -28.31727142 -24.90048576 -83.00689429 -45.25348760 -25.21439838 -82.80150562 -49.16995985 -20.80973095 -47.86302743 -27.12856470
-21.74031350 -45.13176612 -28.20390198 -24.80528979 -82.64411116 -45.11359862 -25.13086336 -82.44217999 -48.99758243 -20.81462063 -47.89372030 -27.00922960
-21.76339107 -45.09150177 -28.08514029 -24.70557557 -82.26293359 -44.97216537 -25.04506415 -82.05520397 -48.82386934 -20.81698159 -47.89041434 -26.88837648
-21.78341295 -45.00001669 -27.96011885 -24.60844248 -81.84684399 -44.82940784 -24.95748233 -81.63655420 -48.64810363 -20.81359998 -47.81141369 -26.76388062
-21.80029714 -44.86759046 -27.82790283 -24.51158409 -81.40110507 -44.68090168 -24.86573964 -81.19403163 -48.47139784 -20.80490747 -47.73049161 -26.63946226
-21.81526059 -44.73298859 -27.68913645 -24.41621289 -80.93707270 -44.51329973 -24.77030953 -80.70501001 -48.29471978 -20.78954028 -47.64878666 -26.51566441
-21.82816785 -44.59429019 -27.54536527 -24.32286533 -80.45075487 -44.31960315 -24.67338644 -80.19446239 -48.11908373 -20.76808044 -47.56665644 -26.39298849
-21.83877600 -44.45387293 -27.40066569 -24.22937038 -79.94089774 -44.12260985 -24.57595652 -79.66211915 -47.94170520 -20.74484256 -47.44787733 -26.26928770
-21.84431807 -44.27782184 -27.25151362 -24.13792537 -79.34624011 -43.90738016 -24.47702472 -79.10927186 -47.76448152 -20.72125545 -47.29639984 -26.14625782
-21.84231525 -44.09979050 -27.10016358 -24.04876171 -78.62513333 -43.67489380 -24.37783136 -78.53282024 -47.58638071 -20.69780582 -47.12992394 -26.02293604
-21.83068592 -43.91930674 -26.94621841 -23.96188710 -77.85118865 -43.43505670 -24.27736942 -77.82235919 -47.40789511 -20.67371570 -46.95906668 -25.90020815
-21.80970051 -43.72220872 -26.79145399 -23.87590743 -77.00122360 -43.18947226 -24.17901396 -77.00854946 -47.22776399 -20.65085838 -46.76662569 -25.77722067
-21.78172807 -43.50553481 -26.64157775 -23.78368329 -76.38541102 -42.93376616 -24.08555800 -76.12431977 -47.04473321 -20.62958298 -46.50752653 -25.65336660
-21.75733872 -43.18700166 -26.49499790 -23.69194310 -75.80224465 -42.65187149 -23.98776758 -75.50625339 -46.85882984 -20.60625448 -46.23556492 -25.53055570
-21.73092914 -42.79635257 -26.34322898 -23.61071040 -75.17141020 -42.35201386 -23.87988323 -74.90548845 -46.67280647 -20.58435978 -45.96614614 -25.41299649
-21.70287979 -42.38624005 -26.19483206 -23.52291783 -74.70909950 -42.03877473 -23.77651237 -74.21565722 -46.48362410 -20.56026433 -45.68025942 -25.29318647
-21.67048450 -41.92208932 -26.04342798 -23.43857187 -74.37211375 -41.68912976 -23.66320498 -73.68129674 -46.29433253 -20.53559494 -45.38857883 -25.17888056
-21.63409949 -41.31290690 -25.88591629 -23.36392591 -74.09859171 -41.27243198 -23.53297668 -73.40792714 -46.10680636 -20.51237404 -45.08597303 -25.07367549
-21.60373684 -40.36265583 -25.72024261 -23.30877012 -73.83942299 -40.76887778 -23.38199839 -73.18665990 -45.91628437 -20.49407867 -44.77577706 -24.97598844
-21.56352586 -39.96606514 -25.57085759 -23.21689456 -73.58982497 -40.36395078 -23.26300223 -72.95599241 -45.71966237 -20.47302724 -44.31441901 -24.86751679
-21.52363375 -39.56066187 -25.42811028 -23.11152937 -73.34445910 -40.03765191 -23.15851674 -72.72102030 -45.50524799 -20.45389272 -43.73697020 -24.75160138
-21.48317173 -39.06140234 -25.28050231 -23.00943119 -73.09571307 -39.76243169 -23.04456392 -72.48416549 -45.28186026 -20.43284953 -43.26897106 -24.63436586
-21.43250982 -38.64364928 -25.11878378 -22.91996254 -72.83238161 -39.53881141 -22.91771019 -72.24653413 -45.04835361 -20.40953746 -42.94140814 -24.52184788
-21.37422876 -38.44816725 -24.96263748 -22.81228575 -72.56827627 -39.35501661 -22.80512061 -72.00575553 -44.79563906 -20.38214414 -42.60319092 -24.40198663
-21.31619546 -38.34331047 -24.81329683 -22.69394852 -72.30722493 -39.19901321 -22.70335541 -71.75983731 -44.52652762 -20.35053586 -42.28659039 -24.27405003
-21.25520451 -38.24252803 -24.65811464 -22.57630372 -72.04140632 -39.06390091 -22.59518312 -71.51126158 -44.19826976 -20.31638235 -42.03719251 -24.14862604
-21.19195606 -38.13571984 -24.49676740 -22.46098913 -71.77022080 -38.94941748 -22.48267117 -71.25959439 -43.74195071 -20.28077915 -41.83695296 -24.02717057
-21.12436133 -38.01253549 -24.32505976 -22.34980131 -71.48954239 -38.84166130 -22.36111287 -71.00997601 -43.04070307 -20.24457732 -41.68684418 -23.91121509
-21.06365919 -37.90066021 -24.16852674 -22.22563592 -71.21419650 -38.75269506 -22.23063816 -70.75373031 -41.84345546 -20.20406091 -41.54203687 -23.78513493
-21.00234480 -37.78639383 -24.00968925 -22.08654687 -70.93134659 -38.64683697 -22.14461207 -70.48688177 -41.52452069 -20.15958776 -41.39506531 -23.64855789
-20.93493913 -37.65208807 -23.83771015 -21.94879106 -70.63512881 -38.53809649 -22.08403901 -70.22592360 -40.94995635 -20.11723039 -41.25230055 -23.52023508
-20.87088634 -37.52270608 -23.67345974 -21.80700229 -70.35115319 -38.44655271 -22.03315671 -69.96602482 -39.68080409 -20.07170245 -41.08758942 -23.38787290
-20.80169637 -37.38003170 -23.49886529 -21.71563344 -70.06405409 -38.32767255 -21.96853274 -69.68614132 -39.75831868 -20.02569192 -40.92324396 -23.24950211
-20.72666055 -37.21731012 -23.30680971 -21.64534799 -69.78147614 -38.19906782 -21.89017714 -69.40459027 -39.81055394 -19.98125204 -40.76088844 -23.09896584
-20.65198486 -37.04827673 -23.11351048 -21.58495168 -69.51464947 -38.06922515 -21.81263409 -69.11527371 -39.80085840 -19.93625798 -40.58853329 -22.91537535
-20.57663868 -36.87597275 -22.91599397 -21.52780892 -69.24421701 -37.93862017 -21.73239606 -68.83815566 -39.76964735 -19.89107535 -40.40918061 -22.73179852
-20.50091314 -36.70002554 -22.71204010 -21.47162552 -68.96819526 -37.80594607 -21.64871709 -68.55574261 -39.73735453 -19.84618253 -40.22510729 -22.54384239
-20.42463965 -36.51792760 -22.50051806 -21.42180945 -68.68481002 -37.66921972 -21.55865937 -68.27798894 -39.66736754 -19.80208025 -40.04307612 -22.37864151
-20.34612388 -36.32962010 -22.27718734 -21.37688001 -68.39330287 -37.52998748 -21.45703159 -68.00363445 -39.55023581 -19.75830693 -39.86645131 -22.18168048
-20.26794909 -36.15291728 -22.05689997 -21.33316186 -68.09065214 -37.39319729 -21.35389788 -67.73531397 -39.43185275 -19.71408184 -39.68773184 -21.97440271
-20.19009716 -35.97841745 -21.83456712 -21.29858227 -67.78209829 -37.25547195 -21.24772455 -67.47535999 -39.30994384 -19.66892075 -39.51161843 -21.79956676
-20.11148553 -35.81517415 -21.60471848 -21.27514700 -67.43311581 -37.11958070 -21.13728015 -67.20551178 -39.18636743 -19.62380501 -39.33821965 -21.65440336
-20.03336404 -35.65424157 -21.37933837 -21.25431901 -67.09120291 -36.99056642 -21.02050269 -66.93624523 -39.06160775 -19.57827204 -39.15545126 -21.51267605
-19.95864524 -35.50051875 -21.18007661 -21.25373234 -66.68919028 -36.86288546 -20.87192310 -66.65051565 -38.93603303 -19.53149667 -38.96701347 -21.36826291
-19.87237782 -35.32100776 -21.00425931 -21.25874045 -65.39723681 -36.73441259 -20.75925115 -66.35959659 -38.80736664 -19.49029275 -38.80888186 -21.27514237
-19.78804610 -35.12487523 -20.89392675 -21.29376259 -60.55862925 -36.59830891 -20.64018685 -65.96861235 -38.67724843 -19.45810512 -38.65512418 -21.18701896
-19.70447417 -34.95122003 -20.81585292 -21.30045232 -58.26318662 -36.45913831 -20.53854366 -65.59967542 -38.55105428 -19.41508071 -38.49331378 -21.09861265
-19.62164383 -34.79883079 -20.75414970 -21.27756546 -58.36540025 -36.32235280 -20.45837113 -65.22991732 -38.42264249 -19.36299058 -38.32238240 -21.01326224
-19.53911389 -34.64782829 -20.69614043 -21.25169509 -58.74011346 -36.18466950 -20.38284336 -64.71165319 -38.29452600 -19.30928736 -38.14691648 -20.92661058
-19.46616451 -34.51101247 -20.64051656 -21.19720154 -59.15107658 -36.04419757 -20.34138022 -62.63025484 -38.16925885 -19.25248942 -37.94558521 -20.82566951
-19.42072242 -34.41424856 -20.58692779 -21.09368197 -59.32098482 -35.88943974 -20.37279447 -56.59944816 -38.03745536 -19.18551324 -37.67908182 -20.70575951
-19.34506251 -34.26286959 -20.53178276 -21.05071790 -58.51378711 -35.76143213 -20.31834888 -56.05194087 -37.90943408 -19.12735770 -37.48932822 -20.62151506
-19.24479404 -34.01535912 -20.43489390 -20.75633179 -53.98528267 -35.60116472 -20.25033693 -56.38433430 -37.76054716 -19.10291843 -37.37224899 -20.54188903
-19.14315634 -33.79822789 -20.34608806 -20.79909801 -51.25324750 -35.45563849 -20.17477034 -56.72405498 -37.62186003 -19.06605733 -37.23816768 -20.47779598
-19.05639892 -33.63563321 -20.27466588 -20.72508636 -51.20835483 -35.31448161 -20.14654786 -56.20890904 -37.49703315 -19.01075187 -37.05761768 -20.42114949
-19.01475840 -33.54150309 -20.20262334 -20.55078464 -51.42181525 -35.14126341 -20.24557076 -48.80024014 -37.34484441 -18.94213957 -36.75254668 -20.30004159
-18.92719050 -33.38882249 -20.14624157 -20.42154705 -51.93428495 -35.02844097 -20.22294584 -49.70461160 -37.22275838 -18.87618316 -36.56989649 -20.22164197
-18.83420518 -33.22986932 -20.06509447 -20.44243784 -52.47308692 -34.88033029 -20.16831706 -50.28116077 -37.09925589 -18.80873629 -36.38782195 -20.14370210
-18.73188354 -33.04917667 -19.95297966 -20.38715426 -52.50021989 -34.70994219 -20.10389877 -50.84868907 -36.97152258 -18.74500380 -36.21995496 -20.07055393
-18.62205848 -32.85313578 -19.82478055 -20.35644854 -52.33973467 -34.51480970 -20.02945839 -51.38314905 -36.83755136 -18.68367315 -36.06096239 -19.99953708
-18.50571873 -32.66381671 -19.71980744 -20.32932445 -52.17500112 -34.30382918 -19.95144159 -51.87185140 -36.69875718 -18.62528869 -35.90464513 -19.92973519
-18.39232984 -32.48698916 -19.62320380 -20.29532476 -52.01120204 -34.06934591 -19.88415605 -51.79311993 -36.56020049 -18.56431131 -35.73770736 -19.85545678
-18.27350523 -32.28113276 -19.52415547 -20.26243656 -51.84065283 -33.75569308 -19.81394005 -51.64734344 -36.42534814 -18.50594341 -35.57737558 -19.78299306
-18.17267583 -32.08205729 -19.42522564 -20.23126824 -51.66631714 -33.28403272 -19.74161887 -51.50004797 -36.29128321 -18.44651057 -35.42418073 -19.70957646
-18.08814241 -31.88989337 -19.33184666 -20.18806441 -51.49084093 -32.56469354 -19.67998364 -51.34938679 -36.16504343 -18.38093278 -35.25853744 -19.63184814
-18.01682452 -31.71019663 -19.24040971 -20.14215947 -51.31073878 -31.60744972 -19.61914165 -51.19700006 -36.03896794 -18.31241847 -35.09059297 -19.55290635
-17.95121199 -31.54236994 -19.14856458 -20.09289103 -51.13202570 -30.93835845 -19.56340851 -51.04213850 -35.90773277 -18.24718051 -34.91682462 -19.47271460
-17.88890433 -31.37163368 -19.05695901 -20.04272112 -50.95192157 -30.72376561 -19.51301895 -50.88371846 -35.76928147 -18.19335716 -34.72266321 -19.39106614
-17.83098589 -31.20618955 -18.96556711 -19.99182060 -50.77016501 -30.69363413 -19.46093402 -50.72328122 -35.62717138 -18.13905684 -34.52831121 -19.30889277
-17.77388499 -31.03766932 -18.87439588 -19.94246101 -50.58589016 -30.58629469 -19.40957650 -50.56048494 -35.48123299 -18.08657331 -34.33050391 -19.22677416
