0.00000000
155.41926398
283.16429950
389.34264423
479.26147903
554.99984807
617.24841374
666.34725728
702.59643032
724.07254384
719.13480304
711.38157720
702.64679449
690.89774674
676.75076981
660.68445785
643.25641308
625.13443075
606.32466509
587.13488727
567.10655715
546.74159751
526.14150080
505.20960058
484.06863456
462.82778039
441.40496666
419.79302901
397.96978758
375.97234833
356.65769946
344.70971041
331.90584968
326.19403680
326.36314040
326.41645401
326.36901951
326.27753252
326.15180789
325.99120002
325.80017283
325.58107995
325.32499937
325.01514183
324.66168573
324.28026402
323.86661558
323.43465206
322.98484472
322.50392335
321.99563524
321.47003889
320.92277422
320.35468767
319.77677742
319.18827368
318.57572721
317.94870920
317.28780628
316.62227718
315.94853659
315.26236206
314.57334034
313.88153405
312.96807130
312.26671785
311.21089128
310.30886656
309.26335347
308.52835416
305.51497174
303.58126426
299.09013701
296.46835958
295.92990588
290.00868330
