0.00000000
0.00101909
0.00201909
0.00301909
0.00401909
0.00501909
0.00601909
0.00701909
0.00801909
0.00901909
0.01001909
0.01101909
0.01201909
0.01301909
0.01401909
0.01501909
0.01601909
0.01701909
0.01801909
0.01901909
0.02001909
0.02101909
0.02201909
0.02301909
0.02401909
0.02501909
0.02601909
0.02701909
0.02801909
0.02901909
0.03001909
0.03101909
0.03201909
0.03301909
0.03401909
0.03501909
0.03601909
0.03701909
0.03801909
0.03901909
0.04001909
0.04101909
0.04201909
0.04301909
0.04401909
0.04501909
0.04601909
0.04701909
0.04801909
0.04901909
0.05001909
0.05101909
0.05201909
0.05301909
0.05401909
0.05501909
0.05601909
0.05701909
0.05801909
0.05901909
0.06001909
0.06101909
0.06201909
0.06301909
0.06401909
0.06501909
0.06601909
0.06701909
0.06801909
0.06901909
0.07001909
0.07101909
0.07201909
0.07301909
0.07401909
0.07501909
0.07601909
0.07701909
0.07801909
0.07901909
0.08001909
0.08101909
0.08201909
0.08301909
0.08401909
0.08501909
0.08601909
0.08701909
0.08801909
0.08901909
0.09001909
