0.00000000 0.00000000
0.00051940 0.00101909
0.00107105 0.00201909
0.00162984 0.00301909
0.00220060 0.00401909
0.00278727 0.00501909
0.00338882 0.00601909
0.00400390 0.00701909
0.00463283 0.00801909
0.00527439 0.00901909
0.00593224 0.01001909
0.00660951 0.01101909
0.00731130 0.01201909
0.00805007 0.01301909
0.00884628 0.01401909
0.00974066 0.01501909
0.01067271 0.01601909
0.01165939 0.01701909
0.01267687 0.01801909
0.01370810 0.01901909
0.01474810 0.02001909
0.01580195 0.02101909
0.01686617 0.02201909
0.01794376 0.02301909
0.01903179 0.02401909
0.02012494 0.02501909
0.02122853 0.02601909
0.02231061 0.02701909
0.02339453 0.02801909
0.02448330 0.02901909
0.02558050 0.03001909
0.02667859 0.03101909
0.02777758 0.03201909
0.02885934 0.03301909
0.02993924 0.03401909
0.03101270 0.03501909
0.03204034 0.03601909
0.03304580 0.03701909
0.03405116 0.03801909
0.03505695 0.03901909
0.03606277 0.04001909
0.03440423 0.04101909
0.03522651 0.04201909
0.03604220 0.04301909
0.03686434 0.04401909
0.03771224 0.04501909
0.03859070 0.04601909
0.03949362 0.04701909
0.04041397 0.04801909
0.04134236 0.04901909
0.04227925 0.05001909
0.04323236 0.05101909
0.04419784 0.05201909
0.04521754 0.05301909
0.04619016 0.05401909
0.04716832 0.05501909
0.04815587 0.05601909
0.04914865 0.05701909
0.05014454 0.05801909
0.05113633 0.05901909
0.05213471 0.06001909
0.05313480 0.06101909
0.05413673 0.06201909
0.05517978 0.06301909
0.05619209 0.06401909
0.05718929 0.06501909
0.05819040 0.06601909
0.05920427 0.06701909
0.06020534 0.06801909
0.06121315 0.06901909
0.06222098 0.07001909
0.06322940 0.07101909
0.06423725 0.07201909
0.06524581 0.07301909
0.06625418 0.07401909
0.06725583 0.07501909
0.06825937 0.07601909
0.06926107 0.07701909
0.07027005 0.07801909
0.07130385 0.07901909
0.07229473 0.08001909
0.07329257 0.08101909
0.07430047 0.08201909
0.07529817 0.08301909
0.07630017 0.08401909
0.07729899 0.08501909
0.07829946 0.08601909
0.07929818 0.08701909
0.08029646 0.08801909
0.08129511 0.08901909
0.08229745 0.09001909
