0.00000000 0.00000000
0.00051400 0.00096246
0.00107844 0.00196246
0.00165200 0.00296246
0.00224318 0.00396246
0.00285700 0.00496246
0.00349004 0.00596246
0.00413989 0.00696246
0.00480457 0.00796246
0.00548496 0.00896246
0.00618101 0.00996246
0.00689702 0.01096246
0.00763847 0.01196246
0.00841183 0.01296246
0.00927366 0.01396246
0.01022957 0.01496246
0.01120305 0.01596246
0.01219926 0.01696246
0.01321373 0.01796246
0.01424317 0.01896246
0.01528834 0.01996246
0.01634993 0.02096246
0.01741722 0.02196246
0.01848986 0.02296246
0.01957109 0.02396246
0.02065716 0.02496246
0.02174779 0.02596246
0.02284171 0.02696246
0.02394066 0.02796246
0.02504456 0.02896246
0.02614954 0.02996246
0.02725664 0.03096246
0.02836625 0.03196246
0.02947749 0.03296246
0.03054720 0.03396246
0.03161136 0.03496246
0.03264206 0.03596246
0.03364229 0.03696246
0.03464344 0.03796246
0.03564503 0.03896246
0.03664731 0.03996246
0.03764983 0.04096246
0.03865268 0.04196246
0.03965626 0.04296246
0.04066054 0.04396246
0.04166515 0.04496246
0.04267011 0.04596246
0.04367559 0.04696246
0.04468129 0.04796246
0.04568729 0.04896246
0.04669342 0.04996246
0.04769969 0.05096246
0.04870606 0.05196246
0.04971252 0.05296246
0.05071901 0.05396246
0.05172555 0.05496246
0.05273211 0.05596246
0.05373877 0.05696246
0.05474559 0.05796246
0.05575328 0.05896246
0.05678149 0.05996246
0.05778811 0.06096246
0.05882525 0.06196246
0.05985663 0.06296246
0.06086027 0.06396246
0.06186514 0.06496246
0.06287056 0.06596246
0.06387610 0.06696246
0.06492000 0.06796246
0.06591807 0.06896246
0.06691571 0.06996246
0.06791154 0.07096246
0.06889919 0.07196246
0.06989581 0.07296246
0.07089591 0.07396246
0.07189826 0.07496246
0.07290226 0.07596246
0.07394963 0.07696246
0.07494642 0.07796246
0.07596110 0.07896246
0.07698254 0.07996246
0.07797753 0.08096246
0.07898926 0.08196246
0.07999661 0.08296246
0.08103247 0.08396246
0.08204380 0.08496246
0.08307252 0.08596246
0.08407407 0.08696246
0.08507483 0.08796246
0.08607676 0.08896246
0.08707984 0.08996246
0.08808356 0.09096246
0.08909012 0.09196246
0.09009893 0.09296246
0.09113908 0.09396246
0.09217943 0.09496246
0.09318429 0.09596246
0.09417879 0.09696246
0.09518061 0.09796246
0.09618545 0.09896246
0.09721359 0.09996246
0.09822596 0.10096246
0.09921029 0.10196246
0.10022426 0.10296246
0.10122210 0.10396246
0.10221578 0.10496246
0.10320581 0.10596246
0.10419816 0.10696246
0.10519017 0.10796246
0.10616491 0.10896246
0.10715599 0.10996246
0.10814677 0.11096246
0.10914000 0.11196246
0.11015649 0.11296246
0.11117210 0.11396246
0.11218531 0.11496246
