0.00000000 0.00000000 0.00000000 0.00000000 0.00000000 0.00000000 0.00000000 0.00000000 0.00000000 0.00000000 0.00000000 0.00000000
2.83617337 -20.42843661 -28.22239639 0.84983689 -4.03735387 -11.24758919 1.15822721 -4.77433282 -11.29318213 3.51780618 -20.81347298 -28.31363419
1.03172606 -37.62051076 -44.50501338 -1.83267548 -12.28284853 -14.12003473 -1.30877028 -12.11722329 -14.29634429 1.49805292 -38.28608927 -44.48695414
-0.70410099 -53.93510172 -59.73030889 -4.32295687 -20.34889622 -16.47369511 -3.63382553 -19.41604291 -16.69777198 -0.40231714 -54.81178988 -59.64477661
-2.02826824 -69.30296956 -74.09367159 -6.61453941 -27.25706211 -18.56761068 -5.88507992 -25.84352876 -18.79202881 -1.80258316 -70.28662352 -73.96197905
-2.86521691 -83.55629479 -87.63133953 -8.54989743 -33.00328131 -20.53924231 -7.86785795 -31.22240857 -20.76032981 -2.69722934 -84.61554146 -87.46359139
-3.43879731 -96.59808085 -100.13672534 -10.17840437 -37.88692483 -22.44138077 -9.53727021 -35.88774158 -22.63600787 -3.33639989 -97.79762148 -100.02234698
-3.94187825 -108.47249205 -111.53996707 -11.59197125 -42.32469639 -24.27387763 -10.94537743 -39.94149958 -24.48416986 -3.91837489 -109.83729470 -111.48602596
-4.35961188 -119.21455252 -121.79607868 -12.87247796 -46.37493568 -26.09167102 -12.16895947 -43.82021189 -26.33147042 -4.42553217 -120.62151023 -121.68467083
-4.76085603 -128.75599515 -130.78537780 -14.09937393 -50.21694874 -27.92367488 -13.32530938 -47.33218546 -28.12012665 -4.88204751 -130.20787117 -130.60648478
-5.20327856 -137.02287972 -138.40611055 -15.31999740 -53.98798386 -29.73429970 -14.43133815 -50.73465129 -29.90865974 -5.36646695 -138.52882989 -138.17184072
-5.70787730 -143.97830908 -144.58367950 -16.54614486 -57.75735720 -31.55916470 -15.55267663 -54.16841256 -31.71647661 -5.90394185 -145.53522922 -144.31211538
-6.29030522 -149.51665465 -149.19444216 -17.79297986 -61.56312203 -33.41105248 -16.68211635 -57.62546213 -33.53805788 -6.52028628 -151.15694912 -148.91625761
-6.96884662 -153.47715977 -152.06728756 -19.08282732 -65.46920825 -35.29181784 -17.84454533 -61.04812438 -35.43076514 -7.23666960 -155.24131853 -151.82608628
-7.88934657 -154.46249763 -150.20210665 -20.53236401 -69.38234732 -37.29651221 -19.14253480 -64.52283852 -37.54487074 -8.17547355 -156.67477711 -150.32678114
-9.09533719 -150.55041626 -145.57588514 -22.20510621 -73.63985880 -39.40312862 -20.59206502 -68.36976197 -39.78426336 -9.40016959 -153.17592725 -145.89763774
-10.37372812 -146.33619196 -140.70052907 -23.90629474 -76.30513943 -41.51936555 -22.03314806 -72.18508969 -41.80885438 -10.63109419 -149.54442317 -141.46681237
-11.68937324 -142.02113473 -135.72245746 -25.06555599 -78.85469469 -43.01622886 -23.45301924 -75.13033286 -43.25872084 -11.81831385 -145.79758076 -136.88639822
-12.87937073 -137.65759696 -130.70768276 -25.83297047 -81.36667300 -44.05640010 -24.19870989 -77.30901823 -44.44568914 -12.57160655 -141.93952823 -132.14526647
-13.65377088 -133.11999995 -125.34547671 -26.43926548 -83.12223308 -44.72456323 -24.80808131 -79.45229608 -45.24637441 -13.29009238 -138.11007647 -127.43671868
-14.43953028 -128.29382673 -119.01158355 -26.76120160 -84.25008045 -45.35710573 -25.14899419 -81.27581187 -46.01432427 -14.00135340 -134.37417140 -122.82081564
-15.23493373 -123.41564305 -112.39338207 -26.90089525 -85.32934359 -45.96392028 -25.24072175 -82.09816367 -46.74052324 -14.74459444 -130.49363423 -117.65331644
-15.94477687 -118.49790506 -105.63782433 -27.03022607 -86.36423869 -46.54213268 -25.27718841 -82.86723440 -47.42085108 -15.44912030 -126.54224932 -112.11379585
-16.58923184 -113.40707113 -98.87415726 -27.13878361 -87.34624794 -47.09232862 -25.29368761 -83.59430754 -48.07702118 -16.07606099 -122.32316947 -106.35790672
-17.17630207 -107.61438532 -92.06658809 -27.23176733 -88.28657304 -47.61594835 -25.30038288 -84.28390016 -48.71514976 -16.61799634 -117.50372625 -100.46484514
-17.58260261 -101.59944732 -85.20427861 -27.32012728 -88.93525365 -48.11106948 -25.30090745 -84.93796666 -49.31316550 -17.01435340 -112.49326117 -94.54090470
-17.98887211 -95.28612173 -78.27690096 -27.39808966 -89.46766698 -48.57398775 -25.30184738 -85.55585223 -49.68184909 -17.40874698 -107.37903520 -88.59009261
-18.39038542 -88.87434946 -71.36722549 -27.47920649 -89.95548771 -48.95356462 -25.30524132 -86.14031599 -49.97697242 -17.79413421 -101.98431253 -82.57076306
-18.79890388 -82.38015122 -64.39453158 -27.54796510 -90.28150415 -49.19483621 -25.30811546 -86.61744231 -50.04061157 -18.17728675 -96.55753489 -76.52414412
-19.20896431 -75.80203015 -57.36846144 -27.60787657 -90.34487416 -49.27374878 -25.30485544 -86.87262207 -50.02414979 -18.56018536 -91.09241509 -70.44871006
-19.59620395 -69.18063048 -50.33303978 -27.68365276 -90.34898701 -49.30526008 -25.29458103 -87.10245790 -49.99555158 -18.94125257 -85.59731062 -64.35609068
-19.97663501 -62.50262037 -43.26657510 -27.75530592 -90.32012883 -49.25588287 -25.27894871 -87.26140550 -49.95301234 -19.32044975 -80.06873992 -58.24675354
-20.34994667 -55.76205148 -36.15670905 -27.82466676 -90.25790972 -49.15028585 -25.26093108 -87.27957574 -49.89305943 -19.69798718 -74.50462449 -52.12397564
-20.71438518 -48.96317669 -29.01073909 -27.89164383 -90.16781155 -49.03437324 -25.23934538 -87.19737475 -49.81915047 -20.07305587 -68.90878946 -45.99409173
-20.91561786 -45.66040904 -28.61051731 -27.95262593 -90.05481028 -48.95268216 -25.30872080 -87.10909870 -49.87785690 -20.51293560 -62.76083184 -39.35566982
-20.99725320 -45.68356971 -28.74195295 -27.76325534 -89.92644991 -48.88450217 -25.63227606 -87.02025005 -49.94276905 -20.98129926 -55.13411803 -31.18763472
-21.03550432 -45.69100587 -28.73170101 -27.56065314 -89.81101233 -48.80886548 -25.81817290 -86.91092811 -49.86771029 -21.25362401 -50.20215628 -28.84690350
-21.07063087 -45.69343676 -28.73218113 -27.55582855 -89.68290831 -48.72847157 -25.79610863 -86.80067340 -49.83075972 -21.29301552 -50.30395233 -28.82099677
-21.09661208 -45.68127176 -28.72962223 -27.54354063 -89.54829120 -48.63833831 -25.76125205 -86.68624815 -49.76417861 -21.33179417 -50.36347242 -28.78842814
-21.11863901 -45.65527402 -28.72463766 -27.52384954 -89.40911414 -48.54516766 -25.72432038 -86.56755637 -49.68765620 -21.36937426 -50.37381809 -28.75202911
-21.13976943 -45.61681842 -28.71721178 -27.49726719 -89.26660864 -48.44966186 -25.68693249 -86.44488768 -49.60151541 -21.40592755 -50.28221467 -28.70921761
-21.15947094 -45.56683034 -28.70826187 -27.46625358 -89.11840831 -48.35050711 -25.64611719 -86.31817959 -49.50624651 -21.44123556 -50.16853648 -28.66308193
-21.17665251 -45.48480796 -28.69755998 -27.43212445 -88.96702470 -48.24933571 -25.60138237 -86.18885343 -49.40180732 -21.47667919 -50.04126376 -28.61392419
-21.19029906 -45.32542277 -28.68231758 -27.39687227 -88.81421006 -48.14444577 -25.55179087 -86.01439037 -49.28881140 -21.51259750 -49.90190448 -28.56175158
-21.20235173 -45.15667184 -28.66499384 -27.35680821 -88.66144128 -48.03838755 -25.50095784 -85.80208041 -49.16642974 -21.54735387 -49.71775321 -28.50480303
-21.21255385 -44.98398721 -28.64528555 -27.31340875 -88.50686351 -47.93088814 -25.44714302 -85.57056968 -49.03490629 -21.58217121 -49.51408460 -28.44439562
-21.22081542 -44.80462713 -28.62442307 -27.26638929 -88.35034575 -47.82262357 -25.39024275 -85.32849839 -48.89433095 -21.61723577 -49.30124403 -28.38063032
-21.22658593 -44.59437633 -28.60082594 -27.21649219 -88.19144800 -47.71310113 -25.33021295 -85.06111476 -48.74537122 -21.65262531 -49.08116940 -28.31355162
-21.23028017 -44.38328526 -28.57631725 -27.16311945 -88.03252197 -47.60304880 -25.26706107 -84.78235648 -48.58818030 -21.68799590 -48.85425682 -28.24315762
-21.23192402 -44.17193126 -28.55075960 -27.10614745 -87.87449819 -47.49249069 -25.20127584 -84.48252126 -48.42350912 -21.72338053 -48.62139656 -28.16939630
-21.23139032 -43.96093518 -28.52422400 -27.04602148 -87.71611431 -47.38164694 -25.13190687 -84.18113968 -48.25201323 -21.75854171 -48.38363712 -28.09229045
-21.22866425 -43.75085010 -28.49643957 -26.98273394 -87.55738704 -47.27088045 -25.05929578 -83.87866496 -48.07326927 -21.79344751 -48.14182639 -28.01185144
-21.22370084 -43.54216416 -28.46741315 -26.91637153 -87.39837626 -47.16047695 -24.98327131 -83.57557710 -47.88710686 -21.82798899 -47.89683736 -27.92816274
-21.21646155 -43.33506672 -28.43719800 -26.84730635 -87.23937057 -47.05027619 -24.90364621 -83.27222223 -47.69511052 -21.86193794 -47.64972592 -27.84124686
-21.20689913 -43.12976690 -28.40569083 -26.77598556 -87.08067885 -46.94035409 -24.82007766 -82.96886747 -47.49803697 -21.89442382 -47.40138437 -27.75123163
-21.19513440 -42.92647797 -28.37278451 -26.70175992 -86.92235511 -46.83070720 -24.73290192 -82.66574694 -47.29686524 -21.92623902 -47.15270072 -27.65812080
-21.18108400 -42.72540839 -28.33832078 -26.62543749 -86.76449104 -46.72137867 -24.64569822 -82.36319844 -47.09232681 -21.95736380 -46.90441211 -27.56203255
-21.16486134 -42.52625462 -28.30221759 -26.54883699 -86.58554758 -46.61289698 -24.55372728 -82.06356943 -46.88531635 -21.98770417 -46.65802917 -27.46322760
-21.14668730 -42.32913294 -28.26422230 -26.47189490 -86.36127224 -46.50585005 -24.45850352 -81.76854423 -46.67681094 -22.01718429 -46.41418978 -27.36159695
-21.12808408 -42.13655006 -28.22430557 -26.40342730 -85.95054723 -46.40817470 -24.36274987 -81.49599467 -46.46674184 -22.04615943 -46.17198574 -27.25625626
-21.12164951 -41.97489801 -28.15573441 -26.29474766 -85.59637365 -46.30360661 -24.33332696 -76.57449673 -46.26036886 -22.09748240 -45.89526315 -27.11959484
-21.09776801 -41.78639935 -28.11495509 -26.22461738 -85.13600586 -46.21117672 -24.23953337 -76.64263302 -46.05187609 -22.12313951 -45.66094649 -27.01100613
-21.08717332 -41.55572346 -28.05078450 -26.26193278 -78.10920949 -46.12733933 -24.08860341 -76.61222003 -45.84352156 -22.17005679 -45.47822974 -26.90266181
-21.07580140 -41.40722143 -27.97944870 -26.13460509 -79.32858625 -46.02142735 -24.10255050 -71.98477119 -45.62151893 -22.22245815 -45.20226597 -26.75255300
-21.04343239 -41.23083599 -27.92865397 -26.05349745 -79.30875080 -45.93195989 -24.01545694 -72.05693130 -45.41855098 -22.24174719 -44.97453864 -26.63909088
-21.01044174 -41.05525329 -27.86908664 -25.98432809 -79.07174760 -45.84183073 -23.92158982 -72.11950290 -45.21795177 -22.26055405 -44.75399442 -26.52490885
-20.97667878 -40.88363230 -27.79980908 -25.91426773 -78.73845071 -45.75126304 -23.82858342 -72.07927800 -45.01715188 -22.27829213 -44.53573657 -26.40809598
-20.94107510 -40.71287145 -27.71939116 -25.84651740 -78.33889586 -45.66135131 -23.73440337 -72.02168110 -44.81933212 -22.29444653 -44.32431684 -26.29125883
-20.92230722 -40.50834613 -27.59836915 -25.89666051 -72.72493335 -45.55131862 -23.59884204 -71.97097861 -44.61719450 -22.33814818 -44.14766107 -26.17029196
-20.87999821 -40.35223869 -27.47610309 -25.80533318 -73.32962569 -45.46970880 -23.51309187 -71.79005757 -44.42490803 -22.34547662 -43.93651899 -26.05228201
-20.83721315 -40.20074903 -27.18678800 -25.72703718 -73.32766783 -45.40028882 -23.41720163 -71.60452731 -44.23699606 -22.35045638 -43.73575591 -25.93520128
-20.78689105 -40.03402535 -26.45195085 -25.68408024 -73.28284056 -45.32448398 -23.28451095 -71.42632594 -44.06281707 -22.35152833 -43.57118903 -25.83437716
-20.73185694 -39.86537705 -25.05853813 -25.66599202 -73.23661872 -45.24779636 -23.12117198 -71.25180878 -43.90119869 -22.34493062 -43.42893781 -25.74288478
-20.68229671 -39.70922832 -24.84544985 -25.60248959 -73.19022303 -45.11937712 -23.01358483 -71.06739416 -43.73872923 -22.34494808 -43.24990075 -25.63194446
-20.63394376 -39.55684514 -24.89264322 -25.52390362 -73.13539081 -44.98691297 -22.92415635 -70.87943472 -43.57300555 -22.34623415 -43.06447354 -25.51513528
-20.58437955 -39.40021186 -24.83813063 -25.45424994 -72.95539552 -44.84486723 -22.83036149 -70.69014454 -43.40534467 -22.34723659 -42.88774065 -25.40057845
-20.53395814 -39.24330143 -24.61970023 -25.39043751 -72.74484238 -44.70461352 -22.73323828 -70.50001285 -43.23731416 -22.34737681 -42.71505596 -25.28621070
-20.54999109 -34.16223891 -24.30125733 -25.51787313 -72.68769006 -38.65220765 -22.43912232 -69.94221197 -43.14201872 -22.35704978 -42.66140836 -25.07578915
-20.49461325 -34.25316256 -24.08074396 -25.48062786 -72.49144972 -38.85916992 -22.33615416 -69.31154008 -43.12642364 -22.36710279 -42.52005953 -25.08348691
-20.45531301 -34.29025430 -23.91479277 -25.42671474 -72.34529266 -33.32652460 -22.22628818 -69.14709902 -43.16940132 -22.37358205 -42.33844994 -25.00211411
-20.48549107 -29.55822890 -23.64307248 -25.50211993 -72.14366515 -34.38926120 -22.00196912 -68.98682456 -43.02134790 -22.36662142 -42.23615819 -24.90966924
-20.44128906 -30.04598192 -23.47754281 -25.42218816 -71.94774671 -35.10047252 -21.93415591 -68.80059700 -42.88837344 -22.36266824 -42.02778405 -24.81733070
-20.40602605 -30.25117645 -23.32261656 -25.31243223 -71.77709541 -35.43285868 -21.92221041 -67.83242653 -42.74880463 -22.37248768 -40.67315793 -24.69620061
-20.36700660 -30.37283092 -23.15964860 -25.22478895 -71.37029452 -35.53010426 -21.87427022 -67.66349134 -42.59958660 -22.35545631 -39.76248221 -24.58368313
-20.35066801 -30.39461157 -23.04206058 -25.00759673 -70.98105434 -35.60538585 -21.95785036 -67.44592706 -42.40831075 -22.16945318 -35.47716404 -24.44392939
-20.31331984 -30.35274233 -22.90764855 -24.93390655 -70.79146101 -35.73276520 -21.90317759 -67.24884179 -42.27600558 -21.78305845 -35.82360335 -24.33443863
-20.27841872 -30.26799342 -22.76379174 -24.81684285 -70.60981082 -35.92483424 -21.88630438 -67.02385334 -34.84407453 -21.75831244 -35.83554047 -24.28525046
-20.23020898 -30.15507066 -22.60303483 -24.76207613 -70.20217750 -36.03542804 -21.81010359 -66.82119401 -34.98405819 -21.68612602 -35.78622222 -24.18574368
-20.17998361 -30.03582485 -22.44052432 -24.70488972 -70.01318296 -36.13829200 -21.73391764 -66.60139180 -35.03564850 -21.61691759 -35.73213056 -24.08945053
-20.13016952 -29.91125687 -22.28155395 -24.64602564 -69.82591356 -36.23779101 -21.66022625 -66.35022015 -35.12137651 -21.53655548 -35.67231121 -23.99157344
-20.08070115 -29.77946198 -22.12482626 -24.58773815 -69.63773824 -36.28709232 -21.58825306 -66.06669821 -35.35673914 -21.43525714 -35.60650506 -23.89162965
-20.03710833 -29.28225235 -21.96397756 -24.54583695 -69.44959008 -36.32103986 -21.50225699 -65.76191793 -35.66446894 -21.34185529 -35.53940564 -23.79632972
-19.99240582 -29.01533094 -21.81560651 -24.49860591 -69.04810788 -36.35020418 -21.42869173 -65.40966572 -35.93658273 -21.22186728 -35.46521786 -23.69383671
-19.94366048 -28.91215371 -21.66828841 -24.43565315 -68.86560250 -36.28860466 -21.36701202 -65.01958964 -35.89150294 -21.06618817 -35.37538158 -23.58630249
-19.90680724 -28.81879738 -21.53330801 -24.33524086 -68.71285572 -36.12779375 -21.34437612 -64.30277744 -29.27503438 -20.89240466 -35.25408025 -23.52241005
-19.88205441 -27.92508791 -21.38378570 -24.63341020 -68.56465438 -36.05702362 -17.81723865 -61.61914946 -29.62718845 -20.79005626 -35.13382167 -23.41817196
-19.83426694 -28.04088338 -21.25955787 -24.55372882 -68.38376416 -35.97617454 -17.38460491 -61.79538869 -29.85157524 -20.67867252 -35.00142296 -23.31429011
-19.76798991 -28.00190823 -21.09898994 -24.51943768 -68.19012637 -35.70413569 -18.20699598 -62.10354659 -30.00404704 -20.59429938 -34.90136631 -23.23841596
-19.70960238 -27.92750172 -20.95691252 -24.45518865 -67.99656482 -35.64098700 -18.31077589 -61.88229179 -30.11396298 -20.49781039 -34.77944874 -23.14216882
-19.64833878 -27.84930118 -20.81747408 -24.39694235 -67.80422932 -35.55442422 -18.29667937 -61.62526426 -30.23351148 -20.40582812 -34.66272340 -23.04148161
-19.61016824 -27.74818252 -20.66616279 -22.81104396 -67.60484218 -35.45216421 -18.29924742 -61.33829685 -30.47819308 -20.32604798 -34.54520377 -22.93871796
-19.55378233 -27.66360197 -20.53655341 -23.07360259 -67.42280946 -35.35492844 -18.25914255 -60.99729587 -30.53600027 -20.24113036 -34.41070993 -22.83221733
-19.45905737 -27.29900487 -13.74989519 -23.27622456 -67.20740259 -35.17558906 -18.01627954 -60.73194435 -30.50238647 -20.14325912 -34.28220264 -21.37749478
-19.40051103 -27.19583592 -14.21502741 -22.91270889 -67.04656818 -35.17887706 -18.05484880 -58.27360812 -30.63510172 -20.12721206 -34.17724162 -21.34027797
-19.34675868 -27.13389267 -14.44779373 -22.54600399 -66.87651549 -35.11426187 -17.69964715 -57.67361373 -30.71673800 -20.04459114 -33.32977760 -19.19437584
-19.29732778 -27.04806095 -14.74667671 -22.49776578 -66.69132890 -35.02610614 -17.73399811 -57.81054088 -30.79026012 -19.96683980 -32.83914674 -19.16861853
-19.23207804 -26.93624005 -15.03097758 -22.47753161 -66.48257848 -34.92829136 -17.80444569 -58.13589165 -30.60898713 -19.89941673 -32.68413147 -19.23549814
-19.17723345 -26.84031030 -15.17004617 -22.42332488 -66.28760907 -34.65049905 -17.85201538 -58.01682092 -30.67821110 -19.81757917 -32.46696905 -19.32617619
-19.11887076 -26.73411344 -15.30210449 -22.38555200 -66.08364146 -34.58478738 -17.80249840 -57.90150340 -30.73055869 -19.74187571 -32.23936688 -19.42476621
-19.07106576 -26.70704029 -15.32140218 -22.18181702 -65.91975621 -34.25071826 -17.88180063 -57.76631217 -30.78433056 -19.63059224 -31.55004000 -15.99112120
-19.04070452 -26.62224128 -15.45763547 -22.00054108 -65.73153597 -34.21953679 -17.86465542 -57.64692799 -30.81483460 -19.55694940 -30.92169371 -16.25135982
-18.99321066 -26.51165032 -15.50346937 -21.77860476 -65.52831524 -34.16933248 -17.80049933 -57.53207314 -30.79951595 -19.48658550 -30.71104717 -16.48774239
-18.94352199 -26.40428062 -15.60327946 -21.68409951 -65.32469106 -34.08288193 -17.66474229 -57.41653299 -30.77369761 -19.41358276 -30.54634421 -16.61805980
-18.89362061 -26.30621353 -15.54803097 -21.55981316 -65.11179891 -33.98014826 -17.56326963 -57.28110628 -30.74399697 -19.33354285 -30.34134944 -16.60770388
-18.83384692 -26.19198403 -15.45013142 -21.61997195 -64.88292486 -33.86601624 -17.50582822 -57.13480326 -30.48316995 -19.26529265 -30.18759728 -16.69114212
-18.77606042 -26.09068884 -15.36234891 -21.57437126 -64.65937169 -33.75853481 -17.45792594 -56.97202061 -30.45493914 -19.18862453 -30.02670793 -16.81335993
