0.00000000 0.00000000 0.00000000 0.00000000 0.00000000 0.00000000 0.00000000 0.00000000 0.00000000 0.00000000 0.00000000 0.00000000
2.05696072 2.69864513 2.05470176 -9.73315672 -9.72631835 -23.53644140 -23.30376419 -3.03933292 -15.02459494 -15.30844059 -7.25318520 -22.88959019
0.63187956 0.64078643 0.42029947 -27.18142974 -17.06991321 -40.73360838 -32.47124510 -9.45436342 -28.92546683 -25.30538955 -9.51967954 -38.71718582
-0.68931522 -1.47169529 -1.05746474 -43.78445997 -23.36684412 -56.38389683 -40.86193730 -15.77407481 -41.74676648 -34.71692673 -11.63739250 -53.66174905
-1.75931765 -3.64259484 -2.09136943 -59.28240065 -28.67743302 -70.84490013 -48.88297812 -21.68056282 -53.30159022 -43.69585876 -13.53594049 -67.73756213
-2.43985884 -5.50053832 -2.68023470 -73.29083913 -33.10855399 -84.27484364 -56.65262465 -26.94145264 -63.69029805 -52.40498831 -15.26784881 -80.91126813
-2.95788416 -7.26811600 -3.09312775 -85.82238666 -36.98389531 -96.79705512 -64.01193987 -31.56383857 -73.13072816 -60.69328976 -16.91998099 -93.16528273
-3.38385707 -8.89625674 -3.48518483 -97.09468517 -40.62338616 -108.42226172 -70.84757805 -35.77855147 -81.65245372 -68.53395650 -18.44287160 -104.43321888
-3.80591264 -10.42098058 -3.88313973 -107.17690622 -43.98521443 -119.15351030 -77.21479520 -39.36768942 -89.24565653 -75.93768595 -19.91767657 -114.67039537
-4.22271879 -11.91042460 -4.25213990 -115.98608143 -47.18758553 -128.91124322 -83.11714785 -42.90595922 -95.92082859 -82.90834252 -21.33034266 -123.80252139
-4.62804713 -13.35871309 -4.61431956 -123.49581077 -50.39610615 -137.65571775 -88.55513315 -46.29334845 -101.67326835 -89.40929333 -22.72907430 -131.80779538
-5.05819823 -14.72984157 -5.01120106 -129.62666403 -53.64431798 -145.33935890 -93.41742137 -49.56595496 -106.42677367 -95.31020112 -24.16477935 -138.58495192
-5.53759116 -16.10738664 -5.46805388 -134.37460832 -56.95825409 -151.88830841 -97.33962920 -52.80310528 -110.17257728 -100.55900532 -25.63428020 -144.06359572
-6.10579168 -17.51654637 -6.01684962 -137.24639477 -60.38763134 -157.19702091 -99.78924529 -56.18177791 -112.81126833 -104.76616510 -27.14741114 -148.11004796
-6.78924590 -18.97409742 -6.71613320 -137.98504902 -64.06542666 -161.21951733 -100.96935745 -59.86596577 -111.61399635 -108.14850330 -28.67509728 -150.52721458
-7.73333494 -20.63854006 -7.71336687 -132.89063341 -68.01625096 -160.41009603 -102.18240397 -63.54231856 -110.35626804 -111.78759786 -30.33080722 -147.29273239
-8.75001570 -22.30554792 -8.83401745 -127.23963477 -71.05013752 -157.53001632 -102.80620270 -67.22111331 -109.07757525 -115.10978743 -32.05482683 -142.80208426
-9.87344523 -24.07856354 -10.03805569 -121.00410005 -73.40810551 -153.80495101 -101.15787420 -71.10953219 -107.32651104 -115.47780115 -33.88098233 -138.08580272
-11.04837473 -25.81714387 -10.88410502 -114.55294168 -75.81116677 -149.13630834 -98.79836075 -74.56048273 -104.45671124 -114.59601492 -35.75489169 -133.21085177
-12.15370370 -27.47449661 -11.57192370 -107.86414505 -78.22649872 -144.38317926 -96.25775672 -76.79014698 -101.51101310 -113.37111560 -37.63483132 -128.25805345
-12.87192222 -29.11793529 -12.28189152 -101.03609427 -80.25434762 -139.40968865 -93.59976920 -78.96204054 -98.49240349 -111.85313912 -39.51962989 -123.25888886
-13.49874910 -30.76082737 -13.00561058 -94.15316973 -81.38858394 -134.12729746 -90.79329346 -81.07761776 -95.43520682 -109.68525431 -41.41060412 -118.16929005
-14.13291803 -32.40346569 -13.73464742 -87.19904323 -82.49625332 -128.35265650 -87.88215242 -83.16224739 -92.09496097 -107.35754730 -43.30972184 -112.63382019
-14.78091365 -34.05186072 -14.48306712 -80.14504791 -83.58310588 -122.48308786 -84.84239817 -84.49798264 -88.30269216 -104.80621258 -45.20235620 -106.85645222
-15.44066939 -35.70351622 -15.18576097 -73.00221664 -84.63357883 -116.54262335 -81.68752678 -85.18577111 -84.20037581 -102.01007653 -47.08014170 -101.01449105
-16.10025017 -37.35284511 -15.83577868 -65.86553742 -85.49517095 -110.51809652 -78.46742747 -85.82389735 -80.02303733 -99.06655107 -48.60725600 -95.02487370
-16.69302871 -38.98547587 -16.49970881 -58.69812332 -86.12318153 -104.37001373 -75.19217846 -86.42559555 -75.74417463 -95.83501670 -49.36247116 -88.78713436
-17.18861273 -39.91643378 -16.93788965 -52.88345050 -86.63410322 -97.96492122 -75.05407607 -86.97815833 -71.27275684 -95.54633688 -50.03430888 -82.13467774
-17.66556559 -40.41598884 -17.35586983 -47.03778314 -87.04401610 -91.54142534 -74.89525741 -87.49867375 -66.78437549 -95.21739608 -50.70466651 -75.35817566
-17.98295445 -40.92405321 -17.77360127 -41.11739617 -87.34155354 -85.12909561 -74.70404699 -87.93134839 -62.28657858 -94.84185832 -51.20120447 -68.55198034
-18.27425129 -41.43045425 -18.19649746 -35.16278290 -87.42639838 -78.63541482 -74.49371773 -88.13880229 -57.73313760 -94.42956928 -51.18094521 -61.65795974
-18.52757057 -41.94383224 -18.60786837 -29.12279607 -87.42075699 -72.19348258 -74.27320988 -88.31508001 -53.21225445 -94.00078306 -51.15199452 -54.82521833
-18.76207311 -42.45170623 -19.01316681 -23.05646772 -87.36581045 -65.75402887 -74.04863311 -88.46721949 -48.68751362 -93.56529833 -51.11132013 -47.99817674
-18.99362379 -42.94046602 -19.37931561 -16.97469531 -87.26747806 -59.25783954 -73.83578914 -88.59840454 -48.24196993 -93.15073601 -51.07895891 -41.40088410
-19.22246970 -43.41511961 -19.73589864 -10.88440355 -87.16102725 -52.73851839 -73.62737535 -88.61001862 -48.52489485 -92.74279445 -51.03227296 -34.83077754
-19.44961100 -43.87660550 -20.03644798 -4.78552234 -87.04624907 -47.50670852 -73.42763259 -88.53834301 -48.77845272 -92.35041766 -50.97818854 -28.68773503
-19.69071631 -44.23401145 -20.10839487 1.34001885 -86.91524455 -47.48872137 -73.25486844 -88.40374756 -48.79412711 -92.01599588 -50.96523317 -28.66957103
-19.70651544 -44.36187326 -20.15474140 1.78393154 -86.77458877 -47.46070738 -73.08112204 -88.27116127 -48.80525711 -91.70541271 -50.91550300 -28.63768279
-19.70614958 -44.33372932 -20.20124729 1.86643548 -86.62967238 -47.42800827 -72.91130942 -88.13205017 -48.80876463 -91.39909574 -50.84915152 -28.60097786
-19.71268318 -44.29814729 -20.24715448 2.02975763 -86.48229266 -47.39185458 -72.57979757 -88.01039687 -48.80204337 -90.86159952 -50.76287916 -28.55567668
-19.71048648 -44.24893427 -20.29099045 2.10912527 -86.32932990 -47.35316762 -72.42592307 -87.85900491 -48.79102790 -90.57596805 -50.66703988 -28.51194511
-18.68055697 -38.01514532 -13.54678815 60.65602312 -78.81394702 -37.31401571 -62.84701581 -81.71361906 -38.39701774 -26.68924584 -46.93063833 -25.79301526
-19.26034836 -39.05078603 -14.08257982 60.65601378 -81.52838687 -39.17597786 -62.84701528 -83.82794414 -40.24279453 -27.04764564 -48.32474003 -26.56639807
-19.77811239 -39.98815966 -14.52625319 60.65601378 -83.96597662 -41.14180087 -62.84701528 -85.60723051 -42.24135644 -27.30953370 -49.48263595 -27.38011179
-20.28032170 -40.78203070 -14.85273907 60.65601378 -85.93940391 -42.91508085 -62.84701528 -87.07546199 -44.27812164 -27.22847789 -50.27086854 -28.19971632
-20.79633910 -41.47875682 -14.80621690 60.65601378 -87.90246268 -43.77242971 -62.84701528 -88.40009831 -45.53337627 -27.15998771 -50.71874002 -28.97663134
-21.33657542 -41.98740974 -14.79258096 60.65601378 -89.47345194 -43.77752613 -62.84701528 -89.59910357 -45.62314989 -27.09664407 -50.76401979 -29.57547637
-21.89518844 -42.33781544 -14.79807643 60.65601378 -90.23888964 -43.78098691 -62.84701528 -90.47095331 -45.64671821 -27.04008268 -50.68991548 -30.08319886
-22.46224746 -42.69296603 -14.82135582 60.65601378 -90.70450806 -43.78635640 -62.84701528 -90.95940389 -45.65450850 -26.98431356 -50.58139358 -30.34918681
-23.03142118 -42.98158602 -14.84626821 60.65601378 -91.08827315 -43.78341335 -62.84701529 -91.12428601 -45.69002299 -26.93183204 -50.45088392 -30.44061311
-23.60366612 -43.19694090 -14.88056136 60.65601378 -91.43096952 -43.77350561 -62.84701528 -91.26717627 -45.71554995 -26.87896011 -50.30434490 -30.38225086
-24.19266125 -43.28575796 -14.92393839 60.65601378 -91.46792491 -43.75939714 -62.84701528 -91.37721407 -45.71251943 -26.82429387 -50.14788334 -30.31342772
-24.71757516 -43.26615325 -14.96087046 60.65601378 -91.30506107 -43.73829867 -62.84701528 -91.46850842 -45.68475463 -26.77033486 -49.98197692 -30.23538639
-25.16891074 -43.22721444 -15.03274551 60.65601378 -91.28371562 -43.71585282 -62.84701528 -81.28977305 -45.71960328 -26.71886550 -49.81050421 -30.11017374
-25.56360196 -43.18420986 -15.06434779 60.65601378 -91.10910976 -43.67373140 -62.84701528 -81.71333131 -45.68376165 -26.65834651 -49.62540763 -30.02233619
-25.74190746 -43.12085772 -15.10730779 60.65601378 -90.90691292 -43.62580370 -62.84701528 -82.30899027 -45.64870244 -26.59741292 -49.43560746 -29.93018593
-25.92182111 -43.05240558 -15.16141257 60.65601378 -90.70150616 -43.57262644 -62.84701528 -81.79602573 -45.60491648 -26.53490034 -49.23520431 -29.82789199
-26.09938375 -42.97869619 -15.21132710 60.65601378 -90.46460183 -43.52365045 -62.84701528 -81.07140896 -45.55822737 -26.46993256 -49.02973788 -29.72129286
-26.27296092 -42.91275575 -15.24484495 60.65601378 -90.22326386 -43.47769311 -62.84701528 -80.29200344 -45.50810809 -26.40271122 -48.82271669 -29.61131496
-26.44360160 -42.81696761 -15.30225685 60.65601378 -89.88686916 -43.42694904 -62.84701528 -79.99148500 -45.44438177 -26.33146848 -48.61386856 -29.50149616
-26.61316188 -42.71175677 -15.36344533 60.65601378 -89.56066043 -43.38015697 -62.84701528 -79.18107975 -45.37747833 -26.25791912 -48.40245024 -29.38495767
-26.77879792 -42.59916421 -15.42633812 60.65601378 -89.23294872 -43.33302591 -62.84701528 -78.38000870 -45.29949334 -26.18121100 -48.18850171 -29.26541397
-26.94063005 -42.48902678 -15.48897377 60.65601378 -88.92400779 -43.28292266 -62.84701528 -76.71950069 -45.20630861 -26.09821327 -47.96141468 -29.13958447
-27.10706085 -42.37124511 -15.59321666 60.65601378 -84.11435415 -43.26762845 -62.84701528 -75.91713849 -45.10933598 -26.02022804 -47.73139785 -28.98469695
-27.26287767 -42.25877818 -15.66822692 60.65601378 -83.28499683 -43.21207492 -62.84701528 -75.08853254 -45.00835137 -25.93671631 -47.50821320 -28.84911380
-27.41388307 -42.13888754 -15.72826814 60.65601378 -82.89391992 -43.15851193 -62.84701528 -74.81558484 -44.89515016 -25.84430832 -47.28909130 -28.72377270
-27.52190622 -42.01132320 -15.79153943 60.65601378 -82.47465058 -43.10586934 -62.84701528 -74.07693549 -44.77954762 -25.75002289 -47.07456209 -28.59522778
-27.44028483 -41.87243000 -15.87083733 60.65601378 -81.90361493 -43.06299053 -62.84701528 -73.14692679 -44.66919498 -25.65438544 -46.85827016 -28.45893015
-27.31293274 -41.73301577 -15.93781441 60.65601379 -81.62132546 -43.01398640 -62.84701529 -72.85923754 -44.54325781 -25.55309120 -46.64199727 -28.32976630
-27.18387325 -41.59329417 -16.01116271 60.65601378 -80.95991398 -42.97123510 -62.84701528 -72.55346373 -44.40916873 -25.44970485 -46.42470224 -28.19481788
-27.05304404 -41.45101686 -16.08454550 60.65601378 -80.30764999 -42.92786816 -62.84701528 -72.23565498 -44.27084743 -25.34355730 -46.20932899 -28.05915355
-26.91941644 -41.30597155 -16.14961514 60.65601378 -79.63874992 -42.88564410 -62.84701528 -71.90986992 -44.13176878 -25.23483835 -45.99625459 -27.92232543
-26.77664412 -41.15948192 -16.21186881 60.65601378 -79.00414881 -42.84007053 -62.84701528 -71.58470777 -43.99037733 -25.12362975 -45.78519505 -27.78508387
-26.63245651 -41.01160385 -16.27329755 60.65601378 -78.36282548 -42.79621016 -62.84701528 -71.25695518 -43.84533447 -25.01046740 -45.57635907 -27.64707770
-26.48735627 -40.86287411 -16.33389753 60.65601378 -77.74359090 -42.75059175 -62.84701528 -70.91458792 -43.69871438 -24.89551593 -45.36982816 -27.50873227
-26.34306608 -40.71430312 -16.38783294 60.65601378 -77.49485882 -42.69408598 -62.84701529 -70.57040448 -43.55138757 -24.77843733 -45.16697211 -27.37378712
-25.93974471 -40.56410590 -16.43039467 60.65601378 -77.24696586 -42.63573772 -62.84701528 -70.22225196 -43.40210018 -24.65909416 -44.96513111 -27.23729897
-25.79862923 -40.41407049 -16.47443038 60.65601378 -76.99617753 -42.57836676 -62.84701529 -69.87065691 -43.25183581 -24.53897733 -44.76789644 -27.10208323
-25.65533865 -40.26376387 -16.52474268 60.65601378 -76.33142748 -42.53224976 -62.84701528 -69.50935326 -43.10097297 -24.41855793 -44.57231745 -26.96279174
-21.80795703 -40.15960643 -16.54512314 60.65601378 -76.10622233 -42.45422426 -62.84701528 -69.12091110 -42.93367386 -24.29754269 -44.35826785 -26.79326427
-21.85608031 -40.03169510 -16.56552283 60.65601378 -75.47113679 -42.38487386 -62.84701528 -68.36231460 -42.77692259 -24.17175615 -44.16437808 -26.65859365
-21.79897618 -39.89044417 -16.59029251 60.65601378 -75.24073595 -42.32366284 -62.84701528 -68.00367499 -42.62609853 -24.04960664 -43.97934614 -26.52410880
-21.21278930 -39.75154671 -16.61509128 60.65601378 -74.99501848 -42.26131020 -62.84701528 -67.05182791 -42.48450839 -23.92791234 -43.79619706 -26.38300153
-21.19147094 -39.61055564 -16.64038238 60.65601378 -74.71348540 -42.20122353 -62.84701528 -66.68269867 -42.33526600 -23.80559930 -43.61633496 -26.24942602
-21.18264298 -39.19696537 -16.68245432 60.65601378 -74.42901145 -42.14093362 -62.84701528 -66.33236277 -42.18662525 -23.68335316 -43.43747548 -26.11387832
-21.21510138 -39.06061553 -16.70917697 60.65601378 -74.14334991 -42.07899762 -62.84701528 -65.98014610 -42.04034022 -23.56878814 -43.05063372 -25.98609544
-20.89863576 -38.93064842 -16.73400384 60.65601378 -73.82805961 -42.01655121 -62.84701528 -65.62290107 -41.89316228 -23.44707672 -42.88170996 -25.85071622
-20.95349039 -38.79532923 -16.76048405 60.65601378 -73.48137243 -41.95628786 -62.84701528 -65.26478690 -41.74884098 -23.32532818 -42.71631996 -25.71846462
-21.00582208 -38.65880539 -16.78700913 60.65601379 -73.18545753 -41.89672301 -62.84701529 -64.90603876 -41.60730062 -23.20420733 -42.55399943 -25.58764104
-21.05432544 -38.52273171 -16.81384475 60.65601378 -72.88981794 -41.83791882 -62.84701528 -64.54792864 -41.46765465 -23.08377744 -42.39399266 -25.45744101
-21.09620250 -38.12674018 -16.84897790 60.65601378 -72.58091663 -41.78028079 -62.84701528 -64.18430871 -41.32788039 -22.96539315 -42.23540462 -25.32488210
