0.00000000
154.17004158
280.35485157
385.81920089
474.93265185
549.86440944
611.25042809
659.43873833
694.65164230
714.79254835
708.88080712
700.04946468
690.60002689
679.06712120
664.55962494
648.17751196
630.53141375
612.14833816
593.24919724
573.82400870
553.88064098
533.54675716
512.68955127
491.54832831
470.01355999
448.18163610
426.03156055
403.76752307
381.37508185
358.85249245
341.94185006
329.72776623
317.08362068
310.45544494
310.40995919
310.21294011
309.93608436
309.62632694
309.28950646
308.87175854
308.39261730
307.87583549
307.30728670
306.69283661
306.00898558
305.26736534
304.46941605
303.61956122
302.72450983
301.77354205
300.72411984
299.55364574
298.37014707
297.20189832
295.97913408
294.64112858
293.04419528
291.25408984
289.42092701
287.65099921
286.15493858
