0.00000000 0.00000000 0.00000000 0.00000000 0.00000000 0.00000000 0.00000000 0.00000000 0.00000000 0.00000000 0.00000000 0.00000000
2.32195092 -32.06692646 -37.39219327 2.53718797 -4.98729550 -7.35650494 2.40195618 -5.04158288 -7.68646850 2.27652939 -31.38366139 -37.79303310
0.45088895 -58.87292612 -62.59238472 -0.76001136 -9.36388734 -8.95271299 -0.96914322 -9.44172026 -9.34052849 0.44308099 -58.02541549 -62.93009152
-0.71063604 -81.52100760 -84.44976923 -3.31057806 -12.52520317 -10.40589465 -3.52465594 -12.55741500 -10.84489110 -0.68536393 -80.57828615 -84.70550001
-1.77723841 -100.74183757 -103.09206736 -5.32421030 -14.89086965 -11.79214668 -5.55237753 -14.87082361 -12.25708100 -1.71441689 -99.67351038 -103.24607246
-2.83943600 -116.74970354 -118.53934482 -7.04747700 -16.89288150 -13.10949058 -7.27085109 -16.82116892 -13.60831301 -2.74920924 -115.59645885 -118.64007488
-3.84605687 -129.63387961 -130.82389559 -8.53526254 -18.70599275 -14.39291952 -8.75985854 -18.58113311 -14.94585097 -3.74105512 -128.40370484 -130.88081861
-4.80577834 -139.37450722 -139.91442498 -9.87571705 -20.40556572 -15.65695245 -10.11940794 -20.24037279 -16.27665476 -4.69997951 -138.10959690 -139.95978066
-5.77947031 -146.01994782 -145.84467587 -11.14087187 -21.99886967 -16.90572537 -11.40914113 -21.79844172 -17.59759144 -5.70618221 -144.65678024 -145.79394464
-6.72447860 -149.52946887 -148.62418975 -12.32956536 -23.45050112 -18.05789141 -12.66951753 -23.27620194 -18.88086525 -6.85997064 -147.48547186 -146.90442602
-7.77072022 -147.35920023 -145.15913935 -13.47462988 -24.86721037 -19.16622021 -13.89992895 -24.72008609 -20.13052286 -8.16749865 -142.65417202 -141.51147831
-8.92362439 -143.36797779 -140.46172011 -14.65687753 -26.27219819 -20.30927147 -15.11498366 -26.11732515 -21.26617455 -9.41284543 -137.94084143 -136.20562499
-10.07935455 -139.33268662 -135.76412999 -15.82429695 -27.65297701 -21.26243971 -16.32355428 -27.48627171 -22.23673653 -10.58617060 -133.20159243 -130.84981652
-11.16300828 -135.27804269 -130.87529432 -16.98298317 -29.00471206 -21.97114861 -17.53359443 -28.83079069 -22.77442656 -11.50252771 -128.39731358 -124.75327909
-11.86123780 -131.02703152 -125.48087593 -18.05054782 -30.33197171 -22.13488915 -18.50261668 -30.14571826 -22.87957993 -12.11806191 -123.52912676 -118.49796749
-12.39498501 -126.73888533 -120.04287480 -18.72113556 -31.46866973 -22.20672505 -18.97071164 -31.28219883 -22.94375160 -12.73672312 -118.45443544 -112.21641586
-12.93456394 -122.27140424 -114.59266933 -19.17854809 -32.23781236 -22.24494851 -19.43017703 -32.05448042 -22.99612480 -13.35268806 -113.30175853 -105.93623844
-13.46969140 -117.76506374 -109.15422358 -19.63305772 -32.77691463 -22.27017946 -19.88789538 -32.59550189 -23.04338562 -13.96972309 -107.94597231 -99.63672935
-14.00410807 -113.20999958 -103.71432717 -20.08545691 -33.13035034 -22.28932509 -20.34410213 -32.94572554 -23.08539774 -14.58206212 -102.52420027 -93.33414228
-14.53208165 -108.54178323 -98.29288846 -20.45524778 -33.45352088 -22.30020271 -20.70913729 -33.27271522 -23.12586495 -15.11496595 -97.01432045 -87.01128015
-15.05260824 -103.87688890 -92.89099947 -20.73906974 -33.75312654 -22.30463396 -20.90262441 -33.57135755 -23.16111373 -15.61208262 -91.35541774 -80.66071809
-15.53819093 -99.17329743 -87.50032797 -21.00967309 -34.02711194 -22.30543054 -20.93735773 -33.83978155 -23.19436374 -16.10074001 -85.62993044 -74.29055177
-15.95552875 -94.36614614 -82.10770728 -21.06469647 -34.27092901 -22.30368420 -20.97369255 -34.08215973 -23.22592979 -16.58331361 -79.84408076 -67.91168297
-16.36559448 -89.48044030 -76.72076226 -21.11419746 -34.48897865 -22.29973499 -21.00919873 -34.29526194 -23.25441061 -17.05324858 -73.94325330 -61.52324701
-16.76637421 -84.59347575 -71.35246746 -21.15898727 -34.66873907 -22.29157880 -21.03545797 -34.46294270 -23.27721856 -17.34136547 -67.96111045 -55.10384227
-17.09294958 -79.65724383 -65.98472894 -21.19624793 -34.80703623 -22.28299234 -21.06021876 -34.58332162 -23.29856860 -17.62482562 -61.91024347 -48.68325917
-17.30577071 -74.64703953 -60.61469930 -21.23139804 -34.91033965 -22.27493156 -21.08395993 -34.65583730 -23.31763714 -17.89601303 -55.82646053 -42.26747384
-17.51555860 -69.61272173 -55.24190252 -21.26471965 -34.99982335 -22.26512385 -21.10554704 -34.70145622 -23.33371737 -18.16200968 -49.72062837 -35.84431469
-17.71879428 -64.55968933 -49.86999478 -21.29551650 -35.07665496 -22.25291691 -21.12486017 -34.73158647 -23.34756340 -18.42364500 -43.55952455 -29.41433551
-17.91814924 -59.48548191 -44.49822996 -21.32460414 -35.14083277 -22.23858343 -21.14093927 -34.74615278 -23.35917781 -18.68073360 -37.34096837 -22.97863916
-18.22997517 -53.71156206 -38.45427362 -21.37433090 -35.19465431 -22.30848093 -21.23536795 -34.73780005 -23.37608649 -18.86491998 -33.02390533 -21.43049328
-18.64814379 -47.22184404 -31.78549212 -21.41622777 -35.21861827 -22.45000068 -21.40548778 -34.69438914 -23.39685111 -18.89370825 -33.01482224 -21.58218104
-19.06994718 -40.53519172 -24.93116545 -21.45241411 -35.21537997 -22.62442864 -21.57407822 -34.64893354 -23.41917474 -18.92142941 -33.00290711 -21.68857058
-19.38801919 -36.16346909 -22.32445100 -21.49260297 -35.16790977 -22.67172529 -21.59175108 -34.60068008 -23.44667868 -18.94345481 -32.98459557 -21.68010740
-19.41556386 -36.14749668 -22.34063904 -21.51202416 -35.12040250 -22.67014813 -21.61569170 -34.51292553 -23.46547941 -18.97174643 -32.93756746 -21.70027428
-19.44166632 -36.12496084 -22.35194531 -21.52897262 -35.04988834 -22.65864959 -21.63530955 -34.40040669 -23.47184693 -18.99815181 -32.83689111 -21.71425100
-19.46660781 -36.09743646 -22.36207148 -21.54431827 -34.95277060 -22.64309178 -21.65399966 -34.26468820 -23.47298954 -19.02355744 -32.73136780 -21.72318533
-19.49084609 -36.06425305 -22.37068828 -21.55805056 -34.85226670 -22.62378048 -21.67129810 -34.12660250 -23.47137074 -19.04822380 -32.62011085 -21.72883579
-19.51389710 -36.02616641 -22.37780788 -21.57054905 -34.75002232 -22.60057935 -21.68785901 -33.98623949 -23.46692657 -19.07207766 -32.50548721 -21.73189441
-19.53332364 -35.98530110 -22.38330375 -21.58198385 -34.61628534 -22.57262016 -21.70331392 -33.82113475 -23.45862198 -19.09468630 -32.38743588 -21.73374787
-19.55195640 -35.94219838 -22.38731052 -21.59230488 -34.47347122 -22.53981997 -21.71812206 -33.64307442 -23.44837314 -19.11518440 -32.24707895 -21.73372294
-19.56975438 -35.89364252 -22.39003558 -21.60100357 -34.32959637 -22.50254679 -21.73115853 -33.46293632 -23.43411057 -19.13241803 -32.09693646 -21.73169638
-19.58696416 -35.82781868 -22.39156967 -21.60864172 -34.17535645 -22.45622472 -21.74271471 -33.28086973 -23.41769578 -19.14891545 -31.94230359 -21.72821205
-19.60301849 -35.75925606 -22.39107022 -21.61542929 -34.01297426 -22.39491385 -21.75257282 -33.09591692 -23.39850223 -19.16448950 -31.78181649 -21.72287651
-19.61763674 -35.68826576 -22.38908967 -21.62091581 -33.84893565 -22.32276098 -21.76107387 -32.90782963 -23.37390675 -19.17887526 -31.58493259 -21.71476286
-19.63096289 -35.61533824 -22.38547061 -21.62469984 -33.68353112 -22.24695663 -21.76880881 -32.71224502 -23.34402382 -19.19127555 -31.35902285 -21.70502996
-19.64328457 -35.53865376 -22.38050626 -21.62693904 -33.51626496 -22.16876757 -21.77616569 -32.50052661 -23.30594380 -19.20232918 -31.11704269 -21.69299193
-19.65470955 -35.45867976 -22.37431241 -21.62628827 -33.34666493 -22.09079753 -21.78265008 -32.28522823 -23.26252177 -19.21152155 -30.84914992 -21.67703723
-19.66320302 -35.37402825 -22.36572762 -21.62415022 -33.17464953 -22.01286917 -21.78802620 -32.06620561 -23.21238388 -19.21939875 -30.56501762 -21.65884996
-19.66848726 -35.28380080 -22.35532694 -21.62204428 -32.98722803 -21.93484138 -21.79217740 -31.84314991 -23.15510281 -19.22527569 -30.27239395 -21.63371361
-19.67301176 -35.17199680 -22.34235393 -21.61667413 -32.79514264 -21.85695057 -21.79516210 -31.61410442 -23.09090353 -19.22927144 -29.94847954 -21.59006896
-19.67643900 -35.05003232 -22.32704396 -21.60984900 -32.59821793 -21.77922136 -21.79597430 -31.37407717 -23.01975896 -19.23249682 -29.56735741 -21.52317751
-19.68040643 -34.92293917 -22.30883671 -21.60110935 -32.37239476 -21.70175606 -21.79527719 -31.10337527 -22.94410776 -19.23357834 -29.24540659 -21.46095944
-19.68637625 -34.78854513 -22.28987161 -21.59047946 -32.12484064 -21.62410170 -21.79183434 -30.79564664 -22.86364344 -19.23221443 -29.01500751 -21.39933717
-19.69124888 -34.63289994 -22.26985343 -21.57614420 -31.85842312 -21.54631881 -21.78487208 -30.44044445 -22.77495171 -19.22738815 -28.84301087 -21.33357843
-19.69451978 -34.44579374 -22.24886318 -21.55881658 -31.55351809 -21.46835304 -21.77368906 -30.03376204 -22.68444229 -19.22034629 -28.69340844 -21.26561605
-19.69546247 -34.24471199 -22.22641121 -21.53969233 -31.11899030 -21.39039037 -21.75788613 -29.52363356 -22.59104338 -19.21056457 -28.55073800 -21.19467098
-19.69349067 -34.03429205 -22.20187620 -21.51592868 -30.61697389 -21.31208291 -21.73555662 -28.91733622 -22.49296969 -19.19811599 -28.41903429 -21.11643262
-19.68915935 -33.80668353 -22.17706026 -21.48735474 -30.10450774 -21.23310888 -21.70015157 -28.30202861 -22.39603580 -19.18271573 -28.30077652 -21.04134428
-19.68237257 -33.55809995 -22.14866740 -21.45336259 -29.56261931 -21.15418809 -21.64190301 -27.83139230 -22.29343579 -19.16459141 -28.19033583 -20.97003097
-19.67605118 -33.27313097 -22.11897332 -21.41272073 -29.12769350 -21.07502866 -21.56855957 -27.58273325 -22.18999476 -19.14294711 -28.08695533 -20.90015020
