WARNING - ForceBeamColumn3d::update - failed to get compatible element forces & deformations for element: 1211(dW: << 0.000326029, dW0: 0.00579168)
Domain::update - domain failed in update
TRBDF2::update() - failed to update the domain
WARNING NewtonRaphson::solveCurrentStep() -the Integrator failed in update()
DirectIntegrationAnalysis::analyze() - the Algorithm failed at time 9.46
OpenSees > analyze failed, returned: -3 error flag
WARNING - ForceBeamColumn3d::update - failed to get compatible element forces & deformations for element: 1211(dW: << 0.000326023, dW0: 0.00575351)
Domain::update - domain failed in update
TRBDF2::update() - failed to update the domain
WARNING AcceleratedNewton::solveCurrentStep() -the Integrator failed in update()
DirectIntegrationAnalysis::analyze() - the Algorithm failed at time 9.46
OpenSees > analyze failed, returned: -3 error flag
WARNING - ForceBeamColumn3d::update - failed to get compatible element forces & deformations for element: 1211(dW: << 0.000326023, dW0: 0.00576046)
Domain::update - domain failed in update
TRBDF2::update() - failed to update the domain
WARNING NewtonLineSearch::solveCurrentStep() -the Integrator failed in update()
DirectIntegrationAnalysis::analyze() - the Algorithm failed at time 9.46
OpenSees > analyze failed, returned: -3 error flag
WARNING: CTestNormDispIncr::test() - failed to converge 
after: 10 iterations  current Norm: 2.15379e-05 (max: 1e-06, Norm deltaR: 7.31249)
WARNING: CTestNormDispIncr::test() - failed to converge 
after: 10 iterations  current Norm: 0.000651113 (max: 1e-06, Norm deltaR: 0.816071)
WARNING: CTestNormDispIncr::test() - failed to converge 
after: 10 iterations  current Norm: 2.03538e-05 (max: 1e-06, Norm deltaR: 1.73845)
WARNING: CTestNormDispIncr::test() - failed to converge 
after: 10 iterations  current Norm: 0.000651073 (max: 1e-06, Norm deltaR: 0.815998)
WARNING: CTestNormDispIncr::test() - failed to converge 
after: 10 iterations  current Norm: 2.03536e-05 (max: 1e-06, Norm deltaR: 1.73845)
WARNING: CTestNormDispIncr::test() - failed to converge 
after: 10 iterations  current Norm: 0.000651073 (max: 1e-06, Norm deltaR: 0.815998)
WARNING: CTestNormDispIncr::test() - failed to converge 
after: 10 iterations  current Norm: 2.03536e-05 (max: 1e-06, Norm deltaR: 1.73845)
WARNING: CTestNormDispIncr::test() - failed to converge 
after: 10 iterations  current Norm: 0.000651073 (max: 1e-06, Norm deltaR: 0.815998)
WARNING: CTestNormDispIncr::test() - failed to converge 
after: 10 iterations  current Norm: 2.03536e-05 (max: 1e-06, Norm deltaR: 1.73845)
WARNING: CTestNormDispIncr::test() - failed to converge 
after: 10 iterations  current Norm: 0.000651073 (max: 1e-06, Norm deltaR: 0.815998)
WARNING: CTestNormDispIncr::test() - failed to converge 
after: 10 iterations  current Norm: 2.03536e-05 (max: 1e-06, Norm deltaR: 1.73845)
WARNING: CTestNormDispIncr::test() - failed to converge 
after: 10 iterations  current Norm: 0.000651073 (max: 1e-06, Norm deltaR: 0.815998)
WARNING: CTestNormDispIncr::test() - failed to converge 
after: 10 iterations  current Norm: 2.03536e-05 (max: 1e-06, Norm deltaR: 1.73845)
WARNING: CTestNormDispIncr::test() - failed to converge 
after: 10 iterations  current Norm: 0.000651073 (max: 1e-06, Norm deltaR: 0.815998)
WARNING: CTestNormDispIncr::test() - failed to converge 
after: 10 iterations  current Norm: 2.03536e-05 (max: 1e-06, Norm deltaR: 1.73845)
WARNING: CTestNormDispIncr::test() - failed to converge 
after: 10 iterations  current Norm: 0.000651073 (max: 1e-06, Norm deltaR: 0.815998)
WARNING: CTestNormDispIncr::test() - failed to converge 
after: 10 iterations  current Norm: 2.03536e-05 (max: 1e-06, Norm deltaR: 1.73845)
WARNING: CTestNormDispIncr::test() - failed to converge 
after: 10 iterations  current Norm: 0.000651073 (max: 1e-06, Norm deltaR: 0.815998)
WARNING: CTestNormDispIncr::test() - failed to converge 
after: 10 iterations  current Norm: 2.03536e-05 (max: 1e-06, Norm deltaR: 1.73845)
WARNING: CTestNormDispIncr::test() - failed to converge 
after: 10 iterations  current Norm: 0.000651073 (max: 1e-06, Norm deltaR: 0.815998)
WARNING: CTestNormDispIncr::test() - failed to converge 
after: 10 iterations  current Norm: 2.03536e-05 (max: 1e-06, Norm deltaR: 1.73845)
WARNING: CTestNormDispIncr::test() - failed to converge 
after: 10 iterations  current Norm: 0.000651073 (max: 1e-06, Norm deltaR: 0.815998)
WARNING: CTestNormDispIncr::test() - failed to converge 
after: 10 iterations  current Norm: 2.03536e-05 (max: 1e-06, Norm deltaR: 1.73845)
WARNING: CTestNormDispIncr::test() - failed to converge 
after: 10 iterations  current Norm: 0.000651073 (max: 1e-06, Norm deltaR: 0.815998)
WARNING: CTestNormDispIncr::test() - failed to converge 
after: 10 iterations  current Norm: 2.03536e-05 (max: 1e-06, Norm deltaR: 1.73845)
WARNING: CTestNormDispIncr::test() - failed to converge 
after: 10 iterations  current Norm: 0.000651073 (max: 1e-06, Norm deltaR: 0.815998)
WARNING: CTestNormDispIncr::test() - failed to converge 
after: 10 iterations  current Norm: 2.03536e-05 (max: 1e-06, Norm deltaR: 1.73845)
WARNING: CTestNormDispIncr::test() - failed to converge 
after: 10 iterations  current Norm: 0.000651073 (max: 1e-06, Norm deltaR: 0.815998)
WARNING: CTestNormDispIncr::test() - failed to converge 
after: 10 iterations  current Norm: 2.03536e-05 (max: 1e-06, Norm deltaR: 1.73845)
WARNING: CTestNormDispIncr::test() - failed to converge 
after: 10 iterations  current Norm: 0.000651073 (max: 1e-06, Norm deltaR: 0.815998)
WARNING: CTestNormDispIncr::test() - failed to converge 
after: 10 iterations  current Norm: 2.03536e-05 (max: 1e-06, Norm deltaR: 1.73845)
WARNING: CTestNormDispIncr::test() - failed to converge 
after: 10 iterations  current Norm: 0.000651073 (max: 1e-06, Norm deltaR: 0.815998)
WARNING: CTestNormDispIncr::test() - failed to converge 
after: 10 iterations  current Norm: 2.03536e-05 (max: 1e-06, Norm deltaR: 1.73845)
WARNING: CTestNormDispIncr::test() - failed to converge 
after: 10 iterations  current Norm: 0.000651073 (max: 1e-06, Norm deltaR: 0.815998)
WARNING: CTestNormDispIncr::test() - failed to converge 
after: 10 iterations  current Norm: 2.03536e-05 (max: 1e-06, Norm deltaR: 1.73845)
WARNING: CTestNormDispIncr::test() - failed to converge 
after: 10 iterations  current Norm: 0.000651073 (max: 1e-06, Norm deltaR: 0.815998)
WARNING: CTestNormDispIncr::test() - failed to converge 
after: 10 iterations  current Norm: 2.03536e-05 (max: 1e-06, Norm deltaR: 1.73845)
WARNING: CTestNormDispIncr::test() - failed to converge 
after: 10 iterations  current Norm: 0.000651073 (max: 1e-06, Norm deltaR: 0.815998)
WARNING: CTestNormDispIncr::test() - failed to converge 
after: 10 iterations  current Norm: 2.03536e-05 (max: 1e-06, Norm deltaR: 1.73845)
WARNING: CTestNormDispIncr::test() - failed to converge 
after: 10 iterations  current Norm: 0.000651073 (max: 1e-06, Norm deltaR: 0.815998)
WARNING: CTestNormDispIncr::test() - failed to converge 
after: 10 iterations  current Norm: 2.03536e-05 (max: 1e-06, Norm deltaR: 1.73845)
WARNING: CTestNormDispIncr::test() - failed to converge 
after: 10 iterations  current Norm: 0.000651073 (max: 1e-06, Norm deltaR: 0.815998)
WARNING: CTestNormDispIncr::test() - failed to converge 
after: 10 iterations  current Norm: 2.03536e-05 (max: 1e-06, Norm deltaR: 1.73845)
WARNING: CTestNormDispIncr::test() - failed to converge 
after: 10 iterations  current Norm: 0.000651073 (max: 1e-06, Norm deltaR: 0.815998)
WARNING: CTestNormDispIncr::test() - failed to converge 
after: 10 iterations  current Norm: 2.03536e-05 (max: 1e-06, Norm deltaR: 1.73845)
WARNING: CTestNormDispIncr::test() - failed to converge 
after: 10 iterations  current Norm: 0.000651073 (max: 1e-06, Norm deltaR: 0.815998)
WARNING: CTestNormDispIncr::test() - failed to converge 
after: 10 iterations  current Norm: 2.03536e-05 (max: 1e-06, Norm deltaR: 1.73845)
WARNING: CTestNormDispIncr::test() - failed to converge 
after: 10 iterations  current Norm: 0.000651073 (max: 1e-06, Norm deltaR: 0.815998)
WARNING: CTestNormDispIncr::test() - failed to converge 
after: 10 iterations  current Norm: 2.03536e-05 (max: 1e-06, Norm deltaR: 1.73845)
WARNING: CTestNormDispIncr::test() - failed to converge 
after: 10 iterations  current Norm: 0.000651073 (max: 1e-06, Norm deltaR: 0.815998)
WARNING: CTestNormDispIncr::test() - failed to converge 
after: 10 iterations  current Norm: 2.03536e-05 (max: 1e-06, Norm deltaR: 1.73845)
WARNING: CTestNormDispIncr::test() - failed to converge 
after: 10 iterations  current Norm: 0.000651073 (max: 1e-06, Norm deltaR: 0.815998)
WARNING: CTestNormDispIncr::test() - failed to converge 
after: 10 iterations  current Norm: 2.03536e-05 (max: 1e-06, Norm deltaR: 1.73845)
WARNING: CTestNormDispIncr::test() - failed to converge 
after: 10 iterations  current Norm: 0.000651073 (max: 1e-06, Norm deltaR: 0.815998)
WARNING: CTestNormDispIncr::test() - failed to converge 
after: 10 iterations  current Norm: 2.03536e-05 (max: 1e-06, Norm deltaR: 1.73845)
WARNING: CTestNormDispIncr::test() - failed to converge 
after: 10 iterations  current Norm: 0.000651073 (max: 1e-06, Norm deltaR: 0.815998)
WARNING: CTestNormDispIncr::test() - failed to converge 
after: 10 iterations  current Norm: 2.03536e-05 (max: 1e-06, Norm deltaR: 1.73845)
WARNING: CTestNormDispIncr::test() - failed to converge 
after: 10 iterations  current Norm: 0.000651073 (max: 1e-06, Norm deltaR: 0.815998)
WARNING: CTestNormDispIncr::test() - failed to converge 
after: 10 iterations  current Norm: 2.03536e-05 (max: 1e-06, Norm deltaR: 1.73845)
WARNING: CTestNormDispIncr::test() - failed to converge 
after: 10 iterations  current Norm: 0.000651073 (max: 1e-06, Norm deltaR: 0.815998)
WARNING: CTestNormDispIncr::test() - failed to converge 
after: 10 iterations  current Norm: 2.03536e-05 (max: 1e-06, Norm deltaR: 1.73845)
WARNING: CTestNormDispIncr::test() - failed to converge 
after: 10 iterations  current Norm: 0.000651073 (max: 1e-06, Norm deltaR: 0.815998)
WARNING: CTestNormDispIncr::test() - failed to converge 
after: 10 iterations  current Norm: 2.03536e-05 (max: 1e-06, Norm deltaR: 1.73845)
WARNING: CTestNormDispIncr::test() - failed to converge 
after: 10 iterations  current Norm: 0.000651073 (max: 1e-06, Norm deltaR: 0.815998)
WARNING: CTestNormDispIncr::test() - failed to converge 
after: 10 iterations  current Norm: 2.03536e-05 (max: 1e-06, Norm deltaR: 1.73845)
WARNING: CTestNormDispIncr::test() - failed to converge 
after: 10 iterations  current Norm: 0.000651073 (max: 1e-06, Norm deltaR: 0.815998)
WARNING: CTestNormDispIncr::test() - failed to converge 
after: 10 iterations  current Norm: 2.03536e-05 (max: 1e-06, Norm deltaR: 1.73845)
WARNING: CTestNormDispIncr::test() - failed to converge 
after: 10 iterations  current Norm: 0.000651073 (max: 1e-06, Norm deltaR: 0.815998)
WARNING: CTestNormDispIncr::test() - failed to converge 
after: 10 iterations  current Norm: 2.03536e-05 (max: 1e-06, Norm deltaR: 1.73845)
WARNING: CTestNormDispIncr::test() - failed to converge 
after: 10 iterations  current Norm: 0.000651073 (max: 1e-06, Norm deltaR: 0.815998)
WARNING: CTestNormDispIncr::test() - failed to converge 
after: 10 iterations  current Norm: 2.03536e-05 (max: 1e-06, Norm deltaR: 1.73845)
WARNING: CTestNormDispIncr::test() - failed to converge 
after: 10 iterations  current Norm: 0.000651073 (max: 1e-06, Norm deltaR: 0.815998)
WARNING: CTestNormDispIncr::test() - failed to converge 
after: 10 iterations  current Norm: 2.03536e-05 (max: 1e-06, Norm deltaR: 1.73845)
WARNING: CTestNormDispIncr::test() - failed to converge 
after: 10 iterations  current Norm: 0.000651073 (max: 1e-06, Norm deltaR: 0.815998)
WARNING: CTestNormDispIncr::test() - failed to converge 
after: 10 iterations  current Norm: 2.03536e-05 (max: 1e-06, Norm deltaR: 1.73845)
WARNING: CTestNormDispIncr::test() - failed to converge 
after: 10 iterations  current Norm: 0.000651073 (max: 1e-06, Norm deltaR: 0.815998)
WARNING: CTestNormDispIncr::test() - failed to converge 
after: 10 iterations  current Norm: 2.03536e-05 (max: 1e-06, Norm deltaR: 1.73845)
WARNING: CTestNormDispIncr::test() - failed to converge 
after: 10 iterations  current Norm: 0.000651073 (max: 1e-06, Norm deltaR: 0.815998)
WARNING: CTestNormDispIncr::test() - failed to converge 
after: 10 iterations  current Norm: 2.03536e-05 (max: 1e-06, Norm deltaR: 1.73845)
WARNING: CTestNormDispIncr::test() - failed to converge 
after: 10 iterations  current Norm: 0.000651073 (max: 1e-06, Norm deltaR: 0.815998)
WARNING: CTestNormDispIncr::test() - failed to converge 
after: 10 iterations  current Norm: 2.03536e-05 (max: 1e-06, Norm deltaR: 1.73845)
WARNING: CTestNormDispIncr::test() - failed to converge 
after: 10 iterations  current Norm: 0.000651073 (max: 1e-06, Norm deltaR: 0.815998)
WARNING: CTestNormDispIncr::test() - failed to converge 
after: 10 iterations  current Norm: 2.03536e-05 (max: 1e-06, Norm deltaR: 1.73845)
WARNING: CTestNormDispIncr::test() - failed to converge 
after: 10 iterations  current Norm: 0.000651073 (max: 1e-06, Norm deltaR: 0.815998)
WARNING: CTestNormDispIncr::test() - failed to converge 
after: 10 iterations  current Norm: 2.03536e-05 (max: 1e-06, Norm deltaR: 1.73845)
WARNING: CTestNormDispIncr::test() - failed to converge 
after: 10 iterations  current Norm: 0.000651073 (max: 1e-06, Norm deltaR: 0.815998)
WARNING: CTestNormDispIncr::test() - failed to converge 
after: 10 iterations  current Norm: 2.03536e-05 (max: 1e-06, Norm deltaR: 1.73845)
WARNING: CTestNormDispIncr::test() - failed to converge 
after: 10 iterations  current Norm: 0.000651073 (max: 1e-06, Norm deltaR: 0.815998)
WARNING: CTestNormDispIncr::test() - failed to converge 
after: 10 iterations  current Norm: 2.03536e-05 (max: 1e-06, Norm deltaR: 1.73845)
WARNING: CTestNormDispIncr::test() - failed to converge 
after: 10 iterations  current Norm: 0.000651073 (max: 1e-06, Norm deltaR: 0.815998)
WARNING: CTestNormDispIncr::test() - failed to converge 
after: 10 iterations  current Norm: 2.03536e-05 (max: 1e-06, Norm deltaR: 1.73845)
WARNING: CTestNormDispIncr::test() - failed to converge 
after: 10 iterations  current Norm: 0.000651073 (max: 1e-06, Norm deltaR: 0.815998)
WARNING: CTestNormDispIncr::test() - failed to converge 
after: 10 iterations  current Norm: 2.03536e-05 (max: 1e-06, Norm deltaR: 1.73845)
WARNING: CTestNormDispIncr::test() - failed to converge 
after: 10 iterations  current Norm: 0.000651073 (max: 1e-06, Norm deltaR: 0.815998)
WARNING: CTestNormDispIncr::test() - failed to converge 
after: 10 iterations  current Norm: 2.03536e-05 (max: 1e-06, Norm deltaR: 1.73845)
WARNING: CTestNormDispIncr::test() - failed to converge 
after: 10 iterations  current Norm: 0.000651073 (max: 1e-06, Norm deltaR: 0.815998)
WARNING: CTestNormDispIncr::test() - failed to converge 
after: 10 iterations  current Norm: 2.03536e-05 (max: 1e-06, Norm deltaR: 1.73845)
WARNING: CTestNormDispIncr::test() - failed to converge 
after: 10 iterations  current Norm: 0.000651073 (max: 1e-06, Norm deltaR: 0.815998)
WARNING: CTestNormDispIncr::test() - failed to converge 
after: 10 iterations  current Norm: 2.03536e-05 (max: 1e-06, Norm deltaR: 1.73845)
WARNING: CTestNormDispIncr::test() - failed to converge 
after: 10 iterations  current Norm: 0.000651073 (max: 1e-06, Norm deltaR: 0.815998)
WARNING: CTestNormDispIncr::test() - failed to converge 
after: 100 iterations  current Norm: 0.000651073 (max: 1e-06, Norm deltaR: 0.815998)
Broyden::solveCurrentStep() -the ConvergenceTest object failed in test()
DirectIntegrationAnalysis::analyze() - the Algorithm failed at time 9.46
OpenSees > analyze failed, returned: -3 error flag
WARNING: CTestNormDispIncr::test() - failed to converge 
after: 10 iterations  current Norm: 3.85724 (max: 1e-06, Norm deltaR: 3.76106e+06)
WARNING: CTestNormDispIncr::test() - failed to converge 
after: 10 iterations  current Norm: 0.139525 (max: 1e-06, Norm deltaR: 207.067)

[FAILURE] Local structure collapse, MIDR = 10.0
