0.00000000
39.58268205
69.13905295
98.09576204
126.43579162
154.06948165
181.05429779
207.32661204
232.79559522
257.35192093
280.96572026
303.66592528
325.54322161
346.65595027
367.04340038
386.75501433
405.83972720
424.33694776
442.22015994
459.49457213
476.22034978
492.39171365
508.00814411
523.05134707
537.54645303
551.49083521
564.91169945
577.78032413
590.10697092
601.90578860
613.18116148
623.93242699
634.15839242
643.87115323
653.07542825
661.76241638
669.93314480
677.58462734
684.72175335
691.32315393
697.40502578
702.97132656
708.00001103
712.50917668
716.50580253
719.39622598
718.69622748
717.52218101
716.01537026
714.44936679
712.83416995
711.19907953
709.54288526
707.85384604
706.13180927
704.40297289
702.66767562
700.92341292
699.10632405
697.22663552
695.23165698
693.05760520
690.79843986
688.50475000
686.06306040
683.45426294
680.74848203
677.93939333
674.98637140
671.99600044
668.89706776
665.68798900
662.45532181
659.18583012
655.85284914
652.46952830
649.04215898
645.59100351
642.11320090
638.60887888
635.06360845
631.47529561
627.83329413
624.18543688
620.53306585
616.82333363
613.08919826
609.32586841
605.54075500
601.71487303
597.86120891
594.00309616
590.14028619
586.27180021
582.36790597
578.43459924
574.49501211
570.54865803
566.59681251
562.61406069
558.53810304
554.44651694
550.33844331
546.22597527
542.09206173
537.95109549
533.80431010
529.65340988
525.49838938
521.33924230
517.17596297
512.98626999
508.76319896
504.53605750
500.30452917
496.06721606
491.79756430
487.52183508
483.24230878
478.95880056
474.64003961
470.31548666
465.98706947
461.65441982
457.31795832
452.97789946
448.63427036
444.28706640
439.93530479
435.57963793
431.22034652
426.85060602
422.46966118
418.08527204
413.69748666
409.30631905
404.91145552
400.51215903
396.10937394
391.69526925
387.27253111
382.84616690
378.41650935
373.98369184
369.54756077
365.10795172
360.66518988
356.21916439
352.51442176
349.24132125
346.75376419
344.39135238
342.02540163
339.65567664
337.27813326
334.89022415
332.49636925
330.09130711
327.54611952
324.90171715
322.11464283
314.55203075
315.18324167
315.62000901
315.98457283
316.23682380
316.39490743
316.44642685
316.49518460
316.53548251
316.57296906
316.60372801
316.62421946
316.64270071
316.65870650
316.67219822
316.68275733
316.69099900
316.69500841
316.69051432
316.68455008
316.67669212
316.66774967
316.65763892
316.64585533
316.63264769
316.61842747
316.60316025
316.58123972
316.55509735
316.52742071
316.49840340
316.46850608
316.43758336
316.40565488
316.37197431
316.33081147
316.28883990
316.24567220
316.20157541
316.15666132
316.11093465
316.06445086
316.01721018
315.96919273
315.92015683
315.87021718
315.81640379
315.76185572
315.70657614
315.65056375
315.59383900
315.53640803
315.47832750
315.41955662
315.35918046
315.29595769
315.23204534
315.16745006
315.10217774
315.03623420
314.96962515
314.90235622
314.83248877
314.76176022
314.69038429
314.61831183
314.54557919
314.47221522
314.39816946
314.32345322
314.24812195
314.17218071
314.09563441
314.01848790
313.94073607
313.86239215
313.78346183
313.70392194
313.62376764
313.54304257
313.46175082
313.37989346
313.29747400
313.21450242
313.13098030
313.04691275
312.96070424
312.87250944
312.78376692
312.69448046
312.60465490
312.51251553
312.41949362
312.32443889
312.22833095
312.13170517
312.03235944
311.93202232
311.83119759
311.72978895
311.62621744
311.52215581
311.41760934
311.31258241
311.20709914
311.10059920
310.99221130
310.88338432
310.77414881
310.66452664
310.55448457
310.44402696
310.33317105
310.22195502
310.11039918
309.99852802
309.88289836
309.76590512
309.64852340
309.53074817
309.41258474
309.29124712
309.16562515
309.03960738
308.91320011
308.78641171
308.65928273
308.53177802
308.40399615
308.27592105
308.14749712
308.01872605
307.88960825
307.76014802
307.63034949
307.49991976
307.05514520
306.95250644
306.52338510
306.41636669
306.29774052
306.17768684
306.05727132
305.64036091
305.52678955
305.40326851
305.27874191
305.15370210
305.02830073
304.61150272
304.48696221
304.35665006
304.22530392
303.81587027
303.70323480
302.97062774
302.87838861
302.76317158
301.12575131
298.72324801
298.93658375
298.40241838
