0.00000000
0.00019786
0.00039786
0.00059786
0.00079786
0.00099786
0.00119786
0.00139786
0.00159786
0.00179786
0.00199786
0.00219786
0.00239786
0.00259786
0.00279786
0.00299786
0.00319786
0.00339786
0.00359786
0.00379786
0.00399786
0.00419786
0.00439786
0.00459786
0.00479786
0.00499786
0.00519786
0.00539786
0.00559786
0.00579786
0.00599786
0.00619786
0.00639786
0.00659786
0.00679786
0.00699786
0.00719786
0.00739786
0.00759786
0.00779786
0.00799786
0.00819786
0.00839786
0.00859786
0.00879786
0.00899786
0.00919786
0.00939786
0.00959786
0.00979786
0.00999786
0.01019786
0.01039786
0.01059786
0.01079786
0.01099786
0.01119786
0.01139786
0.01159786
0.01179786
0.01199786
0.01219786
0.01239786
0.01259786
0.01279786
0.01299786
0.01319786
0.01339786
0.01359786
0.01379786
0.01399786
0.01419786
0.01439786
0.01459786
0.01479786
0.01499786
0.01519786
0.01539786
0.01559786
0.01579786
0.01599786
0.01619786
0.01639786
0.01659786
0.01679786
0.01699786
0.01719786
0.01739786
0.01759786
0.01779786
0.01799786
0.01819786
0.01839786
0.01859786
0.01879786
0.01899786
0.01919786
0.01939786
0.01959786
0.01979786
0.01999786
0.02019786
0.02039786
0.02059786
0.02079786
0.02099786
0.02119786
0.02139786
0.02159786
0.02179786
0.02199786
0.02219786
0.02239786
0.02259786
0.02279786
0.02299786
0.02319786
0.02339786
0.02359786
0.02379786
0.02399786
0.02419786
0.02439786
0.02459786
0.02479786
0.02499786
0.02519786
0.02539786
0.02559786
0.02579786
0.02599786
0.02619786
0.02639786
0.02659786
0.02679786
0.02699786
0.02719786
0.02739786
0.02759786
0.02779786
0.02799786
0.02819786
0.02839786
0.02859786
0.02879786
0.02899786
0.02919786
0.02939786
0.02959786
0.02979786
0.02999786
0.03019786
0.03039786
0.03059786
0.03079786
0.03099786
0.03119786
0.03139786
0.03159786
0.03179786
0.03199786
0.03219786
0.03239786
0.03259786
0.03279786
0.03299786
0.03319786
0.03339786
0.03359786
0.03379786
0.03399786
0.03419786
0.03439786
0.03459786
0.03479786
0.03499786
0.03519786
0.03539786
0.03559786
0.03579786
0.03599786
0.03619786
0.03639786
0.03659786
0.03679786
0.03699786
0.03719786
0.03739786
0.03759786
0.03779786
0.03799786
0.03819786
0.03839786
0.03859786
0.03879786
0.03899786
0.03919786
0.03939786
0.03959786
0.03979786
0.03999786
0.04019786
0.04039786
0.04059786
0.04079786
0.04099786
0.04119786
0.04139786
0.04159786
0.04179786
0.04199786
0.04219786
0.04239786
0.04259786
0.04279786
0.04299786
0.04319786
0.04339786
0.04359786
0.04379786
0.04399786
0.04419786
0.04439786
0.04459786
0.04479786
0.04499786
0.04519786
0.04539786
0.04559786
0.04579786
0.04599786
0.04619786
0.04639786
0.04659786
0.04679786
0.04699786
0.04719786
0.04739786
0.04759786
0.04779786
0.04799786
0.04819786
0.04839786
0.04859786
0.04879786
0.04899786
0.04919786
0.04939786
0.04959786
0.04979786
0.04999786
0.05019786
0.05039786
0.05059786
0.05079786
0.05099786
0.05119786
0.05139786
0.05159786
0.05179786
0.05199786
0.05219786
0.05239786
0.05259786
0.05279786
0.05299786
0.05319786
0.05339786
0.05359786
0.05379786
0.05399786
0.05419786
0.05439786
0.05459786
0.05479786
0.05499786
0.05519786
0.05539786
0.05559786
0.05579786
0.05599786
0.05619786
0.05639786
0.05659786
0.05679786
0.05699786
0.05719786
0.05739786
0.05759786
0.05779786
0.05799786
0.05819786
0.05839786
0.05859786
0.05879786
0.05899786
0.05919786
0.05939786
0.05959786
0.05979786
0.05999786
0.06019786
0.06039786
0.06059786
0.06079786
0.06099786
0.06119786
0.06139786
0.06159786
0.06179786
0.06199786
0.06219786
0.06239786
0.06259786
0.06279786
0.06299786
0.06319786
0.06339786
0.06359786
0.06379786
0.06399786
0.06419786
0.06439786
