0.00000000 0.00000000 0.00000000 0.00000000 0.00000000 0.00000000 0.00000000 0.00000000 0.00000000 0.00000000 0.00000000 0.00000000
4.33072381 -7.32562997 -14.65042401 4.89641331 -1.07932486 -6.08297446 5.00342163 -0.89535521 -5.90104952 4.15065523 -7.24642852 -14.78270949
3.83589242 -13.68956218 -20.54606789 4.34164915 -2.07399429 -6.53245085 4.39064026 -1.90245541 -6.32155405 3.65844933 -13.61171737 -20.68788205
3.33699486 -19.89979809 -26.29267612 3.75343386 -3.06152085 -6.94964984 3.73609022 -2.90083947 -6.71237887 3.15903064 -19.82021298 -26.44423540
2.83244358 -25.96114781 -31.89506183 3.13119025 -4.03199089 -7.34421126 3.07858844 -3.88307779 -7.08323072 2.65866486 -25.88055170 -32.05740674
2.33867244 -31.85275406 -37.35686432 2.51373943 -4.97924763 -7.71586215 2.38890390 -4.84564058 -7.42799560 2.17196067 -31.77658016 -37.52781359
1.85902081 -37.58099911 -42.67782503 1.87034657 -5.90340648 -8.07369142 1.66697404 -5.78455680 -7.76190313 1.68890708 -37.50197125 -42.85519306
1.39096901 -43.13453826 -47.85537598 1.20778338 -6.79130793 -8.42161644 0.94167354 -6.69164456 -8.08341665 1.22965932 -43.06712814 -48.05166932
0.95720575 -48.51194364 -52.89481043 0.54852343 -7.64484255 -8.76033754 0.22431385 -7.56241370 -8.39788671 0.79889157 -48.44607892 -53.10621633
0.56572352 -53.70200829 -57.79522459 -0.09793771 -8.45870300 -9.09162613 -0.46657524 -8.39707272 -8.70483900 0.46000860 -53.63924833 -58.02441806
0.27154076 -58.71583250 -62.56644481 -0.72070935 -9.22631512 -9.41720376 -1.12078972 -9.18323518 -9.00521127 0.17066698 -58.64981412 -62.80237217
0.01419921 -63.54989243 -67.20050318 -1.31035147 -9.93431915 -9.73691426 -1.71975972 -9.91401660 -9.30103245 -0.08227720 -63.48562208 -67.44543594
-0.22407367 -68.22936656 -71.70375012 -1.85233140 -10.59095833 -10.05071662 -2.26630486 -10.59288213 -9.59106835 -0.31715655 -68.16822162 -71.95639141
-0.45179765 -72.75642624 -76.07415866 -2.35488197 -11.20232184 -10.36071570 -2.77523291 -11.22549258 -9.87669527 -0.54067280 -72.70115379 -76.33640086
-0.67436778 -77.13814196 -80.31419930 -2.82210143 -11.76669723 -10.66811287 -3.25385856 -11.81536168 -10.16051748 -0.75804365 -77.08537577 -80.58662268
-0.88977740 -81.37725482 -84.42564630 -3.26614964 -12.29563055 -10.97343686 -3.71233300 -12.36459252 -10.44224581 -0.97209897 -81.32950415 -84.70634432
-1.10657134 -85.48110189 -88.40800478 -3.69433869 -12.79495550 -11.27747143 -4.15345649 -12.88441190 -10.72182477 -1.18743232 -85.43308562 -88.69707246
-1.32293242 -89.45719378 -92.26216825 -4.10271407 -13.27775343 -11.57307923 -4.58006618 -13.38779458 -10.99998513 -1.40221441 -89.40918258 -92.56186371
-1.54052671 -93.30352981 -95.99221149 -4.50221489 -13.72967901 -11.86411182 -4.99566223 -13.86075443 -11.27057019 -1.61321764 -93.25187650 -96.29580524
-1.75314236 -97.01713514 -99.59369648 -4.88731994 -14.16053009 -12.15223311 -5.40030225 -14.30999768 -11.53440739 -1.82254708 -96.96194011 -99.90132050
-1.96770189 -100.60422654 -103.06668912 -5.26240805 -14.58257704 -12.43815033 -5.79040406 -14.75179987 -11.79604169 -2.03387059 -100.54620362 -103.38027698
-2.18298178 -104.06282597 -106.41396930 -5.62778150 -14.99432874 -12.72290745 -6.17172502 -15.18200375 -12.05395348 -2.24581484 -104.00204858 -106.73137324
-2.40004944 -107.39765694 -109.63398136 -5.98228726 -15.38922969 -13.00452276 -6.53933255 -15.59671847 -12.31127315 -2.45746619 -107.33631461 -109.95931171
-2.61061709 -110.60547470 -112.72722576 -6.32156284 -15.77084749 -13.28497509 -6.89751687 -15.99651454 -12.56799636 -2.66132726 -110.54512612 -113.06216297
-2.81776295 -113.68808955 -115.69502324 -6.65099679 -16.14364476 -13.56446459 -7.23997387 -16.38845581 -12.82445651 -2.86478259 -113.63021419 -116.03858819
-3.02514712 -116.64073615 -118.53574939 -6.96921180 -16.51190974 -13.84369245 -7.56853418 -16.77219006 -13.08056439 -3.06893477 -116.58660949 -118.88755566
-3.23420403 -119.47114156 -121.24825440 -7.27811995 -16.87696463 -14.12264112 -7.88684771 -17.15361515 -13.33647085 -3.27351880 -119.41820509 -121.61171615
-3.43791007 -122.17670016 -123.83561792 -7.58001365 -17.22725428 -14.40092240 -8.19741308 -17.52445583 -13.59186777 -3.47171498 -122.12691369 -124.20954030
-3.63732742 -124.75805942 -126.29710239 -7.87149309 -17.57204687 -14.67893047 -8.50094381 -17.88626356 -13.84672529 -3.66616746 -124.71117420 -126.68073692
-3.83338976 -127.21489687 -128.63139542 -8.15835284 -17.91455458 -14.95667656 -8.79784566 -18.24497642 -14.10124832 -3.85636603 -127.17027842 -129.02580773
-4.02768814 -129.54877956 -130.84013189 -8.43729385 -18.24979391 -15.23401529 -9.09434567 -18.60018655 -14.35516026 -4.04541163 -129.50458054 -131.24377420
-4.22067447 -131.76009003 -132.92398033 -8.71251818 -18.58228598 -15.51114076 -9.38106314 -18.94946571 -14.60851279 -4.23491363 -131.71404242 -133.33373957
-4.41416722 -133.84254922 -134.87801159 -8.98690035 -18.91136910 -15.78780365 -9.65736177 -19.29533165 -14.86164804 -4.42340736 -133.80056658 -135.29927591
-4.60746100 -135.80117986 -136.70479379 -9.25525237 -19.23840693 -16.06421393 -9.93304903 -19.63781940 -15.11436435 -4.61352233 -135.76312479 -137.13796545
-4.80317569 -137.63738225 -138.40383056 -9.52071042 -19.56207294 -16.34028687 -10.20564537 -19.97850116 -15.36624216 -4.80501575 -137.60279271 -138.84977238
-4.99887337 -139.35047632 -139.97542107 -9.78547258 -19.87949918 -16.61583704 -10.47463491 -20.31390012 -15.61722642 -4.99690502 -139.32042593 -140.43374441
-5.19937100 -140.95494124 -141.43410516 -10.04571491 -20.19333533 -16.89200979 -10.74071170 -20.64486931 -15.86683261 -5.18951591 -140.89704694 -141.87469090
-5.40227780 -142.41953638 -142.75121836 -10.29660938 -20.50355226 -17.16692902 -11.00564859 -20.97067556 -16.11662726 -5.38758181 -142.36300834 -143.20096259
-5.60813380 -143.75885920 -143.94003628 -10.54714952 -20.80813600 -17.44108341 -11.26906319 -21.29427238 -16.36585996 -5.58714180 -143.70297878 -144.39903901
-5.81467459 -144.96984060 -144.99780216 -10.79659211 -21.10127749 -17.71469877 -11.53199030 -21.60112934 -16.61459858 -5.78809337 -144.92059170 -145.47186492
-6.02337041 -146.05443596 -145.92612638 -11.04359727 -21.39189531 -17.98790831 -11.79110579 -21.90658497 -16.86297466 -5.99126565 -146.01350584 -146.41225522
-6.23449600 -147.01164580 -146.72418692 -11.29025212 -21.68153949 -18.26075558 -12.04946168 -22.21092545 -17.10991058 -6.19673088 -146.98203830 -147.21938376
-6.44882176 -147.84332063 -147.38355245 -11.53640959 -21.97015555 -18.52713875 -12.30742217 -22.51239203 -17.34657693 -6.40372399 -147.82322230 -147.89727487
-6.66631784 -148.54818149 -147.91283095 -11.78006736 -22.25722866 -18.78723747 -12.56474225 -22.81257589 -17.58264505 -6.61214973 -148.53825780 -148.44694217
-6.88703992 -149.12453509 -148.31045386 -12.02312471 -22.54324621 -19.04720924 -12.82142750 -23.11147618 -17.81816816 -6.82189527 -149.12788332 -148.86934307
-7.15120744 -149.63968372 -148.02793371 -12.27838653 -22.83937658 -19.31625857 -13.06331405 -23.39629843 -18.04500084 -6.99370897 -149.52203430 -149.12302282
-7.53490579 -148.50336249 -146.56579232 -12.52721152 -23.15318062 -19.60178138 -13.28030072 -23.65785771 -18.24440213 -7.08687197 -149.71151191 -148.82904893
-7.80902964 -147.58234591 -145.51715033 -12.76761347 -23.44051095 -19.86589708 -13.52788361 -23.94553611 -18.46737619 -7.29542689 -149.30861961 -147.99479122
-8.06770036 -146.71103414 -144.51506621 -13.00892988 -23.72227620 -20.12609371 -13.77995051 -24.23604895 -18.69840360 -7.52600186 -148.52123498 -147.10262985
-8.32784672 -145.81877133 -143.46829543 -13.24925362 -24.00201890 -20.38685901 -14.03124839 -24.52499276 -18.92754980 -7.75478606 -147.74026644 -146.21747833
-8.58645679 -144.92217226 -142.42390990 -13.48958279 -24.28014262 -20.64698667 -14.28170562 -24.81216294 -19.15712992 -7.98490186 -146.95500972 -145.29400885
-8.84431433 -144.02584846 -141.38069817 -13.72944170 -24.55695349 -20.90662610 -14.53019071 -25.09769609 -19.38660636 -8.21544729 -146.16722762 -144.35802920
-9.10382925 -143.13154682 -140.33949885 -13.96730212 -24.83211852 -21.16574475 -14.77847565 -25.38212919 -19.61595730 -8.44646813 -145.36185906 -143.41795562
-9.36463246 -142.23360706 -139.29495152 -14.20442845 -25.10629867 -21.39741047 -15.02642990 -25.66525219 -19.84419560 -8.67916232 -144.55710965 -142.48036773
-9.62610121 -141.33134389 -138.24657139 -14.44131761 -25.37934431 -21.60354752 -15.27402383 -25.94705881 -20.07098871 -8.91085199 -143.75469520 -141.54596480
-9.88727653 -140.42777966 -137.19755845 -14.67783486 -25.65110177 -21.80933353 -15.52147860 -26.22781035 -20.29736879 -9.14242444 -142.95166194 -140.61134395
-10.14814662 -139.52358841 -136.14818608 -14.91406822 -25.92176523 -22.01446216 -15.76873189 -26.50749578 -20.52337352 -9.37375126 -142.14775474 -139.67635171
-10.40757776 -138.62226832 -135.10198550 -15.14988322 -26.19106175 -22.21910887 -16.01590159 -26.78611492 -20.74761694 -9.60593384 -141.33925033 -138.73670988
-10.66757062 -137.71956059 -134.03108896 -15.38518067 -26.45918030 -22.42298749 -16.26299087 -27.06337918 -20.92901277 -9.83778224 -140.53021841 -137.79737195
-10.89457041 -136.81013556 -132.92494689 -15.61970353 -26.72581994 -22.62673413 -16.50915218 -27.33852708 -21.10900471 -10.06925316 -139.73077387 -136.86801407
-11.10565514 -135.88605713 -131.74064863 -15.85344635 -26.99199276 -22.83034050 -16.75413908 -27.61150727 -21.28690233 -10.29714386 -138.94294679 -135.93087715
-11.31889174 -134.94978461 -130.49194091 -16.08670627 -27.25771716 -22.93983858 -16.99806326 -27.88251532 -21.46300922 -10.52197190 -138.16479890 -134.98236734
-11.53321618 -133.98384960 -129.20672493 -16.31899000 -27.52289866 -23.02117483 -17.24099000 -28.15160357 -21.63761544 -10.74404298 -137.39401465 -134.04331902
-11.74764965 -132.99876373 -127.91478913 -16.55069731 -27.78695992 -23.10211580 -17.48349269 -28.41910849 -21.80250905 -10.96487373 -136.62576461 -133.10802588
-11.89332243 -132.01653487 -126.62060008 -16.78305155 -28.04939352 -23.18183662 -17.72469174 -28.68495982 -21.90503217 -11.17239978 -135.85796696 -132.17327085
-12.02263909 -131.03940803 -125.34904858 -17.01091156 -28.30952685 -23.20227716 -17.96608935 -28.95076881 -22.00911299 -11.35360641 -135.07484237 -131.16603175
-12.15163398 -130.04788224 -124.09261630 -17.23571473 -28.56761621 -23.21954507 -18.15856875 -29.21568205 -22.11292330 -11.53333262 -134.28216897 -130.13079781
-12.28014717 -129.06005737 -122.84282812 -17.46024841 -28.82417576 -23.23618940 -18.34265067 -29.47977700 -22.17310513 -11.71425886 -133.48396297 -129.04199247
-12.40810464 -128.07367971 -121.59581786 -17.68455809 -29.07928551 -23.25271079 -18.52730997 -29.74306559 -22.18609918 -11.82219132 -132.66234110 -127.95120764
-12.53556756 -127.08663889 -120.34933041 -17.90867728 -29.33283112 -23.26814992 -18.68667952 -30.00475888 -22.19910911 -11.92999484 -131.83433707 -126.85992585
-12.66237528 -126.09946940 -119.10400230 -18.08798333 -29.58435989 -23.28319943 -18.78933171 -30.26453416 -22.21226990 -12.03809633 -131.00440328 -125.76704276
-12.78906016 -125.11115358 -117.85861216 -18.18844976 -29.83348649 -23.29718189 -18.88835273 -30.52303846 -22.22470199 -12.14619941 -130.15368967 -124.67406269
-12.91547956 -124.12201764 -116.61367390 -18.28161004 -30.08123735 -23.31008066 -18.98684861 -30.78043070 -22.23694075 -12.25525666 -129.29080582 -123.58094013
-13.04209343 -123.11533557 -115.36790551 -18.37359548 -30.32763696 -23.32212183 -19.08529471 -31.02151370 -22.24865850 -12.36426687 -128.42841205 -122.48899552
-13.16891083 -122.07670146 -114.12021710 -18.46451557 -30.57251821 -23.33396925 -19.18363978 -31.23384959 -22.25887290 -12.47273324 -127.56745832 -121.39946289
-13.29679678 -121.03654871 -112.86954584 -18.55534055 -30.79783426 -23.34526145 -19.28192847 -31.42040182 -22.26769645 -12.58086171 -126.70649153 -120.31082074
-13.42449434 -119.99498967 -111.61770633 -18.64610207 -30.99922894 -23.35594717 -19.38006146 -31.59192133 -22.27621574 -12.68882646 -125.84488529 -119.22178019
-13.55204503 -118.95182798 -110.36504706 -18.73683707 -31.18188511 -23.36640654 -19.47809271 -31.76240968 -22.28451312 -12.79659851 -124.98274567 -118.13259504
-13.67931890 -117.90691316 -109.11128200 -18.82700478 -31.34379347 -23.37601521 -19.57605325 -31.93183684 -22.29259673 -12.90410532 -124.12028276 -117.04399848
-13.80633604 -116.86090254 -107.85751013 -18.91594371 -31.50466412 -23.38480713 -19.67388449 -32.08097170 -22.30049584 -13.01152295 -123.25676938 -115.95507086
-13.93301220 -115.81473396 -106.60486080 -19.00503024 -31.66443742 -23.39355050 -19.77165878 -32.19484637 -22.30811923 -13.11987271 -122.38858905 -114.86489719
-14.05902695 -114.77097731 -105.35711313 -19.09432582 -31.81879958 -23.40224590 -19.86791181 -32.30794599 -22.31635000 -13.22927564 -121.47953451 -113.77178897
-14.18495245 -113.72509430 -104.10811038 -19.18347321 -31.92601218 -23.41054587 -19.96407848 -32.41889884 -22.32450211 -13.33817135 -120.57060988 -112.67884507
-14.31065831 -112.67802520 -102.85900198 -19.27253927 -32.03211508 -23.41876592 -20.06020051 -32.52879076 -22.33256598 -13.44694664 -119.66074333 -111.58508391
-14.43637340 -111.62972147 -101.60962525 -19.36150293 -32.13736381 -23.42690685 -20.15626207 -32.63791751 -22.34054651 -13.55555563 -118.75005498 -110.49123544
-14.56248900 -110.55070350 -100.35909053 -19.45022123 -32.24185598 -23.43494311 -20.25223823 -32.72136752 -22.34747322 -13.66356456 -117.84050630 -109.39888044
-14.68831775 -109.46737500 -99.10887986 -19.53883300 -32.34553196 -23.44293336 -20.34819819 -32.78841917 -22.35383198 -13.77150371 -116.92984137 -108.30553293
-14.81402351 -108.38171149 -97.85700830 -19.62722579 -32.42653999 -23.45043737 -20.44406217 -32.85432921 -22.35881071 -13.87892246 -116.01948140 -107.21331601
-14.93953012 -107.29443838 -96.60438922 -19.71544529 -32.49017905 -23.45750976 -20.53985308 -32.91963639 -22.36372449 -13.98605025 -115.10863133 -106.12136766
-15.05787956 -106.20519620 -95.34981877 -19.80355635 -32.55188320 -23.46450617 -20.60894764 -32.98317976 -22.36875691 -14.09306420 -114.19835518 -105.02972909
-15.15975565 -105.11394998 -94.09203622 -19.89185856 -32.61164677 -23.47140075 -20.67117250 -33.04576725 -22.37350663 -14.19944637 -113.28980773 -103.94086049
-15.26142542 -104.02138223 -92.83394518 -19.98004493 -32.67068581 -23.47821688 -20.73334843 -33.10770541 -22.37817860 -14.30572130 -112.38049467 -102.85194729
-15.36288011 -102.92753055 -91.57559908 -20.06812080 -32.72900247 -23.48495590 -20.79546677 -33.16887197 -22.38277130 -14.41184182 -111.47030851 -101.76293692
-15.46412135 -101.83236552 -90.31694808 -20.15608901 -32.78662367 -23.49162532 -20.85744612 -33.22839882 -22.38723940 -14.51781496 -110.55926833 -100.67385964
-15.56548990 -100.73617022 -89.05832096 -20.21944969 -32.84255937 -23.49843088 -20.91874845 -33.28710203 -22.39166822 -14.62368984 -109.64149417 -99.58478224
-15.66653265 -99.64087778 -87.80235066 -20.27781952 -32.89759654 -23.50523790 -20.97998158 -33.34506663 -22.39637661 -14.72961429 -108.69868871 -98.49445637
-15.76707810 -98.54400657 -86.54606317 -20.33600359 -32.95191544 -23.51197250 -21.04117731 -33.40133732 -22.40096813 -14.83536353 -107.75500221 -97.40412423
-15.86670974 -97.44506649 -85.28931020 -20.39395259 -33.00550497 -23.51863226 -21.10217426 -33.45687715 -22.40545760 -14.94089289 -106.81049133 -96.31358855
-15.96611682 -96.34483961 -84.03235127 -20.45178292 -33.05817369 -23.52521122 -21.16292636 -33.51181982 -22.40986872 -15.04625150 -105.86512613 -95.22234446
-16.06522504 -95.22252256 -82.77511921 -20.50941007 -33.10974941 -23.53172832 -21.21597830 -33.56582540 -22.41410954 -15.15110549 -104.92052408 -94.13276327
-16.16482361 -94.09672087 -81.51541635 -20.52200659 -33.15891118 -23.53858606 -21.22732579 -33.61751325 -22.41854574 -15.25584163 -103.97711546 -93.04529652
-16.26423413 -92.96977489 -80.25560438 -20.52987777 -33.20722683 -23.54476858 -21.23874420 -33.66858995 -22.42297416 -15.35343552 -103.03355352 -91.95773302
-16.36339850 -91.84191120 -78.99599840 -20.53671542 -33.25480258 -23.55061615 -21.24999548 -33.71903888 -22.42745137 -15.43848259 -102.09017942 -90.86985329
-16.46233950 -90.71270138 -77.73616004 -20.54349916 -33.30169637 -23.55635858 -21.26121811 -33.76892293 -22.43183724 -15.52337692 -101.14597583 -89.78188921
-16.56118374 -89.56512410 -76.47588391 -20.55001954 -33.34794955 -23.56185224 -21.27097740 -33.81815724 -22.43594908 -15.60735153 -100.20214383 -88.69546957
-16.65977736 -88.41515321 -75.21584144 -20.55653663 -33.39353656 -23.56727272 -21.28030865 -33.86653581 -22.44001102 -15.69071487 -99.25678829 -87.60861894
-16.75819080 -87.26358021 -73.95400768 -20.56297229 -33.43846489 -23.57252650 -21.28961622 -33.91378514 -22.44385494 -15.77384111 -98.31115450 -86.52231582
-16.85636896 -86.11093775 -72.69193243 -20.56935116 -33.48271870 -23.57770466 -21.29889959 -33.96049267 -22.44762055 -15.85681169 -97.36466517 -85.43590655
-16.95431035 -84.95722806 -71.42961813 -20.57567320 -33.52629891 -23.58280687 -21.30815842 -34.00665975 -22.45130787 -15.93962675 -96.41731393 -84.34938714
-17.05201365 -83.80245123 -70.16706425 -20.58193805 -33.56920670 -23.58783278 -21.31739238 -34.05228795 -22.45491650 -16.02228566 -95.46909690 -83.26275624
-17.14947759 -82.64660749 -68.90427016 -20.58814530 -33.61144342 -23.59278202 -21.32660119 -34.09737894 -22.45844603 -16.10478777 -94.52001044 -82.17601262
-17.23578577 -81.49156023 -67.64197038 -20.59443821 -33.65291266 -23.59765048 -21.33570518 -34.14210484 -22.46193177 -16.18717141 -93.55511643 -81.08992261
-17.29352521 -80.33638961 -66.37661586 -20.60043700 -33.69357142 -23.60244950 -21.34461589 -34.18629962 -22.46495982 -16.26893031 -92.58879200 -80.00661273
-17.35106217 -79.18019486 -65.11094854 -20.60637677 -33.73356735 -23.60717703 -21.35347608 -34.22995986 -22.46790875 -16.35053562 -91.62167073 -78.92317974
-17.40840127 -78.02284539 -63.84491058 -20.61219520 -33.77289825 -23.61182545 -21.36199394 -34.27306966 -22.47077699 -16.43195629 -90.65388976 -77.83976640
-17.46552695 -76.86473005 -62.57895918 -20.61799399 -33.81156779 -23.61639910 -21.37050529 -34.31565955 -22.47358403 -16.51325437 -89.68307324 -76.75596253
-17.52252073 -75.68777506 -61.31394571 -20.62382474 -33.84950304 -23.62087344 -21.37901984 -34.35777891 -22.47605871 -16.59446166 -88.69874201 -75.67306044
-17.57930997 -74.50730598 -60.04905831 -20.62961562 -33.88677366 -23.62526623 -21.38751513 -34.39937932 -22.47844973 -16.67553356 -87.71364178 -74.58998579
-17.63589848 -73.32577681 -58.78375230 -20.63532550 -33.92339586 -23.62957763 -21.39598412 -34.44045689 -22.48073881 -16.75641508 -86.72800703 -73.50698027
-17.69227763 -72.14335279 -57.51823480 -20.64096439 -33.95937446 -23.63381070 -21.40429444 -34.48100067 -22.48295370 -16.83713889 -85.74145581 -72.42394227
-17.74764174 -70.96086686 -56.25354620 -20.64639590 -33.99471321 -23.63800617 -21.41230495 -34.52080115 -22.48548444 -16.88201157 -84.75778833 -71.34047910
-17.80247408 -69.77671909 -54.98760317 -20.65056927 -34.02937571 -23.64213035 -21.42036494 -34.56008860 -22.48785665 -16.92600268 -83.77443193 -70.25787019
-17.85656034 -68.59207683 -53.72165296 -20.65466874 -34.06339760 -23.64617008 -21.42841328 -34.59887103 -22.49015993 -16.96990195 -82.79023128 -69.17496545
-17.91044843 -67.40654575 -52.45547030 -20.65871127 -34.09679323 -23.64956215 -21.43643839 -34.63715253 -22.49230471 -17.01366303 -81.80536805 -68.09196198
-17.96413523 -66.22017622 -51.18918008 -20.66270031 -34.12956094 -23.65260057 -21.44444115 -34.67493756 -22.49440569 -17.05729670 -80.81975982 -67.00876405
-18.01762433 -65.03286942 -49.92268239 -20.66663207 -34.16170033 -23.65556566 -21.45242015 -34.71222620 -22.49642220 -17.10079417 -79.83349427 -65.92546828
-18.07091318 -63.84468070 -48.65594252 -20.67050494 -34.19321940 -23.65845822 -21.46037460 -34.74902098 -22.49835519 -17.14415329 -78.84657269 -64.84207464
-18.12400106 -62.65561122 -47.38895860 -20.67431801 -34.22412192 -23.66127803 -21.46830335 -34.78532535 -22.50020454 -17.18735550 -77.85900430 -63.75858451
-18.17689765 -61.46540368 -46.12145085 -20.67799820 -34.25441436 -23.66402565 -21.47583213 -34.82111515 -22.50196724 -17.22956117 -76.87136118 -62.67527752
-18.22959309 -60.27430858 -44.85368416 -20.68160332 -34.28409969 -23.66670083 -21.48299499 -34.85641316 -22.50364797 -17.27162658 -75.88307979 -61.59188575
-18.28208881 -59.08232154 -43.58564797 -20.68514937 -34.31318238 -23.66929978 -21.49013722 -34.89123405 -22.50525084 -17.31355600 -74.89415638 -60.50832219
-18.33434222 -57.89042510 -42.31856520 -20.68870934 -34.34167485 -23.67183938 -21.49726771 -34.92555052 -22.50693909 -17.35549806 -73.89529307 -59.42450150
-18.38635671 -56.69850948 -41.05230385 -20.69226246 -34.36958417 -23.67432038 -21.50438303 -34.95936116 -22.50869665 -17.39742293 -72.88577722 -58.34068314
-18.43816359 -55.50580933 -39.78588310 -20.69576241 -34.39690588 -23.67670930 -21.51147825 -34.99270721 -22.51030388 -17.43922322 -71.87562636 -57.25669951
-18.48976498 -54.31225082 -38.51920947 -20.69919930 -34.42364624 -23.67902189 -21.51855112 -35.02559139 -22.51181738 -17.48088321 -70.86492082 -56.17263005
-18.54116002 -53.11784033 -37.25228523 -20.70257342 -34.44980658 -23.68125988 -21.52560127 -35.05801525 -22.51324367 -17.52240315 -69.85365894 -55.08847130
-18.59235739 -51.92234574 -35.98472661 -20.70587359 -34.47539756 -23.68342277 -21.53262815 -35.08998340 -22.51441349 -17.56375800 -68.84207944 -54.00446938
-18.64333133 -50.72640731 -34.71733135 -20.70922775 -34.50042834 -23.68551871 -21.53867776 -35.12147031 -22.51550980 -17.60503978 -67.82954509 -52.91967151
-18.69409534 -49.52966237 -33.44972730 -20.71252592 -34.52490055 -23.68754013 -21.54461078 -35.15251098 -22.51652385 -17.64618319 -66.81642654 -51.83466700
-18.74483061 -48.32257536 -32.18199429 -20.71567111 -34.54873769 -23.68945242 -21.55028733 -35.18312895 -22.51730465 -17.68705931 -65.80368460 -50.75054292
-18.79546790 -47.10833148 -30.91447312 -20.71872589 -34.57196974 -23.69126803 -21.55584753 -35.21332843 -22.51793559 -17.72776119 -64.79073266 -49.66668954
-18.84590701 -45.89298641 -29.64626890 -20.72169491 -34.59466206 -23.69291215 -21.56139025 -35.24309435 -22.51824928 -17.76827867 -63.77759723 -48.58312568
-18.89613464 -44.67685452 -28.37776277 -20.72459712 -34.61682042 -23.69444039 -21.56691650 -35.27242902 -22.51840424 -17.80864998 -62.76396941 -47.49953034
-18.94614775 -43.45998373 -27.10901155 -20.72741977 -34.63845203 -23.69589457 -21.57242510 -35.30133636 -22.51847978 -17.84887624 -61.74980869 -46.41585628
-18.99594787 -42.24222482 -25.83984864 -20.73005381 -34.65956030 -23.69727627 -21.57790334 -35.32981791 -22.51846899 -17.88891660 -60.73527847 -45.33226375
-19.04553430 -41.02373118 -24.57043836 -20.73260591 -34.68014827 -23.69858387 -21.58303340 -35.35786264 -22.51838434 -17.92881089 -59.72022351 -44.24859504
-19.09490662 -39.80449308 -23.30076716 -20.73509424 -34.70022572 -23.69981510 -21.58814808 -35.38548424 -22.51817965 -17.96856095 -58.70465451 -43.16486054
-19.14406454 -38.58432051 -22.03074029 -20.73751122 -34.71980162 -23.70092758 -21.59324600 -35.41268538 -22.51776420 -18.00814802 -57.68873120 -42.08122384
-19.19006471 -37.43745191 -21.57630614 -20.75024824 -34.73863231 -23.70261854 -21.59963069 -35.44001837 -22.52844309 -18.06303031 -56.58248971 -40.90548775
-19.23359614 -36.32792503 -21.59283594 -20.76826523 -34.75683956 -23.70486120 -21.60669570 -35.46720985 -22.54533265 -18.12648983 -55.42892106 -39.68234906
-19.24297916 -36.17644931 -21.62047459 -20.79688574 -34.77433105 -23.70783614 -21.61495320 -35.49449534 -22.57375988 -18.20570496 -54.18178665 -38.36410816
-19.24837721 -36.18207024 -21.64995308 -20.82734400 -34.79133910 -23.71088218 -21.62309071 -35.52144439 -22.60407775 -18.28765787 -52.91671280 -37.02840304
-19.25306044 -36.18748983 -21.67920069 -20.85752748 -34.80791575 -23.71378869 -21.63120588 -35.54796365 -22.63399542 -18.36910088 -51.65121045 -35.69294249
-19.25767271 -36.19272292 -21.70832129 -20.88754166 -34.82406748 -23.71660947 -21.63930672 -35.57406460 -22.66367162 -18.45020777 -50.38451693 -34.35697348
-19.26225389 -36.19777817 -21.73736526 -20.91736044 -34.83972432 -23.71934008 -21.64743094 -35.59593558 -22.69307759 -18.53097130 -49.11652721 -33.02036848
-19.26680591 -36.20265870 -21.76635874 -20.94695794 -34.85484691 -23.72197227 -21.65559870 -35.61112995 -22.72218545 -18.61137338 -47.84723257 -31.68310365
-19.27133164 -36.20737419 -21.79519811 -20.97642205 -34.86725827 -23.72446497 -21.66374423 -35.62593476 -22.75102056 -18.69145375 -46.57679184 -30.34537487
-19.27583402 -36.21193948 -21.82386813 -21.00576514 -34.87335571 -23.72673322 -21.67165033 -35.64024969 -22.77955105 -18.77125992 -45.30377901 -29.00732141
-19.28011159 -36.21593517 -21.83694490 -21.03589641 -34.87979420 -23.73000889 -21.67921197 -35.65347951 -22.82237444 -18.85505008 -43.95220322 -27.60510914
-19.28422014 -36.21950210 -21.83796503 -21.06664117 -34.88639239 -23.73384330 -21.68699413 -35.66591677 -22.87514012 -18.94167459 -42.55071244 -26.15271498
-19.28828630 -36.22291423 -21.83849277 -21.08204561 -34.89161186 -23.73761204 -21.69538129 -35.67895225 -22.93008177 -19.04637145 -41.07436417 -24.62852911
-18.86533498 -35.63774796 -21.35455322 -21.00368566 -34.89175521 -23.61323949 -21.72235772 -35.69373053 -22.89272958 -19.23889886 -37.14187359 -22.49612397
-18.98294810 -35.81702094 -21.48632616 -21.05840928 -34.90242861 -23.71552827 -21.73199736 -35.69741121 -22.89253933 -19.24533209 -37.15449220 -22.49880811
-19.08202374 -36.01665743 -21.56824656 -21.05984439 -34.90660795 -23.73479704 -21.74084549 -35.70075938 -22.89190567 -19.25120144 -37.16595035 -22.50116957
-19.15858253 -36.18378058 -21.65130229 -21.06108761 -34.91081486 -23.73808429 -21.74925245 -35.70360890 -22.89130902 -19.25675570 -37.17668523 -22.50330937
-19.24876617 -36.22359285 -21.73630919 -21.06312926 -34.91483834 -23.74178780 -21.75691413 -35.70609364 -22.89180000 -19.26208918 -37.18635327 -22.50514996
-19.29507222 -36.22831310 -21.80696981 -21.06668955 -34.91836216 -23.74544717 -21.76385514 -35.70847419 -22.89357411 -19.26709668 -37.19497142 -22.50608188
-19.30190943 -36.23258871 -21.81103995 -21.07192797 -34.92163334 -23.74893889 -21.76987754 -35.71066638 -22.89710370 -19.27158319 -37.20244287 -22.50671488
-19.30832123 -36.23666601 -21.81493601 -21.07680165 -34.92462051 -23.75237139 -21.77573316 -35.71264712 -22.90008312 -19.27602926 -37.20966852 -22.50730661
-19.31470581 -36.24059361 -21.81866649 -21.08129777 -34.92104872 -23.75521151 -21.78157550 -35.71445072 -22.90307890 -19.28041796 -37.21661280 -22.50782272
-19.32079482 -36.24432205 -21.82216165 -21.08550351 -34.91677455 -23.75798687 -21.78742067 -35.71605036 -22.90594636 -19.28470903 -37.22331891 -22.50798027
-19.32672450 -36.24787605 -21.82544725 -21.08945682 -34.91219407 -23.76036823 -21.79291690 -35.71329936 -22.90863033 -19.28894762 -37.22976899 -22.50809788
-19.33213681 -36.25127192 -21.82876083 -21.09288388 -34.90726442 -23.76261192 -21.79795654 -35.70392520 -22.91016804 -19.29313348 -37.23593462 -22.50817181
-19.33740898 -36.25448408 -21.83195795 -21.09626662 -34.90212190 -23.76433775 -21.80288695 -35.69438643 -22.91150455 -19.29727432 -37.24186690 -22.50820429
-19.34231060 -36.25745448 -21.83481572 -21.09955110 -34.89675744 -23.76583086 -21.80773246 -35.68472883 -22.91276173 -19.30136356 -37.24756075 -22.50783897
-19.34676210 -36.26018050 -21.83760471 -21.10192460 -34.89124462 -23.76726252 -21.81256897 -35.67491929 -22.91395899 -19.30540009 -37.25301425 -22.50735757
-19.35104913 -36.26275005 -21.84025359 -21.10423545 -34.88551484 -23.76806835 -21.81681420 -35.66498524 -22.91476223 -19.30939052 -37.25810772 -22.50682601
-19.35531186 -36.26516585 -21.84286427 -21.10644491 -34.87953489 -23.76816978 -21.82096917 -35.65496890 -22.91500162 -19.31332990 -37.26299025 -22.50624759
-19.35954556 -36.26740485 -21.84545115 -21.10859757 -34.87073117 -23.76801276 -21.82509636 -35.64482381 -22.91482962 -19.31722295 -37.26767574 -22.50561686
-19.36331482 -36.26945373 -21.84756502 -21.11073714 -34.85543232 -23.76772287 -21.82916422 -35.63449242 -22.91444730 -19.32107130 -37.27217367 -22.50493951
-19.36695519 -36.27132685 -21.84959374 -21.11250137 -34.84000384 -23.76729938 -21.83326371 -35.62404044 -22.91398781 -19.32487259 -37.27648590 -22.50421926
-19.37049353 -36.27304103 -21.85160176 -21.11410041 -34.82440484 -23.76610787 -21.83732386 -35.61350047 -22.91343789 -19.32862469 -37.28059990 -22.50345587
-19.37399475 -36.27459426 -21.85353524 -21.11559649 -34.80866826 -23.76482208 -21.84137134 -35.60285478 -22.91279263 -19.33233327 -37.28453688 -22.50264967
-19.37745754 -36.27599815 -21.85524514 -21.11702923 -34.79279295 -23.76342499 -21.84540513 -35.59211204 -22.91208172 -19.33599601 -37.28829492 -22.50180110
-19.38088240 -36.27725852 -21.85640760 -21.11840950 -34.77676148 -23.76192553 -21.84932058 -35.58130071 -22.91120863 -19.33961040 -37.29186322 -22.50090677
-19.38427226 -36.27836896 -21.85752863 -21.11972460 -34.76058868 -23.76040001 -21.85320959 -35.57043329 -22.90974203 -19.34317618 -37.29525154 -22.49995192
-19.38762319 -36.27932556 -21.85858324 -21.12097055 -34.74429384 -23.75878618 -21.85708597 -35.55946938 -22.90816142 -19.34669776 -37.29847573 -22.49895465
-19.39093564 -36.28013195 -21.85951282 -21.12213293 -34.72788043 -23.75708493 -21.86094796 -35.54841278 -22.90649056 -19.35017545 -37.30153892 -22.49791588
-19.39422376 -36.28080504 -21.86039690 -21.12321276 -34.71136149 -23.75531649 -21.86487561 -35.53159591 -22.90461171 -19.35360497 -37.30440389 -22.49683120
-19.39748083 -36.28134110 -21.86122920 -21.12422229 -34.69473663 -23.75346975 -21.86883653 -35.51143416 -22.90256672 -19.35698723 -37.30709074 -22.49570217
-19.40069876 -36.28174662 -21.86183657 -21.12517655 -34.67799391 -23.75149859 -21.87259912 -35.49120483 -22.90041076 -19.36010467 -37.30961704 -22.49453328
-19.40386954 -36.28206021 -21.86235962 -21.12608213 -34.66116326 -23.74944615 -21.87613401 -35.47090069 -22.89816531 -19.36290202 -37.31199323 -22.49332721
-19.40699945 -36.28225081 -21.86281382 -21.12691049 -34.64423589 -23.74731182 -21.87965974 -35.45053475 -22.89582576 -19.36565922 -37.31422427 -22.49208005
-19.41008830 -36.28230976 -21.86321401 -21.12765474 -34.62720853 -23.74508970 -21.88311890 -35.43011580 -22.89338159 -19.36830299 -37.31630658 -22.49079244
-19.41313571 -36.28223931 -21.86356273 -21.12833537 -34.61008311 -23.74277404 -21.88650493 -35.40964578 -22.89081307 -19.37085388 -37.31824371 -22.48946323
-19.41614060 -36.28203533 -21.86385436 -21.12895689 -34.59196607 -23.74035082 -21.88987735 -35.38913103 -22.88815788 -19.37336527 -37.32004499 -22.48809372
-19.41908806 -36.28165513 -21.86408034 -21.12958269 -34.56717545 -23.73768912 -21.89323522 -35.36862189 -22.88543286 -19.37583788 -37.32172849 -22.48668435
-19.42199490 -36.28115378 -21.86425044 -21.13013760 -34.54232295 -23.73494038 -21.89657909 -35.34806329 -22.88261301 -19.37827066 -37.32327915 -22.48523466
-19.42452144 -36.28053381 -21.86437022 -21.13057176 -34.51740421 -23.73210214 -21.89992382 -35.32745856 -22.87968299 -19.38066315 -37.32469718 -22.48374292
-19.42688023 -36.27979921 -21.86443311 -21.13090882 -34.49242949 -23.72918031 -21.90326301 -35.30680597 -22.87666098 -19.38301622 -37.32598737 -22.48221070
-19.42920224 -36.27895139 -21.86444011 -21.13113867 -34.46739674 -23.72617222 -21.90658080 -35.28610947 -22.87354929 -19.38532953 -37.32715188 -22.48063897
-19.43148697 -36.27799352 -21.86438990 -21.13125690 -34.44231027 -23.72307903 -21.90987865 -35.26536927 -22.87034566 -19.38760333 -37.32819357 -22.47902758
-19.43373371 -36.27692703 -21.86428263 -21.13130669 -34.41717360 -23.71989899 -21.91316202 -35.24458771 -22.86704961 -19.38983704 -37.32911504 -22.47737681
-19.43594277 -36.27575559 -21.86411767 -21.13128549 -34.39198974 -23.71663245 -21.91643383 -35.22376595 -22.86365974 -19.39202240 -37.32991786 -22.47568669
-19.43810031 -36.27447965 -21.86389607 -21.13118280 -34.36675762 -23.71327892 -21.91968565 -35.20290717 -22.86017653 -19.39416478 -37.33060546 -22.47395778
-19.44021373 -36.27310654 -21.86360005 -21.13101830 -34.34148935 -23.70984115 -21.92266773 -35.18199710 -22.85659964 -19.39625696 -37.33117781 -22.47218848
-19.44229125 -36.27155305 -21.86323739 -21.13079038 -34.31618420 -23.70631693 -21.92554514 -35.16104735 -22.85292714 -19.39830576 -37.33163863 -22.47037995
-19.44434108 -36.26668883 -21.86275389 -21.13054921 -34.29093859 -23.70272184 -21.92835917 -35.14003876 -22.84914956 -19.40031914 -37.33200526 -22.46853846
-19.44635344 -36.26170585 -21.86221345 -21.13023834 -34.26565481 -23.69903887 -21.93116020 -35.11899819 -22.84527431 -19.40229315 -37.33226650 -22.46665863
-19.44832781 -36.25660629 -21.86161605 -21.12985335 -34.24033371 -23.69526786 -21.93394688 -35.09792831 -22.84130105 -19.40422739 -37.33242713 -22.46474031
-19.45026320 -36.25139166 -21.86096169 -21.12938800 -34.21497585 -23.69140881 -21.93671654 -35.07683167 -22.83722941 -19.40612174 -37.33249145 -22.46278373
-19.45216093 -36.24606595 -21.86024982 -21.12885371 -34.18958539 -23.68746137 -21.93947283 -35.05570747 -22.83305754 -19.40797655 -37.33245817 -22.46078926
-19.45402091 -36.24063162 -21.85948030 -21.12825004 -34.16416412 -23.68342538 -21.94221551 -35.03455712 -22.82878460 -19.40979177 -37.33232953 -22.45875712
-19.45583947 -36.23514275 -21.85865024 -21.12757883 -34.13871734 -23.67930219 -21.94494281 -35.01338109 -22.82440914 -19.41156759 -37.33210842 -22.45668763
-19.45761919 -36.22955876 -21.85776151 -21.12683333 -34.11324472 -23.67509188 -21.94765634 -34.99218027 -22.81992966 -19.41330395 -37.33179658 -22.45458042
-19.45936237 -36.22388746 -21.85681663 -21.12599652 -34.08773542 -23.67078892 -21.95036558 -34.97099473 -22.81535370 -19.41500586 -37.33045405 -22.45241922
-19.46107928 -36.21816710 -21.85581421 -21.12505497 -34.06219426 -23.66639506 -21.95311074 -34.94986465 -22.81068011 -19.41668050 -37.32674288 -22.45017393
-19.46275782 -36.21235250 -21.85475445 -21.12404616 -34.03662923 -23.66191095 -21.95583966 -34.92871619 -22.80590217 -19.41831508 -37.32292851 -22.44789262
-19.46439843 -36.20644833 -21.85363635 -21.12296778 -34.01104429 -23.65733818 -21.95855462 -34.90754864 -22.80101730 -19.41990990 -37.31901186 -22.44557438
-19.46600105 -36.20045690 -21.85245975 -21.12181940 -33.98544102 -23.65267672 -21.96125547 -34.88636320 -22.79602461 -19.42146495 -37.31499529 -22.44321940
-19.46756562 -36.19438048 -21.85122450 -21.12060059 -33.95982098 -23.64792654 -21.96394204 -34.86516106 -22.79092317 -19.42298019 -37.31088115 -22.44082787
-19.46909208 -36.18822133 -21.84993045 -21.11931092 -33.93418570 -23.64308761 -21.96661419 -34.84394337 -22.78571210 -19.42445564 -37.30667176 -22.43839998
-19.47058039 -36.18198166 -21.84857744 -21.11794997 -33.90853668 -23.63815994 -21.96927174 -34.82271129 -22.78039048 -19.42589129 -37.30236942 -22.43593592
-19.47202498 -36.17564031 -21.84715017 -21.11650807 -33.88285417 -23.63313576 -21.97196785 -34.79953267 -22.77494497 -19.42729191 -37.29800397 -22.43343393
-19.47342784 -36.16920875 -21.84566139 -21.11500032 -33.85714775 -23.62801416 -21.97463580 -34.77614974 -22.76940013 -19.42865313 -37.29356073 -22.43090049
-19.47479396 -36.16270863 -21.84411333 -21.11341656 -33.83143744 -23.62280684 -21.97729731 -34.75274353 -22.76373616 -19.42997448 -37.28902702 -22.42832904
-19.47612102 -36.15613523 -21.84250679 -21.11173104 -33.80571583 -23.61751099 -21.97993969 -34.72930249 -22.75795964 -19.43125656 -37.28441044 -22.42572211
-19.47740959 -36.14949222 -21.84084173 -21.10995843 -33.77998719 -23.61212681 -21.98256512 -34.70583941 -22.75206853 -19.43249900 -37.27971157 -22.42307958
-19.47865978 -36.14278108 -21.83911823 -21.10811455 -33.75425323 -23.60665354 -21.98517457 -34.68236160 -22.74606235 -19.43370161 -37.27493275 -22.42040194
-19.47981631 -36.13599885 -21.83733693 -21.10620209 -33.72851431 -23.60109055 -21.98776591 -34.65887094 -22.73994095 -19.43486459 -37.27007797 -22.41769005
-19.48090178 -36.12915088 -21.83549662 -21.10421761 -33.70277342 -23.59543886 -21.99034289 -34.63534934 -22.73370284 -19.43598789 -37.26514808 -22.41494300
-19.48195036 -36.12223993 -21.83359744 -21.10216076 -33.67703051 -23.58969795 -21.99290286 -34.61181662 -22.72734742 -19.43707147 -37.26014492 -22.41216171
-19.48296198 -36.11526888 -21.83163910 -21.10003061 -33.65128756 -23.58386838 -21.99544638 -34.58827323 -22.72087341 -19.43811528 -37.25506985 -22.40934605
-19.48393664 -36.10823958 -21.82962145 -21.09782676 -33.62554572 -23.57795024 -21.99797326 -34.56472031 -22.71428001 -19.43911935 -37.24992484 -22.40649624
-19.48487430 -36.10115388 -21.82754435 -21.09554883 -33.59980615 -23.57194366 -22.00048331 -34.54115896 -22.70756642 -19.44008372 -37.24471184 -22.40361249
-19.48577477 -36.09401290 -21.82540753 -21.09319634 -33.57406976 -23.56584841 -22.00297702 -34.51757989 -22.70073258 -19.44100845 -37.23943339 -22.40069502
-19.48663825 -36.08681917 -21.82321096 -21.09076891 -33.54833797 -23.55966502 -22.00545384 -34.49399290 -22.69377694 -19.44189352 -37.23409069 -22.39774396
-19.48746468 -36.07957425 -21.82095454 -21.08826633 -33.52261164 -23.55339357 -22.00791313 -34.47040041 -22.68669890 -19.44273900 -37.22868573 -22.39475965
-19.48825457 -36.07228177 -21.81863823 -21.08568731 -33.49689259 -23.54703484 -22.01035785 -34.44680296 -22.67949712 -19.44351538 -37.22321716 -22.39174216
-19.48900753 -36.06494198 -21.81626195 -21.08303214 -33.47118064 -23.54058822 -22.01278709 -34.42320297 -22.67217164 -19.44421346 -37.21768761 -22.38869242
-19.48972361 -36.05755676 -21.81382549 -21.08030046 -33.44547774 -23.53405439 -22.01519880 -34.39959995 -22.66472125 -19.44487370 -37.21210063 -22.38560979
-19.49040266 -36.05012712 -21.81132871 -21.07749223 -33.41978435 -23.52743327 -22.01759226 -34.37599534 -22.65714556 -19.44549605 -37.20645853 -22.38249473
-19.49104463 -36.04265450 -21.80877148 -21.07460709 -33.39410148 -23.52072497 -22.01996756 -34.35238639 -22.64944418 -19.44608057 -37.20076316 -22.37934746
-19.49164954 -36.03514057 -21.80615369 -21.07164467 -33.36843013 -23.51392973 -22.02232462 -34.32877397 -22.64161550 -19.44662729 -37.19501615 -22.37616815
-19.49221742 -36.02758687 -21.80347525 -21.06860474 -33.34277099 -23.50704794 -22.02466273 -34.30516258 -22.63366138 -19.44713628 -37.18921911 -22.37295713
-19.49274828 -36.01999498 -21.80073606 -21.06548700 -33.31712497 -23.50007981 -22.02698174 -34.28155306 -22.62557853 -19.44760759 -37.18337368 -22.36971461
-19.49324214 -36.01236636 -21.79793603 -21.06229114 -33.29149290 -23.49302563 -22.02928141 -34.25794629 -22.61736728 -19.44804128 -37.17748147 -22.36644082
-19.49369134 -36.00308342 -21.79507222 -21.05903323 -33.26588750 -23.48588424 -22.03153305 -34.23432431 -22.60902910 -19.44844304 -37.17158091 -22.36314187
-19.49409659 -35.99230100 -21.79214473 -21.05571038 -33.24030833 -23.47865599 -22.03373907 -34.21068943 -22.60056393 -19.44881229 -37.16567013 -22.35981757
-19.49446475 -35.98147234 -21.78915560 -21.05230790 -33.21474498 -23.47134192 -22.03592443 -34.18705989 -22.59196953 -19.44914436 -37.15971819 -22.35646302
-19.49479591 -35.97059934 -21.78610483 -21.04882535 -33.18919854 -23.46394256 -22.03808909 -34.16343602 -22.58324536 -19.44943921 -37.15372643 -22.35307784
-19.49509005 -35.95968345 -21.78299234 -21.04526248 -33.16366954 -23.45645817 -22.04023273 -34.13981888 -22.57439115 -19.44969691 -37.14769631 -22.34966288
-19.49535556 -35.94877746 -21.77982381 -21.04165176 -33.13632753 -23.44890146 -22.04235426 -34.11620290 -22.56539004 -19.44991391 -37.14159593 -22.34622091
-19.49558076 -35.93781162 -21.77659059 -21.03797704 -33.10865537 -23.44125261 -22.04444255 -34.09260298 -22.55625965 -19.45009613 -37.13546689 -22.34275743
-19.49575546 -35.92531240 -21.77324590 -21.03423926 -33.08103138 -23.43353349 -22.04648584 -34.06899113 -22.54699780 -19.45024578 -37.12933058 -22.33926988
-19.49588872 -35.91226015 -21.76982295 -21.03042569 -33.05343608 -23.42573509 -22.04850121 -34.04538238 -22.53760658 -19.45035946 -37.12316765 -22.33574497
-19.49598435 -35.89918341 -21.76633719 -21.02653068 -33.02585482 -23.41785254 -22.05049290 -34.02178747 -22.52808705 -19.45043676 -37.11697444 -22.33218356
-19.49605965 -35.88620524 -21.76279949 -21.02253266 -32.99826848 -23.40989242 -22.05250523 -33.99824439 -22.51842941 -19.45047406 -37.10835791 -22.32859051
-19.49610139 -35.87323409 -21.75919555 -21.01844843 -32.97069759 -23.40185521 -22.05450488 -33.97472044 -22.50863701 -19.45047394 -37.09918562 -22.32496815
-19.49610650 -35.86024584 -21.75552961 -21.01428293 -32.94314339 -23.39373489 -22.05648327 -33.95120751 -22.49873288 -19.45043749 -37.08997634 -22.32131694
-19.49607427 -35.84723596 -21.75180131 -21.01003623 -32.91561246 -23.38552988 -22.05844047 -33.92759441 -22.48872630 -19.45036496 -37.08073575 -22.31763694
-19.49599784 -35.83414043 -21.74800678 -21.00571182 -32.88815745 -23.37724169 -22.06038381 -33.90227386 -22.47860977 -19.45025715 -37.07151380 -22.31392304
-19.49588497 -35.82103029 -21.74415044 -21.00130517 -32.86072428 -23.36887255 -22.06230356 -33.87696485 -22.46836549 -19.45011314 -37.06225928 -22.31018177
-19.49573578 -35.80790680 -21.74023234 -20.99681614 -32.83331378 -23.36042371 -22.06419964 -33.85166792 -22.45799356 -19.44993302 -37.05297335 -22.30641330
-19.49555032 -35.79477091 -21.73625247 -20.99224465 -32.80592661 -23.35189567 -22.06607176 -33.82638373 -22.44749424 -19.44971686 -37.04365732 -22.30261788
-19.49532844 -35.78162373 -21.73221073 -20.98759064 -32.77856126 -23.34328673 -22.06792020 -33.80111458 -22.43688993 -19.44946493 -37.03431247 -22.29879550
-19.49507413 -35.76849482 -21.72811034 -20.98284932 -32.75120885 -23.33459395 -22.06976063 -33.77588418 -22.42622665 -19.44917359 -37.02429723 -22.29492551
-19.49480045 -35.75547003 -21.72396321 -20.97803528 -32.72387561 -23.32583049 -22.07141806 -33.75071497 -22.41544480 -19.44881725 -37.01286236 -22.29097879
-19.49449087 -35.74243797 -21.71975503 -20.97313928 -32.69656839 -23.31699033 -22.07305229 -33.72556072 -22.40454329 -19.44842504 -37.00141505 -22.28700607
-19.49414513 -35.72939832 -21.71548545 -20.96816147 -32.66928565 -23.30807119 -22.07466585 -33.70042301 -22.39355022 -19.44799750 -36.98995756 -22.28300746
-19.49376283 -35.71635066 -21.71115409 -20.96310190 -32.64202622 -23.29907203 -22.07625855 -33.67530309 -22.38248669 -19.44753502 -36.97849213 -22.27898342
-19.49334464 -35.70329723 -21.70676138 -20.95796045 -32.61479400 -23.28999760 -22.07782906 -33.65020018 -22.37131011 -19.44703726 -36.96701819 -22.27493447
-19.49289054 -35.69023843 -21.70230727 -20.95273717 -32.58758932 -23.28084851 -22.07937699 -33.62511486 -22.36002142 -19.44650440 -36.95553703 -22.27086100
-19.49240058 -35.67717510 -21.69779187 -20.94743217 -32.56041236 -23.27162412 -22.08090255 -33.60004730 -22.34863589 -19.44593659 -36.94404967 -22.26676286
-19.49187438 -35.66410660 -21.69321502 -20.94204704 -32.53326224 -23.26232197 -22.08240613 -33.57499727 -22.33719179 -19.44533425 -36.93255857 -22.26263977
-19.49130601 -35.65101727 -21.68857376 -20.93666153 -32.50613721 -23.25294860 -22.08387015 -33.54996428 -22.32564350 -19.44470023 -36.92108071 -22.25849594
-19.49070112 -35.63793594 -21.68387285 -20.93128416 -32.47903911 -23.24350719 -22.08529728 -33.52495176 -22.31398953 -19.44403197 -36.90959022 -22.25432689
-19.49007876 -35.62143945 -21.67911026 -20.92587328 -32.45189707 -23.23398810 -22.08668757 -33.50005302 -22.30221751 -19.44333466 -36.89806082 -22.25015786
-19.48942493 -35.60389545 -21.67429381 -20.92039155 -32.42476279 -23.22439102 -22.08805187 -33.47519880 -22.29038931 -19.44260563 -36.88652638 -22.24597359
-19.48873549 -35.58632355 -21.66941591 -20.91484122 -32.39765905 -23.21472454 -22.08939133 -33.45036502 -22.27846740 -19.44184291 -36.87499001 -22.24176697
-19.48801001 -35.56872213 -21.66447529 -20.90922251 -32.37058536 -23.20498970 -22.09070446 -33.42555405 -22.26644457 -19.44104686 -36.86345409 -22.23753915
-19.48724875 -35.55109268 -21.65947240 -20.90353562 -32.34354246 -23.19518737 -22.09199124 -33.40076572 -22.25432213 -19.44021752 -36.85191871 -22.23329014
-19.48646004 -35.53348995 -21.65442166 -20.89777983 -32.31657331 -23.18531897 -22.09328140 -33.37479799 -22.24213817 -19.43935741 -36.83861924 -22.22900916
-19.48564770 -35.51593722 -21.64933217 -20.89195615 -32.28969811 -23.17538674 -22.09458257 -33.34736066 -22.22989461 -19.43846919 -36.82266921 -22.22469084
-19.48480059 -35.49836146 -21.64418275 -20.88606592 -32.26285293 -23.16538873 -22.09585753 -33.31994345 -22.21755760 -19.43754880 -36.80669665 -22.22035097
-19.48391862 -35.48076195 -21.63897466 -20.88011004 -32.23604042 -23.15532553 -22.09710524 -33.29254603 -22.20512861 -19.43659554 -36.79070366 -22.21598983
-19.48300189 -35.46313914 -21.63370711 -20.87408813 -32.20926136 -23.14519729 -22.09832547 -33.26516816 -22.19261529 -19.43560947 -36.77469101 -22.21160738
-19.48205096 -35.44549538 -21.62838244 -20.86800098 -32.18251950 -23.13500140 -22.09951942 -33.23780504 -22.18005781 -19.43459035 -36.75865780 -22.20720165
-19.48106543 -35.42782888 -21.62299888 -20.86184860 -32.15581119 -23.12474247 -22.10068484 -33.21046326 -22.16741370 -19.43353878 -36.74260654 -22.20277544
-19.48004599 -35.41014260 -21.61755949 -20.85563176 -32.12913894 -23.11441772 -22.10182512 -33.18313470 -22.15478246 -19.43245446 -36.72653561 -22.19832732
-19.47899093 -35.39242739 -21.61206054 -20.84935142 -32.10249090 -23.10407765 -22.10293587 -33.15583121 -22.14209828 -19.43133918 -36.71045407 -22.19386360
-19.47790377 -35.37469488 -21.60650659 -20.84300709 -32.07588321 -23.09367502 -22.10401799 -33.12854368 -22.12934338 -19.43019101 -36.69435213 -22.18937837
-19.47678392 -35.35694365 -21.60089675 -20.83659900 -32.04931386 -23.08321197 -22.10507065 -33.10127467 -22.11651642 -19.42901044 -36.67823210 -22.18487262
-19.47563029 -35.33917107 -21.59522914 -20.83012727 -32.02277934 -23.07269154 -22.10609257 -33.07402909 -22.10361455 -19.42779820 -36.66209741 -22.18034777
-19.47444301 -35.32137773 -21.58950406 -20.82359221 -31.99627998 -23.06211455 -22.10708338 -33.04680722 -22.09063909 -19.42655442 -36.64594835 -22.17580401
-19.47322221 -35.30356391 -21.58372174 -20.81699417 -31.96981601 -23.05148178 -22.10804260 -33.01960946 -22.07759130 -19.42527924 -36.62978547 -22.17124160
-19.47197001 -35.28574351 -21.57788937 -20.81033888 -31.94303640 -23.04079686 -22.10897378 -32.99243907 -22.06450904 -19.42397077 -36.61359422 -22.16665785
-19.46970543 -34.95533535 -21.56581047 -20.80324485 -31.91769366 -23.03010328 -22.10432454 -32.96493654 -22.05196964 -19.42105924 -36.60682380 -22.16413840
-19.46954703 -34.96070441 -21.56021316 -20.79746658 -31.89015206 -23.01934590 -22.10597502 -32.93761192 -22.03880399 -19.42207024 -36.59114190 -22.15947425
-19.46760503 -34.64621922 -21.54836291 -20.79017503 -31.86415664 -23.00843643 -22.10160238 -32.91053118 -22.02607248 -19.41936838 -36.58398162 -22.15687379
-19.46720353 -34.64876346 -21.54260113 -20.78398822 -31.83659998 -22.99756863 -22.10313425 -32.88326817 -22.01278027 -19.42012452 -36.56810632 -22.15222823
-19.46604004 -34.64367658 -21.53670642 -20.77693536 -31.80889898 -22.98665189 -22.10475062 -32.85608098 -21.99939492 -19.41921395 -36.55186170 -22.14752907
-19.46468873 -34.63863583 -21.53079333 -20.76983744 -31.78122524 -22.97569794 -22.10602381 -32.82890081 -21.98593228 -19.41770100 -36.53546716 -22.14278328
-19.46331028 -34.63354176 -21.52482991 -20.76268253 -31.75358849 -22.96468276 -22.10724590 -32.80174704 -21.97240878 -19.41615615 -36.51905880 -22.13801891
-19.46154629 -34.33294509 -21.51293550 -20.75487127 -31.72692338 -22.95330004 -22.10294617 -32.77517458 -21.95928900 -19.41349459 -36.51162695 -22.13530805
-19.46105080 -34.33228122 -21.50683682 -20.74819129 -31.69808526 -22.94214868 -22.10423218 -32.74795387 -21.94572036 -19.41389541 -36.49568154 -22.13071211
-19.45952519 -34.32746737 -21.50069649 -20.74085083 -31.66779576 -22.93101394 -22.10536871 -32.72076257 -21.93204284 -19.41244831 -36.47937875 -22.12591775
-19.45778288 -34.32271102 -21.49453557 -20.73346422 -31.63749827 -22.91997455 -22.10610275 -32.69358424 -21.91826833 -19.41078282 -36.46294546 -22.12109179
-19.45600633 -34.31791909 -21.48832920 -20.72603829 -31.60723519 -22.90889218 -22.10663688 -32.66640206 -21.90443763 -19.40908120 -36.44648021 -22.11624385
-19.45420026 -34.31307697 -21.48208144 -20.71856018 -31.57701053 -22.89776696 -22.10710494 -32.63922598 -21.89055520 -19.40734699 -36.42999517 -22.11137610
-19.45272691 -34.01862485 -21.47001762 -20.71012730 -31.54554858 -22.88567628 -22.10277712 -32.61318863 -21.87735146 -19.40466253 -36.42229429 -22.10850715
-19.45200716 -34.01024950 -21.46348055 -20.70287284 -31.51519811 -22.87433849 -22.10378842 -32.58614810 -21.86363574 -19.40475771 -36.40642257 -22.10406301
-19.45028743 -34.00039063 -21.45697497 -20.69509960 -31.48490801 -22.86300157 -22.10458760 -32.55910505 -21.84979748 -19.40312080 -36.39014037 -22.09923654
-19.44843035 -33.99052428 -21.45045535 -20.68731634 -31.45466782 -22.85163974 -22.10490434 -32.53208634 -21.83589814 -19.40128989 -36.37372297 -22.09436836
-19.44652223 -33.98744603 -21.44662563 -20.67607905 -31.42477569 -22.84100416 -22.10636748 -32.50686867 -21.82177526 -19.39953292 -36.07497922 -22.08389394
-19.44603706 -33.97116757 -21.43987494 -20.67155844 -31.39430905 -22.82953041 -22.10827466 -32.48039499 -21.80770847 -19.39836771 -36.07672328 -22.07928823
-19.44806206 -33.63686823 -21.42973168 -20.66442763 -31.36248238 -22.81769165 -22.11036099 -32.45669496 -21.79383821 -19.39918539 -35.78024535 -22.07103922
-19.44600424 -33.63824068 -21.42299969 -20.65650409 -31.33200056 -22.80608338 -22.11146783 -32.42906010 -21.77975691 -19.39736140 -35.79198710 -22.06692264
-19.44398981 -33.63508637 -21.41626139 -20.64850711 -31.30167848 -22.79448195 -22.11168840 -32.39969726 -21.76560739 -19.39535368 -35.78858427 -22.06223546
-19.44216889 -33.62283155 -21.40934291 -20.64955909 -30.46431559 -22.77623627 -22.12074984 -31.66500445 -21.74728687 -19.39374476 -35.77632760 -22.05818349
-19.44009191 -33.28988692 -21.39028253 -20.66185034 -28.52901945 -22.73934268 -22.11354815 -31.71137796 -21.72263022 -19.36446491 -35.75616966 -22.00458330
-19.43778325 -33.28633789 -21.38294492 -20.65291744 -28.67684550 -22.73257089 -22.11308889 -31.73542046 -21.71420399 -19.38965543 -35.76738834 -22.04742674
-19.43660608 -33.28391517 -21.37839087 -20.64334214 -28.77411563 -22.72914075 -22.12157739 -31.40536959 -21.70308594 -19.39095001 -35.49299721 -22.04292759
