0.00000000
0.00102464
0.00202464
0.00302464
0.00402464
0.00502464
0.00602464
0.00702464
0.00802464
0.00902464
0.01002464
0.01102464
0.01202464
0.01302464
0.01402464
0.01502464
0.01602464
0.01702464
0.01802464
0.01902464
0.02002464
0.02102464
0.02202464
0.02302464
0.02402464
0.02502464
0.02602464
0.02702464
0.02802464
0.02902464
0.03002464
0.03102464
0.03202464
0.03302464
0.03402464
0.03502464
0.03602464
0.03702464
0.03802464
0.03902464
0.04002464
0.04102464
0.04202464
0.04302464
0.04402464
0.04502464
0.04602464
0.04702464
0.04802464
0.04902464
0.05002464
0.05102464
0.05202464
0.05302464
0.05402464
0.05502464
0.05602464
0.05702464
0.05802464
0.05902464
0.06002464
0.06102464
0.06202464
0.06302464
0.06402464
0.06502464
0.06602464
0.06702464
0.06802464
0.06902464
0.07002464
0.07102464
0.07202464
0.07302464
0.07402464
0.07502464
0.07602464
0.07702464
0.07802464
0.07902464
0.08002464
0.08102464
0.08202464
0.08302464
0.08402464
0.08502464
0.08602464
0.08702464
0.08802464
0.08902464
0.09002464
0.09102464
0.09202464
0.09302464
0.09402464
0.09502464
0.09602464
0.09702464
0.09802464
0.09902464
0.10002464
