0.00000000 0.00000000 0.00000000 0.00000000 0.00000000 0.00000000 0.00000000 0.00000000 0.00000000 0.00000000 0.00000000 0.00000000
2.13508055 2.89019730 2.05714370 -10.53676598 -9.72747122 -24.22012435 -22.64253753 -2.69565797 -15.63461109 -14.85282011 -6.73459060 -23.27466606
0.72356824 0.83494210 0.56144466 -27.60355578 -16.49792443 -41.15020700 -31.55889347 -9.36201461 -29.52487766 -24.84880906 -8.83002791 -39.00486838
-0.57965063 -1.26699054 -0.82347557 -43.70403432 -22.47423163 -56.61951568 -39.80066656 -15.90306081 -42.32383012 -34.28893996 -10.87525357 -53.83315648
-1.64616299 -3.41146080 -1.87953753 -58.87182213 -27.56553364 -70.92829594 -47.64487338 -21.95260048 -53.87328531 -43.30276755 -12.73537710 -67.78874700
-2.34611863 -5.24489291 -2.50727049 -72.85230576 -31.82643980 -84.22665596 -55.15732422 -27.28560274 -64.27099518 -51.97403700 -14.48241353 -80.85255202
-2.87657421 -7.03987757 -2.98168486 -85.40558302 -35.61185061 -96.61837172 -62.24643037 -31.98009945 -73.70729373 -60.22380848 -16.06631337 -93.00606626
-3.31482843 -8.69362572 -3.37551438 -96.65696903 -38.99124795 -108.12864583 -68.82609724 -36.23891259 -82.22561286 -68.03503165 -17.64807578 -104.18355377
-3.75618189 -10.25521666 -3.77275725 -106.68798507 -42.24619136 -118.74709867 -74.96340353 -40.02596959 -89.82456801 -75.43465187 -19.11175143 -114.34228768
-4.20126576 -11.77114275 -4.14944910 -115.45635447 -45.37222819 -128.39170088 -80.61767812 -43.57839377 -96.49594909 -82.40313367 -20.53814221 -123.39733329
-4.63967091 -13.23983265 -4.52239321 -122.89637033 -48.34236295 -137.03892668 -85.82545147 -47.00425499 -102.23688154 -88.87352854 -21.97887223 -131.31318220
-5.09609393 -14.67911394 -4.93211424 -128.94191062 -51.37056365 -144.62031526 -90.42293199 -50.30004453 -107.00759509 -94.69512794 -23.39657488 -138.01280754
-5.59955514 -16.09040013 -5.40665504 -133.62294108 -54.46981857 -151.04180970 -94.25561249 -53.60584697 -110.69157022 -99.98210708 -24.81813128 -143.38678430
-6.19116948 -17.54274678 -5.96425862 -136.44705211 -57.71099573 -156.21322480 -96.64301735 -57.03556012 -113.07006891 -104.22314936 -26.29177554 -147.32747822
-6.89435948 -19.09752469 -6.67192394 -137.12002080 -61.20120678 -160.04752048 -97.64699853 -60.77014283 -111.75436907 -107.48906455 -27.78125126 -149.60133891
-7.86488359 -20.83718244 -7.68504746 -131.62782150 -64.83164481 -158.71047406 -98.67668306 -64.61539626 -110.46440822 -111.02949670 -29.47652141 -145.92407150
-8.86872155 -22.55683560 -8.77524589 -126.06390243 -68.43750903 -155.65350397 -99.59401549 -68.33629600 -109.14240799 -114.38158201 -31.18994802 -141.31549865
-9.98773252 -24.35913282 -9.94290935 -118.78196201 -70.90607624 -152.30668687 -98.75883946 -72.23801587 -107.54211932 -115.43995329 -32.97714042 -136.51060253
-11.17959843 -26.14135762 -11.18809065 -111.92968762 -73.14165736 -147.71996626 -96.59880421 -74.66775236 -104.72158717 -114.63370540 -34.80455699 -131.52692310
-12.30280156 -27.87110333 -12.24738387 -105.09502006 -75.35751471 -142.89680025 -94.20177238 -76.97441123 -101.69526693 -113.51509200 -36.61956515 -126.48515539
-13.09504338 -29.57131172 -12.93908636 -98.33802625 -77.45422088 -137.92913571 -91.45749148 -79.24427950 -98.61641120 -111.92035196 -38.43543252 -121.40255979
-13.72114693 -31.26904872 -13.64422046 -91.44568040 -78.53004249 -132.71386795 -88.45354170 -81.44465234 -95.47975955 -109.83163573 -40.26463094 -116.23594880
-14.36533629 -32.96999567 -14.35348920 -84.41322897 -79.46322332 -127.09264643 -85.20522401 -83.31487418 -92.12843574 -107.01554824 -42.09568646 -110.96254690
-15.03606276 -34.68759971 -15.08052675 -77.28934460 -80.37961510 -121.17753462 -81.65760795 -84.15539353 -88.45004948 -103.79230495 -43.92631571 -105.25271345
-15.71242889 -36.40388755 -15.81442544 -70.12301644 -81.22578736 -115.17204222 -78.04723126 -84.82448628 -84.29419274 -100.46325809 -45.75274631 -99.31716903
-16.38762753 -38.10767242 -16.54436353 -62.91506894 -81.92544031 -109.13997106 -74.41738464 -85.37040252 -80.11448509 -97.04608356 -47.56584896 -93.35482213
-17.03413650 -39.82745839 -17.17167715 -55.97568338 -82.58331489 -103.05858388 -71.75655373 -85.88370072 -75.88646240 -94.56140424 -48.70984537 -87.21184157
-17.52949845 -40.63124233 -17.74728350 -49.85846682 -82.96363108 -96.90274045 -71.44793643 -86.36191253 -71.59952460 -94.12542287 -49.48305456 -81.00958802
-18.01179923 -41.11095785 -18.33942105 -44.00787976 -83.20172224 -90.41794558 -71.13448893 -86.65687091 -67.07487651 -93.66684299 -50.17327855 -74.28544610
-18.49903803 -41.58411538 -18.75572736 -38.10507458 -83.36378945 -83.92214483 -70.80530317 -86.75504374 -62.51670018 -93.17379029 -50.73086907 -67.48068998
-18.85184807 -42.06626983 -19.14930470 -32.15284213 -83.47229598 -77.39037758 -70.45092908 -86.77968191 -57.92889380 -92.63469996 -50.77510191 -60.59969196
-19.15581027 -42.53965366 -19.53972977 -26.19128526 -83.43360536 -70.80967744 -70.07847246 -86.77096310 -53.29573668 -92.04949333 -50.73260768 -53.68384955
-19.42357794 -43.01320180 -19.92155048 -20.14540882 -83.31515884 -64.24361717 -69.67767511 -86.71658155 -48.67593927 -91.41368109 -50.66420752 -46.78967405
-19.71946316 -43.46316412 -20.25819247 -14.01896247 -83.20038461 -57.66442563 -69.01782846 -86.58366177 -48.95068852 -90.56782783 -50.57231643 -40.19942339
-20.00862678 -43.88772544 -20.58727953 -7.82961012 -83.06869611 -51.07141423 -68.33765394 -86.34312713 -49.21071525 -89.60653502 -50.45560491 -33.60377270
-20.37808085 -44.29884877 -20.82141224 -1.67347297 -82.95747114 -46.50205239 -66.94523473 -86.13598727 -49.42214564 -87.35379622 -50.34869580 -27.76917903
-20.60068730 -44.68609815 -20.87437046 3.07056386 -82.79664258 -46.43299637 -66.51389319 -85.88987024 -49.42443818 -86.79948959 -50.26971248 -27.70286748
-20.63144283 -44.96084133 -20.90895624 3.12095206 -82.62882531 -46.35396622 -66.27086062 -85.64847545 -49.42369740 -86.45052387 -50.16993285 -27.61850702
-20.65246020 -45.04890487 -20.94397334 3.16050107 -82.45805751 -46.27170387 -66.08183184 -85.40200681 -49.41693279 -86.15291375 -50.06795349 -27.52763076
-20.67225038 -45.01120150 -20.97797276 3.20479693 -82.28335810 -46.18671516 -65.86484086 -85.14997987 -49.39798084 -85.82438107 -49.96471450 -27.43061187
-20.69170811 -44.95998252 -21.00546804 3.24529426 -82.10489286 -46.09850899 -65.65589201 -84.86546894 -49.37087663 -85.50444218 -49.85993394 -27.32826409
-20.70964539 -44.90114491 -21.03273348 3.28365220 -81.88665490 -46.00993305 -65.44854942 -84.53295789 -49.32547491 -85.18733883 -49.75432113 -27.22151827
-20.72689549 -44.83038658 -21.05998416 3.32228893 -81.61390210 -45.92161090 -65.24162568 -84.16583841 -49.24801752 -84.86716037 -49.64803069 -27.11121717
-20.73775764 -44.75703683 -21.08682122 3.36228270 -81.33119201 -45.83180734 -65.02854312 -83.78116509 -49.15803424 -84.53942667 -49.54166939 -26.99450282
-20.74683826 -44.67875697 -21.11289871 3.40322140 -81.02401315 -45.74176774 -64.81430331 -83.37020307 -49.06384357 -84.20712525 -49.43449119 -26.87260917
-20.75535996 -44.59156772 -21.13837940 3.44653391 -80.67401738 -45.65142773 -64.59887417 -82.93227189 -48.96493854 -83.87143298 -49.32615528 -26.74755452
-20.76353127 -44.49500637 -21.16344044 3.49035359 -80.27574818 -45.55997361 -64.38281979 -82.46655110 -48.86000960 -83.53318822 -49.21700488 -26.62201927
-20.77080687 -44.38712560 -21.18655263 3.53545700 -79.84606016 -45.46910528 -64.16602689 -81.97057251 -48.74945995 -83.19176103 -49.10632644 -26.49609088
-20.77643988 -44.26913294 -21.20698825 3.58214016 -79.39266893 -45.37927595 -63.95929790 -81.44386658 -48.63258008 -82.85634333 -48.99530118 -26.37006721
-20.78118590 -44.14745437 -21.22646493 3.62562420 -78.91945505 -45.28996973 -63.75747592 -80.87330555 -48.51006562 -82.52925482 -48.88419028 -26.24398277
-20.78440810 -44.02501049 -21.24455069 3.66935171 -78.42007370 -45.20086943 -63.55446622 -80.26208632 -48.38222328 -82.20058278 -48.77259977 -26.11750684
-20.78503492 -43.90180429 -21.26116785 3.71295412 -77.90104209 -45.11197523 -63.35003267 -79.54584616 -48.25020776 -81.87409556 -48.65997234 -25.99057897
-20.78375583 -43.77792994 -21.27682138 3.75326521 -77.30073379 -45.02465785 -63.16343898 -78.74996507 -48.11182567 -81.58408216 -48.54680402 -25.86311475
-20.78085689 -43.65443373 -21.29147285 3.79766634 -76.64095824 -44.93892758 -62.98626368 -77.92328130 -47.96591992 -81.29920652 -48.43269523 -25.73502333
-20.77546649 -43.53072302 -21.30453143 3.84857341 -75.95006693 -44.85375808 -62.81960707 -77.10175635 -47.81921196 -81.02097068 -48.31754245 -25.60686704
-20.76678956 -43.40720545 -21.31567001 3.90014653 -75.22459283 -44.76906974 -62.64917914 -76.54657024 -47.66884010 -80.73763958 -48.20041335 -25.47893491
-20.75375434 -43.28470369 -21.32498995 3.94877160 -74.57633165 -44.68410899 -62.48473138 -75.99812702 -47.51840937 -80.46200901 -48.08166400 -25.35021343
-20.73378062 -43.16177250 -21.33196059 3.99803995 -74.00865667 -44.59825760 -62.31825446 -75.40035707 -47.36799696 -80.18394205 -47.96243694 -25.22107144
-20.70729489 -43.03904050 -21.33528177 4.04743910 -73.44672877 -44.51289083 -62.15012963 -74.73282956 -47.21763672 -79.90418963 -47.84273771 -25.09125400
-20.67350179 -42.91589398 -21.33289500 4.09701907 -72.88989606 -44.42749906 -61.98062296 -74.09703864 -47.06638046 -79.62284278 -47.72249953 -24.96132890
-20.63533989 -42.78907663 -21.32081765 4.14671633 -72.53730268 -44.33919806 -61.80962309 -73.66594447 -46.91270337 -79.34185968 -47.60254027 -24.83305958
-20.59617051 -42.66199214 -21.29856001 4.19711308 -72.28158865 -44.25075908 -61.63555276 -73.34553235 -46.75896415 -79.05699955 -47.47436415 -24.70408743
-20.55640406 -42.53317211 -21.26973848 4.24691763 -72.04334631 -44.16219194 -61.45942129 -73.06547805 -46.60514759 -78.77089837 -47.32537354 -24.57464239
-20.51653423 -42.40394909 -21.23622853 4.29584467 -71.81576286 -44.07338401 -61.28082246 -72.80739730 -46.45112403 -78.48277398 -47.17374906 -24.44476387
-20.47479857 -42.27503241 -21.19488015 4.34505982 -71.58775995 -43.98512023 -61.09657990 -72.55235412 -46.29693414 -78.18885814 -47.01925758 -24.31381024
-20.43197442 -42.14633136 -21.14256954 4.39402450 -71.35963653 -43.89772399 -60.91147468 -72.29707554 -46.14254085 -77.89345464 -46.86134711 -24.18162739
-20.38767895 -42.01780968 -21.07962523 4.44280715 -71.13134237 -43.81113753 -60.72397320 -72.04174377 -45.98788756 -77.59562999 -46.69367758 -24.04914224
-20.34154908 -41.88884516 -21.01435900 4.49146597 -70.90287263 -43.72441859 -60.53382397 -71.78668013 -45.83303604 -77.29536362 -46.50740240 -23.91661615
-20.29384138 -41.75929159 -20.94961133 4.53990475 -70.67432594 -43.63689192 -60.34081007 -71.53157685 -45.67778609 -76.99213674 -46.31720674 -23.78355284
-20.24334183 -41.62925514 -20.88461510 4.58812670 -70.44573107 -43.54869550 -60.14453437 -71.27647959 -45.52219206 -76.68553594 -46.12139401 -23.65003026
-20.18876005 -41.49859243 -20.82135982 4.63607197 -70.21700173 -43.45958440 -59.94447793 -71.02186231 -45.36668757 -76.37615246 -45.88697352 -23.51695146
-20.13163436 -41.36765768 -20.75537084 4.68357717 -69.98831892 -43.37026552 -59.73949808 -70.76725057 -45.21125688 -76.06156303 -45.64679501 -23.38077492
-20.07234681 -41.23601807 -20.68907081 4.73102027 -69.75980803 -43.28016022 -59.52885067 -70.51273583 -45.05530380 -75.74072934 -45.40216663 -23.24366030
-20.01075962 -41.10417573 -20.62070305 4.78426033 -69.53181652 -43.18945040 -59.30862505 -70.25854054 -44.89817733 -75.40658652 -45.15403714 -23.10717505
-19.95113941 -40.97225645 -20.54844530 4.83560436 -69.30490009 -43.09825280 -59.07160381 -70.00438124 -44.74040791 -75.06110221 -44.90263363 -22.97007685
-19.92199779 -40.84263762 -20.47469399 4.83616638 -69.09123915 -43.00287105 -58.46702483 -69.75215095 -44.58023919 -74.48057177 -44.63188695 -22.83192009
-19.91973027 -40.71924976 -20.39738116 4.86685567 -68.88389486 -42.90659191 -56.89769263 -69.50004741 -44.41836666 -73.15182055 -44.36102004 -22.69227767
-19.92201229 -40.57780671 -20.31664988 5.04841287 -68.67597412 -42.80938844 -55.00105105 -69.26019703 -44.25503332 -71.43584730 -44.10570849 -22.55211583
-19.92486071 -40.41698846 -20.22421459 5.93132546 -68.46731721 -42.71670596 -51.93634516 -69.02216908 -44.09058904 -68.14565575 -43.86065145 -22.41220006
-19.91402789 -40.25518718 -20.12171209 6.72122234 -68.25307409 -42.62443149 -49.57364862 -68.77838518 -43.92722308 -65.54333247 -43.62740468 -22.27035981
-19.87921468 -40.08559332 -20.01003878 6.99705096 -68.02754672 -42.53047923 -48.86233794 -68.53034992 -43.76557506 -64.63634423 -43.40363127 -22.12624352
-19.82839332 -39.90784626 -19.89546346 6.99903848 -67.79964667 -42.43491342 -49.13851882 -68.27735119 -43.60516099 -64.69688405 -43.21179712 -21.98039303
-19.77020003 -39.73104540 -19.78238668 6.80863695 -67.57237666 -42.33807559 -49.93510859 -68.02087406 -43.44489853 -65.30930495 -43.04463239 -21.83511688
-19.70830145 -39.56815722 -19.67889373 6.55940926 -67.34367387 -42.23632410 -50.91204646 -67.76264381 -43.28392242 -66.12007738 -42.89214670 -21.69433354
-19.64527958 -39.41675092 -19.57409997 6.27196777 -67.11437608 -42.12613276 -51.98760991 -67.50323870 -43.12268491 -67.04996507 -42.75164551 -21.55134234
-19.58314768 -39.26338469 -19.47096955 6.00618531 -66.88184658 -42.01485813 -52.95079105 -67.24144574 -42.96009169 -67.87774946 -42.62257640 -21.40626319
-19.51648796 -39.12503774 -19.36997598 5.78875175 -66.64606395 -41.90550236 -53.60809023 -66.97556235 -42.80122706 -68.48789989 -42.49894945 -21.23999852
-19.44815614 -38.99687116 -19.27002626 5.66417175 -66.40798840 -41.79667377 -53.92865114 -66.70882987 -42.64113015 -68.77179995 -42.38032463 -21.08500348
-19.38149508 -38.87735121 -19.16994094 5.64860807 -66.16776658 -41.68678041 -53.97025173 -66.44360460 -42.47609328 -68.67124259 -42.26879456 -20.96031438
-19.31358411 -38.75933850 -19.07106801 5.70099576 -65.92554305 -41.58257803 -53.84709765 -66.17363250 -42.30951941 -68.44713795 -42.15270915 -20.84316110
-19.24510859 -38.64052334 -18.97179872 5.75307881 -65.68158042 -41.48686213 -53.72778493 -65.90370796 -42.14093548 -68.24974779 -42.03445455 -20.73115994
-19.17719878 -38.50071501 -18.87379878 5.80452369 -65.43565650 -41.39393596 -53.60885620 -65.64988267 -41.97218370 -68.06450913 -41.91602519 -20.61220377
-19.11044737 -38.33464475 -18.77269159 5.85606224 -65.18811983 -41.30287473 -53.48858454 -65.39742136 -41.80157549 -67.88123500 -41.79739603 -20.50358472
-19.04338284 -38.18302312 -18.66825883 5.90726780 -64.94170779 -41.21516992 -53.36810465 -65.14230233 -41.62685303 -67.69765750 -41.67811253 -20.42107504
-18.97612207 -38.03263099 -18.56256008 5.95816482 -64.70049208 -41.13170148 -53.24587093 -64.88407283 -41.44943883 -67.51397047 -41.55862538 -20.35116271
-18.90873840 -37.88051234 -18.45580894 6.00882984 -64.45752083 -41.05945761 -53.12314570 -64.62208521 -41.26969401 -67.33136555 -41.43903276 -20.28793409
-18.84076136 -37.74113380 -18.34937431 6.05936911 -64.21720396 -40.99411035 -52.99941085 -64.35535464 -41.08856057 -67.15133915 -41.31953677 -20.22735587
-18.77234983 -37.61362151 -18.24348311 6.10939328 -63.97993496 -40.93415149 -52.87412830 -64.08849149 -40.92542383 -66.97037447 -41.20018399 -20.16675857
-18.70352255 -37.49669803 -18.13684370 6.15842120 -63.75322198 -40.87548185 -52.74615605 -63.80436050 -40.77047319 -66.79185032 -41.08092789 -20.10628213
-18.63448406 -37.39115005 -18.02917510 6.20547946 -63.53551391 -40.82038600 -52.61522184 -63.46863699 -40.62322121 -66.61347112 -40.96192292 -20.04577937
-18.56603458 -37.28662697 -17.92384015 6.24900424 -63.31940435 -40.76645509 -52.47747058 -62.92367793 -40.51747365 -66.43859381 -40.84312803 -19.98483945
