WARNING: CTestNormDispIncr::test() - failed to converge 
after: 20 iterations  current Norm: 8.60068e-05 (max: 1e-06, Norm deltaR: 2.92758)
NewtonRaphson::solveCurrentStep() -the ConvergenceTest object failed in test()
DirectIntegrationAnalysis::analyze() - the Algorithm failed at time 5.185
OpenSees > analyze failed, returned: -3 error flag
WARNING - ForceBeamColumn3d::update - failed to get compatible element forces & deformations for element: 2101(dW: << 0.00521049, dW0: 0.000145169)
Domain::update - domain failed in update
TRBDF2::update() - failed to update the domain
WARNING AcceleratedNewton::solveCurrentStep() -the Integrator failed in update()
DirectIntegrationAnalysis::analyze() - the Algorithm failed at time 5.185
OpenSees > analyze failed, returned: -3 error flag
WARNING - ForceBeamColumn3d::update - failed to get compatible element forces & deformations for element: 2101(dW: << 0.000145197, dW0: 0.0052214)
Domain::update - domain failed in update
TRBDF2::update() - failed to update the domain
WARNInG InitialInterpolatedLineSearch::search() -the Integrator failed in update()
WARNING - ForceBeamColumn3d::update - failed to get compatible element forces & deformations for element: 2101(dW: << 0.000145197, dW0: 0.00522124)
Domain::update - domain failed in update
TRBDF2::update() - failed to update the domain
WARNInG InitialInterpolatedLineSearch::search() -the Integrator failed in update()
WARNING - ForceBeamColumn3d::update - failed to get compatible element forces & deformations for element: 2101(dW: << 0.000145197, dW0: 0.00522124)
Domain::update - domain failed in update
TRBDF2::update() - failed to update the domain
WARNInG InitialInterpolatedLineSearch::search() -the Integrator failed in update()
WARNING - ForceBeamColumn3d::update - failed to get compatible element forces & deformations for element: 2101(dW: << 0.000145197, dW0: 0.00522124)
Domain::update - domain failed in update
TRBDF2::update() - failed to update the domain
WARNInG InitialInterpolatedLineSearch::search() -the Integrator failed in update()
WARNING - ForceBeamColumn3d::update - failed to get compatible element forces & deformations for element: 2101(dW: << 0.000145197, dW0: 0.00522124)
Domain::update - domain failed in update
TRBDF2::update() - failed to update the domain
WARNInG InitialInterpolatedLineSearch::search() -the Integrator failed in update()
WARNING - ForceBeamColumn3d::update - failed to get compatible element forces & deformations for element: 2101(dW: << 0.000145197, dW0: 0.00522124)
Domain::update - domain failed in update
TRBDF2::update() - failed to update the domain
WARNInG InitialInterpolatedLineSearch::search() -the Integrator failed in update()
WARNING - ForceBeamColumn3d::update - failed to get compatible element forces & deformations for element: 2101(dW: << 0.000145197, dW0: 0.00522124)
Domain::update - domain failed in update
TRBDF2::update() - failed to update the domain
WARNInG InitialInterpolatedLineSearch::search() -the Integrator failed in update()
WARNING - ForceBeamColumn3d::update - failed to get compatible element forces & deformations for element: 2101(dW: << 0.000145197, dW0: 0.00522124)
Domain::update - domain failed in update
TRBDF2::update() - failed to update the domain
WARNInG InitialInterpolatedLineSearch::search() -the Integrator failed in update()
WARNING: CTestNormDispIncr::test() - failed to converge 
after: 100 iterations  current Norm: 5.32701e-05 (max: 1e-06, Norm deltaR: 1.2017)
NewtonLineSearch::solveCurrentStep() -the ConvergenceTest object failed in test()
DirectIntegrationAnalysis::analyze() - the Algorithm failed at time 5.185
OpenSees > analyze failed, returned: -3 error flag
WARNING: CTestNormDispIncr::test() - failed to converge 
after: 10 iterations  current Norm: 0.000249299 (max: 1e-06, Norm deltaR: 0.515634)
WARNING: CTestNormDispIncr::test() - failed to converge 
after: 10 iterations  current Norm: 0.000215723 (max: 1e-06, Norm deltaR: 0.891096)
WARNING - ForceBeamColumn3d::update - failed to get compatible element forces & deformations for element: 2101(dW: << 0.000145198, dW0: 0.00528608)
Domain::update - domain failed in update
TRBDF2::update() - failed to update the domain
WARNING Broyden::solveCurrentStep() -the Integrator failed in update()
DirectIntegrationAnalysis::analyze() - the Algorithm failed at time 5.185
OpenSees > analyze failed, returned: -3 error flag
WARNING: CTestNormDispIncr::test() - failed to converge 
after: 10 iterations  current Norm: 1.9273 (max: 1e-06, Norm deltaR: 636696)
WARNING: CTestNormDispIncr::test() - failed to converge 
after: 10 iterations  current Norm: 0.0606707 (max: 1e-06, Norm deltaR: 47.5702)
WARNING: CTestNormDispIncr::test() - failed to converge 
after: 10 iterations  current Norm: 2.40521e-05 (max: 1e-06, Norm deltaR: 0.442778)
WARNING: CTestNormDispIncr::test() - failed to converge 
after: 10 iterations  current Norm: 7.08626e-05 (max: 1e-06, Norm deltaR: 0.442778)
WARNING: CTestNormDispIncr::test() - failed to converge 
after: 10 iterations  current Norm: 7.08626e-05 (max: 1e-06, Norm deltaR: 0.442778)
WARNING: CTestNormDispIncr::test() - failed to converge 
after: 10 iterations  current Norm: 7.08626e-05 (max: 1e-06, Norm deltaR: 0.442778)
WARNING: CTestNormDispIncr::test() - failed to converge 
after: 10 iterations  current Norm: 7.08626e-05 (max: 1e-06, Norm deltaR: 0.442778)
WARNING: CTestNormDispIncr::test() - failed to converge 
after: 10 iterations  current Norm: 7.08626e-05 (max: 1e-06, Norm deltaR: 0.442778)
WARNING: CTestNormDispIncr::test() - failed to converge 
after: 10 iterations  current Norm: 7.08626e-05 (max: 1e-06, Norm deltaR: 0.442778)
WARNING: CTestNormDispIncr::test() - failed to converge 
after: 10 iterations  current Norm: 7.08626e-05 (max: 1e-06, Norm deltaR: 0.442778)
WARNING: CTestNormDispIncr::test() - failed to converge 
after: 10 iterations  current Norm: 7.08626e-05 (max: 1e-06, Norm deltaR: 0.442778)
WARNING: CTestNormDispIncr::test() - failed to converge 
after: 10 iterations  current Norm: 7.08626e-05 (max: 1e-06, Norm deltaR: 0.442778)
WARNING: CTestNormDispIncr::test() - failed to converge 
after: 10 iterations  current Norm: 7.08626e-05 (max: 1e-06, Norm deltaR: 0.442778)
WARNING: CTestNormDispIncr::test() - failed to converge 
after: 10 iterations  current Norm: 7.08626e-05 (max: 1e-06, Norm deltaR: 0.442778)
WARNING: CTestNormDispIncr::test() - failed to converge 
after: 10 iterations  current Norm: 7.08626e-05 (max: 1e-06, Norm deltaR: 0.442778)
WARNING: CTestNormDispIncr::test() - failed to converge 
after: 10 iterations  current Norm: 7.08626e-05 (max: 1e-06, Norm deltaR: 0.442778)
WARNING: CTestNormDispIncr::test() - failed to converge 
after: 10 iterations  current Norm: 7.08626e-05 (max: 1e-06, Norm deltaR: 0.442778)
WARNING: CTestNormDispIncr::test() - failed to converge 
after: 10 iterations  current Norm: 7.08626e-05 (max: 1e-06, Norm deltaR: 0.442778)
WARNING: CTestNormDispIncr::test() - failed to converge 
after: 10 iterations  current Norm: 7.08626e-05 (max: 1e-06, Norm deltaR: 0.442778)
WARNING: CTestNormDispIncr::test() - failed to converge 
after: 10 iterations  current Norm: 7.08626e-05 (max: 1e-06, Norm deltaR: 0.442778)
WARNING: CTestNormDispIncr::test() - failed to converge 
after: 10 iterations  current Norm: 7.08626e-05 (max: 1e-06, Norm deltaR: 0.442778)
WARNING: CTestNormDispIncr::test() - failed to converge 
after: 10 iterations  current Norm: 7.08626e-05 (max: 1e-06, Norm deltaR: 0.442778)
WARNING: CTestNormDispIncr::test() - failed to converge 
after: 10 iterations  current Norm: 7.08626e-05 (max: 1e-06, Norm deltaR: 0.442778)
WARNING: CTestNormDispIncr::test() - failed to converge 
after: 10 iterations  current Norm: 7.08626e-05 (max: 1e-06, Norm deltaR: 0.442778)
WARNING: CTestNormDispIncr::test() - failed to converge 
after: 10 iterations  current Norm: 7.08626e-05 (max: 1e-06, Norm deltaR: 0.442778)
WARNING: CTestNormDispIncr::test() - failed to converge 
after: 10 iterations  current Norm: 7.08626e-05 (max: 1e-06, Norm deltaR: 0.442778)
WARNING: CTestNormDispIncr::test() - failed to converge 
after: 10 iterations  current Norm: 7.08626e-05 (max: 1e-06, Norm deltaR: 0.442778)
WARNING: CTestNormDispIncr::test() - failed to converge 
after: 10 iterations  current Norm: 7.08626e-05 (max: 1e-06, Norm deltaR: 0.442778)
WARNING: CTestNormDispIncr::test() - failed to converge 
after: 10 iterations  current Norm: 7.08626e-05 (max: 1e-06, Norm deltaR: 0.442778)
WARNING: CTestNormDispIncr::test() - failed to converge 
after: 10 iterations  current Norm: 7.08626e-05 (max: 1e-06, Norm deltaR: 0.442778)
WARNING: CTestNormDispIncr::test() - failed to converge 
after: 10 iterations  current Norm: 7.08626e-05 (max: 1e-06, Norm deltaR: 0.442778)
WARNING: CTestNormDispIncr::test() - failed to converge 
after: 10 iterations  current Norm: 7.08626e-05 (max: 1e-06, Norm deltaR: 0.442778)
WARNING: CTestNormDispIncr::test() - failed to converge 
after: 10 iterations  current Norm: 7.08626e-05 (max: 1e-06, Norm deltaR: 0.442778)
WARNING: CTestNormDispIncr::test() - failed to converge 
after: 10 iterations  current Norm: 7.08626e-05 (max: 1e-06, Norm deltaR: 0.442778)
WARNING: CTestNormDispIncr::test() - failed to converge 
after: 10 iterations  current Norm: 7.08626e-05 (max: 1e-06, Norm deltaR: 0.442778)
WARNING: CTestNormDispIncr::test() - failed to converge 
after: 10 iterations  current Norm: 7.08626e-05 (max: 1e-06, Norm deltaR: 0.442778)
WARNING: CTestNormDispIncr::test() - failed to converge 
after: 10 iterations  current Norm: 7.08626e-05 (max: 1e-06, Norm deltaR: 0.442778)
WARNING: CTestNormDispIncr::test() - failed to converge 
after: 10 iterations  current Norm: 7.08626e-05 (max: 1e-06, Norm deltaR: 0.442778)
WARNING: CTestNormDispIncr::test() - failed to converge 
after: 10 iterations  current Norm: 7.08626e-05 (max: 1e-06, Norm deltaR: 0.442778)
WARNING: CTestNormDispIncr::test() - failed to converge 
after: 10 iterations  current Norm: 7.08626e-05 (max: 1e-06, Norm deltaR: 0.442778)
WARNING: CTestNormDispIncr::test() - failed to converge 
after: 10 iterations  current Norm: 7.08626e-05 (max: 1e-06, Norm deltaR: 0.442778)
WARNING: CTestNormDispIncr::test() - failed to converge 
after: 10 iterations  current Norm: 7.08626e-05 (max: 1e-06, Norm deltaR: 0.442778)
WARNING: CTestNormDispIncr::test() - failed to converge 
after: 10 iterations  current Norm: 7.08626e-05 (max: 1e-06, Norm deltaR: 0.442778)
WARNING: CTestNormDispIncr::test() - failed to converge 
after: 10 iterations  current Norm: 7.08626e-05 (max: 1e-06, Norm deltaR: 0.442778)
WARNING: CTestNormDispIncr::test() - failed to converge 
after: 10 iterations  current Norm: 7.08626e-05 (max: 1e-06, Norm deltaR: 0.442778)
WARNING: CTestNormDispIncr::test() - failed to converge 
after: 10 iterations  current Norm: 7.08626e-05 (max: 1e-06, Norm deltaR: 0.442778)
WARNING: CTestNormDispIncr::test() - failed to converge 
after: 10 iterations  current Norm: 7.08626e-05 (max: 1e-06, Norm deltaR: 0.442778)
WARNING: CTestNormDispIncr::test() - failed to converge 
after: 10 iterations  current Norm: 7.08626e-05 (max: 1e-06, Norm deltaR: 0.442778)
WARNING: CTestNormDispIncr::test() - failed to converge 
after: 10 iterations  current Norm: 7.08626e-05 (max: 1e-06, Norm deltaR: 0.442778)
WARNING: CTestNormDispIncr::test() - failed to converge 
after: 10 iterations  current Norm: 7.08626e-05 (max: 1e-06, Norm deltaR: 0.442778)
WARNING: CTestNormDispIncr::test() - failed to converge 
after: 10 iterations  current Norm: 7.08626e-05 (max: 1e-06, Norm deltaR: 0.442778)
WARNING: CTestNormDispIncr::test() - failed to converge 
after: 10 iterations  current Norm: 7.08626e-05 (max: 1e-06, Norm deltaR: 0.442778)
WARNING: CTestNormDispIncr::test() - failed to converge 
after: 10 iterations  current Norm: 7.08626e-05 (max: 1e-06, Norm deltaR: 0.442778)
WARNING: CTestNormDispIncr::test() - failed to converge 
after: 10 iterations  current Norm: 7.08626e-05 (max: 1e-06, Norm deltaR: 0.442778)
WARNING: CTestNormDispIncr::test() - failed to converge 
after: 10 iterations  current Norm: 7.08626e-05 (max: 1e-06, Norm deltaR: 0.442778)
WARNING: CTestNormDispIncr::test() - failed to converge 
after: 10 iterations  current Norm: 7.08626e-05 (max: 1e-06, Norm deltaR: 0.442778)
WARNING: CTestNormDispIncr::test() - failed to converge 
after: 10 iterations  current Norm: 7.08626e-05 (max: 1e-06, Norm deltaR: 0.442778)
WARNING: CTestNormDispIncr::test() - failed to converge 
after: 10 iterations  current Norm: 7.08626e-05 (max: 1e-06, Norm deltaR: 0.442778)
WARNING: CTestNormDispIncr::test() - failed to converge 
after: 10 iterations  current Norm: 7.08626e-05 (max: 1e-06, Norm deltaR: 0.442778)
WARNING: CTestNormDispIncr::test() - failed to converge 
after: 10 iterations  current Norm: 7.08626e-05 (max: 1e-06, Norm deltaR: 0.442778)
WARNING: CTestNormDispIncr::test() - failed to converge 
after: 10 iterations  current Norm: 7.08626e-05 (max: 1e-06, Norm deltaR: 0.442778)
WARNING: CTestNormDispIncr::test() - failed to converge 
after: 10 iterations  current Norm: 7.08626e-05 (max: 1e-06, Norm deltaR: 0.442778)
WARNING: CTestNormDispIncr::test() - failed to converge 
after: 10 iterations  current Norm: 7.08626e-05 (max: 1e-06, Norm deltaR: 0.442778)
WARNING: CTestNormDispIncr::test() - failed to converge 
after: 10 iterations  current Norm: 7.08626e-05 (max: 1e-06, Norm deltaR: 0.442778)
WARNING: CTestNormDispIncr::test() - failed to converge 
after: 10 iterations  current Norm: 7.08626e-05 (max: 1e-06, Norm deltaR: 0.442778)
WARNING: CTestNormDispIncr::test() - failed to converge 
after: 10 iterations  current Norm: 7.08626e-05 (max: 1e-06, Norm deltaR: 0.442778)
WARNING: CTestNormDispIncr::test() - failed to converge 
after: 10 iterations  current Norm: 7.08626e-05 (max: 1e-06, Norm deltaR: 0.442778)
WARNING: CTestNormDispIncr::test() - failed to converge 
after: 10 iterations  current Norm: 7.08626e-05 (max: 1e-06, Norm deltaR: 0.442778)
WARNING: CTestNormDispIncr::test() - failed to converge 
after: 10 iterations  current Norm: 7.08626e-05 (max: 1e-06, Norm deltaR: 0.442778)
WARNING: CTestNormDispIncr::test() - failed to converge 
after: 10 iterations  current Norm: 7.08626e-05 (max: 1e-06, Norm deltaR: 0.442778)
WARNING: CTestNormDispIncr::test() - failed to converge 
after: 10 iterations  current Norm: 7.08626e-05 (max: 1e-06, Norm deltaR: 0.442778)
WARNING: CTestNormDispIncr::test() - failed to converge 
after: 10 iterations  current Norm: 7.08626e-05 (max: 1e-06, Norm deltaR: 0.442778)
WARNING: CTestNormDispIncr::test() - failed to converge 
after: 10 iterations  current Norm: 7.08626e-05 (max: 1e-06, Norm deltaR: 0.442778)
WARNING: CTestNormDispIncr::test() - failed to converge 
after: 10 iterations  current Norm: 7.08626e-05 (max: 1e-06, Norm deltaR: 0.442778)
WARNING: CTestNormDispIncr::test() - failed to converge 
after: 10 iterations  current Norm: 7.08626e-05 (max: 1e-06, Norm deltaR: 0.442778)
WARNING: CTestNormDispIncr::test() - failed to converge 
after: 10 iterations  current Norm: 7.08626e-05 (max: 1e-06, Norm deltaR: 0.442778)
WARNING: CTestNormDispIncr::test() - failed to converge 
after: 10 iterations  current Norm: 7.08626e-05 (max: 1e-06, Norm deltaR: 0.442778)
WARNING: CTestNormDispIncr::test() - failed to converge 
after: 10 iterations  current Norm: 7.08626e-05 (max: 1e-06, Norm deltaR: 0.442778)
WARNING: CTestNormDispIncr::test() - failed to converge 
after: 10 iterations  current Norm: 7.08626e-05 (max: 1e-06, Norm deltaR: 0.442778)
WARNING: CTestNormDispIncr::test() - failed to converge 
after: 10 iterations  current Norm: 7.08626e-05 (max: 1e-06, Norm deltaR: 0.442778)
WARNING: CTestNormDispIncr::test() - failed to converge 
after: 10 iterations  current Norm: 7.08626e-05 (max: 1e-06, Norm deltaR: 0.442778)
WARNING: CTestNormDispIncr::test() - failed to converge 
after: 10 iterations  current Norm: 7.08626e-05 (max: 1e-06, Norm deltaR: 0.442778)
WARNING: CTestNormDispIncr::test() - failed to converge 
after: 10 iterations  current Norm: 7.08626e-05 (max: 1e-06, Norm deltaR: 0.442778)
WARNING: CTestNormDispIncr::test() - failed to converge 
after: 10 iterations  current Norm: 7.08626e-05 (max: 1e-06, Norm deltaR: 0.442778)
WARNING: CTestNormDispIncr::test() - failed to converge 
after: 10 iterations  current Norm: 7.08626e-05 (max: 1e-06, Norm deltaR: 0.442778)
WARNING: CTestNormDispIncr::test() - failed to converge 
after: 10 iterations  current Norm: 7.08626e-05 (max: 1e-06, Norm deltaR: 0.442778)
WARNING: CTestNormDispIncr::test() - failed to converge 
after: 10 iterations  current Norm: 7.08626e-05 (max: 1e-06, Norm deltaR: 0.442778)
WARNING: CTestNormDispIncr::test() - failed to converge 
after: 10 iterations  current Norm: 7.08626e-05 (max: 1e-06, Norm deltaR: 0.442778)
WARNING: CTestNormDispIncr::test() - failed to converge 
after: 10 iterations  current Norm: 7.08626e-05 (max: 1e-06, Norm deltaR: 0.442778)
WARNING: CTestNormDispIncr::test() - failed to converge 
after: 10 iterations  current Norm: 7.08626e-05 (max: 1e-06, Norm deltaR: 0.442778)
WARNING: CTestNormDispIncr::test() - failed to converge 
after: 10 iterations  current Norm: 7.08626e-05 (max: 1e-06, Norm deltaR: 0.442778)
WARNING: CTestNormDispIncr::test() - failed to converge 
after: 10 iterations  current Norm: 7.08626e-05 (max: 1e-06, Norm deltaR: 0.442778)
WARNING: CTestNormDispIncr::test() - failed to converge 
after: 10 iterations  current Norm: 7.08626e-05 (max: 1e-06, Norm deltaR: 0.442778)
WARNING: CTestNormDispIncr::test() - failed to converge 
after: 10 iterations  current Norm: 7.08626e-05 (max: 1e-06, Norm deltaR: 0.442778)
WARNING: CTestNormDispIncr::test() - failed to converge 
after: 10 iterations  current Norm: 7.08626e-05 (max: 1e-06, Norm deltaR: 0.442778)
WARNING: CTestNormDispIncr::test() - failed to converge 
after: 10 iterations  current Norm: 7.08626e-05 (max: 1e-06, Norm deltaR: 0.442778)
WARNING: CTestNormDispIncr::test() - failed to converge 
after: 10 iterations  current Norm: 7.08626e-05 (max: 1e-06, Norm deltaR: 0.442778)
WARNING: CTestNormDispIncr::test() - failed to converge 
after: 10 iterations  current Norm: 7.08626e-05 (max: 1e-06, Norm deltaR: 0.442778)
WARNING: CTestNormDispIncr::test() - failed to converge 
after: 10 iterations  current Norm: 7.08626e-05 (max: 1e-06, Norm deltaR: 0.442778)
WARNING: CTestNormDispIncr::test() - failed to converge 
after: 10 iterations  current Norm: 7.08626e-05 (max: 1e-06, Norm deltaR: 0.442778)
WARNING: CTestNormDispIncr::test() - failed to converge 
after: 10 iterations  current Norm: 7.08626e-05 (max: 1e-06, Norm deltaR: 0.442778)
WARNING: CTestNormDispIncr::test() - failed to converge 
after: 10 iterations  current Norm: 7.08626e-05 (max: 1e-06, Norm deltaR: 0.442778)
WARNING: CTestNormDispIncr::test() - failed to converge 
after: 100 iterations  current Norm: 7.08626e-05 (max: 1e-06, Norm deltaR: 0.442778)
BFGS::solveCurrentStep() -the ConvergenceTest object failed in test()
DirectIntegrationAnalysis::analyze() - the Algorithm failed at time 5.35
OpenSees > analyze failed, returned: -3 error flag
WARNING - ForceBeamColumn3d::update - failed to get compatible element forces & deformations for element: 2111(dW: << 1.39036e-05, dW0: 0.000427571)
Domain::update - domain failed in update
TRBDF2::update() - failed to update the domain
WARNING AcceleratedNewton::solveCurrentStep() -the Integrator failed in update()
DirectIntegrationAnalysis::analyze() - the Algorithm failed at time 5.35
OpenSees > analyze failed, returned: -3 error flag
WARNING - ForceBeamColumn3d::update - failed to get compatible element forces & deformations for element: 2111(dW: << 1.39037e-05, dW0: 0.000429693)
Domain::update - domain failed in update
TRBDF2::update() - failed to update the domain
WARNInG InitialInterpolatedLineSearch::search() -the Integrator failed in update()
WARNING - ForceBeamColumn3d::update - failed to get compatible element forces & deformations for element: 2111(dW: << 1.39036e-05, dW0: 0.000430151)
Domain::update - domain failed in update
TRBDF2::update() - failed to update the domain
WARNInG InitialInterpolatedLineSearch::search() -the Integrator failed in update()
WARNING - ForceBeamColumn3d::update - failed to get compatible element forces & deformations for element: 2111(dW: << 1.39037e-05, dW0: 0.00043016)
Domain::update - domain failed in update
TRBDF2::update() - failed to update the domain
WARNInG InitialInterpolatedLineSearch::search() -the Integrator failed in update()
WARNING - ForceBeamColumn3d::update - failed to get compatible element forces & deformations for element: 2111(dW: << 1.39037e-05, dW0: 0.000430161)
Domain::update - domain failed in update
TRBDF2::update() - failed to update the domain
WARNInG InitialInterpolatedLineSearch::search() -the Integrator failed in update()
WARNING - ForceBeamColumn3d::update - failed to get compatible element forces & deformations for element: 2111(dW: << 1.39037e-05, dW0: 0.000430161)
Domain::update - domain failed in update
TRBDF2::update() - failed to update the domain
WARNInG InitialInterpolatedLineSearch::search() -the Integrator failed in update()
WARNING - ForceBeamColumn3d::update - failed to get compatible element forces & deformations for element: 2111(dW: << 1.39037e-05, dW0: 0.000430161)
Domain::update - domain failed in update
TRBDF2::update() - failed to update the domain
WARNInG InitialInterpolatedLineSearch::search() -the Integrator failed in update()
WARNING - ForceBeamColumn3d::update - failed to get compatible element forces & deformations for element: 2111(dW: << 1.39037e-05, dW0: 0.000430161)
Domain::update - domain failed in update
TRBDF2::update() - failed to update the domain
WARNInG InitialInterpolatedLineSearch::search() -the Integrator failed in update()
WARNING - ForceBeamColumn3d::update - failed to get compatible element forces & deformations for element: 2111(dW: << 1.39037e-05, dW0: 0.000430161)
Domain::update - domain failed in update
TRBDF2::update() - failed to update the domain
WARNInG InitialInterpolatedLineSearch::search() -the Integrator failed in update()
WARNING - ForceBeamColumn3d::update - failed to get compatible element forces & deformations for element: 2111(dW: << 1.39037e-05, dW0: 0.000430161)
Domain::update - domain failed in update
TRBDF2::update() - failed to update the domain
WARNInG InitialInterpolatedLineSearch::search() -the Integrator failed in update()
WARNING - ForceBeamColumn3d::update - failed to get compatible element forces & deformations for element: 2111(dW: << 1.39037e-05, dW0: 0.000430161)
Domain::update - domain failed in update
TRBDF2::update() - failed to update the domain
WARNInG InitialInterpolatedLineSearch::search() -the Integrator failed in update()
WARNING - ForceBeamColumn3d::update - failed to get compatible element forces & deformations for element: 2111(dW: << 1.39037e-05, dW0: 0.000430161)
Domain::update - domain failed in update
TRBDF2::update() - failed to update the domain
WARNInG InitialInterpolatedLineSearch::search() -the Integrator failed in update()
WARNING - ForceBeamColumn3d::update - failed to get compatible element forces & deformations for element: 2111(dW: << 1.39037e-05, dW0: 0.000430161)
Domain::update - domain failed in update
TRBDF2::update() - failed to update the domain
WARNInG InitialInterpolatedLineSearch::search() -the Integrator failed in update()
WARNING - ForceBeamColumn3d::update - failed to get compatible element forces & deformations for element: 2111(dW: << 1.39037e-05, dW0: 0.000430161)
Domain::update - domain failed in update
TRBDF2::update() - failed to update the domain
WARNInG InitialInterpolatedLineSearch::search() -the Integrator failed in update()
WARNING - ForceBeamColumn3d::update - failed to get compatible element forces & deformations for element: 2111(dW: << 1.39037e-05, dW0: 0.000430161)
Domain::update - domain failed in update
TRBDF2::update() - failed to update the domain
WARNInG InitialInterpolatedLineSearch::search() -the Integrator failed in update()
WARNING: CTestNormDispIncr::test() - failed to converge 
after: 100 iterations  current Norm: 3.13814e-05 (max: 1e-06, Norm deltaR: 0.711439)
NewtonLineSearch::solveCurrentStep() -the ConvergenceTest object failed in test()
DirectIntegrationAnalysis::analyze() - the Algorithm failed at time 5.35
OpenSees > analyze failed, returned: -3 error flag
WARNING: CTestNormDispIncr::test() - failed to converge 
after: 10 iterations  current Norm: 6.81923e-06 (max: 1e-06, Norm deltaR: 1.13811)
WARNING - ForceBeamColumn3d::update - failed to get compatible element forces & deformations for element: 2111(dW: << 1.39037e-05, dW0: 0.000431983)
Domain::update - domain failed in update
TRBDF2::update() - failed to update the domain
WARNING Broyden::solveCurrentStep() -the Integrator failed in update()
DirectIntegrationAnalysis::analyze() - the Algorithm failed at time 5.35
OpenSees > analyze failed, returned: -3 error flag
WARNING: CTestNormDispIncr::test() - failed to converge 
after: 10 iterations  current Norm: 0.000374887 (max: 1e-06, Norm deltaR: 1.35789)
WARNING - ForceBeamColumn3d::update - failed to get compatible element forces & deformations for element: 2111(dW: << 1.39037e-05, dW0: 0.00042583)
Domain::update - domain failed in update
TRBDF2::update() - failed to update the domain
WARNING BFGS::solveCurrentStep() -the Integrator failed in update()
DirectIntegrationAnalysis::analyze() - the Algorithm failed at time 5.35
OpenSees > analyze failed, returned: -3 error flag
WARNING - ForceBeamColumn3d::update - failed to get compatible element forces & deformations for element: 2111(dW: << 1.39036e-05, dW0: 0.000427835)
Domain::update - domain failed in update
TRBDF2::update() - failed to update the domain
WARNING AcceleratedNewton::solveCurrentStep() -the Integrator failed in update()
DirectIntegrationAnalysis::analyze() - the Algorithm failed at time 5.3475
OpenSees > analyze failed, returned: -3 error flag

[FAILURE] Local structure collapse, MIDR = 10.0
