0.00000000
154.20818283
272.41265730
387.17303774
498.62398715
605.23195687
705.54750621
799.87217646
888.50271746
970.63293705
1047.92380478
1120.49794790
1188.67258845
1252.56838545
1312.56429905
1368.61999679
1420.60258678
1468.63913178
1512.87615619
1553.21917842
1589.52883683
1616.91203836
1633.11754596
1647.44641600
1657.10951094
1665.66704065
1672.55346446
1677.40448937
1680.07492648
1681.53839246
1680.48960476
1675.44597930
1665.78686127
1653.41924737
1638.39338649
1614.70853631
1584.31458504
1550.27258562
1513.50733138
1474.61966577
1433.55331889
1390.54932809
1346.11833702
1302.03834417
1295.51711819
1294.59263515
1293.32945776
1291.82273318
1290.09962684
1288.23595698
1286.19926156
1283.95463495
1281.49903725
1278.93438895
1276.20001352
1273.24711573
1270.12958051
1266.76292586
1263.10980852
1259.18429334
1254.89294664
1245.48683257
1229.55784937
1221.84952414
1218.99508551
1215.32529054
1204.62779965
1189.74116861
1186.59357866
1170.66131280
1163.14493886
1160.03784559
1150.28613136
1141.53948789
1138.23212091
1122.08622822
1115.05772281
1107.07150402
1104.33179037
1100.89375960
1097.08274098
1080.71504479
1066.32864687
1043.53861537
1042.81241898
1037.11761411
1035.15235350
1029.65240343
1028.33586956
1016.74482274
1015.01578325
1012.84604555
1010.44743818
1007.66161385
1004.51619285
998.79218261
994.22029832
991.37370288
985.37382066
975.22681712
961.16246947
940.23953762
936.43197752
929.08580522
921.73771677
922.97230312
917.72420417
891.67589073
873.77408900
860.25619853
858.45679990
854.01313101
830.56060076
830.55329828
807.57230020
800.72115239
802.71987097
803.56944477
804.16758316
804.32715699
802.72785057
798.08560878
795.75204306
787.32676294
781.96055247
