0.00000000
114.83737166
204.98942566
291.50438019
375.32951441
456.51813818
534.03368983
607.99442956
678.21747736
745.03840606
808.52775962
868.85595570
926.10186953
980.60010792
1031.96398702
1080.71602782
1126.83653889
1170.25184322
1210.97749328
1248.97164466
1283.79718777
1314.53791680
1342.07874349
1362.46471734
1379.01430591
1392.48288075
1404.39289146
1415.00063795
1424.21909417
1432.18122045
1439.87319968
1446.95014143
1452.80464362
1457.01346730
1460.38892372
1463.28395697
1464.57965457
1464.66580519
1463.73194489
1461.82367052
1458.53004316
1453.95900288
1447.83792926
1440.32710070
1431.48028757
1422.00032795
1411.79867462
1400.58268305
1387.95042506
1374.76783032
1361.36395059
1347.60492736
1333.38152147
1318.95482607
1306.25722174
1293.82407754
1281.21350630
1268.53476453
1256.76907396
1244.89084999
1233.90082494
1223.41107499
1212.73486384
1201.95641751
1190.98331167
1181.81586044
1176.84771655
1173.36532426
1170.42297263
1167.43999169
1164.40434915
1162.55174665
1161.11028162
1159.60921537
1158.09158652
1153.17860304
1152.25668498
1151.43132527
1150.55823059
1149.65896785
1148.71841741
1147.73882382
1146.72214204
1145.69145466
1144.63586292
1143.54711064
1142.43376018
1141.29233725
1140.12044321
1138.92296697
1137.70310119
1136.45257248
1135.19002286
1134.04289092
1133.03782277
1132.02681545
1131.00494507
1129.97302862
1129.07463942
1127.87717681
1127.53967404
1125.94254282
1121.54582092
1119.93741371
1120.64138690
1121.09764884
1121.47324669
1120.98242256
1120.48655232
1116.20802546
1113.00843529
1108.56951527
1109.26158563
1109.63605240
1109.45980864
1109.00460930
1108.54648160
1108.08671553
1107.39917451
1106.86836796
1106.34092379
1105.80502449
1105.26828767
1104.72698857
1104.18535406
1103.64266555
1103.09577188
1102.55082222
1102.00221095
1101.45537796
1100.90435999
1044.87971701
1048.01196631
