0.00000000
0.00104161
0.00204161
0.00304161
0.00404161
0.00504161
0.00604161
0.00704161
0.00804161
0.00904161
0.01004161
0.01104161
0.01204161
0.01304161
0.01404161
0.01504161
0.01604161
0.01704161
0.01804161
0.01904161
0.02004161
0.02104161
0.02204161
0.02304161
0.02404161
0.02504161
0.02604161
0.02704161
0.02804161
0.02904161
0.03004161
0.03104161
0.03204161
0.03304161
0.03404161
0.03504161
0.03604161
0.03704161
0.03804161
0.03904161
0.04004161
0.04104161
0.04204161
0.04304161
0.04404161
0.04504161
0.04604161
0.04704161
0.04804161
0.04904161
0.05004161
0.05104161
0.05204161
0.05304161
0.05404161
0.05504161
0.05604161
0.05704161
0.05804161
0.05904161
0.06004161
0.06104161
0.06204161
0.06304161
0.06404161
0.06504161
0.06604161
0.06704161
0.06804161
0.06904161
0.07004161
0.07104161
0.07204161
0.07304161
0.07404161
0.07504161
0.07604161
0.07704161
0.07804161
0.07904161
0.08004161
0.08104161
0.08204161
0.08304161
0.08404161
0.08504161
0.08604161
0.08704161
0.08804161
0.08904161
0.09004161
0.09104161
0.09204161
0.09304161
0.09404161
0.09504161
0.09604161
0.09704161
0.09804161
0.09904161
0.10004161
0.10104161
0.10204161
0.10304161
0.10404161
0.10504161
0.10604161
0.10704161
0.10804161
0.10904161
0.11004161
0.11104161
0.11204161
0.11304161
0.11404161
0.11504161
0.11604161
0.11704161
0.11804161
0.11904161
0.12004161
0.12104161
0.12204161
0.12304161
0.12404161
