0.00000000
0.00101774
0.00201774
0.00301774
0.00401774
0.00501774
0.00601774
0.00701774
0.00801774
0.00901774
0.01001774
0.01101774
0.01201774
0.01301774
0.01401774
0.01501774
0.01601774
0.01701774
0.01801774
0.01901774
0.02001774
0.02101774
0.02201774
0.02301774
0.02401774
0.02501774
0.02601774
0.02701774
0.02801774
0.02901774
0.03001774
0.03101774
0.03201774
0.03301774
0.03401774
0.03501774
0.03601774
0.03701774
0.03801774
0.03901774
0.04001774
0.04101774
0.04201774
0.04301774
0.04401774
0.04501774
0.04601774
0.04701774
0.04801774
0.04901774
0.05001774
0.05101774
0.05201774
0.05301774
0.05401774
0.05501774
0.05601774
0.05701774
0.05801774
0.05901774
0.06001774
0.06101774
0.06201774
0.06301774
0.06401774
0.06501774
0.06601774
0.06701774
0.06801774
0.06901774
0.07001774
0.07101774
0.07201774
0.07301774
0.07401774
0.07501774
0.07601774
0.07701774
0.07801774
0.07901774
0.08001774
0.08101774
0.08201774
0.08301774
0.08401774
0.08501774
0.08601774
0.08701774
0.08801774
0.08901774
0.09001774
0.09101774
0.09201774
0.09301774
0.09401774
0.09501774
0.09601774
0.09701774
0.09801774
0.09901774
0.10001774
0.10101774
0.10201774
0.10301774
0.10401774
0.10501774
0.10601774
0.10701774
0.10801774
0.10901774
0.11001774
0.11101774
0.11201774
0.11301774
0.11401774
0.11501774
0.11601774
0.11701774
0.11801774
0.11901774
0.12001774
0.12101774
0.12201774
0.12301774
0.12401774
0.12501774
0.12601774
0.12701774
0.12801774
0.12901774
0.13001774
0.13101774
0.13201774
