0.00000000 0.00000000 0.00000000
0.00034669 0.00074555 0.00104242
0.00072164 0.00150752 0.00204242
0.00109692 0.00227153 0.00304242
0.00147308 0.00303735 0.00404242
0.00185342 0.00380598 0.00504242
0.00224421 0.00458310 0.00604242
0.00264554 0.00536847 0.00704242
0.00305615 0.00616089 0.00804242
0.00347200 0.00695923 0.00904242
0.00389495 0.00776426 0.01004242
0.00432400 0.00857584 0.01104242
0.00475791 0.00939318 0.01204242
0.00519836 0.01021716 0.01304242
0.00564409 0.01104756 0.01404242
0.00609610 0.01188456 0.01504242
0.00655442 0.01272807 0.01604242
0.00702004 0.01357930 0.01704242
0.00749482 0.01443849 0.01804242
0.00798085 0.01530665 0.01904242
0.00848224 0.01618469 0.02004242
0.00907779 0.01709353 0.02104242
0.00977824 0.01803536 0.02204242
0.01049820 0.01898426 0.02304242
0.01126517 0.01994634 0.02404242
0.01202945 0.02090981 0.02504242
0.01273915 0.02187388 0.02604242
0.01343030 0.02284245 0.02704242
0.01414840 0.02381955 0.02804242
0.01491463 0.02480252 0.02904242
0.01576247 0.02579735 0.03004242
0.01674541 0.02680746 0.03104242
0.01779195 0.02783004 0.03204242
0.01885090 0.02885633 0.03304242
0.01993917 0.02989145 0.03404242
0.02110740 0.03094956 0.03504242
0.02231822 0.03201942 0.03604242
0.02355914 0.03309762 0.03704242
0.02482157 0.03418262 0.03804242
0.02610153 0.03527280 0.03904242
0.02739813 0.03636786 0.04004242
0.02870407 0.03746565 0.04104242
0.03002255 0.03856725 0.04204242
0.03126818 0.03964582 0.04304242
0.03227336 0.04064696 0.04404242
0.03327178 0.04164578 0.04504242
0.03427226 0.04264517 0.04604242
0.03527500 0.04364520 0.04704242
0.03627939 0.04464570 0.04804242
0.03728510 0.04564657 0.04904242
0.03829197 0.04664778 0.05004242
0.03930188 0.04764994 0.05104242
0.04031588 0.04865338 0.05204242
0.04133638 0.04965892 0.05304242
0.04235054 0.05066236 0.05404242
0.04336736 0.05166664 0.05504242
0.04438614 0.05267143 0.05604242
0.04540587 0.05367651 0.05704242
0.04642603 0.05468173 0.05804242
0.04745140 0.05568847 0.05904242
0.04855063 0.05671774 0.06004242
0.04966127 0.05775151 0.06104242
0.05067657 0.05875513 0.06204242
0.05169539 0.05975988 0.06304242
0.05281928 0.06079946 0.06404242
0.05383426 0.06180286 0.06504242
0.05485003 0.06280670 0.06604242
0.05607477 0.06386445 0.06704242
0.05708443 0.06486686 0.06804242
0.05809567 0.06586886 0.06904242
0.05922085 0.06690623 0.07004242
0.06023747 0.06791022 0.07104242
0.06125529 0.06891445 0.07204242
0.06228271 0.06992192 0.07304242
0.06330113 0.07092627 0.07404242
0.06432375 0.07193150 0.07504242
0.06548680 0.07297664 0.07604242
0.06661822 0.07402180 0.07704242
0.06763521 0.07502537 0.07804242
0.06864857 0.07602802 0.07904242
0.06971590 0.07704145 0.08004242
0.07083655 0.07806780 0.08104242
0.07184126 0.07906874 0.08204242
0.07286107 0.08007371 0.08304242
0.07385944 0.08105813 0.08404242
0.07486012 0.08205589 0.08504242
0.07586290 0.08305418 0.08604242
0.07687258 0.08405375 0.08704242
0.07801082 0.08509337 0.08804242
0.07901528 0.08608048 0.08904242
0.08000632 0.08707577 0.09004242
0.08101335 0.08807684 0.09104242
0.08202285 0.08907822 0.09204242
0.08302592 0.09007693 0.09304242
0.08403648 0.09107873 0.09404242
0.08505093 0.09208171 0.09504242
0.08606540 0.09308154 0.09604242
0.08710088 0.09408988 0.09704242
0.08811849 0.09509237 0.09804242
0.08913824 0.09609533 0.09904242
0.09015572 0.09709570 0.10004242
0.09118524 0.09809081 0.10104242
0.09231800 0.09912255 0.10204242
0.09334845 0.10011962 0.10304242
0.09434755 0.10111381 0.10404242
0.09551792 0.10216337 0.10504242
0.09651742 0.10315595 0.10604242
0.09758974 0.10416533 0.10704242
0.09871484 0.10519324 0.10804242
0.09972550 0.10619092 0.10904242
0.10093934 0.10724217 0.11004242
0.10195985 0.10824825 0.11104242
0.10290383 0.10923173 0.11204242
0.10385317 0.11021610 0.11304242
0.10482260 0.11120627 0.11404242
0.10582246 0.11220394 0.11504242
0.10682903 0.11320351 0.11604242
0.10799417 0.11424026 0.11704242
0.10898379 0.11523558 0.11804242
0.10997644 0.11623161 0.11904242
0.11096909 0.11722768 0.12004242
0.11197364 0.11822674 0.12104242
0.11298184 0.11922662 0.12204242
0.11404902 0.12025047 0.12304242
0.11520597 0.12130179 0.12404242
0.11647130 0.12237986 0.12504242
0.11747460 0.12338042 0.12604242
0.11857168 0.12441109 0.12704242
0.11966053 0.12544421 0.12804242
0.12066906 0.12644939 0.12904242
0.12167353 0.12745271 0.13004242
0.12271716 0.12847033 0.13104242
0.12371939 0.12947275 0.13204242
0.12471824 0.13047259 0.13304242
0.12572365 0.13147377 0.13404242
0.12671963 0.13247026 0.13504242
0.12772548 0.13347093 0.13604242
0.12873579 0.13447366 0.13704242
0.12974085 0.13547462 0.13804242
0.13075247 0.13647741 0.13904242
0.13176045 0.13747948 0.14004242
