0.00000000 0.00000000 0.00000000
0.00033182 0.00072968 0.00102544
0.00067996 0.00147395 0.00202544
0.00102877 0.00222203 0.00302544
0.00137536 0.00296994 0.00402544
0.00172321 0.00371879 0.00502544
0.00207656 0.00447221 0.00602544
0.00243698 0.00523112 0.00702544
0.00280470 0.00599607 0.00802544
0.00317901 0.00676698 0.00902544
0.00355926 0.00754375 0.01002544
0.00394249 0.00832527 0.01102544
0.00432885 0.00911156 0.01202544
0.00471743 0.00990230 0.01302544
0.00510844 0.01069794 0.01402544
0.00550133 0.01149772 0.01502544
0.00589600 0.01230278 0.01602544
0.00629285 0.01311385 0.01702544
0.00669274 0.01393077 0.01802544
0.00709345 0.01475388 0.01902544
0.00749392 0.01558526 0.02002544
0.00789243 0.01642622 0.02102544
0.00829844 0.01727720 0.02202544
0.00867004 0.01814719 0.02302544
0.00906429 0.01902987 0.02402544
0.00948519 0.01992698 0.02502544
0.00989957 0.02082790 0.02602544
0.01031609 0.02173362 0.02702544
0.01074976 0.02264444 0.02802544
0.01120383 0.02356118 0.02902544
0.01166188 0.02447933 0.03002544
0.01213007 0.02539971 0.03102544
0.01260400 0.02632629 0.03202544
0.01309009 0.02726006 0.03302544
0.01358717 0.02819830 0.03402544
0.01408707 0.02914213 0.03502544
0.01460043 0.03009276 0.03602544
0.01510813 0.03104789 0.03702544
0.01563203 0.03201091 0.03802544
0.01614442 0.03297681 0.03902544
0.01666752 0.03395346 0.04002544
0.01693262 0.03444524 0.04052544
0.01745355 0.03543360 0.04152544
0.01796945 0.03642808 0.04252544
0.01849806 0.03742924 0.04352544
0.01902121 0.03843955 0.04452544
0.01955601 0.03945263 0.04552544
0.02011882 0.04047031 0.04652544
0.02074284 0.04149514 0.04752544
0.02138528 0.04252500 0.04852544
0.02202718 0.04355700 0.04952544
0.02265801 0.04459099 0.05052544
0.02330369 0.04562656 0.05152544
0.02395131 0.04666365 0.05252544
0.02451039 0.04769558 0.05352544
0.02501233 0.04872305 0.05452544
0.02550905 0.04975114 0.05552544
0.02599184 0.05078020 0.05652544
0.02643186 0.05180824 0.05752544
0.02681659 0.05283428 0.05852544
0.02720550 0.05386038 0.05952544
0.02767359 0.05488563 0.06052544
0.02813728 0.05591172 0.06152544
0.02859170 0.05693871 0.06252544
0.02904029 0.05796633 0.06352544
0.02945681 0.05899430 0.06452544
0.02987945 0.06000719 0.06552544
0.03034695 0.06101431 0.06652544
0.03087469 0.06201746 0.06752544
0.03140319 0.06302071 0.06852544
0.03193202 0.06402403 0.06952544
0.03244997 0.06502649 0.07052544
0.03308209 0.06602051 0.07152544
0.03354653 0.06701616 0.07252544
0.03402137 0.06801494 0.07352544
0.03449427 0.06901406 0.07452544
0.03496593 0.07001362 0.07552544
0.03545070 0.07101112 0.07652544
0.03594448 0.07200712 0.07752544
0.03643727 0.07300306 0.07852544
0.03692983 0.07399890 0.07952544
0.03742248 0.07499450 0.08052544
0.03736842 0.07486737 0.08152544
0.03784425 0.07576824 0.08252544
0.03836561 0.07668857 0.08352544
0.03889006 0.07762314 0.08452544
0.03939530 0.07857516 0.08552544
0.03990366 0.07953826 0.08652544
0.04041364 0.08050305 0.08752544
0.04080225 0.08099106 0.08802544
0.04130486 0.08196543 0.08902544
0.04180283 0.08294003 0.09002544
0.04230186 0.08391585 0.09102544
0.04279916 0.08489589 0.09202544
0.04330499 0.08587750 0.09302544
0.04381915 0.08686051 0.09402544
0.04433319 0.08784379 0.09502544
0.04485805 0.08882820 0.09602544
0.04539510 0.08980779 0.09702544
0.04593275 0.09078762 0.09802544
0.04646980 0.09176857 0.09902544
0.04737783 0.09277668 0.10002544
0.04793823 0.09375879 0.10102544
0.04847698 0.09474639 0.10202544
0.04900115 0.09572687 0.10302544
0.04952041 0.09670485 0.10402544
0.05003771 0.09768259 0.10502544
0.05057750 0.09866772 0.10602544
0.05111178 0.09965142 0.10702544
0.05164507 0.10063403 0.10802544
0.05217889 0.10161711 0.10902544
0.05271195 0.10260154 0.11002544
0.05324695 0.10358716 0.11102544
