0.00000000 0.00000000 0.00000000 0.00000000 0.00000000 0.00000000 0.00000000 0.00000000 0.00000000 0.00000000 0.00000000 0.00000000 0.00000000 0.00000000 0.00000000 0.00000000
2.44296975 4.03703420 4.57789114 2.60253259 -4.66883894 -10.25895976 -11.75550243 -19.45634393 -24.14692131 -1.17813121 1.28504198 -11.98071871 -11.03296904 -7.86835091 -8.08044234 -19.35566274
1.53482020 2.01915499 2.64399781 1.72184788 -17.33643724 -16.26223991 -17.37694452 -30.93580574 -31.72288457 -7.19820419 -4.43750139 -20.82805605 -17.18044183 -9.90436087 -10.02449009 -29.70188013
0.62499334 -0.01222255 0.71039652 0.82629589 -28.92909353 -21.83016293 -22.94940592 -41.59363190 -39.01270967 -13.05792615 -10.13144399 -29.30374470 -23.26006464 -11.96224517 -11.98068643 -39.64272837
-0.26203744 -2.01212092 -1.19860006 -0.05568072 -40.05725522 -27.36815816 -28.45149966 -51.77641558 -45.92575168 -18.85320010 -15.74305667 -37.41587206 -29.15223528 -14.00638826 -13.92580409 -49.12543852
-1.09924923 -4.02166803 -3.11942004 -0.90012229 -50.87676919 -32.46326026 -33.63522263 -61.51622525 -52.45869903 -24.64821023 -21.37708379 -45.21772472 -34.95437163 -16.07990935 -15.89479846 -58.25540406
-1.84502559 -5.61552385 -5.05559977 -1.67704465 -61.26452675 -37.02348916 -38.26380931 -70.82691955 -58.81178452 -30.12671733 -26.96330717 -52.71838715 -40.75187448 -18.13001462 -17.87295434 -67.08671162
-2.47451930 -7.25482609 -6.80872199 -2.34155835 -70.95526132 -41.23333736 -42.50811533 -79.76808671 -65.12386714 -35.24031776 -32.15683458 -59.91360861 -46.59406510 -20.13938494 -19.81898728 -75.66293769
-2.88920962 -8.94372723 -8.61498741 -2.78091283 -79.98539327 -45.16003578 -46.59175272 -88.33310932 -71.38932476 -39.73630640 -37.00808403 -66.71186966 -52.44398298 -21.98771877 -21.69806888 -83.94299370
-3.19590195 -10.59557213 -10.40570598 -3.11122240 -88.45077659 -49.00662794 -50.26995357 -96.54062142 -77.48189118 -44.12466377 -41.24718345 -73.12600350 -58.23622510 -23.81837121 -23.52043447 -91.90725139
-3.45935995 -12.21028222 -12.11981261 -3.38479834 -96.38428098 -52.53847265 -53.89635036 -104.33681008 -83.35487598 -48.12512845 -45.46654065 -79.10036785 -63.88685511 -25.54414957 -25.26448111 -99.45519369
-3.69486440 -13.74248377 -13.78263564 -3.62956813 -103.83831400 -55.91818672 -57.36291298 -111.71805098 -88.96073206 -52.16167067 -49.18290806 -84.66764381 -69.38225876 -27.25251021 -26.97368094 -106.58753458
-3.92662838 -15.17652652 -15.35285554 -3.86866250 -110.89046659 -59.34020337 -60.51085974 -118.68567533 -94.32018441 -55.86211585 -52.90456572 -89.72579236 -74.72694723 -28.90867620 -28.67476610 -113.22694367
-4.15939353 -16.56621872 -16.87786936 -4.11503415 -117.45280861 -62.62164774 -63.67459003 -125.21935211 -99.45026675 -59.41706066 -56.62169317 -94.37914556 -79.88891724 -30.48457057 -30.27943901 -119.39210073
-4.38875677 -17.86027751 -18.33123765 -4.36203656 -123.51000086 -65.66510096 -66.76928261 -131.33138438 -104.30296456 -62.99738744 -59.98485494 -98.62315795 -84.83046600 -32.04841731 -31.87274944 -125.08591208
-4.62057269 -19.09363842 -19.72729825 -4.61543857 -129.08389862 -68.65992104 -69.85565001 -137.00585517 -108.88921213 -66.52208064 -63.28327845 -102.46043335 -89.56972962 -33.59056322 -33.46033385 -130.27812378
-4.85957199 -20.32623906 -21.12986859 -4.87583824 -134.17540620 -71.57299957 -72.75130148 -142.23365033 -113.24042940 -69.97641558 -66.57084963 -105.87646403 -94.13239401 -35.10800066 -35.03861849 -134.96849162
-5.10184048 -21.52213123 -22.51047924 -5.15081076 -138.77747571 -74.50821166 -75.50620631 -147.01559212 -117.36215110 -73.23011635 -69.86375775 -108.87354044 -98.53005894 -36.56728452 -36.58879029 -139.14339630
-5.33899780 -22.65691027 -23.83360039 -5.42609545 -142.86166763 -77.44891587 -78.20919309 -151.32829956 -121.28799447 -76.43645968 -73.10840587 -111.42115565 -102.75298628 -37.99908135 -38.08990769 -142.77782225
-5.57779285 -23.78561789 -25.15501932 -5.70940018 -146.40793796 -80.27244930 -80.93775836 -155.14531424 -125.01400148 -79.55076934 -76.28477545 -113.51617427 -106.78972713 -39.41043112 -39.57397680 -145.84049897
-5.82206168 -24.89540357 -26.45541790 -6.00794780 -149.31987922 -83.00064058 -83.65167469 -158.43303285 -128.54137745 -82.62665828 -79.22710669 -115.13026363 -110.54584980 -40.79034496 -41.03222133 -148.31730733
-6.07159891 -25.97792768 -27.72587623 -6.32354682 -151.42185819 -85.69292445 -86.28775680 -161.25239193 -131.85063007 -85.68761973 -82.13472070 -115.40846019 -113.88668051 -42.13816776 -42.46688116 -150.21087566
-6.34203946 -27.09015249 -29.02055393 -6.67677060 -153.05322445 -88.13560550 -88.86757683 -163.58607322 -134.94974973 -88.59584633 -85.03541726 -114.65682977 -117.10099311 -43.50214834 -43.91958687 -151.54617559
-6.61653334 -27.95786252 -30.05564036 -7.03587022 -153.84710734 -89.95952986 -91.06503606 -165.10967456 -137.12767128 -90.90884857 -87.43709439 -113.93487162 -119.72113218 -44.71347148 -45.18055626 -151.79381729
-6.90922218 -28.66590993 -31.15796845 -7.48050640 -154.75696791 -91.78303364 -93.46836896 -164.84250410 -138.91510082 -93.38335196 -90.11790261 -113.22492485 -122.09253153 -45.97624296 -46.52973820 -149.71003141
-7.28347914 -29.33067187 -32.37337211 -7.97898515 -152.26410543 -93.82132437 -96.11043332 -163.32794122 -140.63561381 -96.20406964 -93.08687920 -112.50436211 -124.87992491 -47.30640772 -47.85181953 -147.52349123
-7.64006314 -29.90736903 -33.50887504 -8.45943690 -149.49240207 -95.73103069 -98.55852113 -161.83548592 -142.23086861 -98.86481007 -95.87386034 -111.77907279 -127.50899128 -48.51326331 -49.10833017 -145.38051097
-7.98582981 -30.48223039 -34.68851973 -8.95977784 -146.75782396 -97.60399791 -100.50861788 -160.19116186 -143.66304376 -101.49707680 -98.39688714 -110.97987404 -130.00763032 -49.70625560 -50.37260925 -143.19930167
-8.36786512 -31.17431828 -35.96984552 -9.49251935 -143.80788627 -98.73215274 -102.43403721 -158.40651544 -144.94561638 -103.59533194 -101.05925414 -110.11853290 -132.51007052 -50.95465242 -51.70791472 -140.94258120
-8.78065662 -31.98591794 -37.35185546 -10.06179823 -140.66695717 -99.50086789 -104.15608580 -156.58024880 -146.13447757 -105.49829084 -103.20798046 -109.25000025 -135.03292691 -52.28021517 -53.11429948 -138.57864184
-9.19858102 -32.81109749 -38.75027922 -10.63326590 -137.52371517 -100.26539073 -105.87370397 -154.74449321 -147.28597383 -107.31415351 -105.29767200 -108.36754046 -137.51680979 -53.59942475 -54.51957451 -136.17152414
-9.64156392 -33.70348920 -40.21720817 -11.22188359 -134.31719505 -101.08512692 -107.66439248 -152.88224240 -148.42939452 -108.21463998 -107.46906097 -107.46881282 -140.02074949 -54.94750302 -55.96031582 -133.70656308
-10.08620967 -34.57580630 -41.35554990 -11.80760233 -131.11982755 -101.88588196 -109.37196343 -150.98988300 -149.52449607 -108.92354601 -109.30286475 -106.53219350 -142.44745169 -56.29832557 -57.42297727 -131.16006463
-10.54323422 -35.46903641 -42.33475854 -12.41341840 -127.91556203 -102.63599352 -110.31444498 -148.96251510 -150.52909361 -109.60734555 -111.12352782 -105.47884095 -144.77098367 -57.66152999 -58.92102023 -128.33216228
-11.01307870 -36.40486847 -43.36638679 -13.03972229 -124.68295101 -103.40921466 -110.81905363 -146.69749315 -151.48336740 -110.32237983 -113.02349504 -104.35361176 -146.87961782 -59.02032243 -60.44627005 -125.42709070
-11.48787098 -37.30651506 -44.37358089 -13.65040123 -121.48833479 -104.15853245 -111.32589322 -144.35539550 -152.40197411 -110.91416806 -114.87735675 -103.22279729 -148.91273224 -60.33414777 -61.94420591 -122.53005072
-11.97691859 -38.27402703 -45.46091422 -14.18828646 -118.22856583 -104.96929959 -111.93758440 -141.63168308 -153.31361027 -111.24239203 -115.88263263 -101.94666137 -150.93194549 -61.57505948 -63.48491164 -119.53516247
-12.47393898 -39.23970348 -46.51711572 -14.62241983 -114.97141264 -105.80090283 -112.55214416 -138.82807407 -154.04049256 -111.54169104 -116.64719583 -100.25945638 -152.81285977 -62.81952203 -65.03395182 -116.50492404
-12.86386961 -40.25215649 -47.49509794 -14.97456771 -112.24010963 -106.70466896 -113.19728678 -135.93587678 -154.13627883 -111.87289420 -117.32558658 -98.17866448 -154.43035907 -64.09059652 -66.61267229 -113.42125900
-13.15032539 -41.18624767 -48.40526512 -15.22335365 -109.71370373 -107.43720628 -113.78510486 -133.09290815 -153.99348486 -112.12593634 -117.89781568 -96.11801029 -155.87219573 -65.31377458 -68.12180057 -110.38653765
-13.30604637 -42.07072911 -49.30597090 -15.46351678 -106.80786297 -107.87185281 -114.35424334 -130.26565503 -153.78094541 -112.42176674 -118.46355460 -94.07545811 -156.80085186 -66.54620115 -69.62254647 -107.37284151
-13.47555879 -42.97446381 -50.21311435 -15.69974437 -103.58028088 -108.27171069 -114.64611993 -127.41575676 -153.40416170 -112.69021546 -119.04914530 -92.02953796 -157.23053195 -67.79442826 -71.12918930 -104.35504336
-13.63625216 -43.83373420 -51.07665794 -15.92994040 -100.37469471 -108.61445808 -114.78854745 -124.40827517 -152.90680823 -112.90293436 -119.47043763 -89.97071670 -157.49886174 -68.98193972 -72.13023240 -101.31343837
-13.78989971 -44.65084134 -51.90297796 -16.15445315 -97.15321525 -108.91903980 -114.88744935 -121.31986066 -152.30449489 -113.09860489 -119.54445533 -87.79221175 -157.59418010 -70.02397093 -72.94208443 -98.24936117
-13.94628229 -45.45129628 -52.70499587 -16.37154215 -93.82298310 -109.20650705 -114.99353895 -118.23983534 -151.41917191 -113.30714745 -119.57660392 -85.54748716 -157.34828707 -70.67079459 -73.68558337 -95.18823107
-14.11799053 -46.30436416 -53.55850670 -16.59807173 -90.31859986 -109.54607537 -115.14467409 -115.13360311 -150.28688200 -113.57613899 -119.64307719 -83.26935632 -156.86404927 -71.09172877 -74.46997939 -92.07723048
-14.30788124 -46.93408332 -54.45860746 -16.84104250 -86.68568631 -109.94174513 -115.34594959 -111.95775880 -149.07919722 -113.89373731 -119.76456712 -80.95454402 -156.30393535 -71.30161745 -75.14197976 -88.88634202
-14.52663092 -47.50106782 -55.18283024 -17.11884622 -82.84103513 -110.35862022 -115.65168526 -108.63005671 -147.75923966 -114.32651651 -119.99913017 -78.54684311 -155.65884709 -71.42994682 -75.67444264 -85.37694453
-14.78863582 -47.84336655 -55.64472294 -17.43299194 -78.72121192 -110.74440445 -116.07875763 -105.15122276 -146.23063957 -114.90096983 -120.36654666 -76.04533174 -154.80780769 -71.61551494 -75.95650998 -81.62179064
-15.05724964 -48.08082324 -55.90314905 -17.75352208 -74.53326361 -111.14932124 -116.52651365 -101.63500513 -144.65591002 -115.50109436 -120.77583562 -73.51653986 -153.86660892 -71.80709731 -76.17942160 -77.82647500
-15.32520014 -48.30238293 -56.14357576 -18.07242966 -70.32560715 -111.55289302 -116.96807990 -98.10412119 -143.04563341 -116.09364385 -121.19936689 -70.97606264 -152.86446288 -71.98633246 -76.39467365 -74.00948505
-15.60487263 -48.53892303 -56.39633102 -18.40026791 -66.01900288 -112.00043494 -117.44786728 -94.51598164 -141.37497683 -116.61132847 -121.66655797 -68.39860159 -151.71623365 -72.18225904 -76.61714446 -70.11414403
-15.86117228 -48.69657451 -56.56582441 -18.69575995 -61.82529334 -112.32524087 -117.83154424 -91.02359660 -139.73725559 -116.94328575 -122.03309375 -65.89013772 -150.48512958 -72.34617837 -76.77932334 -66.34211116
-16.10990714 -48.83380333 -56.70987861 -18.97858519 -57.66330037 -112.60844115 -118.18417573 -87.55052114 -138.08513721 -117.24167397 -122.36954615 -63.39720296 -149.21342249 -72.48603637 -76.92491346 -62.59828080
-16.23936328 -48.71543641 -56.60633633 -19.16540665 -54.65305133 -112.48051156 -118.19767002 -84.38250660 -137.78741778 -117.09508282 -122.34415571 -61.08295349 -148.90298004 -72.46145891 -76.89586259 -59.24702820
-16.34110106 -48.53397775 -56.44018313 -19.32741830 -51.88904878 -112.26655073 -118.12920655 -81.28693917 -137.74728882 -116.84137276 -122.22942558 -58.81017276 -148.76807517 -72.39700239 -76.82406452 -55.99225006
-16.42877196 -48.31236591 -56.23363494 -19.47037176 -49.19959882 -111.97877416 -118.00328513 -78.24533372 -137.69267893 -116.53752143 -122.05744195 -56.56902196 -148.60721907 -72.30695259 -76.75920883 -52.81132515
-16.51030349 -48.07363089 -56.01082659 -19.60366744 -46.54044062 -111.65874228 -117.87525441 -75.22594764 -137.62579004 -116.20733782 -121.88552254 -54.34135205 -148.43011361 -72.20419470 -76.68015000 -49.66149041
-16.52824123 -47.62295668 -55.56273949 -19.62679987 -44.25594926 -111.02014184 -117.41146744 -72.58484441 -137.51617212 -115.48538715 -121.35484821 -54.12332768 -148.16838515 -71.98709150 -76.46115980 -47.05956212
-16.53644824 -47.14229706 -55.09149737 -19.63516060 -42.02070696 -110.34978169 -116.91241288 -69.95974768 -137.39681111 -114.71832106 -120.78486713 -53.95828392 -147.89124526 -71.75650977 -76.22428811 -44.51247115
-16.59646147 -46.80053861 -54.77329075 -19.70150304 -39.48558487 -109.89793682 -116.64092266 -67.07801895 -137.30306737 -114.20040425 -120.44456907 -53.95178340 -147.66620840 -71.59746332 -76.07986855 -41.68320341
-16.68720904 -46.54297936 -54.54685042 -19.79914183 -36.76644895 -109.58107497 -116.49877303 -64.04074768 -137.21638165 -113.83427083 -120.24216301 -54.03417155 -147.46350836 -71.48411133 -75.99217154 -38.68107143
-16.76672161 -46.27713907 -54.28731798 -19.88160019 -34.10790414 -109.21655369 -116.30999454 -61.04810289 -137.11981776 -113.42488815 -119.99241785 -54.08718701 -147.24333461 -71.34980360 -75.87840967 -35.74367108
-16.84145768 -46.00436116 -54.01213255 -19.95435162 -31.48148830 -108.82758863 -116.09716760 -58.07796405 -137.01514546 -112.99287528 -119.71955482 -54.12712396 -147.01107635 -71.20461889 -75.75456773 -32.83494341
-16.90856853 -45.71133131 -53.72263070 -20.01303391 -28.90433052 -108.39738454 -115.84337181 -55.12071002 -136.90207266 -112.52248355 -119.40584429 -54.14538958 -146.75203859 -71.04486072 -75.61190829 -29.97735263
-16.94287090 -45.35400059 -53.35866175 -19.96873340 -26.52991357 -107.74092361 -115.37604625 -53.58276914 -136.77254577 -111.81147474 -118.87271039 -54.02101108 -146.44266624 -70.81700617 -75.38135507 -28.84317176
-17.07135062 -45.19398035 -53.23657487 -19.94047154 -23.63610214 -107.38992927 -115.18981570 -53.49739824 -136.65145101 -111.44391562 -118.65578522 -53.95831963 -146.17345847 -70.70000695 -75.28248463 -28.82667228
-17.22125660 -45.18556499 -53.23490873 -19.93740905 -20.43961562 -107.27405006 -115.18834673 -53.48161950 -136.66933857 -111.34278878 -118.64102335 -53.96594405 -146.00271407 -70.66813438 -75.26738566 -28.84522412
-17.38143732 -45.24903344 -53.28932464 -19.95798370 -17.06092202 -107.27263925 -115.26965601 -53.49745083 -136.74461715 -111.37477690 -118.72023731 -53.96344024 -145.80082740 -70.67648565 -75.28678980 -28.87735097
-17.54058684 -45.31354719 -53.34432433 -19.97847881 -13.67136938 -107.27518222 -115.34415009 -53.51305485 -136.80932289 -111.41003782 -118.80081801 -53.96072526 -145.57843311 -70.68530283 -75.30646331 -28.90819476
-17.68248972 -45.37033543 -53.39317585 -20.00042837 -10.31641125 -107.26828914 -115.39736250 -53.52406436 -136.86344275 -111.43274451 -118.87142769 -53.95397133 -145.38283013 -70.68999648 -75.32157114 -28.93580849
-17.72283337 -45.31709996 -53.35684405 -19.99877107 -9.31468606 -107.09331249 -115.32739125 -53.49211388 -136.91331252 -111.26933941 -118.81014425 -53.90614352 -145.18323527 -70.63234767 -75.27590976 -28.93826211
-17.70329605 -45.21908028 -53.28431025 -19.98585425 -9.20484947 -106.85753858 -115.20893284 -53.44431081 -136.96090330 -111.03639081 -118.69710062 -53.84348445 -144.97828881 -70.55025089 -75.20583717 -28.92985303
-17.66838205 -45.11572929 -53.20693765 -19.97112716 -9.09654674 -106.61702939 -115.08289662 -53.39939535 -137.00612444 -110.79964529 -118.57653237 -53.77886539 -144.77283702 -70.46592429 -75.13257208 -28.91867024
-17.63327593 -45.01081806 -53.12841333 -19.95597156 -8.98972446 -106.37559252 -114.95545519 -53.35342430 -137.04846813 -110.56025096 -118.45321760 -53.71336553 -144.56735058 -70.38135759 -75.05868976 -28.90621102
-17.73469739 -45.31398036 -53.35845791 -20.04295729 -6.56576329 -106.77831410 -115.31018526 -53.46358424 -136.98940982 -111.10860475 -118.84391195 -53.80142841 -139.14535969 -70.53126978 -75.21026321 -28.98041559
-17.70754491 -45.25435759 -53.31254010 -20.02686073 -6.53424269 -106.63644475 -115.23026208 -53.43425804 -136.97077862 -110.96897382 -118.76978133 -53.75336506 -139.05370255 -70.47056993 -75.15813905 -28.97486372
-17.68303689 -45.20589676 -53.27618041 -19.99359504 -6.50777127 -106.52452357 -115.16743290 -53.41158010 -136.93647185 -110.83520581 -118.71331073 -53.71099301 -138.96005368 -70.41794920 -75.11375660 -28.97356746
-17.65766680 -45.15401661 -53.23753269 -19.96216550 -6.48007166 -106.40854952 -115.10803547 -53.38709394 -136.90014391 -110.67408593 -118.65524015 -53.66620091 -138.86319668 -70.36484012 -75.06793468 -28.97145603
-17.63151676 -45.09865133 -53.19593829 -19.93208295 -6.45110277 -106.29274317 -115.04539369 -53.36026862 -136.86145339 -110.51258169 -118.59653090 -53.61960264 -138.76276423 -70.31023351 -75.02039472 -28.96770921
-17.60440807 -45.03997734 -53.15063852 -19.90089739 -6.42156694 -106.17103762 -114.97694323 -53.33016058 -136.82125147 -110.34920145 -118.53102364 -53.57583647 -138.65994016 -70.25330170 -74.97048083 -28.96175199
-17.58067988 -44.97860370 -53.10369475 -19.86756942 -6.39108366 -106.04537577 -114.90437745 -53.29772807 -136.77857307 -110.17841042 -118.46001809 -53.53134327 -138.55395480 -70.19410982 -74.91900417 -28.95429749
-17.55798694 -44.91619795 -53.05715448 -19.83387215 -6.35967486 -105.92057245 -114.83095319 -53.26565883 -136.73493174 -109.97540600 -118.38748613 -53.48621959 -138.44687397 -70.13503695 -74.86800017 -28.94611664
-17.53438381 -44.85232013 -53.00970447 -19.79993870 -6.32692875 -105.79491969 -114.75641482 -53.23296333 -136.69183500 -109.77018627 -118.31307941 -53.44048801 -138.33928881 -70.07541324 -74.81655078 -28.93703943
-17.51406771 -44.78798229 -52.96199476 -19.76522133 -6.29437288 -105.66789844 -114.67983535 -53.19926583 -136.64133034 -109.56158204 -118.23581805 -53.39404316 -138.22658228 -70.01482050 -74.76426661 -28.92678135
-17.49292427 -44.72186274 -52.91268482 -19.72957107 -6.26067719 -105.53646243 -114.59850682 -53.16326357 -136.59128886 -109.34720635 -118.15276803 -53.34564944 -138.11324644 -69.95268377 -74.71008978 -28.91822507
-17.47172757 -44.65496393 -52.86357807 -19.69394733 -6.22581236 -105.40486896 -114.51649725 -53.12677773 -136.54127615 -109.13142942 -118.06851148 -53.29677892 -137.98912020 -69.89026900 -74.65574831 -28.90245350
-17.45046423 -44.58729886 -52.81362303 -19.65847176 -6.18970088 -105.27345353 -114.43394440 -53.09112342 -136.49086311 -108.91460297 -117.98367048 -53.24771631 -137.85328420 -69.82774284 -74.60114514 -28.87523209
-17.42852440 -44.51557329 -52.76081945 -19.62245285 -6.15252276 -105.13890357 -114.34880800 -53.05448728 -136.44105401 -108.69365005 -117.89543874 -53.19766580 -137.72081098 -69.76428841 -74.54545116 -28.83999246
-17.40874528 -44.44210890 -52.70694688 -19.58631502 -6.11429046 -105.00290867 -114.26208463 -53.01697992 -136.39175387 -108.47049540 -117.80462415 -53.14701845 -137.58821676 -69.70016381 -74.48928148 -28.79103330
-17.39155449 -44.36650449 -52.65183204 -19.55006491 -6.07347044 -104.86522180 -114.17340277 -52.97852146 -136.33956873 -108.24524558 -117.71093679 -53.09567942 -137.45194107 -69.63522714 -74.43233311 -28.74159694
-17.37408111 -44.28921455 -52.59540793 -19.51845077 -6.02871702 -104.72541655 -114.08200449 -52.93840675 -136.28186139 -108.01811619 -117.61339771 -53.04316388 -137.30915739 -69.56935727 -74.37427004 -28.69154944
-17.35641352 -44.21098561 -52.53720578 -19.48764777 -5.98296040 -104.58483899 -113.98951268 -52.89756467 -136.22433001 -107.78992308 -117.51174970 -52.99033556 -137.16640650 -69.50307802 -74.31581298 -28.64125758
-17.34199985 -44.14655221 -52.48887143 -19.46050185 -5.94387593 -104.45853173 -113.91375277 -52.86243338 -136.15244248 -107.57728713 -117.42583534 -52.94344322 -137.02446520 -69.44432645 -74.26550535 -28.59306659
-17.33151385 -44.09783698 -52.45320919 -19.43787701 -5.91297333 -104.34986379 -113.85879496 -52.83472595 -136.06293548 -107.38403263 -117.35925313 -52.90438210 -136.88329050 -69.39495962 -74.22463502 -28.54753924
-17.32088917 -44.04857956 -52.41709310 -19.41510571 -5.88098823 -104.24066352 -113.80317775 -52.80673266 -135.97415415 -107.18986275 -117.29153928 -52.86502923 -136.74238146 -69.34524195 -74.18349033 -28.50188660
-17.31026725 -43.99851968 -52.38039574 -19.39213707 -5.84859963 -104.12908732 -113.74646957 -52.77834796 -135.88554246 -106.99290851 -117.22235669 -52.82525005 -136.60183856 -69.29515969 -74.14201212 -28.45605281
-17.29974522 -43.94843739 -52.34259345 -19.36921671 -5.81511073 -104.01841268 -113.68599320 -52.75046093 -135.79743076 -106.79633493 -117.15316720 -52.78567332 -136.46146350 -69.24528942 -74.09322531 -28.41047386
-17.29288454 -43.91454492 -52.31663266 -19.35065783 -5.77739370 -103.94274918 -113.64420874 -52.73000630 -135.69925703 -106.63436254 -117.10374027 -52.75336830 -136.29758316 -69.20432263 -74.04513397 -28.36779364
-17.32399352 -44.00413323 -52.38135080 -19.35677650 -5.20969283 -104.08948900 -113.74142146 -52.76038444 -135.59540824 -106.74316116 -117.20009390 -52.77128300 -135.05977543 -69.23018639 -74.06310186 -28.34692505
-17.32823230 -44.01410272 -52.38848469 -19.34694968 -5.15493021 -104.11278279 -113.75045778 -52.75941540 -135.50549916 -106.70198246 -117.20288631 -52.75894111 -134.96278970 -69.20129701 -74.03917617 -28.31174656
-17.37183805 -44.13528426 -52.47780211 -19.35758886 -4.35143114 -104.31686194 -113.88843147 -52.80356421 -135.39613583 -106.88650239 -117.33841079 -52.79037081 -133.22801584 -69.22603708 -74.07667641 -28.29759161
-17.50082999 -44.49656965 -52.74518603 -19.41245375 -1.90611878 -104.91143295 -114.30718456 -52.94022650 -135.27378074 -107.55294589 -117.73449468 -52.91548041 -127.90163217 -69.38179552 -74.23693318 -28.32875613
-17.56082347 -44.62501694 -52.84542444 -19.42981381 -4.96702235 -105.26899181 -114.45780034 -52.98800110 -130.83617423 -107.71766729 -117.85539443 -52.95057506 -126.43940625 -69.41058889 -74.27131893 -28.31339438
-17.52812044 -44.54053118 -52.78186494 -19.40417375 -4.99276516 -105.15147940 -114.35843709 -52.94881366 -131.34475034 -107.49507293 -117.71296477 -52.90207230 -127.71234001 -69.32007232 -74.18858451 -28.25934410
-17.50014287 -44.47525915 -52.73353920 -19.38246545 -5.39015354 -105.05868388 -114.28318640 -52.91708178 -131.32415671 -107.30742108 -117.59530747 -52.86099919 -128.70923400 -69.23400785 -74.11670177 -28.20930850
-17.48021977 -44.41536150 -52.68780484 -19.36070736 -5.77283029 -104.97813707 -114.21598385 -52.88806486 -131.26815010 -107.13413011 -117.44800829 -52.82338518 -129.64070273 -69.15211932 -74.04583066 -28.16181077
-17.48305852 -44.42363208 -52.70127169 -19.37379847 -5.68515646 -105.01351013 -114.22975236 -52.87983186 -131.18006540 -107.08770965 -117.37877276 -52.81163004 -129.49329661 -69.10761549 -74.00575742 -28.12756361
-17.48955502 -44.44049219 -52.71455553 -19.36575777 -5.57437134 -105.06735475 -114.25363377 -52.88273943 -131.08619549 -107.06183254 -117.32071383 -52.80537823 -129.28966718 -69.06800734 -73.97127754 -28.09502038
-17.68195227 -44.96905631 -53.12281326 -19.46791881 -4.53907306 -106.16357905 -114.88532044 -53.09688239 -126.46864777 -108.29174313 -117.89122591 -53.00908484 -124.93555033 -69.31162476 -74.22050701 -28.15304612
-17.80520074 -45.24813645 -53.34421919 -19.51822279 -7.09271583 -106.85849238 -115.21664073 -53.20710286 -121.46747375 -108.76594804 -118.14670990 -53.10050581 -121.32515962 -69.41708455 -74.33066157 -28.16416109
-17.93721866 -45.63122095 -53.67373401 -19.61427468 -6.80720456 -107.67063823 -115.76105719 -53.40812118 -121.35427345 -101.50968108 -118.71214256 -53.27278109 -120.90337770 -69.58839173 -74.51840565 -28.20699254
-17.90692230 -45.54524201 -53.60462658 -19.58686195 -5.86205806 -107.55302055 -115.65770131 -53.36563544 -122.70599446 -102.00399424 -118.51509124 -53.20888362 -121.67516333 -69.48856625 -74.42866604 -28.15315827
-17.88262479 -45.47980221 -53.55364115 -19.56497696 -4.92525627 -107.46708068 -115.58303341 -53.33413892 -124.05102949 -101.99642042 -118.35084792 -53.15600595 -122.44624120 -69.38911052 -74.35166646 -28.10417606
-17.87197150 -45.45908594 -53.53783042 -19.55288558 -4.58205664 -107.45925647 -115.56386581 -53.32134887 -124.42623704 -102.07642465 -118.24565528 -53.11959193 -122.57816607 -69.31456660 -74.28644370 -28.06442213
-17.86873284 -45.45917432 -53.54012575 -19.54584333 -4.52795290 -107.48964644 -115.57371418 -53.31887005 -124.32763262 -102.20062492 -118.17049384 -53.07524422 -122.39828431 -69.25170991 -74.22706305 -28.02949662
-17.86593362 -45.45914041 -53.54264295 -19.53875907 -4.47354911 -107.52029416 -115.58368117 -53.31658542 -124.22941811 -102.32386311 -118.09043621 -53.03127647 -122.21959503 -69.18892913 -74.16787379 -27.99450385
-17.86328630 -45.45901139 -53.54491278 -19.53144320 -4.41930743 -107.55159662 -115.59328290 -53.31428857 -124.13121148 -102.44504691 -118.00968201 -52.98724678 -122.04176302 -69.12622004 -74.10870282 -27.95971329
-17.87007807 -45.47841977 -53.56329191 -19.52777303 -4.58224211 -107.62158497 -115.62732890 -53.32043382 -123.65397581 -102.57091570 -117.95273378 -52.95113120 -121.61687242 -69.07396346 -74.05991314 -27.92851641
-17.87465299 -45.48445627 -53.57013747 -19.52063444 -4.52568570 -107.66409483 -115.64523422 -53.32145153 -123.53306653 -102.59789297 -117.87989103 -52.91073328 -121.42470712 -69.01518003 -74.00446191 -27.89608764
-17.87895448 -45.49008419 -53.57694242 -19.51410022 -4.46981021 -107.70595633 -115.66279070 -53.32185671 -123.41672477 -102.62420507 -117.80578584 -52.87045444 -121.23679583 -68.95641432 -73.94925570 -27.86079257
-17.88304981 -45.49559993 -53.58352641 -19.50761726 -4.41407550 -107.74771640 -115.68006953 -53.32222330 -123.29814253 -102.64960243 -117.73116159 -52.83024884 -121.04827176 -68.89769922 -73.89364532 -27.82237467
-17.88707990 -45.50092574 -53.59009925 -19.50177189 -4.35851959 -107.78925410 -115.69693123 -53.32244789 -123.17976572 -102.67376219 -117.65606804 -52.79009109 -120.86077329 -68.83865045 -73.83794807 -27.78419924
-17.89094525 -45.50562905 -53.59629725 -19.49659999 -4.30329960 -107.82995013 -115.71276898 -53.32230721 -123.06142495 -102.69672059 -117.57986207 -52.74971051 -120.67458700 -68.77925810 -73.78159081 -27.74603709
-17.89478998 -45.51009638 -53.60237872 -19.49140483 -4.24834815 -107.87048343 -115.72828642 -53.32219605 -122.94326202 -102.71921166 -117.50331470 -52.70944036 -120.48943205 -68.71969207 -73.72500274 -27.70801450
-17.89867576 -45.51443690 -53.60859319 -19.48626893 -4.19361090 -107.91137681 -115.74391334 -53.32227874 -122.82522404 -102.74182590 -117.42648966 -52.66950612 -120.30529147 -68.66010249 -73.66862905 -27.66644224
-17.90258864 -45.51855026 -53.61475894 -19.48111250 -4.13906565 -107.95233370 -115.75932643 -53.32239490 -122.70716841 -102.76313974 -117.34929303 -52.62974879 -120.12202501 -68.60054478 -73.61257404 -27.62114708
-17.90660337 -45.52243662 -53.62103702 -19.47607012 -4.08466965 -107.99209648 -115.77509887 -53.32273836 -122.58927915 -102.78472044 -117.27243496 -52.59034932 -119.93976712 -68.54122128 -73.55625564 -27.57604383
-17.91051125 -45.52594776 -53.62689098 -19.47097853 -4.03050015 -108.03028275 -115.79018290 -53.32292521 -122.47187396 -102.80535707 -117.19501391 -52.55094776 -119.75855352 -68.48149623 -73.49981369 -27.53093529
-17.91453702 -45.52940827 -53.63279213 -19.46590123 -3.97647180 -108.06847404 -115.80505292 -53.32317226 -122.35478464 -102.82569699 -117.11759365 -52.51175022 -119.57828296 -68.42196517 -73.44353172 -27.48596295
-17.91943406 -45.53219261 -53.63827458 -19.46074908 -3.92262369 -108.10577667 -115.81903282 -53.32323291 -122.23794299 -102.84440012 -117.03962671 -52.47253163 -119.39892287 -68.36212651 -73.38655643 -27.44093630
-18.90658909 -48.65830512 -56.80863517 -20.48323632 -3.42900134 -114.49513947 -121.08458773 -55.39305679 -119.36150279 -109.12415123 -121.25429373 -54.30787841 -118.07872189 -65.32604063 12.03350130 -30.20207860
-18.96598396 -48.89990515 -57.05727267 -20.55319877 -3.35500282 -114.98417373 -121.50730834 -55.53255654 -119.39391214 -109.70491172 -121.68183113 -54.42611855 -118.08763112 -65.74800085 12.18154395 -30.29570276
