0.00000000 0.00000000 0.00000000 0.00000000 0.00000000 0.00000000 0.00000000 0.00000000 0.00000000 0.00000000 0.00000000 0.00000000 0.00000000 0.00000000 0.00000000 0.00000000
3.82685250 -18.60955718 -18.89829380 -24.16471754 2.24605548 -4.95906850 -5.38393497 -9.95342552 2.05798002 -4.91262924 -5.35663115 -9.90789516 3.78141244 -19.56791685 -19.78663856 -24.61977481
2.51199147 -31.29930570 -31.69853431 -35.47927251 -0.58896165 -12.67893800 -13.37480067 -12.85097555 -0.58312590 -12.29000509 -13.20349261 -12.72392464 2.51529475 -32.13512707 -32.59020982 -35.94327000
1.19750079 -43.59299782 -44.05995203 -46.32124189 -3.20781903 -20.32820367 -21.33730814 -15.64397494 -3.01558207 -19.59823034 -21.01991880 -15.43630049 1.24869068 -44.31286810 -44.95428282 -46.79054907
-0.12503380 -55.48897415 -56.00001058 -56.69590531 -5.80774646 -27.88570728 -29.23092606 -18.19566510 -5.43880412 -26.87214964 -28.78647888 -17.91644190 -0.02416487 -56.09913106 -56.89220067 -57.16464726
-1.41953877 -66.98785927 -67.57274678 -66.67669339 -8.39002718 -34.79466553 -36.62663907 -20.54740227 -7.88418937 -33.66531613 -36.12355930 -20.20399414 -1.27581602 -67.48395477 -68.44878920 -67.13076568
-2.56225643 -78.09471975 -78.82863724 -76.37104026 -10.79884567 -40.69037379 -43.21327281 -22.77409486 -10.25947186 -39.54039389 -42.67306499 -22.37195382 -2.39811258 -78.48163402 -79.68401936 -76.80561487
-3.29172550 -88.66477115 -89.60869411 -85.73530328 -12.91790153 -46.19518759 -49.25940217 -24.89850064 -12.40980241 -45.08736706 -48.67844791 -24.44669696 -3.13371532 -88.94965513 -90.44742967 -86.14757601
-3.85261437 -98.68194765 -99.83348584 -94.69573133 -14.79522946 -51.31268536 -54.86308667 -26.93496855 -14.33818144 -50.14620105 -54.30863828 -26.42854286 -3.69910061 -98.87632876 -100.65868060 -95.07729464
-4.31043177 -108.06699444 -109.37485176 -103.13635173 -16.50023818 -56.13720673 -59.72523032 -28.80885941 -16.06123553 -55.11377412 -59.12584430 -28.25811976 -4.16397124 -108.16440419 -110.19892374 -103.48649984
-4.72585255 -116.88797593 -118.32230206 -111.07991117 -18.07642320 -60.69526344 -64.37813306 -30.62123736 -17.65709752 -59.64050178 -63.79504762 -30.03010262 -4.58637023 -116.89011156 -119.14481116 -111.39266350
-5.11196649 -125.10974072 -126.61374553 -118.45679891 -19.55352007 -65.16982227 -68.68727162 -32.38093195 -19.14556141 -64.06479575 -68.12404797 -31.75244474 -4.99788898 -125.05811732 -127.49150821 -118.77978596
-5.48831675 -132.76184218 -134.29231683 -125.26456276 -20.91071220 -69.43994793 -72.83561676 -34.11688079 -20.53969891 -68.43112627 -72.25819164 -33.44373229 -5.37936407 -132.66951562 -135.24203264 -125.59873081
-5.84803447 -139.84225880 -141.37472406 -131.52796266 -22.25108652 -73.45291491 -76.96061569 -35.85139898 -21.84160122 -72.56921527 -76.35810992 -35.13128432 -5.74515607 -139.65382825 -142.33658403 -131.82361027
-6.19653948 -146.38178287 -147.87344454 -137.21247514 -23.55108693 -77.45358525 -81.00533635 -37.57302876 -23.12026694 -76.52584666 -80.38367630 -36.80685300 -6.10742958 -146.08536175 -148.83295550 -137.45463000
-6.56056628 -152.37518948 -153.76183048 -142.28898516 -24.81070998 -81.39824394 -84.90035551 -39.27797659 -24.37277373 -80.44119055 -84.30232535 -38.46607071 -6.48494670 -151.97692137 -154.72491696 -142.47699402
-6.94601140 -157.80130707 -159.04444400 -146.73414273 -26.07145912 -85.28810711 -88.66671913 -40.95781914 -25.61036013 -84.31268248 -88.06452315 -40.11103133 -6.88707240 -157.31793561 -159.93592106 -146.85305091
-7.36797518 -162.64075865 -163.60956740 -150.50529480 -27.32476304 -89.18673090 -92.40770985 -42.63358479 -26.82845153 -88.15867110 -91.77900227 -41.73648330 -7.32444822 -162.05767929 -164.50782245 -150.57018901
-7.82657650 -166.89359740 -167.53084304 -153.58088376 -28.59690316 -93.12213872 -96.15558969 -44.25344845 -28.03974873 -92.03940584 -95.50037950 -43.29011947 -7.79956204 -166.21063234 -168.43816867 -153.59815886
-8.32878379 -170.51951522 -170.77154758 -155.92110696 -29.88613569 -97.08557602 -99.92337540 -45.78368356 -29.27415830 -95.98157437 -99.25116798 -44.77967039 -8.32571343 -169.76597051 -171.71508783 -155.90611139
-8.87596678 -173.50297921 -173.32438807 -157.52718407 -31.18989187 -101.07282596 -103.76991493 -47.34647241 -30.52874589 -99.97222176 -102.77032819 -46.30203090 -8.90000700 -172.67113199 -174.30460841 -157.47013939
-9.59723416 -176.07826420 -173.88334858 -156.72627470 -32.75460212 -105.32632380 -107.12083341 -49.17452849 -32.02752721 -104.07862279 -106.10261662 -48.08963897 -9.65433942 -175.15061591 -174.70530247 -156.44196551
-10.63664093 -174.74327759 -172.34465387 -153.74670254 -34.72699847 -110.07769655 -111.21005330 -51.41643097 -33.89790472 -108.88266718 -110.21063545 -50.27187587 -10.72657899 -173.52332647 -173.26608767 -153.43601540
-11.71790637 -173.12449163 -170.64355789 -150.68624583 -36.48872635 -114.11628646 -115.31581711 -53.66674793 -35.69886216 -113.52857479 -114.33856223 -52.45748229 -11.82986838 -171.77592623 -171.69804286 -150.35931748
-12.91144769 -171.11160085 -168.64578870 -147.35461398 -37.79395532 -117.00704021 -119.71350216 -56.08845217 -36.99128695 -116.42235937 -118.74761122 -54.80303472 -13.04992432 -169.66446654 -169.79642900 -147.00799771
-14.07853848 -169.11424833 -166.63840095 -144.05814029 -39.01690749 -119.77602582 -123.92984731 -58.42635295 -38.12292102 -119.08303332 -122.97183967 -57.06479335 -14.24392659 -167.57057212 -167.88567519 -143.68581777
-15.14027683 -167.23539834 -164.72060864 -140.95140389 -40.06673656 -122.20826969 -127.73163675 -60.53935983 -39.11878270 -121.43733059 -126.77310780 -59.11015535 -15.33421079 -165.58854174 -166.05257994 -140.54506501
-16.15528024 -165.38890007 -162.86552077 -137.98547473 -41.02591506 -124.40617464 -131.01398121 -62.49106454 -40.02766914 -123.57326978 -129.64719594 -60.99422796 -16.37728066 -163.63847641 -164.26809281 -137.54596542
-17.17109656 -163.39999607 -160.86609985 -134.78662422 -42.07474642 -126.79210059 -133.11503357 -64.57818186 -40.99395600 -125.91609812 -131.76510261 -63.01207642 -17.38667676 -161.54343942 -162.35434868 -134.31934935
-17.77798743 -161.23528951 -158.73637398 -131.38867672 -43.20336907 -129.33141993 -135.13094840 -66.77611631 -42.01854500 -128.41033951 -133.82066320 -65.13283357 -18.00300632 -159.33783545 -160.32870669 -130.90628139
-18.39600965 -158.28758467 -156.31666090 -127.63032636 -44.28450829 -132.15291828 -137.38297124 -68.27290895 -42.95187180 -131.17428387 -136.03774990 -67.21876316 -18.61736106 -156.69686357 -157.90384158 -127.16498148
-19.11259971 -154.67030829 -153.05394649 -123.38627777 -45.24755752 -135.37523297 -140.01166656 -69.56912847 -43.71525706 -134.35383413 -138.62499195 -68.52859962 -19.34173304 -153.00285399 -154.56656943 -122.88542229
-19.92749461 -150.64214471 -149.18365667 -118.67715654 -46.04530209 -137.31184163 -142.87100624 -70.97321200 -44.51029041 -136.37139510 -141.43593824 -69.87624352 -20.16561674 -148.85875596 -150.80468559 -118.13212122
-20.76191446 -146.50827704 -145.18019302 -113.85741510 -46.54297660 -138.66307277 -145.71591528 -72.33884037 -45.13373490 -137.64232388 -144.24008827 -71.18607130 -21.02165603 -144.54673367 -146.86895125 -113.21108345
-21.62808817 -141.89914105 -140.96556850 -108.57994077 -47.05031222 -139.74647418 -148.57160418 -73.49444466 -45.52234073 -138.81369391 -146.88528879 -72.40584796 -21.89076620 -139.96963767 -142.82437489 -108.14586259
-22.53964009 -136.64522188 -136.15311932 -102.45844295 -47.57403943 -140.64754780 -150.51510403 -73.86388176 -45.94552063 -139.64773339 -148.23115768 -72.94401159 -22.79982863 -134.72526342 -137.98843585 -102.02958786
-23.39169635 -130.78388868 -130.52371715 -96.00030472 -48.11864666 -141.50759314 -151.07918393 -73.95222726 -46.37578559 -140.44676380 -148.75318344 -73.04095242 -23.65213232 -128.80301528 -132.35679354 -95.52870077
-24.00965780 -124.41779041 -124.35638400 -89.18618558 -48.65556828 -142.29864271 -151.43400223 -73.97209324 -46.76641552 -141.20196043 -149.05967427 -73.03666600 -24.28772544 -122.50169878 -126.29745871 -88.79066222
-24.54166732 -117.83392710 -117.98182826 -81.85826199 -49.03147436 -142.98929061 -151.73816105 -73.93659201 -46.98940415 -141.88529264 -149.30583925 -72.97440106 -24.82898057 -115.85626561 -120.07342867 -81.68251675
-25.08687013 -111.25707938 -111.59668038 -74.40811731 -49.27560778 -143.51352142 -151.98982752 -73.86049085 -47.11617382 -142.51139047 -149.50476106 -72.86258896 -25.38292062 -108.85891391 -113.50783174 -73.88689043
-25.61220717 -104.47306440 -104.92245988 -66.82057524 -49.41486178 -143.69698746 -152.19677558 -73.75226595 -47.17740367 -142.88222453 -149.65904106 -72.72117998 -25.92060792 -101.71330871 -106.63510244 -65.95525310
-26.13824321 -97.51214697 -98.09300288 -59.16641380 -49.53598183 -143.68849978 -152.35513196 -73.60205735 -47.24019661 -142.95699074 -149.76593712 -72.54841327 -26.46513706 -94.21834369 -99.44149860 -57.82133322
-26.65532140 -90.32314790 -91.01428500 -51.43355890 -49.63381083 -143.61723311 -152.45340395 -73.41826255 -47.29304202 -142.99770349 -149.82685616 -72.34934705 -26.99386273 -86.52583091 -92.01005208 -49.57261894
-27.18889286 -82.27742219 -83.11596370 -42.86250888 -49.78649914 -143.50584313 -152.51273779 -73.19605204 -47.27203405 -142.99506311 -149.85328934 -72.13856295 -27.46358065 -79.50233547 -85.48893565 -42.87862323
-27.35353851 -79.20372087 -82.22151650 -42.55446131 -49.78862107 -143.36428358 -152.53749090 -73.05675764 -47.17945021 -142.92607841 -149.86040968 -72.00768073 -27.57523950 -77.48124485 -85.66450310 -42.74212134
-27.39166405 -79.13512077 -82.28427044 -42.43875874 -49.72038255 -143.20252952 -152.54472637 -72.92765252 -47.09677860 -142.75104556 -149.85073639 -71.87758405 -27.60335179 -77.37345125 -85.77678195 -42.61780060
-27.42950233 -79.05403191 -82.29724325 -42.31565516 -49.64433772 -143.02360129 -152.53310656 -72.78654080 -47.01098668 -142.52374912 -149.82735754 -71.73841632 -27.63206526 -77.25522006 -85.77124626 -42.48639749
-27.46696679 -78.96106764 -82.24447563 -42.18521003 -49.55687349 -142.82875696 -152.50285988 -72.63471966 -46.91900332 -142.27989037 -149.78954968 -71.59172293 -27.65753135 -77.12745444 -85.72725906 -42.34939194
-27.50340879 -78.86091923 -82.12879274 -42.05177348 -49.45945456 -142.62952133 -152.45832697 -72.47359759 -46.82382567 -142.02373143 -149.73841877 -71.43704392 -27.68249297 -76.99297341 -85.62713356 -42.20821242
-27.53931071 -78.75430967 -81.97789844 -41.91513536 -49.35430404 -142.42461859 -152.39728529 -72.30381778 -46.72459069 -141.75670861 -149.67380217 -71.27601167 -27.70659576 -76.85233845 -85.51658407 -42.06264568
-27.57437626 -78.64264358 -81.77913569 -41.77569695 -49.24289416 -142.21485838 -152.31937657 -72.12591838 -46.62174111 -141.45008125 -149.59630680 -71.10874855 -27.72998159 -76.70723390 -85.39698762 -41.91328079
-27.60862578 -78.52527670 -81.56754665 -41.63242797 -49.12145943 -142.00140078 -152.22160090 -71.94096866 -46.51796392 -141.07843488 -149.50569263 -70.93541720 -27.75302498 -76.55795163 -85.22787223 -41.75897063
-27.64240167 -78.40246926 -81.30414958 -41.48437329 -48.99535289 -141.78359621 -152.10294443 -71.74957069 -46.41356609 -140.69869259 -149.40308398 -70.75621733 -27.77538346 -76.40598905 -84.98064788 -41.60059886
-27.67499470 -78.27741682 -81.00392006 -41.33496586 -48.86235731 -141.56421558 -151.97451625 -71.55297795 -46.30788447 -140.30649927 -149.28911691 -70.57318345 -27.79596505 -76.25134753 -84.72577709 -41.43925066
-27.70799956 -78.11878704 -80.67732545 -41.18406024 -48.72487335 -141.35089308 -151.83900671 -71.35276653 -46.20305085 -139.84214658 -149.16527077 -70.38649744 -27.81516291 -76.09456152 -84.46346321 -41.27414829
-27.74241757 -77.91279428 -80.33016106 -41.03108392 -48.58415739 -141.11952836 -151.69525727 -71.14901356 -46.09930600 -139.37218048 -149.03012788 -70.19639009 -27.83500336 -75.89185891 -84.15468357 -41.10315204
-27.77703799 -77.67469827 -79.96126573 -40.87516759 -48.44114928 -140.86510592 -151.54217259 -70.94164927 -45.99686969 -138.89770860 -148.88449891 -70.00351270 -27.85505654 -75.64818078 -83.83592219 -40.92958446
-27.81120112 -77.43475864 -79.59168278 -40.71806908 -48.29875731 -140.49202264 -151.39464204 -70.73071289 -45.89723439 -138.43217678 -148.69348966 -69.80883958 -27.87503579 -75.37301587 -83.45767759 -40.75360970
-27.84701626 -77.14964943 -79.18807399 -40.55910836 -48.16377189 -139.99122443 -151.26341169 -70.51523594 -45.79507051 -137.98743216 -148.40210409 -69.61600502 -27.89395868 -75.08452034 -83.07686951 -40.57635623
-27.88351614 -76.86210186 -78.75013128 -40.39936025 -48.03541532 -139.32513850 -151.13740881 -70.29626569 -45.69458414 -137.56019343 -148.05615726 -69.42129090 -27.91243261 -74.76138151 -82.69156016 -40.39735547
-27.92067910 -76.57129518 -78.30942038 -40.23835397 -47.91728276 -138.25438299 -151.02204544 -70.07516602 -45.59529957 -137.15794884 -147.72622730 -69.22394929 -27.92914643 -74.43472539 -82.30068265 -40.21634134
-27.96953360 -76.28131561 -77.87345448 -40.06362013 -47.79259897 -137.54030667 -150.89436396 -69.83942075 -45.55674005 -131.31506534 -147.42644827 -69.00286108 -27.97501955 -74.08142609 -81.86747478 -40.00718324
-28.06100345 -75.91381812 -71.46716681 -39.89825513 -47.82239420 -130.36412156 -150.83124164 -69.55424352 -45.35182266 -131.26442189 -147.05159249 -68.77383672 -28.02563543 -73.82184484 -81.53923164 -39.81721926
-28.08890661 -75.61045223 -71.60021117 -39.75143742 -47.61843652 -130.25765039 -150.64441765 -69.34561043 -45.34527779 -131.04194891 -146.63182901 -68.57150317 -28.05669777 -73.43561220 -76.17917512 -39.67035774
-28.10137176 -75.24599349 -71.46402516 -39.60246589 -47.48932092 -130.15156420 -150.31265077 -69.15097536 -45.24940428 -130.68478502 -146.23242008 -68.39178692 -28.05841127 -73.04385676 -76.31935704 -39.49669659
-28.11529741 -74.88082784 -71.31066879 -39.45282437 -47.35938138 -130.05187642 -149.35635239 -68.96898772 -45.15059141 -130.33252855 -145.89935827 -68.20474029 -28.05932087 -72.64776764 -76.21591334 -39.31885386
-28.14457677 -74.59258948 -71.06984672 -39.29673445 -47.14456774 -129.47402148 -148.99616587 -68.72878409 -45.18687244 -130.04183584 -145.39677965 -67.96063172 -28.23355692 -65.35932175 -75.92889447 -39.07262028
-28.29669166 -68.53926701 -70.68534772 -39.08024469 -47.18694213 -128.59681204 -148.52636199 -68.47704517 -45.05781421 -124.34474364 -144.88405089 -67.74637992 -28.28795866 -65.49722537 -75.65663658 -38.87764692
-28.31041457 -68.53676275 -70.36280066 -38.92429655 -47.11375924 -127.50740912 -148.12540896 -68.28521984 -44.98674556 -124.36473004 -144.36564483 -67.56472504 -28.28610497 -65.77831140 -75.36513262 -38.71611249
-28.38572647 -68.26288235 -64.34004094 -38.72295611 -47.22607177 -120.19762594 -147.59742387 -68.00989868 -44.79248678 -124.33475033 -143.79517674 -67.31950903 -28.32820791 -65.70857429 -75.11748589 -38.52249568
-28.38469047 -68.08027190 -64.35111023 -38.57376953 -47.04486206 -120.12151532 -147.18931340 -67.80896746 -44.78900033 -124.06883479 -143.27018312 -67.13601554 -28.33650573 -65.47051366 -70.15001771 -38.36936761
-28.36435070 -67.87339452 -64.33972166 -38.40113108 -46.92974281 -120.05056887 -146.57457734 -67.62283530 -44.70023140 -123.81205188 -142.76636631 -66.95984598 -28.32018477 -65.24822266 -69.86636309 -38.20825723
-28.36443653 -67.71777944 -64.24511641 -38.21421612 -46.71104256 -119.96813196 -145.92873734 -67.41907538 -44.75334029 -123.59621105 -142.21445832 -66.61364128 -28.49172660 -58.57310200 -69.49236903 -37.98274706
-28.47807193 -62.12440801 -63.40910717 -38.00993786 -46.74732555 -119.80571847 -145.33449226 -67.19052141 -44.56086434 -123.32517752 -141.70166812 -66.30866426 -28.49864702 -58.84128941 -69.36266962 -37.84092496
-28.45976824 -61.95901881 -63.23173626 -37.83766447 -46.65778250 -119.52680456 -144.77911401 -66.80835952 -44.46126020 -123.05443483 -141.22450673 -65.88660057 -28.47856829 -58.97009020 -69.17906643 -37.71734530
-28.46532272 -61.53401910 -63.05074120 -37.68900902 -46.55201094 -119.22649468 -144.38757100 -60.55372725 -44.40006401 -122.85427409 -134.39102280 -65.77173172 -28.49488975 -58.23364592 -68.94397572 -37.53772828
-28.42901312 -61.39247881 -62.88107711 -37.51023527 -46.43060831 -118.93020692 -143.85676745 -61.25766572 -44.33023402 -122.57644843 -134.80424548 -60.23283860 -28.47808446 -58.08978846 -68.43715544 -37.42087522
-28.39746119 -61.16307357 -62.35732124 -37.31018283 -46.35533193 -118.71115019 -137.33724749 -61.80796917 -44.21776764 -122.30586860 -134.49821644 -60.74235488 -28.45849246 -57.95362791 -68.22106954 -37.23436893
-28.35368710 -60.64116228 -62.15292228 -37.12253763 -46.26534794 -118.46998431 -137.47732430 -61.90129592 -44.13496709 -121.28210702 -134.11569966 -61.11948491 -28.42793449 -57.81593024 -68.00055414 -37.05085105
-28.30306658 -60.47294131 -61.94993748 -36.92418055 -46.16442474 -118.17746251 -137.02884616 -61.67629527 -44.05437071 -121.07273158 -133.69352589 -61.00135503 -28.40225583 -57.34331851 -67.77439326 -36.85465419
-28.25116833 -60.30514571 -61.43908390 -36.72310109 -46.07412688 -117.88046933 -136.57994299 -61.44595528 -43.96225289 -120.80230738 -133.26800852 -60.84080081 -28.36981286 -57.18988796 -67.29394471 -36.65673232
-28.26395839 -59.84364686 -61.27087635 -36.51323208 -46.79459351 -117.60634167 -136.21672966 -61.22528093 -36.43584178 -120.65868114 -126.94935650 -60.53060530 -28.53522390 -56.54676049 -66.95341099 -36.37050522
-28.22835935 -59.58341302 -61.06477837 -36.36446319 -46.74560001 -116.91524234 -135.96634360 -55.16728791 -36.69603651 -120.03751844 -126.98861818 -54.86580517 -28.54132543 -56.28381416 -66.68846949 -36.19157170
-28.35289694 -59.19671266 -60.75980718 -32.69938184 -39.55099371 -116.38909773 -129.94982120 -55.85542390 -31.67303025 -119.73956052 -126.70427653 -55.44763881 -28.70662220 -56.07966393 -66.46614613 -35.96754182
-28.30397885 -58.93168804 -60.53078105 -32.82327182 -39.66844033 -116.12373757 -129.61275075 -56.29858422 -32.24540593 -119.49364342 -126.37215677 -55.82575140 -28.70254358 -55.85388338 -66.22591428 -35.79988759
-28.25292814 -58.71872348 -60.34366112 -32.90847103 -39.70964484 -115.52140636 -129.29213091 -56.46562254 -32.99999861 -118.87569659 -126.04184555 -55.92765572 -28.70952031 -55.57619874 -65.94434084 -31.82976932
-28.20518941 -58.45447989 -60.11263563 -32.95158013 -39.64414602 -115.25959400 -128.94756634 -56.30430133 -33.45500978 -118.61403591 -125.70774005 -55.77260759 -28.68249981 -55.34818906 -65.70054175 -31.99223680
-28.15272274 -58.13648897 -59.83737081 -29.83867157 -39.65212103 -114.98664391 -128.59472858 -56.16465963 -33.56551455 -118.34740759 -125.38116844 -55.61339389 -28.63932633 -55.16967679 -65.50464915 -32.06785945
-28.08446955 -57.87507686 -59.60542443 -30.24552065 -40.32274731 -114.71658339 -128.25635986 -55.99226215 -33.68618971 -118.06820218 -125.06429993 -55.46422187 -28.59956012 -54.94821511 -65.27015324 -32.13658319
-28.15041788 -57.63224017 -59.39074574 -30.37306312 -34.42860358 -114.41303678 -127.90019844 -55.81610920 -33.84936059 -117.75259695 -124.70905959 -55.30952399 -28.60028961 -54.67011486 -64.98424766 -28.76521457
-28.09650998 -57.38004561 -59.16775024 -30.44933956 -34.78037130 -113.78315341 -127.57190740 -55.64284439 -34.05025332 -117.45551098 -124.38124119 -55.13842838 -28.56046919 -54.44218189 -64.73859508 -29.37718135
-28.04398200 -57.12312698 -58.94072344 -30.35022308 -35.05307966 -113.53746170 -127.22877104 -55.45885242 -34.25324755 -117.11700178 -124.05135761 -54.96255618 -28.52426477 -54.21668086 -64.49564025 -29.48907623
-27.99152200 -56.86866758 -58.71578183 -30.21925218 -35.26797419 -113.29773559 -126.88726134 -55.27340030 -34.45675685 -116.68898484 -123.72308611 -54.78274143 -28.48597627 -53.99001363 -64.25181928 -29.54646476
-27.92983609 -56.61679394 -58.49248590 -30.08511776 -35.41504298 -113.05692423 -126.54825989 -55.08602445 -34.64559342 -116.08854787 -123.39280224 -54.59831197 -28.44758918 -53.76136517 -64.00650165 -29.49041711
-27.86854127 -56.37485125 -58.27752777 -29.95517203 -35.54588127 -112.81128846 -126.21224989 -54.89873239 -34.60377346 -115.46413967 -123.05374230 -54.40839087 -28.41134823 -53.52437810 -63.75279180 -29.35338409
-27.80287842 -56.13199937 -58.06131138 -29.82291415 -35.69789626 -112.55899873 -125.95201451 -54.71427200 -34.56385178 -115.00928985 -120.86195264 -53.24302630 -28.37515792 -53.28738560 -63.49721752 -29.21201619
-27.73405182 -55.87762879 -57.83325686 -29.67844566 -35.85073030 -112.29803959 -125.68442052 -53.35327996 -34.51505053 -114.51368713 -120.08030707 -53.22349981 -28.33637835 -53.06702362 -63.09633262 -29.07816570
-27.66568238 -55.62927884 -57.61089051 -29.53742639 -35.79381459 -112.03858130 -125.39604549 -53.44704921 -34.69886565 -113.94449941 -119.51125977 -53.14885149 -28.29183271 -52.84874220 -62.86807243 -28.94281051
-27.60635381 -55.38765436 -56.98055633 -29.39565385 -35.73325656 -111.79686318 -124.07954981 -53.38481256 -34.89727647 -113.21294512 -117.88393874 -52.90291986 -28.24843579 -52.61206611 -62.45645942 -28.79507868
-27.55930032 -55.17608313 -56.81636105 -29.27169613 -35.68891302 -111.53743483 -123.82835094 -53.16263499 -35.11015839 -108.98317594 -114.34082981 -52.41321426 -28.20976990 -52.33416788 -62.17136583 -28.62336071
-27.51777029 -54.97599411 -56.62328462 -28.17769708 -35.81927625 -111.14384888 -122.39607928 -52.55856974 -35.18653893 -107.01891938 -107.92217502 -51.47672139 -28.16248050 -52.04630385 -61.70413903 -28.43267113
-27.49160133 -54.60679200 -56.22503463 -28.14789365 -35.92253714 -110.25555161 -121.07274401 -51.84084956 -35.06796410 -92.60835895 -107.81033686 -50.96434587 -28.14333966 -51.30520341 -61.35500172 -27.42198311
-27.42786026 -54.16020244 -56.01695100 -28.00518855 -36.12162173 -109.23872788 -118.48710716 -50.75088992 -34.98940708 -94.16776374 -108.35172297 -51.08061574 -28.08893073 -51.12554049 -61.15353861 -27.26590921
-27.35630877 -53.87632264 -55.73751113 -27.36615456 -36.31680622 -108.64772856 -113.09752032 -49.34285401 -34.85901537 -95.65481103 -109.44357880 -50.39460946 -28.03930435 -50.96245417 -60.97018339 -27.02064245
-27.28592994 -53.40271322 -55.43782884 -27.59968147 -36.21875414 -107.85226014 -106.41253947 -49.99833715 -34.73752352 -97.08423087 -109.42268124 -50.27316984 -28.00613968 -50.58372023 -60.60327999 -26.81892705
-27.20286656 -53.15306150 -54.98799448 -27.51592210 -36.28236975 -107.01496499 -107.59641767 -50.39748130 -34.65091442 -98.14018848 -110.26315969 -50.06841218 -27.95097162 -50.42047480 -60.39397110 -26.93313249
-27.12762600 -52.88117940 -54.73979621 -27.38487141 -36.36835000 -102.84073290 -108.83760967 -50.13844662 -34.55500617 -97.63525337 -110.19102007 -49.75609737 -27.90968939 -50.24636133 -60.17249160 -26.93967267
-27.07955504 -52.53963482 -54.43567486 -27.18922614 -36.48492325 -82.93245734 -109.61552699 -49.68941276 -34.44300308 -96.53965502 -107.32367022 -49.11033951 -27.90758941 -50.05605820 -59.91608265 -26.41308143
-27.02426361 -52.11427590 -54.17537731 -27.02845313 -36.40751424 -84.75517341 -100.66880682 -48.82796247 -34.38032567 -95.97783427 -100.60524470 -48.13519105 -27.87680401 -49.82268416 -59.63287953 -26.34129872
-26.97106789 -51.93857950 -53.97906425 -26.89494941 -36.26067677 -86.30612897 -100.80283313 -47.83539043 -34.37080914 -95.31149188 -89.38463808 -47.43269090 -27.83143233 -49.35063478 -59.29100768 -26.29480339
-26.90067032 -51.71779615 -53.74413419 -26.74087107 -36.19372031 -87.12198109 -100.18781119 -47.45051279 -34.31032268 -93.20882015 -91.07863200 -47.66331410 -27.77571008 -49.14638222 -59.05257452 -26.16354703
-26.83367671 -51.48896756 -53.49015720 -26.57981846 -36.12081767 -87.94199682 -98.11501856 -47.20081513 -34.25201199 -90.38821048 -92.48563739 -47.62857053 -27.72555775 -48.94092650 -58.80660614 -26.01434212
-26.79586740 -51.22653506 -53.19288445 -26.43521240 -36.06202785 -86.69295077 -90.00384018 -47.59526091 -34.26701110 -75.28357770 -94.52856012 -47.71948454 -27.71153050 -48.66642885 -58.50651917 -25.87290976
-26.72760097 -51.00661265 -52.96533810 -26.28756895 -35.99713060 -85.27785456 -90.77490729 -47.44712484 -34.18102939 -76.74611121 -95.69051844 -47.32773417 -27.64901894 -48.47824002 -58.27057829 -25.72592985
-26.66339342 -50.61274157 -52.57026886 -26.06377656 -36.10180934 -69.12436150 -84.07619100 -47.14369306 -33.97773231 -78.27965692 -96.22238565 -47.08958281 -27.64905246 -48.34282114 -58.05942345 -25.59541016
-26.60206256 -50.41819641 -52.36646187 -25.94977498 -35.97848403 -70.58891169 -85.21685031 -46.94708353 -33.92903376 -79.58360846 -87.23428338 -46.89851374 -27.59261213 -48.11778503 -57.80098683 -25.49650367
-26.52901978 -50.22765329 -52.15985345 -25.81142343 -35.87150767 -71.92563352 -86.13716179 -46.56025641 -33.86085926 -80.74242685 -87.83123987 -46.69767440 -27.52257673 -47.92628322 -57.55954892 -25.35675238
-26.45560790 -50.02941220 -51.94488137 -25.66841176 -35.77134120 -73.28236704 -87.02970798 -46.35143868 -33.78714006 -80.65504106 -88.36878697 -46.49859740 -27.45651746 -47.73951304 -57.31717518 -25.21350547
-26.38325081 -49.83292812 -51.73087757 -25.52604774 -35.67030013 -74.61604450 -87.85128397 -46.14240092 -33.71446376 -80.53048222 -88.78976662 -46.29812104 -27.39055634 -47.55209048 -57.07311481 -25.06585414
-26.31159887 -49.63494263 -51.51435702 -25.38238008 -35.57085524 -75.91687400 -88.59876795 -45.93254653 -33.63992401 -80.40269323 -88.87970333 -46.09943347 -27.32564989 -47.36613133 -56.83158457 -24.91971483
-26.24207889 -49.43758736 -51.29781330 -25.24127119 -35.47182812 -75.91892551 -89.34163986 -45.72174216 -33.56684203 -80.27207068 -88.52007372 -45.89984793 -27.26280149 -47.17571085 -56.58429857 -24.77331890
-23.52036055 -49.11782794 -51.00202216 -25.05442784 -35.48674990 -75.77696745 -90.01264272 -45.47823530 -33.42964842 -80.13784212 -88.07645223 -45.69734400 -27.21962712 -47.02627247 -56.38206669 -24.66712186
-23.86975229 -48.91253947 -50.78086074 -24.91431364 -35.38991594 -75.64941422 -90.36345600 -45.27010627 -33.35963802 -79.98910782 -87.10014261 -45.49667106 -27.15809914 -46.83544589 -56.13135892 -24.53122102
-24.18027444 -48.72414923 -50.57901632 -24.79369026 -35.26797836 -75.51548764 -89.96396350 -45.05581294 -33.31119941 -79.79194275 -80.99156115 -45.25706159 -27.09622405 -46.61099883 -55.81924936 -24.36815310
-24.49643111 -48.52966312 -50.36709122 -24.66445582 -35.15795617 -75.38167343 -89.53507752 -44.84447671 -33.25191696 -79.60453427 -77.91339290 -45.03379022 -27.03298221 -46.40202735 -55.53349153 -24.21159194
