0.00000000
110.69794801
198.19135242
280.83851290
357.29453345
427.70854930
492.40776936
551.35931329
604.79941376
652.83145544
695.57265680
732.86625499
764.58493242
790.01593911
801.88628720
799.97764093
797.60664869
794.80957448
791.70151233
788.31833054
784.63509501
779.28356198
771.23984963
760.59965764
746.21939015
730.13807387
712.13993462
691.34658482
668.94325120
645.16384435
620.91363596
596.01762483
570.81795634
545.41483809
520.45368170
500.08292735
499.70039573
499.17590503
498.53213541
497.80487388
497.00275876
496.13915702
495.22132178
494.24789024
493.22313163
492.15169820
491.03476110
489.87165100
488.67097133
487.43081227
486.14869619
484.83130108
483.47964845
482.09629317
480.68115177
479.23802682
477.76719595
476.27209814
474.75339577
473.21398892
471.65564161
470.08012428
468.48904735
466.88372773
465.26617606
463.63773097
461.99959134
460.35238330
458.69860377
457.03888612
455.37452620
453.70710340
452.03784752
450.36788983
448.67449363
446.96487941
445.24625471
443.52443703
441.78037811
439.98251996
431.27713021
430.28154686
428.79662573
427.25431406
421.38538516
420.12158410
411.54328912
410.53602676
405.14938126
404.33133494
403.12808248
402.09638200
400.87405686
398.65017853
397.89239489
396.74216627
395.02989894
394.00916838
392.92395338
391.71703805
390.32679709
382.89788426
382.56500093
378.40909495
377.97066979
377.30055592
364.60944029
364.82589204
359.13823955
360.18413324
360.19060573
359.83364748
358.90384776
353.55431464
346.09407856
339.02396382
339.12843978
338.71981171
335.24869344
335.79726207
333.43945359
333.50299490
332.68880304
331.78415667
330.93136347
330.04063577
326.72131807
325.96976927
324.85639253
323.68810179
322.49180125
321.23700282
