0.00000000
122.43934220
222.76550955
316.69193233
403.78207738
483.94099006
557.48927846
624.89618251
686.50187861
742.24765445
791.79487611
835.12526178
872.14583513
899.25412161
913.90834903
915.59865147
915.41217773
914.03014231
910.94632667
906.44007527
897.38556433
884.19639698
868.48311354
850.99220777
831.10427988
808.41253991
783.86876478
760.21937602
738.87928662
716.11050469
692.37534639
668.47423360
649.12956458
629.60217584
610.72638146
603.97223591
597.20164722
595.56618475
594.36872252
593.12489754
591.84040317
590.52211917
588.70888926
587.33004842
585.94209206
578.42776797
571.51877307
567.73558320
568.60796719
566.85911751
558.96333212
559.78153558
559.05233251
557.53279728
556.00736419
554.12095378
552.54508814
550.95840859
549.35425252
547.46478831
545.54086239
543.87209656
541.91681566
540.25561491
538.28516353
536.07759938
534.41428351
532.73606855
530.81774119
529.11306018
527.42125814
525.72841734
524.01702740
522.28436177
520.54830947
518.47547497
516.38269448
514.28012492
512.17922281
510.39088158
503.67825845
502.26935126
500.43085378
494.62217967
492.70722320
485.83523670
484.16243089
478.64611291
477.16033207
476.00452356
474.89874463
473.44354005
472.46236520
470.60026996
469.68982401
467.11311376
464.86202609
463.66020488
462.08331965
460.22611305
458.40528193
453.85490907
452.40162489
448.19596302
443.48829579
437.48587915
426.92037470
422.26227106
420.04188445
414.80336938
412.55994617
410.60697741
409.45559261
410.09097550
411.77962384
409.00364350
405.86676236
405.73173760
403.09076706
402.04114483
400.62719360
397.82310045
390.39515907
384.92316050
