0.00000000 0.00000000
0.00053175 0.00101507
0.00110535 0.00201507
0.00168524 0.00301507
0.00227671 0.00401507
0.00288185 0.00501507
0.00350071 0.00601507
0.00413590 0.00701507
0.00478833 0.00801507
0.00545918 0.00901507
0.00614986 0.01001507
0.00686369 0.01101507
0.00760540 0.01201507
0.00838384 0.01301507
0.00925940 0.01401507
0.01023996 0.01501507
0.01122492 0.01601507
0.01221401 0.01701507
0.01320615 0.01801507
0.01420136 0.01901507
0.01519890 0.02001507
0.01620497 0.02101507
0.01722338 0.02201507
0.01825644 0.02301507
0.01931113 0.02401507
0.02037692 0.02501507
0.02145440 0.02601507
0.02255056 0.02701507
0.02365508 0.02801507
0.02476635 0.02901507
0.02588017 0.03001507
0.02699757 0.03101507
0.02811654 0.03201507
0.02923656 0.03301507
0.03035458 0.03401507
0.03144932 0.03501507
0.03244861 0.03601507
0.03344871 0.03701507
0.03444939 0.03801507
0.03545059 0.03901507
0.03645225 0.04001507
0.03745428 0.04101507
0.03845663 0.04201507
0.03945929 0.04301507
0.04046217 0.04401507
0.04146536 0.04501507
0.04246884 0.04601507
0.04347224 0.04701507
0.04447624 0.04801507
0.04548046 0.04901507
0.04648440 0.05001507
0.04748876 0.05101507
0.04849317 0.05201507
0.04949786 0.05301507
0.05050258 0.05401507
0.05150753 0.05501507
0.05251246 0.05601507
0.05351754 0.05701507
0.05452278 0.05801507
0.05552803 0.05901507
0.05653346 0.06001507
0.05753900 0.06101507
0.05854468 0.06201507
0.05955046 0.06301507
0.06055638 0.06401507
0.06156243 0.06501507
0.06256864 0.06601507
0.06357507 0.06701507
0.06458153 0.06801507
0.06558812 0.06901507
0.06659480 0.07001507
0.06760155 0.07101507
0.06860837 0.07201507
0.06961524 0.07301507
0.07062214 0.07401507
0.07162950 0.07501507
0.07263686 0.07601507
0.07364444 0.07701507
0.07465212 0.07801507
0.07566045 0.07901507
0.07670238 0.08001507
0.07770645 0.08101507
0.07871353 0.08201507
0.07972070 0.08301507
0.08074876 0.08401507
0.08175451 0.08501507
0.08280700 0.08601507
0.08381182 0.08701507
0.08484592 0.08801507
0.08584906 0.08901507
0.08685401 0.09001507
0.08785836 0.09101507
0.08886400 0.09201507
0.08987402 0.09301507
0.09087653 0.09401507
0.09188164 0.09501507
0.09289063 0.09601507
0.09389453 0.09701507
0.09489872 0.09801507
0.09590389 0.09901507
0.09691025 0.10001507
0.09795421 0.10101507
0.09895516 0.10201507
0.09997825 0.10301507
0.10098045 0.10401507
0.10198351 0.10501507
0.10304860 0.10601507
0.10404570 0.10701507
0.10507341 0.10801507
0.10606691 0.10901507
0.10706548 0.11001507
0.10806607 0.11101507
0.10907034 0.11201507
0.11009086 0.11301507
0.11112381 0.11401507
0.11212484 0.11501507
0.11311641 0.11601507
0.11410856 0.11701507
0.11508829 0.11801507
0.11607356 0.11901507
0.11705551 0.12001507
0.11803863 0.12101507
0.11902782 0.12201507
0.12001808 0.12301507
0.12101026 0.12401507
0.12200368 0.12501507
0.12298835 0.12601507
0.12398053 0.12701507
0.12497548 0.12801507
0.12597274 0.12901507
0.12696948 0.13001507
0.12796603 0.13101507
