0.00000000 0.00000000 0.00000000 0.00000000 0.00000000 0.00000000 0.00000000 0.00000000 0.00000000 0.00000000 0.00000000 0.00000000
1.09709494 2.32048466 1.38079767 -10.84673372 -3.98431474 -22.18073805 -24.08949850 -0.94303499 -17.94696548 -15.46065654 -6.54533190 -25.24044554
-1.00255646 0.03737089 -0.71337998 -29.28007829 -6.59260227 -39.17454764 -34.09876547 -3.69967606 -31.00677114 -26.41434663 -8.85766669 -41.96248983
-2.78068568 -2.29036479 -2.47704921 -46.50242449 -9.26839926 -55.05395599 -43.19367311 -6.50116908 -43.15194512 -36.73938396 -11.09585709 -57.63702454
-4.03524742 -4.68890587 -3.77040867 -62.32609235 -12.02615530 -69.72967608 -51.75105479 -9.36461786 -54.29874376 -46.46674089 -13.05441336 -72.27002102
-4.98076248 -7.03160617 -4.72695744 -76.55462858 -14.71035837 -83.17323475 -59.83136058 -12.29237604 -64.29062150 -55.71015849 -14.81135415 -85.82757150
-5.81384676 -9.12991890 -5.56261109 -89.38162811 -17.01688282 -95.56559558 -67.38620908 -15.12066920 -73.24229215 -64.50176828 -16.39159877 -98.37625773
-6.56625753 -11.03266052 -6.33182168 -100.97414484 -19.03240206 -106.96452242 -74.45162087 -17.68676710 -81.19850779 -72.90773210 -17.86304580 -109.88669980
-7.28248303 -12.79995510 -7.06469285 -111.35600013 -20.82951680 -117.34931666 -81.09776454 -19.97827082 -88.19036284 -80.97408321 -19.24868121 -120.33075142
-8.01087300 -14.41469467 -7.82184851 -120.43073810 -22.46006895 -126.68702676 -87.34220622 -22.01457207 -94.19987118 -88.65088044 -20.58613808 -129.62873648
-8.80776358 -15.88521559 -8.64652638 -128.12623817 -23.95104081 -134.91887872 -93.01697540 -23.91899314 -99.20352577 -95.68012839 -21.90970528 -137.72988489
-9.68463714 -17.31019715 -9.55397525 -134.48357439 -25.39405360 -141.96006690 -97.95051405 -25.68890620 -103.11465148 -102.22829070 -23.20741262 -144.54898229
-10.65211860 -18.74884156 -10.57069904 -139.24239613 -26.77717234 -147.64478432 -102.36969449 -27.44488548 -105.80148429 -108.44410851 -24.55476694 -149.89488342
-11.77912394 -20.16180171 -11.76929307 -142.00017613 -28.09784413 -151.90618057 -105.60943843 -29.16181831 -105.23756427 -113.99167139 -25.96092991 -153.57827975
-13.15239013 -21.72630363 -13.26604565 -141.35699808 -29.47670687 -152.92164465 -108.17722651 -30.89193424 -103.06831984 -119.34810152 -27.48549673 -153.03718117
-14.80834189 -23.41181392 -15.10760344 -136.00918925 -30.93564490 -148.96310630 -110.50667347 -32.69131940 -100.73361290 -124.69255508 -29.04082638 -148.69796454
-16.46867755 -25.08527577 -16.99390393 -130.50125344 -32.38938603 -144.84796951 -112.06670697 -34.44049823 -98.32793149 -129.45688846 -30.58138528 -144.25230107
-18.09817022 -26.67342133 -18.92358815 -125.03353040 -33.76843623 -140.57896253 -113.37243673 -36.13828772 -95.74675748 -133.94129378 -32.09440343 -139.66085430
-19.76840701 -28.21752360 -20.86190542 -119.15309956 -35.10316714 -136.27764851 -114.06900854 -37.79672166 -93.12319561 -137.94525151 -33.60443249 -135.02596561
-21.47839683 -29.72175268 -22.81139537 -112.94206524 -36.41337778 -131.93106438 -114.25247234 -39.42582317 -90.47486465 -141.51520954 -35.12136017 -130.35229312
-23.28338484 -31.26706873 -24.39986546 -106.38232657 -37.71753324 -127.53831126 -112.77091475 -41.05049133 -87.79366409 -142.88151003 -36.67028819 -125.63020584
-24.82482924 -32.84544650 -25.53518313 -99.56951648 -39.01703793 -122.89113859 -110.40761621 -42.66758273 -84.90788009 -142.44152687 -38.23577799 -120.85286120
-25.69238804 -34.41623382 -26.49028311 -92.72747599 -40.29854848 -117.62811891 -107.87961489 -44.26526714 -81.46524700 -141.80176157 -39.79421405 -116.02396054
-26.56618150 -35.97952815 -27.45644681 -85.83694278 -41.55389640 -111.92480155 -105.18102144 -45.84929008 -77.53612845 -140.61976674 -41.34051342 -111.14769045
-27.45530774 -37.38361486 -28.39816940 -78.85834673 -42.78489552 -106.13454345 -102.28187292 -47.42173939 -73.52697893 -138.63013122 -42.74980569 -105.47887401
-28.35387265 -38.11438741 -29.18194181 -71.80828068 -43.98258254 -99.94653749 -99.25208514 -48.97579124 -69.39216725 -136.38263823 -43.47352104 -99.54873445
-29.15153151 -38.79581755 -29.97934787 -64.67948448 -45.14727428 -93.64459849 -96.09410009 -50.08153449 -64.87045379 -133.83029034 -44.10933852 -93.48499336
-29.84155321 -39.45745015 -30.73789478 -57.91285181 -46.10829301 -87.28463770 -93.88544069 -50.78708623 -60.29281424 -132.02992261 -44.70942529 -87.17200630
-30.13550983 -40.08421459 -31.17534539 -51.97342459 -46.56584616 -80.79765794 -93.73884135 -51.40016842 -55.62163858 -132.07444041 -44.94299611 -80.36920324
-30.42918604 -40.70871630 -31.61389877 -45.97270157 -46.78317751 -74.25575142 -93.56660010 -51.70464839 -50.90119921 -131.75588326 -44.90122536 -73.51751675
-30.71498924 -41.25567175 -32.04787291 -39.95031633 -46.71267887 -67.66450718 -93.36851908 -51.67924320 -46.13848879 -131.38508571 -44.84078080 -66.61719253
-30.99584153 -41.53037272 -32.46984149 -33.92405560 -46.60602633 -61.03493468 -93.14871034 -51.61083294 -41.72386043 -130.96807115 -44.77514055 -59.68654584
-31.28236704 -41.56242234 -32.84494311 -27.87082394 -46.46935461 -54.44511069 -92.92160379 -51.51830710 -41.93115203 -130.54091122 -44.72685092 -53.01571779
-31.56646053 -41.58490051 -33.20908085 -21.81477254 -46.30485021 -47.83552129 -92.68477565 -51.39940167 -42.12334395 -130.09265690 -44.66831564 -46.31809610
-31.84899708 -41.60216025 -33.56037831 -15.75303992 -46.12012611 -41.25152337 -92.44007994 -51.25815665 -42.28081428 -129.62875315 -44.60317874 -40.37917365
-32.14814543 -41.65297771 -33.64654017 -9.67482542 -45.93061606 -41.13701150 -92.22239317 -51.11086430 -42.26549059 -129.22292481 -44.59161805 -40.36882870
-32.44348348 -41.69139849 -33.72529629 -3.59320735 -45.73016125 -41.10455645 -91.99691667 -50.94805980 -42.24514833 -128.80860510 -44.56813674 -40.34667728
-32.50413351 -41.68266794 -33.77604626 -2.99862327 -45.52335057 -41.06269510 -91.77801540 -50.77861895 -42.21775379 -128.41826906 -44.51410195 -40.31190895
-32.54248254 -41.66159857 -33.82239624 -2.91862789 -45.30473377 -41.01470959 -91.56392849 -50.60107945 -42.18625298 -128.03425593 -44.44681436 -40.27184274
-32.57935082 -41.62911906 -33.86614031 -2.84080474 -45.07632064 -40.96331393 -91.35272075 -50.41533453 -42.14907361 -127.65505437 -44.37100206 -40.22666272
-32.61502963 -41.58892153 -33.90764342 -2.76612852 -44.84014988 -40.90748146 -91.14531712 -50.22175035 -42.10594402 -127.28022703 -44.28557875 -40.17623146
-32.64944518 -41.54097670 -33.94285905 -2.69408746 -44.59680643 -40.84759988 -90.94246252 -50.02087524 -42.05883991 -126.91382371 -44.19237641 -40.12196670
-32.68988040 -41.49054413 -33.97515486 -2.54846527 -44.34739319 -40.78278367 -90.58353868 -49.82000218 -42.00625967 -126.31661274 -44.08769286 -40.06056162
-32.72196094 -41.42775365 -34.00484641 -2.48143337 -44.09147944 -40.71543112 -90.39184953 -49.60512959 -41.95039022 -125.96670196 -43.97741291 -39.99565929
-32.75247064 -41.35839375 -34.03251762 -2.41779864 -43.83032608 -40.64556314 -90.21106285 -49.38429660 -41.89028034 -125.63217787 -43.86006171 -39.92714281
-32.85957906 -41.31556786 -34.06679853 -1.45874076 -43.56796758 -40.57232707 -87.63913145 -49.17115419 -41.82117925 -122.31732056 -43.76123139 -39.87677026
-33.10199617 -41.26823173 -34.09999661 -1.11360269 -43.31015367 -40.49218675 -84.66356134 -48.94427317 -41.74660484 -119.31734815 -43.65104812 -39.80976983
-33.17305298 -41.18822173 -34.10958098 0.10618007 -43.04051801 -40.41149131 -85.77989670 -48.73146555 -41.66692788 -116.46828611 -43.52731153 -39.74501050
-33.18585386 -41.08358100 -34.11353075 -0.25552045 -42.76907724 -40.32884551 -86.08779575 -48.49963331 -41.58633456 -117.65751197 -43.38005336 -39.66022944
-33.22790805 -40.98835928 -34.12907846 -0.35463532 -42.49338262 -40.24552295 -85.62568252 -48.25769154 -41.50135070 -117.22408530 -43.23593462 -39.57548616
-33.48062079 -40.92816488 -34.16423890 -3.16143073 -42.22491808 -40.15607711 -79.78625558 -48.00261999 -41.40860191 -113.05901054 -43.10117845 -39.49021514
-33.51122676 -40.81422365 -34.16324865 -2.15471006 -41.95047839 -40.06617500 -81.50861273 -47.75895366 -41.31437828 -114.20708316 -42.93935518 -39.39309004
-33.53954486 -40.70356970 -34.16700710 -1.83105939 -41.67152458 -39.97631815 -81.95400653 -47.51101110 -41.21582242 -114.40827394 -42.77838883 -39.29580591
-33.56695087 -40.59129831 -34.17165561 -1.78305941 -41.39090118 -39.88556298 -81.79510537 -47.26058246 -41.11274123 -114.16054441 -42.61673925 -39.19765617
-33.59263591 -40.47440300 -34.17376287 -1.73658785 -41.11067543 -39.79338094 -81.64494665 -47.00917993 -41.00505057 -113.91785115 -42.45218354 -39.09670637
-33.62239729 -40.35662070 -34.17326619 -1.62998937 -40.83187058 -39.69980182 -81.38397709 -46.76470521 -40.89178556 -113.49450216 -42.28236763 -38.98967018
-33.64464032 -40.23045167 -34.17022510 -1.58212961 -40.55335216 -39.60503582 -81.22975192 -46.51209365 -40.77515805 -113.24552502 -42.11301349 -38.88371133
-33.66500461 -40.10032687 -34.16446001 -1.53475878 -40.27618502 -39.50909310 -81.07972339 -46.25957023 -40.65421585 -112.99844210 -41.94143801 -38.77519062
-33.68357074 -39.96642045 -34.15592774 -1.48754662 -40.00060480 -39.41206793 -80.92977288 -46.00740066 -40.52910062 -112.74937492 -41.76808155 -38.66438364
-33.71888739 -39.83542031 -34.14611719 -1.43106131 -39.72999007 -39.31365974 -80.61870503 -45.75597617 -40.39979312 -112.37425215 -41.59159940 -38.54932641
-33.73871078 -39.69704443 -34.13091522 -1.28399955 -39.45810287 -39.21472977 -80.52345338 -45.50743844 -40.26644881 -111.87295791 -41.41413305 -38.43292817
-33.75337560 -39.55342058 -34.11393216 -1.23463070 -39.18824566 -39.11504303 -80.36200492 -45.25758805 -40.12990740 -111.61090578 -41.23698192 -38.31606077
-33.76662611 -39.40679301 -34.09339243 -1.09719542 -38.92095186 -39.01464033 -80.22678159 -45.01093690 -39.99010797 -111.12614423 -41.06198953 -38.20125627
-33.77796476 -39.25750526 -34.07047574 -1.05396747 -38.65569450 -38.91356089 -80.07403456 -44.76325577 -39.84716566 -110.87768796 -40.88329201 -38.08101032
-33.78769922 -39.10512436 -34.04332662 -0.95934675 -38.39284296 -38.81169792 -79.80707079 -44.51662665 -39.70156405 -110.48923105 -40.70711532 -37.96351784
-33.81278682 -38.94898137 -34.01507182 -1.03068550 -38.13183171 -38.70843186 -79.26308715 -44.27118269 -39.55249702 -109.97056738 -40.53006383 -37.84241225
-33.81794913 -38.79322721 -33.98297086 -0.98684128 -37.87407063 -38.60542637 -79.12617456 -44.02865887 -39.40173804 -109.72925009 -40.35020865 -37.71776782
-33.82098736 -38.63575500 -33.94792942 -0.94164957 -37.61888233 -38.50206961 -78.98681846 -43.78789805 -39.24904017 -109.48247439 -40.17043935 -37.59212484
-33.83449750 -38.47950854 -33.91055569 -1.01740318 -37.36670499 -38.39823442 -78.62758001 -43.54857395 -39.09457040 -109.08524251 -39.99027910 -37.46459090
-33.83193595 -38.31906269 -33.86992388 -0.96858821 -37.11665634 -38.29433553 -78.48333814 -43.31148728 -38.93890074 -108.83025442 -39.81116405 -37.33741295
-33.82622030 -38.15744643 -33.82654171 -0.92099116 -36.86921090 -38.19021992 -78.34821999 -43.07630918 -38.78217874 -108.58172725 -39.63255200 -37.20964057
-33.81706329 -37.99498711 -33.78034312 -0.87354675 -36.62433360 -38.08597313 -78.21509118 -42.84303998 -38.62468223 -108.33338136 -39.45457192 -37.08140366
-33.80425370 -37.83199492 -33.73145812 -0.82602172 -36.38224301 -37.98164550 -78.08214388 -42.59664584 -38.46686502 -108.08384568 -39.27729179 -36.95261823
-33.78743138 -37.66870238 -33.68008202 -0.77822203 -36.14299865 -37.87732009 -77.94879839 -42.33528081 -38.30911762 -107.83240763 -39.10070698 -36.82329379
-33.76572648 -37.50525017 -33.62615042 -0.73029671 -35.90618796 -37.77298740 -77.81555606 -42.07603108 -38.15131013 -107.57986328 -38.92505793 -36.69389186
-33.73678950 -37.34213993 -33.57034587 -0.68112362 -35.33256025 -37.67064655 -77.68487135 -41.82195025 -37.99318194 -107.32626754 -38.75072855 -36.56486964
-33.70852883 -37.18382095 -33.51279924 -0.63184209 -34.75849042 -37.56991467 -77.55425236 -41.54655424 -37.83587617 -107.07160419 -38.57551105 -36.43350026
-33.67364921 -37.02694626 -33.45387367 -0.58282187 -34.18562528 -37.47114068 -77.41970974 -41.27012581 -37.67905444 -106.81328807 -38.40147820 -36.30241168
-33.62823191 -36.86638101 -33.39101724 -0.53262794 -33.62016404 -37.36781160 -77.29142818 -40.99694670 -37.52212096 -106.55856972 -38.23049243 -36.17343108
-33.57646344 -36.70562340 -33.32587216 -0.48382235 -33.37461387 -37.26506951 -77.15939038 -40.72504599 -37.36705202 -106.30275927 -38.06036492 -36.04480428
-33.53276747 -36.57337123 -33.27096949 -0.42292456 -28.14974269 -37.18873263 -77.05138160 -40.45829541 -37.20783769 -106.03773460 -37.88129209 -35.90320899
-33.47108700 -36.41346327 -33.20096451 -0.37349575 -28.30880653 -37.08719857 -76.91947306 -40.16713399 -37.05543146 -105.78149705 -37.71424181 -35.77655825
-33.40434679 -36.25475747 -33.12986903 -0.32414307 -28.30497130 -36.98509999 -76.78671722 -39.61407042 -36.90569919 -105.52447687 -37.54843590 -35.64826653
-33.33270239 -36.09096728 -33.06279181 -0.27472358 -27.79420666 -36.88464710 -76.66060780 -35.56990338 -36.76858741 -105.27172885 -37.39295666 -35.51835676
-33.25499329 -35.93739388 -32.99048022 -0.22403636 -27.31296268 -36.78533899 -76.52698714 -35.42037619 -36.62135680 -105.01256098 -37.22960127 -35.39113538
-33.17980338 -35.81943825 -32.93081695 -0.16116747 -22.22274507 -36.70937133 -76.41440629 -34.87549920 -36.46839369 -104.74165018 -37.06010967 -35.25183523
-33.08640784 -35.66468503 -32.85514155 -0.11164007 -22.54774961 -36.60996743 -76.28244087 -34.16227927 -36.32771871 -104.48623382 -36.90098272 -35.12718397
-32.98891969 -35.51082494 -32.78584936 -0.05931845 -22.09536980 -36.51490232 -76.14825548 -30.39703030 -36.19169793 -104.22124087 -36.73942751 -34.99327626
-32.87832593 -35.35932069 -32.70764206 -0.00774820 -21.85154145 -36.41506442 -76.01524345 -30.45147969 -36.05132138 -103.96567279 -36.58466939 -34.87230264
-32.76167834 -35.20768962 -32.62992118 0.04203260 -22.08780574 -36.31566981 -75.88072608 -30.35462861 -35.91340161 -103.71217191 -36.43081132 -34.75205194
-32.63811746 -35.05751581 -32.55187793 0.09278129 -22.31040307 -36.21651494 -75.74264996 -30.33260913 -35.77571641 -103.45547805 -36.27795289 -34.63269027
-32.52020833 -34.90832647 -32.47382328 0.14345626 -22.50956086 -36.11760766 -75.60309307 -29.97836866 -35.63948761 -103.19797347 -36.12568791 -34.51285901
-32.41447272 -34.75932016 -32.39504095 0.19500477 -22.70569401 -36.01898540 -75.46126817 -30.08791519 -35.50325827 -102.94007846 -35.97526057 -34.39607607
-32.30904390 -34.61106960 -32.31739148 0.25151242 -22.86557262 -35.92109811 -75.31730094 -29.56622041 -35.37040512 -102.69131501 -35.59356893 -34.28879626
-32.20378532 -34.46453032 -32.23855443 0.30850873 -22.92657234 -35.82224845 -75.17362175 -29.88976533 -35.23622492 -102.43534182 -35.43355008 -34.17413798
-32.09725332 -34.31875673 -32.16222419 0.36666578 -22.92272826 -35.72385348 -75.02546930 -30.05493154 -35.10501649 -102.20252005 -33.78228781 -34.08473836
-31.99030392 -34.17437169 -32.08675358 0.42615131 -22.91269410 -35.62618080 -74.87549379 -30.07303277 -34.97488412 -101.96058290 -32.62145456 -33.99242516
-31.88510995 -34.03078647 -32.00896110 0.48406767 -22.87935428 -35.52766849 -74.73421882 -29.76172751 -34.84324265 -101.71203905 -32.87971873 -33.88144550
-31.78243876 -33.88844206 -31.93271454 0.54523371 -22.72468942 -35.42851505 -74.57604112 -29.54990525 -34.71214427 -101.45043933 -32.80911540 -33.77410817
-31.68820845 -33.55267171 -31.86348508 0.60584093 -22.54889786 -35.32949162 -74.42032991 -29.33260618 -34.58100907 -101.18575328 -32.66931843 -33.66018240
-31.58673119 -33.41607294 -31.79332319 0.66612004 -22.36978935 -35.07775086 -74.26180155 -29.11427872 -34.45666549 -100.92102963 -32.52581522 -33.54814383
-31.48765055 -33.27974801 -31.72289786 0.72831885 -22.19922435 -34.98377966 -74.09216330 -28.86720922 -34.33290896 -100.68604710 -29.45991711 -33.47168178
-31.39196990 -33.14694973 -31.64567453 0.79595455 -22.02723308 -34.88848610 -73.92533109 -28.65062417 -34.21179973 -100.41441348 -29.73008807 -33.16500958
-31.32739065 -33.01889156 -31.57014058 1.27558429 -21.84399724 -34.79202541 -72.55363441 -28.41994072 -34.08489253 -98.80373722 -29.99282188 -33.06407511
-31.26113344 -32.88920648 -31.51587978 1.64150064 -21.64303833 -34.07433471 -71.12869137 -28.19263648 -33.97622087 -97.30176682 -30.18389698 -32.96299118
-31.22049645 -32.03347918 -31.46891575 2.07294034 -21.44100552 -33.92593624 -69.37408577 -27.95991844 -33.70762313 -95.49216553 -30.07358241 -32.86161107
-31.21002026 -29.82274743 -31.44841240 2.92965050 -21.21928371 -33.80739359 -66.11084320 -27.72794895 -33.59855110 -92.19019846 -29.95235950 -32.76226660
-31.15717747 -29.99542921 -31.38666263 3.20798981 -21.02620878 -33.58036393 -64.30437631 -27.50573098 -33.48494233 -90.53592744 -29.83299536 -32.66044643
-31.09054513 -30.18516757 -31.32112823 3.29496979 -20.83757071 -33.35680994 -63.68478871 -27.28737726 -33.37159240 -89.92987836 -29.71411599 -32.55787994
-31.01257863 -30.39922987 -31.26063493 3.39302265 -20.65327518 -33.14648829 -63.07989967 -27.06634898 -33.18278863 -89.31743594 -29.60086138 -29.47685054
-30.95037879 -30.32504638 -31.19934715 3.48650430 -20.46447597 -32.94248116 -62.52977320 -26.84152861 -32.85732244 -88.75026982 -29.48128785 -29.70453911
-30.87496498 -30.22258337 -31.13678623 3.43228020 -20.28551852 -32.56243922 -62.56307533 -26.61525402 -31.78796039 -88.72847191 -29.36155915 -29.90064446
-30.79938054 -30.10810541 -31.06432244 3.31433848 -20.10875264 -32.51984474 -62.80785518 -26.39803248 -30.71821381 -88.95342590 -29.24217940 -30.04981855
-30.71628723 -29.99481520 -30.99414253 3.08364726 -19.93369967 -32.29096987 -63.55856159 -26.18327699 -30.91035388 -89.65603349 -29.12398727 -29.81249504
-30.63414031 -29.88255971 -30.91781368 2.81437014 -19.76254574 -32.20373397 -64.61008497 -25.96957780 -31.01977998 -90.60942023 -29.00550830 -29.97882929
-30.55483935 -29.77031346 -30.88426715 2.52860772 -18.08067668 -29.30823866 -65.84181564 -25.71264866 -30.75410801 -91.69864103 -28.88469006 -30.04201253
-30.46471823 -29.53312699 -30.82839050 2.26882150 -17.80514126 -29.06458507 -67.02740445 -25.47682960 -28.72523753 -92.71904773 -28.76146910 -27.72963342
-30.40180152 -28.45449885 -30.78209498 2.06393583 -17.48733908 -28.89415990 -67.98152654 -25.25137405 -28.45501898 -93.53171298 -28.64100141 -27.91514512
-30.34312947 -27.05672621 -30.74671758 2.06543148 -17.12684049 -28.77312756 -68.25243044 -25.02028320 -27.82304525 -93.48895071 -28.51770064 -28.00724702
-30.26443799 -27.28919712 -30.68516000 2.14864386 -16.73057627 -28.87320009 -68.10948985 -24.79364322 -27.75150087 -93.21492254 -28.39615895 -28.08150179
-30.19066731 -27.40796009 -30.62369224 2.39989127 -16.48219713 -29.09433290 -68.01757908 -24.56448429 -27.67931292 -92.55356344 -28.27452050 -28.13877496
-30.13354014 -27.52465289 -30.30786977 2.78252386 -16.21564963 -29.37644980 -67.67085371 -24.33257929 -27.88525540 -90.80092206 -28.15074553 -28.20710610
-30.08513980 -27.53821232 -30.25250316 3.75827975 -16.03105273 -29.68075980 -66.40482393 -24.09030712 -28.17086642 -85.63833856 -28.02482167 -28.23661331
-30.03802721 -27.42894102 -30.19352139 3.47189533 -14.63095450 -29.96698519 -64.65688208 -23.83065032 -28.47085998 -83.12366724 -27.90004811 -28.15451879
