0.00000000
100.99549101
174.52908276
245.26595421
314.20284075
381.83172396
447.93464254
512.38811193
574.87197526
635.68768112
694.61760239
751.46823841
806.20755056
858.99449839
909.93844311
959.21023228
1006.69127657
1052.44280879
1096.48149662
1138.88898043
1179.67015431
1218.68137465
1255.95580146
1291.54350620
1325.43823393
1357.47106853
1387.27616508
1415.36251849
1440.97123195
1463.52237748
1482.42309552
1495.94796635
1508.19145751
1519.80019370
1530.80245489
1540.99355265
1550.28110250
1559.22120990
1567.41801509
1574.39286277
1579.32841193
1582.60578321
1583.89701792
1582.97939604
1580.10194237
1574.32880049
1564.52977657
1550.82469572
1531.36107289
1506.00421208
1483.75344010
1465.80020317
1445.59415775
1425.04384269
1406.22451125
1387.34875756
1385.01532119
1388.47835234
1390.80852603
1390.43745177
1374.42807578
1374.25832064
1374.09465118
1372.95200828
1363.71007485
1365.12216367
1363.71247047
1361.68202669
1359.37156199
1356.96780264
1354.27747928
1350.93287699
1347.88156105
1344.22065601
1340.97204770
1336.77815800
1332.74647623
1328.16245476
1324.54184351
1321.16154914
1317.59484877
1306.19485986
1302.27318367
1291.38984772
1273.52362292
1264.01898544
1254.78065581
1236.95022103
1235.13716265
1233.09068276
1230.75980903
1227.93059583
1225.07523108
1222.20609055
1219.32662429
1216.01232692
1213.08714875
1210.13263204
1202.46523200
1199.47736141
1196.34947447
1188.28897165
1104.58093096
1094.05614815
1082.93209405
1076.79560572
1070.64983891
1057.01639680
1048.73938721
1031.36040171
1020.81987177
1021.58570261
1023.57149769
1022.98933683
1010.44928022
1011.17829095
