0.00000000
131.81415625
231.73533314
325.53080830
415.84732875
504.02579419
590.34493327
673.86002913
754.59619017
831.54574711
905.11451597
975.48476764
1042.66372125
1107.22607562
1169.04219929
1228.32136626
1284.98822475
1338.97492750
1390.66251504
1439.91975637
1487.13491297
1531.76745347
1574.08805237
1614.15467810
1651.91392529
1687.38967393
1720.50603586
1751.25198667
1779.03606673
1802.00013397
1811.67180111
1826.48826004
1834.42462449
1839.37075028
1843.57066215
1846.99043760
1849.56187247
1851.36994575
1849.54914908
1841.61705200
1830.66571714
1809.84840208
1778.14281039
1737.47202482
1687.53320898
1621.44864491
1535.14953622
1431.43513193
1319.08791740
1270.08245377
1270.04331097
1269.66217011
1268.84571271
1267.78015589
1266.35107322
1264.73480271
1262.93972202
1261.02192260
1259.03372912
1256.89057566
1254.63529838
1252.20866523
1249.65631157
1246.98723454
1244.24792215
1241.51170845
1238.59271962
1235.63613080
1232.55196007
1229.13651441
1225.51526213
1221.91460869
1218.31869792
1214.27095094
1194.98892537
1183.01364999
1179.65319625
1150.94626491
1149.72181553
1134.30253197
1132.72677225
1113.09900730
1112.18897527
1096.88968417
1096.18369415
1081.17218970
1080.08800747
1077.89553960
1064.63514979
1063.60779873
1048.25074449
1047.08972104
1045.11141754
1041.76812827
1039.48935285
1035.71979491
1032.36546024
1029.20537383
1025.90728481
1022.69700181
1018.84488774
1014.82446762
1010.81345325
1007.42767869
1004.76301994
1002.09661685
999.23932961
996.41947843
986.76434474
984.89154065
969.48930209
966.50681955
964.18979488
961.96430138
959.86507533
936.75777095
934.09475342
931.01751420
930.43013206
930.51107015
917.61112948
915.61644706
914.53622574
915.17694751
915.63487190
912.82093510
910.02781278
907.97194740
905.08518263
901.16266936
897.55842742
893.31655378
889.34151877
884.07688626
877.65433763
871.45939789
868.52864448
856.32956288
851.11571681
846.86654670
838.83688338
813.08713974
809.40796611
803.48680536
799.21897335
794.29153897
764.11623248
763.09743424
761.55427924
