0.00000000
0.00100960
0.00200960
0.00300960
0.00400960
0.00500960
0.00600960
0.00700960
0.00800960
0.00900960
0.01000960
0.01100960
0.01200960
0.01300960
0.01400960
0.01500960
0.01600960
0.01700960
0.01800960
0.01900960
0.02000960
0.02100960
0.02200960
0.02300960
0.02400960
0.02500960
0.02600960
0.02700960
0.02800960
0.02900960
0.03000960
0.03100960
0.03200960
0.03300960
0.03400960
0.03500960
0.03600960
0.03700960
0.03800960
0.03900960
0.04000960
0.04100960
0.04200960
0.04300960
0.04400960
0.04500960
0.04600960
0.04700960
0.04800960
0.04900960
0.05000960
0.05100960
0.05200960
0.05300960
0.05400960
0.05500960
0.05600960
0.05700960
0.05800960
0.05900960
0.06000960
0.06100960
0.06200960
0.06300960
0.06400960
0.06500960
0.06600960
0.06700960
0.06800960
0.06900960
0.07000960
0.07100960
0.07200960
0.07300960
0.07400960
0.07500960
0.07600960
0.07700960
0.07800960
0.07900960
0.08000960
0.08100960
0.08200960
0.08300960
0.08400960
0.08500960
0.08600960
0.08700960
0.08800960
0.08900960
0.09000960
0.09100960
0.09200960
0.09300960
0.09400960
0.09500960
0.09600960
0.09700960
0.09800960
0.09900960
0.10000960
0.10100960
0.10200960
0.10300960
0.10400960
0.10500960
0.10600960
0.10700960
0.10800960
0.10900960
0.11000960
0.11100960
0.11200960
0.11300960
0.11400960
0.11500960
