0.00000000 0.00000000 0.00000000 0.00000000
0.00022915 0.00053742 0.00081404 0.00102451
0.00045650 0.00107455 0.00163698 0.00202451
0.00068920 0.00162016 0.00246484 0.00302451
0.00091992 0.00216312 0.00329317 0.00402451
0.00114945 0.00270537 0.00412219 0.00502451
0.00137833 0.00324758 0.00495224 0.00602451
0.00160639 0.00378822 0.00578260 0.00702451
0.00183613 0.00433157 0.00661559 0.00802451
0.00206795 0.00487617 0.00745055 0.00902451
0.00230276 0.00542393 0.00828855 0.01002451
0.00253987 0.00597427 0.00912949 0.01102451
0.00277884 0.00652697 0.00997361 0.01202451
0.00302021 0.00708145 0.01081993 0.01302451
0.00326164 0.00763614 0.01166822 0.01402451
0.00350433 0.00819218 0.01251927 0.01502451
0.00374808 0.00874916 0.01337298 0.01602451
0.00399109 0.00930660 0.01422937 0.01702451
0.00423313 0.00986347 0.01508848 0.01802451
0.00447475 0.01042037 0.01595018 0.01902451
0.00471443 0.01097673 0.01681506 0.02002451
0.00495260 0.01153235 0.01768343 0.02102451
0.00518879 0.01208682 0.01855436 0.02202451
0.00542262 0.01263925 0.01942904 0.02302451
0.00565212 0.01318866 0.02030686 0.02402451
0.00587675 0.01373577 0.02118819 0.02502451
0.00609629 0.01428266 0.02207446 0.02602451
0.00631108 0.01482473 0.02296481 0.02702451
0.00651479 0.01535203 0.02386089 0.02802451
0.00670891 0.01588454 0.02476602 0.02902451
0.00689010 0.01640742 0.02568138 0.03002451
0.00703344 0.01685309 0.02660520 0.03102451
0.00716605 0.01727671 0.02753095 0.03202451
0.00730175 0.01769945 0.02845849 0.03302451
0.00743385 0.01811162 0.02938689 0.03402451
0.00756277 0.01851949 0.03031677 0.03502451
0.00769139 0.01892989 0.03124908 0.03602451
0.00781586 0.01933898 0.03218395 0.03702451
0.00794021 0.01974993 0.03312025 0.03802451
0.00804683 0.02012211 0.03406294 0.03902451
0.00814111 0.02046380 0.03500888 0.04002451
0.00821515 0.02075693 0.03595892 0.04102451
0.00826557 0.02099826 0.03691564 0.04202451
0.00829812 0.02120491 0.03787879 0.04302451
0.00831589 0.02137918 0.03884718 0.04402451
0.00830072 0.02147128 0.03983449 0.04502451
0.00826819 0.02150206 0.04082966 0.04602451
0.00822055 0.02148280 0.04183216 0.04702451
0.00813873 0.02135636 0.04285064 0.04802451
0.00802968 0.02115574 0.04388363 0.04902451
0.00790737 0.02091831 0.04492430 0.05002451
0.00782976 0.02078347 0.04594508 0.05102451
0.00773607 0.02060841 0.04697608 0.05202451
0.00761621 0.02036950 0.04802630 0.05302451
0.00752677 0.02019592 0.04906367 0.05402451
0.00741891 0.01997369 0.05011242 0.05502451
0.00737897 0.01990331 0.05112440 0.05602451
0.00737930 0.01992281 0.05211587 0.05702451
0.00738844 0.01995744 0.05310409 0.05802451
0.00739245 0.01997551 0.05409514 0.05902451
0.00738723 0.01996855 0.05509147 0.06002451
0.00732487 0.01982168 0.05610010 0.06102451
0.00727846 0.01971222 0.05710945 0.06202451
0.00729098 0.01974663 0.05809832 0.06302451
0.00728559 0.01973648 0.05909865 0.06402451
0.00727907 0.01972307 0.06009948 0.06502451
0.00726899 0.01970093 0.06110049 0.06602451
0.00721179 0.01956506 0.06213259 0.06702451
0.00721573 0.01957615 0.06313112 0.06802451
0.00720769 0.01955708 0.06413249 0.06902451
0.00719180 0.01951871 0.06513991 0.07002451
0.00717770 0.01948445 0.06614597 0.07102451
0.00716074 0.01944318 0.06715163 0.07202451
0.00714545 0.01940576 0.06815817 0.07302451
0.00712976 0.01936731 0.06916507 0.07402451
0.00710944 0.01931755 0.07017336 0.07502451
0.00709346 0.01927819 0.07118050 0.07602451
0.00707715 0.01923786 0.07218763 0.07702451
0.00705244 0.01917603 0.07319733 0.07802451
0.00703574 0.01913442 0.07420459 0.07902451
0.00701869 0.01909187 0.07521206 0.08002451
0.00700143 0.01904879 0.07621957 0.08102451
0.00698398 0.01900519 0.07722707 0.08202451
0.00696418 0.01895590 0.07823538 0.08302451
0.00694119 0.01889887 0.07924601 0.08402451
0.00684220 0.01865656 0.08031388 0.08502451
0.00682312 0.01860901 0.08132551 0.08602451
0.00676131 0.01845734 0.08237446 0.08702451
0.00671038 0.01831136 0.08339387 0.08802451
0.00669711 0.01827838 0.08439737 0.08902451
0.00667934 0.01823283 0.08540201 0.09002451
0.00661953 0.01807061 0.08642581 0.09102451
0.00660627 0.01803776 0.08743255 0.09202451
0.00652999 0.01782649 0.08847451 0.09302451
0.00652764 0.01782482 0.08947599 0.09402451
0.00651698 0.01780006 0.09048241 0.09502451
0.00642878 0.01758656 0.09105937 0.09552451
0.00642532 0.01757836 0.09205908 0.09652451
0.00642163 0.01756951 0.09305877 0.09752451
0.00641699 0.01755795 0.09405890 0.09852451
0.00640459 0.01752749 0.09506404 0.09952451
0.00639122 0.01749463 0.09606793 0.10052451
0.00637377 0.01745192 0.09707296 0.10152451
0.00634186 0.01737355 0.09807924 0.10252451
0.00630687 0.01728746 0.09909552 0.10352451
0.00619909 0.01699522 0.10015181 0.10452451
0.00615935 0.01689280 0.10115975 0.10552451
0.00615786 0.01689180 0.10215654 0.10652451
0.00570811 0.01570455 0.10340841 0.10752451
0.00568724 0.01565198 0.10441229 0.10852451
0.00566294 0.01559031 0.10541747 0.10952451
0.00564371 0.01554082 0.10642017 0.11052451
0.00563172 0.01551207 0.10742184 0.11152451
0.00561972 0.01548326 0.10842299 0.11252451
0.00560842 0.01545613 0.10942325 0.11352451
0.00559747 0.01542990 0.11043186 0.11452451
0.02219160 0.05831577 0.33551982 0.11552451
