0.00000000 0.00000000 0.00000000 0.00000000
0.00024749 0.00056640 0.00082365 0.00100639
0.00050608 0.00114263 0.00166529 0.00200639
0.00076077 0.00170678 0.00251429 0.00300639
0.00101265 0.00226606 0.00335519 0.00400639
0.00126246 0.00282549 0.00419783 0.00500639
0.00151161 0.00338502 0.00504166 0.00600639
0.00176410 0.00394903 0.00588830 0.00700639
0.00202041 0.00451473 0.00673678 0.00800639
0.00227957 0.00508540 0.00759007 0.00900639
0.00254543 0.00566192 0.00844721 0.01000639
0.00281319 0.00624131 0.00930825 0.01100639
0.00308388 0.00682357 0.01017319 0.01200639
0.00335576 0.00740703 0.01104112 0.01300639
0.00362850 0.00799229 0.01191234 0.01400639
0.00390252 0.00857888 0.01278656 0.01500639
0.00417698 0.00916655 0.01366388 0.01600639
0.00444997 0.00975344 0.01454313 0.01700639
0.00472194 0.01034023 0.01542546 0.01800639
0.00499157 0.01092639 0.01630994 0.01900639
0.00525949 0.01151387 0.01719903 0.02000639
0.00552455 0.01209983 0.01809078 0.02100639
0.00578745 0.01268511 0.01898614 0.02200639
0.00604827 0.01327094 0.01988576 0.02300639
0.00630530 0.01385537 0.02078921 0.02400639
0.00655795 0.01443782 0.02169681 0.02500639
0.00680540 0.01501669 0.02260858 0.02600639
0.00704692 0.01559134 0.02352519 0.02700639
0.00727940 0.01616579 0.02444796 0.02800639
0.00749449 0.01676107 0.02538239 0.02900639
0.00759389 0.01706067 0.02585411 0.02950639
0.00774912 0.01755760 0.02680324 0.03050639
0.00785397 0.01792940 0.02776532 0.03150639
0.00792854 0.01822700 0.02873217 0.03250639
0.00799553 0.01850419 0.02970005 0.03350639
0.00805434 0.01875929 0.03066916 0.03450639
0.00810391 0.01898944 0.03163954 0.03550639
0.00814507 0.01919743 0.03261101 0.03650639
0.00814507 0.01929410 0.03359154 0.03750639
0.00811170 0.01928806 0.03459117 0.03850639
0.00806243 0.01922931 0.03559837 0.03950639
0.00796872 0.01906421 0.03662359 0.04050639
0.00782607 0.01878337 0.03766943 0.04150639
0.00764362 0.01840827 0.03873385 0.04250639
0.00742043 0.01793871 0.03981720 0.04350639
0.00712653 0.01731145 0.04093313 0.04450639
0.00674447 0.01648023 0.04208514 0.04550639
0.00629015 0.01547840 0.04326591 0.04650639
0.00580778 0.01440653 0.04446002 0.04750639
0.00560029 0.01394656 0.04554419 0.04850639
0.00560024 0.01394841 0.04654327 0.04950639
0.00559874 0.01394667 0.04754314 0.05050639
0.00559540 0.01394048 0.04854401 0.05150639
0.00559100 0.01393176 0.04954549 0.05250639
0.00558505 0.01391913 0.05054770 0.05350639
0.00557831 0.01390448 0.05155022 0.05450639
0.00557081 0.01388805 0.05255303 0.05550639
0.00556280 0.01387040 0.05355607 0.05650639
0.00555450 0.01385200 0.05455925 0.05750639
0.00554554 0.01383199 0.05556269 0.05850639
0.00553611 0.01381082 0.05656635 0.05950639
0.00552595 0.01378795 0.05757040 0.06050639
0.00551527 0.01376378 0.05857466 0.06150639
0.00550409 0.01373835 0.05957914 0.06250639
0.00549261 0.01371223 0.06058376 0.06350639
0.00548116 0.01368611 0.06158839 0.06450639
0.00546895 0.01365826 0.06259335 0.06550639
0.00545657 0.01363001 0.06359837 0.06650639
0.00544367 0.01360052 0.06460369 0.06750639
0.00542937 0.01356777 0.06560975 0.06850639
0.00541420 0.01353294 0.06661624 0.06950639
0.00539914 0.01349809 0.06762268 0.07050639
0.00538410 0.01346319 0.06862912 0.07150639
0.00536715 0.01342370 0.06963639 0.07250639
0.00528643 0.01323944 0.07068359 0.07350639
0.00523625 0.01311346 0.07170481 0.07450639
0.00522221 0.01308074 0.07271135 0.07550639
0.00510218 0.01279743 0.07378377 0.07650639
0.00509710 0.01278573 0.07478438 0.07750639
0.00503320 0.01264024 0.07581482 0.07850639
0.00502670 0.01262479 0.07681724 0.07950639
0.00494471 0.01241136 0.07785402 0.08050639
0.00494100 0.01240482 0.07885527 0.08150639
0.00487709 0.01224693 0.07987859 0.08250639
0.00487430 0.01224224 0.08087840 0.08350639
0.00481197 0.01210343 0.08191267 0.08450639
0.00480756 0.01209461 0.08291308 0.08550639
0.00479853 0.01207408 0.08391481 0.08650639
0.00474342 0.01194882 0.08495329 0.08750639
0.00473918 0.01193919 0.08595414 0.08850639
0.00467510 0.01178212 0.08698149 0.08950639
0.00467035 0.01177197 0.08798204 0.09050639
0.00466221 0.01175403 0.08898471 0.09150639
0.00464843 0.01172286 0.08998893 0.09250639
0.00463905 0.01170183 0.09099219 0.09350639
0.00462354 0.01166666 0.09199785 0.09450639
0.00460970 0.01163513 0.09300390 0.09550639
0.00459668 0.01160463 0.09400771 0.09650639
0.00458308 0.01157296 0.09501257 0.09750639
0.00456983 0.01154240 0.09601758 0.09850639
0.00455400 0.01150648 0.09702523 0.09950639
0.00453745 0.01146667 0.09803161 0.10050639
0.00452095 0.01142849 0.09903923 0.10150639
0.00450706 0.01139561 0.10004455 0.10250639
0.00449615 0.01137085 0.10104811 0.10350639
0.00448522 0.01134608 0.10205164 0.10450639
0.00447351 0.01131952 0.10305629 0.10550639
0.00446194 0.01129330 0.10406189 0.10650639
0.00442197 0.01118929 0.10510306 0.10750639
0.00441435 0.01117356 0.10611903 0.10850639
0.00435138 0.01102975 0.10716453 0.10950639
0.00433925 0.01100290 0.10817825 0.11050639
0.00432985 0.01098263 0.10919047 0.11150639
0.00432083 0.01096301 0.11020257 0.11250639
0.00431232 0.01094424 0.11121400 0.11350639
0.00421774 0.01071643 0.11221973 0.11450639
0.00420701 0.01069207 0.11321718 0.11550639
0.00419457 0.01066229 0.11421385 0.11650639
0.00419224 0.01065686 0.11520574 0.11750639
0.00419267 0.01065832 0.11619817 0.11850639
0.00413986 0.01052509 0.11717611 0.11950639
0.00413184 0.01050665 0.11816682 0.12050639
0.00412758 0.01049829 0.11915652 0.12150639
0.00413028 0.01050700 0.12014291 0.12250639
0.00413227 0.01051470 0.12113529 0.12350639
0.00412100 0.01048965 0.12213893 0.12450639
0.00410983 0.01046473 0.12313813 0.12550639
0.00410164 0.01044688 0.12413714 0.12650639
0.00409009 0.01042044 0.12514008 0.12750639
0.00407439 0.01038371 0.12614427 0.12850639
0.00406003 0.01035051 0.12714775 0.12950639
0.00404314 0.01031175 0.12815362 0.13050639
0.00402733 0.01027510 0.12915839 0.13150639
0.00400652 0.01022629 0.13017620 0.13250639
0.00398113 0.01016779 0.13119607 0.13350639
0.00395667 0.01011113 0.13222518 0.13450639
0.00394508 0.01008445 0.13323179 0.13550639
0.00389691 0.00995901 0.13428560 0.13650639
0.00387628 0.00991112 0.13529891 0.13750639
0.00385949 0.00987400 0.13631006 0.13850639
0.00382771 0.00979989 0.13732808 0.13950639
0.00372618 0.00956550 0.13839016 0.14050639
0.00371156 0.00952906 0.13939709 0.14150639
0.00368807 0.00946899 0.14040804 0.14250639
0.00367119 0.00942861 0.14141552 0.14350639
0.00365171 0.00938144 0.14242430 0.14450639
0.00353248 0.00907245 0.14347697 0.14550639
0.00352852 0.00906650 0.14448173 0.14650639
0.00352246 0.00905553 0.14548521 0.14750639
