0.00000000 0.00000000 0.00000000 0.00000000 0.00000000 0.00000000 0.00000000 0.00000000 0.00000000 0.00000000 0.00000000 0.00000000 0.00000000 0.00000000 0.00000000 0.00000000
2.83563482 2.96527757 3.77798631 2.92123230 -1.98350737 -9.72030276 -10.39298139 -14.81414148 -23.12483227 -1.43741357 0.68055355 -10.43662160 -9.82209721 -7.57228615 -6.91451205 -17.95747972
1.95330185 1.15158941 1.99806843 2.12521014 -11.57591582 -15.32498343 -15.01666838 -25.30972935 -29.15985128 -6.78735432 -4.16675694 -17.06830721 -14.06818980 -9.55885828 -8.59757595 -25.12306185
1.05488650 -0.74956270 0.11424673 1.25762194 -20.30565449 -20.56044548 -19.89711325 -33.28907385 -35.17618047 -12.12181635 -9.28590917 -23.49609249 -18.37860406 -11.62384788 -10.37757450 -32.43083471
0.16986727 -2.60180142 -1.73264526 0.40389290 -28.72652026 -25.81702211 -24.66696989 -41.03920704 -41.01750601 -17.38424216 -14.29610311 -29.70595760 -22.56500189 -13.64115269 -12.11880216 -39.46366930
-0.70913547 -4.43523411 -3.56417896 -0.45046066 -36.91499993 -31.01891537 -29.39230314 -48.58879716 -46.73976841 -22.58857852 -19.25814262 -35.74063026 -26.66825167 -15.63636837 -13.84314401 -46.28281529
-1.57518604 -5.94490686 -5.37580631 -1.30177084 -44.93233350 -36.08073372 -34.08971445 -55.92424235 -52.33864911 -27.76809095 -24.18957478 -41.61377544 -30.71311356 -17.62117160 -15.55731471 -52.90825831
-2.40892608 -7.44606105 -7.17498602 -2.12428785 -52.72813319 -40.87990235 -38.74773238 -62.97403097 -57.75986655 -32.89879877 -29.07869121 -47.30602165 -34.69057145 -19.59636578 -17.25775281 -59.31598383
-3.19718556 -9.02804818 -8.85605350 -2.89850108 -60.25740658 -45.36795048 -43.10318786 -69.78993945 -63.09850628 -37.75748224 -33.98106309 -52.85058314 -38.65855222 -21.49050042 -18.96778258 -65.56923260
-3.89800639 -10.63333741 -10.56147222 -3.59490994 -67.37132487 -49.69763684 -47.26571106 -76.35456895 -68.42113462 -42.37624418 -38.82794279 -58.24452117 -42.65516283 -23.40160857 -20.70187984 -71.68221944
-4.35675304 -12.26860521 -12.30797688 -4.16469916 -74.09114322 -53.69196503 -51.22741467 -82.70516412 -73.76697223 -46.87533173 -43.57798924 -63.48545788 -46.70260410 -25.25275320 -22.46914728 -77.67362541
-4.69521401 -13.93882495 -14.13693641 -4.56107379 -80.38865773 -57.67758993 -55.06808656 -88.83766495 -79.07908900 -51.15019170 -47.90286604 -68.53659390 -50.71328034 -27.12507221 -24.11941324 -83.53768361
-4.96001809 -15.57546446 -15.87774772 -4.87652698 -86.37841326 -61.40993568 -58.66230919 -94.73703067 -84.23609629 -55.38949562 -52.16718049 -73.34351319 -54.69850562 -28.90133115 -25.77121304 -89.22276912
-5.15897764 -17.16948102 -17.55282880 -5.12400073 -92.11176741 -64.99041153 -62.32836191 -100.43726120 -89.26032151 -59.28837022 -56.22683993 -77.90478085 -58.66464051 -30.66634841 -27.38304491 -94.72706181
-5.31867383 -18.65277194 -19.14649686 -5.33211497 -97.60322291 -68.63243866 -65.62611767 -105.94882713 -94.14856077 -63.19026667 -60.09515628 -82.25153128 -62.56182365 -32.44860592 -28.92860114 -100.05323343
-5.45738573 -20.08381031 -20.67945898 -5.51431973 -102.84541395 -72.16644897 -68.88969986 -111.24544618 -98.88340412 -67.01916546 -63.94834909 -86.37380705 -66.38162337 -34.09564626 -30.47605317 -105.15020005
-5.58244520 -21.48086061 -22.09497595 -5.68639795 -107.97784622 -75.44605128 -72.22942773 -116.35876064 -103.42515793 -70.52948955 -67.60886822 -90.32006533 -70.15729863 -35.72254914 -32.00246751 -110.06861469
-5.70684280 -22.75351806 -23.50036046 -5.85951189 -112.92246585 -78.71025774 -75.52368867 -121.26207355 -107.75023406 -74.03016641 -71.01162519 -94.03291265 -73.84982394 -37.34659537 -33.41446982 -114.76826232
-5.82521510 -24.00517759 -24.81984434 -6.02774782 -117.61047624 -81.92842383 -78.51496565 -125.98152391 -111.87922523 -77.51535328 -74.37788490 -97.55260613 -77.41590920 -38.95808773 -34.81680163 -119.25225405
-5.94555687 -25.22088352 -26.02081874 -6.19640667 -122.04531704 -85.13011131 -81.44569513 -130.48227062 -115.86587351 -80.96923530 -77.69143655 -100.86118700 -80.86618431 -40.45943837 -36.20481998 -123.48374552
-6.06361475 -26.29708550 -27.19957501 -6.36730102 -126.29475094 -88.27942812 -84.40886324 -134.75331672 -119.68804924 -84.32193518 -80.93146441 -103.94201665 -84.20292720 -41.88178625 -37.57236601 -127.46567407
-6.18538427 -27.33712094 -28.36371654 -6.54694129 -130.37536953 -91.34417552 -87.36640044 -138.79819316 -123.35593201 -87.40808644 -84.00823076 -106.82412116 -87.44043757 -43.27416968 -38.84461430 -131.20848104
-6.32004957 -28.36443402 -29.50225664 -6.73725322 -134.25870201 -94.18452015 -90.23518398 -142.63522120 -126.90350489 -90.43148308 -86.87037027 -109.50381156 -90.58352632 -44.64802753 -40.05619516 -134.72126187
-6.45499191 -29.36543041 -30.49419154 -6.92715877 -137.90830143 -96.96690417 -93.01130269 -146.25645340 -130.29075451 -93.37651536 -89.67897671 -111.98881630 -93.61152001 -45.99312803 -41.24572371 -137.97333724
-6.59349755 -30.30908183 -31.44711222 -7.12924078 -141.31065142 -99.67789211 -95.72753530 -149.64136730 -133.50657699 -96.23219515 -92.44048223 -114.26417733 -96.50711032 -47.29772985 -42.39670663 -140.95687692
-6.73660297 -31.15694495 -32.36092677 -7.33670790 -144.47885947 -102.28980671 -98.28030484 -152.79327567 -136.54740578 -99.02733199 -95.08790122 -116.33368367 -99.27597525 -48.56664008 -43.50989501 -143.68880628
-6.87348264 -31.91806605 -33.20908365 -7.54457885 -147.39120329 -104.74037265 -100.69857808 -155.71997780 -139.39022309 -101.70146688 -97.56343117 -118.15911084 -101.90682451 -49.76017274 -44.55938662 -146.14020624
-7.01672108 -32.64191472 -34.01876449 -7.76292624 -150.09486161 -107.08488922 -102.97227050 -158.42147594 -142.05634727 -104.26417860 -100.02943228 -119.79734856 -104.42737358 -50.85104019 -45.57114364 -148.35183056
-7.15296624 -33.31382218 -34.75408165 -7.98636851 -152.50613021 -109.28788735 -105.05741246 -160.85665832 -144.49677069 -106.63854753 -102.32293434 -121.19915624 -106.76349827 -51.86260166 -46.50316502 -150.26923128
-7.27553089 -33.87788888 -35.34973342 -8.21776964 -154.61960573 -111.32300407 -106.90034994 -162.99554375 -146.70629520 -108.77995126 -104.26958471 -122.35061271 -108.89936224 -52.76696834 -47.29843773 -151.89173897
-7.42104451 -34.30108224 -35.79174209 -8.42888894 -156.33508264 -113.08885533 -108.49867351 -164.77359038 -148.59846577 -110.62002432 -105.91898041 -123.24806102 -110.73311418 -53.52711632 -47.93820952 -153.20016435
-7.54118233 -34.63371993 -36.11043712 -8.63379460 -157.56829914 -113.95910184 -109.72876353 -166.06634962 -149.99587466 -111.85045867 -107.20820606 -123.88246610 -112.13874067 -54.11151121 -48.39618218 -154.12287869
-7.64651711 -34.91381440 -36.36804005 -8.83011642 -159.20854609 -114.68839042 -110.80958825 -167.17596278 -151.29196022 -112.92926468 -108.31716651 -124.40503865 -113.29589277 -54.61925335 -48.79265699 -154.89924881
-7.76622906 -35.25193629 -36.64992616 -9.03276704 -159.81960044 -115.50164770 -111.94427683 -168.23313665 -152.48206132 -114.10971308 -109.49787328 -124.88544805 -114.61416123 -55.17156067 -49.21621715 -155.62363874
-7.88318785 -35.57801118 -36.90962193 -9.22900606 -160.39206588 -116.28194412 -113.03503325 -169.19852765 -153.64213235 -115.24579141 -110.61749302 -125.30209125 -115.89004958 -55.70113592 -49.62971893 -156.26664450
-7.99478595 -35.89045102 -37.16038578 -9.42084670 -160.91201296 -117.01703981 -114.09539951 -170.08349651 -154.74219132 -116.32215969 -111.73983826 -125.45726071 -117.10048786 -56.20469530 -50.02116883 -156.83133244
-8.09158102 -36.16677103 -37.37600113 -9.60662372 -161.37915018 -117.69729625 -115.19425415 -170.90205915 -155.78496596 -117.31885070 -112.88673806 -125.22963780 -118.24741248 -56.69430032 -50.38226846 -157.32319208
-8.18823577 -36.44877401 -37.59916841 -9.79123691 -161.80388553 -118.35023409 -116.26807493 -171.65269218 -156.77731939 -118.28784696 -114.01376737 -125.01008583 -119.35946950 -57.17837295 -50.74035084 -157.75169522
-8.27830315 -36.68290311 -37.79695306 -9.96707165 -162.17039326 -119.05487076 -117.26315472 -172.31177167 -157.68950841 -119.19494496 -115.02993823 -124.78855367 -120.39762154 -57.62120930 -51.06647166 -158.10434593
-8.35854381 -36.88800572 -37.96518102 -10.12654128 -162.45051141 -119.66620092 -118.14002673 -172.88604217 -158.44793065 -119.97120574 -115.88982909 -124.57837355 -121.29806852 -58.01055876 -51.34959451 -158.36624890
-8.43235010 -36.90588641 -38.07137929 -10.25818725 -162.62715937 -120.06908374 -118.82617488 -173.33422057 -158.92340689 -120.57108863 -116.53793700 -124.38230301 -121.98120100 -58.31707121 -51.55976364 -158.53119893
-8.50391497 -36.80005777 -38.12955483 -10.36615557 -162.71985111 -120.30819184 -119.33451969 -173.65886376 -159.23213139 -121.01232330 -116.98212190 -124.20087685 -122.49114598 -58.54640349 -51.70179692 -158.61787383
-8.55703569 -36.63156774 -38.11879486 -10.43959604 -162.72757568 -120.36709381 -119.60090988 -173.84551456 -159.35323723 -121.22688060 -117.16661455 -124.03677373 -122.77755719 -58.66489099 -51.75030226 -158.63267311
-8.59554979 -36.61393679 -38.02782465 -10.47684910 -162.61474062 -120.22845185 -119.57918031 -173.88672153 -159.19972581 -121.16044506 -117.03276345 -123.87052044 -122.79779401 -58.64913491 -51.67594268 -158.56981505
-8.61686682 -36.56972842 -37.86016690 -10.48276614 -162.43395552 -119.91953058 -119.31489026 -173.80572900 -158.83591208 -120.85646448 -116.69999136 -123.71228313 -122.53644397 -58.52361085 -51.49111909 -158.44248375
-8.63260792 -36.50831041 -37.66216344 -10.48363676 -161.84907694 -119.48554856 -118.88025676 -173.34972387 -158.22150749 -120.35675783 -116.19602454 -123.25802221 -121.99960468 -58.31667535 -51.24713777 -157.88174596
-8.65267608 -36.42456753 -37.49720047 -10.48542898 -160.62931590 -118.72659388 -118.22086944 -172.30535459 -157.22198069 -119.62841948 -115.48429694 -122.44484952 -121.11168283 -58.02334244 -50.94885774 -156.72434008
-8.67812691 -36.30230456 -37.35022517 -10.48802725 -158.85226912 -117.72787529 -117.34195840 -170.71252684 -155.82437023 -118.56687769 -114.54180299 -121.27948630 -119.86812295 -57.65238025 -50.59147795 -155.04686381
-8.69954349 -36.09246231 -37.14236084 -10.52013378 -156.33053298 -116.37198847 -115.93954158 -168.38826127 -153.89461035 -117.06748266 -113.25021932 -119.58779571 -118.13586580 -57.14269988 -50.11728195 -152.68029249
-8.72210133 -35.79508316 -36.85824165 -10.55883152 -153.06185837 -114.68592714 -114.21416314 -165.32386837 -151.42779043 -115.15498538 -111.25565722 -117.34684410 -115.91155998 -56.49497561 -49.56087983 -149.63144486
-8.73588850 -35.55826415 -36.65411763 -10.62773820 -150.18190493 -113.20637243 -112.70022375 -162.63853866 -149.23652563 -113.45460035 -109.46475695 -115.32949818 -113.95922339 -55.92979155 -49.09437868 -146.98161712
-8.74021927 -35.39877607 -36.53705460 -10.72418308 -147.83009507 -111.99575403 -111.46185640 -160.51045320 -147.42654311 -112.05961352 -107.98824711 -113.68152559 -112.38972264 -55.47903948 -48.72907079 -144.84804920
-8.73241152 -35.19310494 -36.38033384 -10.80706025 -145.19139482 -110.65077306 -110.09369600 -158.10401773 -145.41246284 -110.51062165 -106.36110894 -111.83123774 -110.60504323 -54.96424389 -48.31666957 -142.43997774
-8.75804306 -34.95668759 -36.22313519 -10.89861609 -142.55164273 -109.26884887 -108.71194581 -155.61053046 -143.36997208 -108.93593461 -104.72482528 -109.95024572 -108.78509980 -54.41960665 -47.88678432 -139.99192444
-8.78903045 -34.76005213 -36.10402185 -10.98253120 -140.14530959 -107.99463689 -107.44389590 -153.27246201 -141.49219071 -107.48061258 -103.22826167 -108.23569238 -107.11516665 -53.92009632 -47.47747260 -137.78307833
-8.82035049 -34.57950480 -35.98788570 -11.01506097 -137.73962874 -106.70336117 -106.18708310 -150.92861477 -139.61607017 -106.04532532 -101.76135497 -106.53320446 -105.44201800 -53.36417894 -47.05351270 -135.57160326
-8.89999063 -34.75933178 -36.17570879 -11.01365230 -137.46516194 -106.46654123 -105.96492560 -150.58958526 -139.27658228 -105.79929072 -101.51781088 -106.30682446 -105.19868513 -53.27430464 -46.98910101 -135.31782458
-8.92025780 -34.98967298 -36.47022247 -11.06040086 -137.87993896 -106.61412654 -106.09910639 -150.98592975 -139.55908028 -105.98550048 -101.70342490 -106.59381460 -105.47699138 -53.35297168 -47.05036349 -135.73654978
-8.92840267 -35.10305762 -36.71714135 -11.10543281 -138.15528674 -106.70779323 -106.17590484 -151.24921118 -139.76667032 -106.10587572 -101.80920851 -106.78590653 -105.67260162 -53.40810850 -47.09589333 -136.02203106
-8.93468573 -35.13883482 -36.81231673 -11.12455788 -138.08978382 -106.66557405 -106.11578728 -151.17865256 -139.71294163 -106.05677639 -101.74489987 -106.75019719 -105.64037699 -53.39430409 -47.08459875 -135.99316400
-8.95280361 -34.87209249 -36.54536830 -11.03565710 -136.10279905 -105.64196418 -105.11192545 -149.12321364 -138.24650479 -104.90607636 -100.58674410 -105.32303884 -104.22064205 -52.95078779 -46.69733005 -134.11112799
-8.95305553 -34.87924686 -36.56289009 -11.05226378 -136.07938998 -105.60986486 -105.08217245 -149.08384484 -138.26410121 -104.87395569 -100.55031058 -105.30726871 -104.21368981 -52.94434855 -46.69762272 -134.10429499
-8.94859606 -34.88754077 -36.57799745 -11.07280494 -136.04169577 -105.58562937 -105.05749458 -149.05286570 -138.26480882 -104.84941588 -100.51805767 -105.29584182 -104.20966378 -52.93733007 -46.69512878 -134.09977974
-8.93985968 -34.87698273 -36.57126524 -11.08423939 -135.87948591 -105.51149244 -104.97623960 -148.89834324 -138.16542700 -104.75976829 -100.41986019 -105.19872841 -104.11918130 -52.90302580 -46.66822797 -133.97988110
-8.97140499 -34.72325967 -36.41529509 -11.03745370 -134.70036864 -104.96691741 -104.39780162 -147.73180315 -137.21986197 -104.09317875 -99.75478838 -104.38781907 -103.31549309 -52.64566037 -46.44085612 -132.90811284
-8.97906350 -34.75708750 -36.45008542 -11.05714380 -134.85699823 -105.05239993 -104.47533187 -147.91012762 -137.33654512 -104.19240603 -99.83977822 -104.52179948 -103.44583199 -52.68104684 -46.47610228 -133.09041584
-8.97349972 -34.73925058 -36.43389377 -11.05953183 -134.66397689 -104.95990356 -104.37810509 -147.73002564 -137.21734435 -104.08552076 -99.72478465 -104.40227288 -103.32956640 -52.63802931 -46.44095636 -132.93580871
-8.97030852 -34.71303977 -36.40740580 -11.05509020 -134.38915849 -104.84054385 -104.24279172 -147.47119264 -137.02363810 -103.93761893 -99.56728949 -104.22946784 -103.15862050 -52.57776283 -46.38969283 -132.70840517
-8.96322821 -34.67859687 -36.37543423 -11.04934980 -134.09002408 -104.69415558 -104.09007543 -147.17637379 -136.81891937 -103.77146464 -99.39001256 -104.03188528 -102.96143616 -52.50877777 -46.32999099 -132.44183725
-8.95091905 -34.63599741 -36.34145997 -11.04822165 -133.77689092 -104.54697086 -103.92482474 -146.87456247 -136.61002159 -103.59781219 -99.21244970 -103.82535979 -102.75391940 -52.43698241 -46.26901775 -132.16239274
-8.93783054 -34.58727119 -36.29850753 -11.03939030 -133.42782606 -104.38512905 -103.74346077 -146.54046567 -136.37506248 -103.40201828 -99.01783865 -103.59342382 -102.52182430 -52.35788444 -46.20129081 -131.84825540
-8.92355549 -34.52667311 -36.24292451 -11.02403882 -133.00255683 -104.18279187 -103.52240791 -146.12373073 -136.08303584 -103.15757256 -98.77662214 -103.30464205 -102.23222101 -52.26040853 -46.11603205 -131.45366355
-8.90983747 -34.47058477 -36.19286184 -11.01231712 -132.60763889 -104.00268729 -103.32234442 -145.74670577 -135.81567531 -102.93151697 -98.55603720 -103.04274712 -101.96930277 -52.17213870 -46.03845103 -131.09071438
-8.89987501 -34.40454597 -36.13226616 -10.99551822 -132.13448917 -103.79202277 -103.08548674 -145.29321960 -135.47988127 -102.66186880 -98.29134061 -102.72703928 -101.65401851 -52.06762039 -45.94504091 -130.65642259
-8.88575200 -34.34345671 -36.07861346 -10.98285910 -131.71565902 -103.60103089 -102.87445008 -144.89246798 -135.19484797 -102.42002442 -98.05596550 -102.44665946 -101.37415457 -51.97450500 -45.86230733 -130.26929420
-8.87543740 -34.26412354 -36.00667896 -10.96503241 -131.18183588 -103.34767545 -102.60626319 -144.37269278 -134.82156518 -102.11109221 -97.75210080 -102.08163923 -101.00945213 -51.85570147 -45.75656637 -129.77030098
-8.86499059 -34.19099890 -35.93885011 -10.94859279 -130.66803163 -103.08712908 -102.35941330 -143.87482529 -134.46356200 -101.81651977 -97.44921100 -101.73313042 -100.66133669 -51.74193685 -45.65590835 -129.29203946
-8.85153870 -34.11040258 -35.85984811 -10.92898771 -130.09287954 -102.77410865 -102.08166620 -143.30601008 -134.07077831 -101.48265587 -97.10366954 -101.33261749 -100.26600810 -51.61293003 -45.54161372 -128.74674012
-8.84021685 -34.04383572 -35.79758484 -10.91446646 -129.63308338 -102.54292981 -101.85740039 -142.85975939 -133.75416316 -101.21775971 -96.82810746 -101.01930708 -99.95443927 -51.51069589 -45.45155829 -128.31653580
-8.82876817 -33.98020724 -35.73894985 -10.90030218 -129.20205616 -102.33808191 -101.64554619 -142.44306558 -133.45616685 -100.96975813 -96.57025870 -100.72774750 -99.66308572 -51.41503690 -45.36747720 -127.91504086
-8.81671006 -33.91370206 -35.67664780 -10.88489345 -128.74727346 -102.12183926 -101.42205677 -142.00323173 -133.14056810 -100.70848984 -96.30016059 -100.42014563 -99.35554387 -51.31414517 -45.27791682 -127.49152415
-8.79117794 -33.70140385 -35.48886139 -10.85575265 -127.30636169 -101.39219186 -100.62276615 -140.62668155 -132.10858026 -99.90541154 -95.48558441 -99.42930657 -98.37403133 -50.99221273 -44.98159791 -126.13293804
-8.77973946 -33.64520729 -35.42255834 -10.83866953 -126.81208834 -101.07729527 -100.38432617 -140.14366200 -131.77077494 -99.63613149 -95.20032660 -99.09045259 -98.03821452 -50.88252571 -44.88441257 -125.66679884
-8.75890808 -33.47263681 -35.22109277 -10.79312439 -125.45088549 -100.29388607 -99.72585601 -138.79950746 -130.79767671 -98.86095193 -94.42541823 -98.13206667 -97.10020397 -50.57442454 -44.60469322 -124.37851538
-8.71745833 -33.12269011 -34.86770138 -10.73312760 -123.19371957 -99.26305923 -98.68465372 -136.60332393 -129.16773741 -97.51770519 -93.05027221 -96.56232581 -95.55982881 -50.07034118 -44.14612174 -122.26355669
-8.70286832 -32.98391449 -34.82281754 -10.72732222 -121.98210747 -98.69393920 -97.50513507 -135.42491609 -128.30644150 -96.90100949 -92.58037875 -95.76882284 -94.75041057 -49.81397159 -43.92522465 -121.12970565
-8.69110776 -32.84334057 -34.67679067 -10.69417834 -120.81973276 -98.28385821 -97.00415814 -134.28129075 -127.49280309 -95.72064303 -91.93746669 -94.96096095 -93.98870829 -49.62990463 -43.72683324 -120.02887870
-8.68538731 -32.68830331 -34.43686730 -10.66241246 -118.57852119 -96.73071107 -96.14146600 -132.11050274 -125.88604138 -94.69098472 -89.94165279 -93.40748047 -92.49533865 -49.14574158 -43.41489023 -117.93391983
-8.67092103 -32.64586072 -34.39561337 -10.64745612 -118.34952213 -96.62476795 -96.03123305 -131.88953914 -125.72989367 -94.57142700 -89.82635628 -93.25559192 -92.33411972 -49.08295358 -43.36148785 -117.72041912
-8.65625924 -32.60037025 -34.35101098 -10.63180033 -118.09136593 -96.50713201 -95.90725970 -131.63988370 -125.55237157 -94.42238377 -89.69475760 -93.08351600 -92.15385010 -49.01605645 -43.30329632 -117.47936882
-8.64144378 -32.55196579 -34.30334912 -10.61519378 -117.79710923 -96.36574896 -95.76219420 -131.35426022 -125.34859105 -94.25270898 -89.54535721 -92.88654822 -91.94980945 -48.94195125 -43.23886860 -117.20470918
-8.62649256 -32.49813826 -34.25023195 -10.59764521 -117.43999465 -96.18724144 -95.58551901 -131.00671142 -125.09930487 -94.05156946 -89.34694407 -92.64534501 -91.70436675 -48.85476468 -43.16550022 -116.87082627
-8.61131522 -32.44406479 -34.19651528 -10.57992983 -117.07923377 -96.00712876 -95.40746850 -130.65592814 -124.84812806 -93.84874561 -89.14581447 -92.40196982 -91.45657396 -48.76705861 -43.09165994 -116.53369634
-8.59613060 -32.38976639 -34.14265652 -10.56195237 -116.71733155 -95.82636657 -95.22862371 -130.30335691 -124.59424857 -93.64491532 -88.94402234 -92.15755317 -91.20799091 -48.67908151 -43.01694112 -116.19515298
-8.58081820 -32.33510197 -34.08887107 -10.54362278 -116.35458551 -95.64514108 -95.04916656 -129.94924878 -124.33877740 -93.44050617 -88.74184619 -91.91245800 -90.95851486 -48.59096542 -42.94130702 -115.85569329
-8.56318438 -32.27110665 -34.02602145 -10.52413294 -115.93599467 -95.43647213 -94.84269472 -129.54215585 -124.04260465 -93.20524062 -88.51012773 -91.63361802 -90.67080826 -48.49052172 -42.85614209 -115.46150104
-8.54723597 -32.21575277 -33.97180176 -10.50509502 -115.56741759 -95.25264046 -94.66076558 -129.18153975 -123.78245064 -92.99778550 -88.30595444 -91.38663413 -90.41690350 -48.40148563 -42.77830026 -115.11538576
-8.53170780 -32.16001221 -33.91712348 -10.48599630 -115.19565885 -95.06660148 -94.47652262 -128.81747423 -123.51908002 -92.78840090 -88.10018681 -91.13664599 -90.16070209 -48.31196720 -42.69848561 -114.76606646
-8.49576222 -31.99948994 -33.76831925 -10.46095996 -114.21619909 -94.58070143 -94.00121388 -127.88723363 -122.81147494 -92.24394828 -87.57648950 -90.52036817 -89.49395015 -48.08297506 -42.50338101 -113.82276547
-8.48055691 -31.94386391 -33.71296017 -10.43937457 -113.84004257 -94.39164839 -93.81345926 -127.51828039 -122.54111668 -92.03412577 -87.36789396 -90.26992073 -89.23473786 -47.98492841 -42.42907253 -113.47537930
-8.46517213 -31.88642819 -33.65679445 -10.41848649 -113.44665991 -94.19688412 -93.61961649 -127.13164853 -122.25844347 -91.81598499 -87.15612698 -90.01955121 -88.96420908 -47.89159418 -42.34447332 -113.07740093
-8.43279566 -31.73001580 -33.50802674 -10.39104466 -112.43074188 -93.68966355 -93.12112103 -126.14806175 -121.51581432 -91.25110549 -86.63933800 -89.34312402 -88.26773303 -47.67374040 -42.04094927 -112.10569606
-8.37864541 -30.48988807 -32.17293573 -10.13295049 -102.10751364 -88.66263901 -87.99070313 -115.90783611 -114.02732692 -86.78280896 -81.49514040 -82.20422085 -81.02567634 -41.55788906 -39.61857988 -102.02617697
-8.34723494 -30.27327950 -31.98607102 -10.20358966 -100.79297928 -87.99940035 -87.28253963 -114.48251624 -113.05725223 -86.04780255 -80.79256207 -81.23937310 -80.11946377 -41.23514518 -39.34367813 -100.85326049
-8.33754466 -30.11004137 -31.81624466 -10.16214787 -99.44966681 -87.33973766 -86.56182491 -113.09558294 -112.03496665 -85.34332297 -80.23630070 -80.31337133 -79.16323813 -40.87539295 -38.54355817 -99.54915226
-8.32731454 -30.00527649 -31.70255102 -10.12115297 -98.70854147 -86.95812954 -86.13221348 -112.30785904 -111.46384644 -84.92681408 -79.81756690 -79.79407186 -78.58541114 -40.68494829 -38.40856924 -98.85133921
-8.33664646 -29.90380984 -31.58681293 -10.07364780 -97.95466423 -86.58222372 -85.69963034 -111.51822152 -110.86123274 -84.50771428 -79.39297534 -79.26637637 -78.04005162 -40.50007786 -38.26964448 -98.15610938
-8.37174669 -29.70174969 -31.34713940 -9.98349691 -96.30332618 -85.77146152 -84.78375414 -109.78106669 -109.57117945 -83.61977186 -78.50082319 -78.07821374 -76.62752601 -40.06597685 -37.93354021 -96.57562427
-8.39751552 -29.55883420 -31.19760978 -9.93504153 -95.27723534 -85.26118910 -84.21811182 -108.74641711 -108.75732336 -83.06939834 -77.96210836 -77.37379382 -75.84118043 -39.81221238 -37.71160050 -95.61981561
-8.38225342 -29.20566736 -30.92076290 -9.92872002 -93.10443270 -84.14316959 -82.94790987 -106.86875213 -107.08910768 -81.90131833 -76.90862403 -75.73696839 -74.38237887 -39.29794356 -37.18133224 -93.36106061
-8.38608918 -29.00717280 -30.80067268 -10.07056683 -91.77395193 -83.46786813 -82.21581656 -104.99236915 -106.06430066 -81.21099006 -76.26843407 -74.95614686 -73.50475179 -38.99978285 -36.90424582 -92.19671242
-8.39064228 -29.01798805 -30.81067090 -10.08208463 -91.85271125 -83.52196505 -82.24893315 -105.06869955 -106.11328854 -81.26435521 -76.30021538 -75.02776085 -73.58261647 -39.02604739 -36.97004742 -92.30767649
-8.39299290 -29.05083013 -30.83907833 -10.09012495 -92.07991606 -83.65713539 -82.36172888 -105.32780364 -106.27913218 -81.40300100 -76.41268925 -75.20123935 -73.76531351 -39.08786635 -37.06560371 -92.55704207
-8.39651783 -29.04389046 -30.81728911 -10.07750726 -92.00937275 -83.61738628 -82.30322752 -105.28822401 -106.20188872 -81.36421214 -76.34903420 -75.15110509 -73.72561570 -39.07128953 -37.06530805 -92.50746817
-8.38826067 -28.83615829 -30.68962184 -10.10607560 -90.43666422 -82.85611800 -81.65126368 -104.13895548 -105.01451675 -80.56377534 -75.36200677 -73.03143160 -72.67944732 -38.74122143 -36.87284701 -91.08091623
-8.38069794 -28.85062712 -30.69532489 -10.10055970 -90.52592340 -82.90571635 -81.67157743 -104.30705579 -105.08066804 -80.62007800 -75.41025607 -73.07313152 -72.75058127 -38.76230454 -36.88884185 -91.15494704
