0.00000000 0.00000000 0.00000000 0.00000000 0.00000000 0.00000000 0.00000000 0.00000000 0.00000000 0.00000000 0.00000000 0.00000000 0.00000000 0.00000000 0.00000000 0.00000000
5.60968092 -14.65594299 -16.75222226 -22.47120849 2.51896377 -3.40864050 -4.88410141 -10.70656408 2.47316733 -3.50449231 -4.97228964 -10.74044087 5.20597816 -15.43160618 -17.22131931 -22.87311838
3.20496282 -25.48489186 -26.55034082 -30.95043700 -0.06970576 -10.14088311 -11.58742514 -13.37292522 -0.12128900 -10.25116758 -11.68949434 -13.41134172 3.12642237 -25.97655294 -27.07072446 -31.38953938
1.82938099 -34.77445793 -36.00838023 -39.10398348 -2.64436543 -16.86230885 -18.27798542 -16.04124179 -2.69454562 -16.97011205 -18.37739198 -16.07850302 1.75412626 -35.24434544 -36.51021840 -39.52647593
0.47185436 -43.78296804 -45.13715119 -46.95002080 -4.76597518 -23.34439355 -24.87749667 -18.68657886 -4.81416475 -23.44982021 -24.97443699 -18.72276996 0.39870097 -44.23268854 -45.62245191 -47.35696743
-0.87178266 -52.51957394 -53.96969653 -54.51289473 -6.95382933 -29.73309374 -31.35392216 -21.27743404 -7.00055820 -29.83622674 -31.44837173 -21.31193538 -0.94259960 -52.95049863 -54.43921473 -54.90416205
-2.20478857 -61.05346538 -62.57490881 -61.83845074 -9.11731395 -36.06115062 -37.77688425 -23.75183679 -9.16447224 -36.16828987 -37.87077999 -23.78435715 -2.26748024 -61.46624868 -63.02953016 -62.21497582
-3.48499638 -69.50113460 -71.09999820 -69.03532017 -11.26831827 -41.73144093 -43.89824044 -26.15415502 -11.32065830 -41.83754273 -43.98599160 -26.18470294 -3.52873620 -69.88997715 -71.53999644 -69.39881977
-4.59743251 -77.78975257 -79.50563458 -76.10579236 -13.31779443 -47.05309993 -49.73019205 -28.48486627 -13.39251597 -47.15062396 -49.81058686 -28.51469443 -4.60878979 -78.14908199 -79.92871097 -76.45662149
-5.20019086 -85.70513263 -87.65402927 -82.98635060 -15.17561744 -52.32031881 -55.32933980 -30.72534435 -15.27538386 -52.41643434 -55.41206499 -30.75374256 -5.17789500 -86.03472707 -88.05502698 -83.32414854
-5.67383528 -93.46744165 -95.63575662 -89.77393208 -16.93244753 -57.33231402 -60.30797899 -32.78383327 -17.09713118 -57.42508386 -60.37652466 -32.81051028 -5.61434659 -93.76619588 -96.01673807 -90.10044600
-6.10329119 -100.71322650 -103.21530752 -96.33438408 -18.54565907 -62.21098462 -65.16709387 -34.82832634 -18.76534048 -62.30699519 -65.22933734 -34.85348382 -6.00644650 -100.98148505 -103.57429001 -96.64911605
-6.46564093 -107.71283751 -110.47836649 -102.67673403 -20.06287199 -66.70308180 -69.84612410 -36.79228141 -20.33216253 -66.78915380 -69.89891835 -36.81538477 -6.34094604 -107.95465998 -110.81702740 -102.97753013
-6.78248865 -114.40315580 -117.45335599 -108.76937392 -21.48789674 -71.18383085 -74.29667795 -38.67166816 -21.79562110 -71.26660025 -74.34305748 -38.69467457 -6.63367403 -114.61602986 -117.77168694 -109.05628334
-7.07114659 -120.77968173 -123.90451231 -114.52717951 -22.82640167 -75.60968051 -78.71979145 -40.52723346 -23.17113342 -75.70624579 -78.76365800 -40.54895830 -6.90878632 -120.97247647 -124.20493655 -114.80037721
-7.35041214 -126.92066792 -130.05541722 -120.01378934 -24.13912387 -79.70640292 -83.05933502 -42.37004976 -24.50616259 -79.79966127 -83.10965527 -42.39165791 -7.17395648 -127.09566338 -130.34882559 -120.28058557
-7.61587329 -132.73439614 -135.92885031 -125.23284067 -25.40272829 -83.74741948 -87.09813568 -44.14127808 -25.80978495 -83.85198061 -87.15299399 -44.16564218 -7.42217891 -132.91914983 -136.24574756 -125.51922478
-7.87022029 -138.22220965 -141.43917503 -130.14840344 -26.58605736 -87.74936141 -91.00404647 -45.80776150 -27.04774911 -87.87097489 -91.07024944 -45.83499559 -7.66840567 -138.42138309 -141.77814805 -130.45578651
-8.12522084 -143.40506274 -146.61089981 -134.77289698 -27.74494646 -91.70541406 -94.87103845 -47.43609951 -28.21692585 -91.83446407 -94.93946808 -47.46400990 -7.90593285 -143.60044307 -146.95036535 -135.07932702
-8.36189349 -148.30218133 -151.46814984 -139.08484206 -28.84954303 -95.56248604 -98.66894601 -49.02794548 -29.35409490 -95.69072408 -98.73507175 -49.05473552 -8.14156327 -148.46958877 -151.77902364 -139.36896716
-8.59664263 -152.93323540 -156.00265535 -143.10543146 -29.98707612 -99.36578758 -102.39713599 -50.59108826 -30.46255527 -99.50959963 -102.46363081 -50.61634210 -8.35863522 -153.07885293 -156.29657432 -143.36966993
-8.81766285 -157.26109360 -160.27251703 -146.82851914 -31.07605878 -102.93286931 -106.03540493 -52.11184989 -31.55436821 -103.07366172 -106.10128331 -52.13589214 -8.56868724 -157.38410458 -160.54334445 -147.07013627
-9.04074531 -161.30762431 -164.26016613 -150.27877387 -32.13864254 -106.36409861 -109.53625115 -53.59723767 -32.63215958 -106.51195450 -109.60149491 -53.62005042 -8.78516722 -161.41045257 -164.50506099 -150.49817259
-9.26432143 -165.09264267 -167.94142193 -153.46211062 -33.18457659 -109.73655202 -112.86165359 -55.04422376 -33.68342501 -109.88468718 -112.92473370 -55.06493336 -9.00805282 -165.17885829 -168.16303469 -153.65945042
-9.49885436 -168.58742052 -171.32057892 -156.35952202 -34.18673384 -113.04092998 -116.05681096 -56.44293335 -34.69137454 -113.18973256 -116.11721132 -56.46199485 -9.24134978 -168.66153226 -171.52055404 -156.53639200
-9.74318995 -171.78710041 -174.39886806 -158.97513118 -35.14591813 -116.25643644 -119.15997416 -57.78578130 -35.65925042 -116.40852872 -119.22011335 -57.80261116 -9.48298910 -171.85104385 -174.57905174 -159.13368596
-9.99148180 -174.71623642 -177.17036779 -161.30569565 -36.06250224 -119.34658813 -122.16901981 -59.06960157 -36.57792837 -119.50174075 -122.22299533 -59.08564158 -9.73591363 -174.77140397 -177.33218569 -161.44673314
-10.24836027 -177.38321675 -179.65084265 -163.36533543 -36.93861175 -122.30383940 -125.05626288 -60.28779020 -37.45185429 -122.46202640 -125.10676303 -60.30130512 -9.99006163 -177.42775203 -179.79173557 -163.48622925
-10.49375672 -179.76916257 -181.81804529 -165.13484499 -37.74914313 -125.04413179 -127.73738431 -61.41618679 -38.24630558 -125.20241691 -127.78321482 -61.42452120 -10.23735169 -179.80956204 -181.93542466 -165.23461425
-10.69633106 -181.78442246 -183.59835787 -166.52603702 -38.38741230 -127.33979610 -129.97783654 -62.36885240 -38.86579007 -127.49064274 -130.01956337 -62.37252639 -10.44413623 -181.81827926 -183.70044286 -166.60970730
-10.79426746 -182.63000407 -184.34199095 -167.09674748 -38.64529297 -128.31812361 -130.92440141 -62.77542050 -39.11474594 -128.46730233 -130.96694406 -62.77708771 -10.54973986 -182.66705093 -184.43171661 -167.17096520
-10.94243951 -183.89031942 -185.40472466 -167.89598249 -39.29032852 -129.88581336 -132.33506612 -63.39643477 -39.61923986 -129.97843913 -132.37752269 -63.39327882 -10.70702119 -183.92770151 -185.48931430 -167.95463371
-11.05838162 -184.67393545 -186.05901437 -168.36611583 -39.15547427 -130.68664488 -133.21978391 -63.80902981 -39.46113157 -130.77510206 -133.26067780 -63.80487525 -10.83957111 -184.70480624 -186.13340288 -168.41667743
-11.16348351 -185.17830727 -186.47180952 -168.65750228 -38.99257970 -131.17707378 -133.76978640 -64.10511304 -39.27433290 -131.26352381 -133.80843159 -64.10493651 -10.95436005 -185.20727244 -186.54015084 -168.70208664
-11.26089024 -185.60923246 -186.82061181 -168.89558268 -38.82930241 -131.60648736 -134.23788929 -64.36833633 -39.08527013 -131.69362168 -134.27437754 -64.37322942 -11.06022211 -185.63654648 -186.88361071 -168.93545149
-11.35095517 -185.96710605 -187.10594917 -169.08484073 -38.66475751 -131.96227821 -134.62040969 -64.59801221 -38.89775640 -132.04390249 -134.65571117 -64.60246485 -11.15759644 -185.99297523 -187.16439696 -169.12132533
-11.43235676 -186.25068030 -187.32494388 -169.22710722 -38.49861089 -132.21950295 -134.91359198 -64.78694913 -38.71443912 -132.29532094 -134.94748209 -64.79079507 -11.24659236 -186.27492521 -187.37852293 -169.26005164
-11.50580037 -186.46786921 -187.48527078 -169.32870688 -38.32848318 -132.39133380 -135.12385506 -64.93770009 -38.52787721 -132.46265864 -135.15764654 -64.94097225 -11.32755571 -186.49052141 -187.53500441 -169.35869020
-11.53674884 -186.40141665 -187.40157879 -169.26644166 -38.10722277 -132.15605235 -134.88426343 -64.90658489 -38.30471049 -132.22323407 -134.91590483 -64.91087911 -11.36856961 -186.42457369 -187.44974846 -169.29121944
-11.57124787 -185.57747559 -186.50826668 -168.43467474 -37.97042717 -131.58913579 -134.29867351 -64.74165564 -38.16714320 -131.65119959 -134.32901758 -64.74696810 -11.40992259 -185.60736683 -186.55568854 -168.45818856
-11.61068253 -184.37274262 -185.22857191 -167.23472323 -37.81309802 -130.87583024 -133.56787002 -64.51155782 -37.99894964 -130.93485459 -133.59803441 -64.51659970 -11.45202624 -184.41259132 -185.27754926 -167.26003560
-11.64627275 -182.06333186 -182.81825235 -164.96829766 -37.49770751 -129.54652157 -132.19736322 -64.06068522 -37.66469928 -129.60013982 -132.22719972 -64.06549080 -11.49335179 -182.12549440 -182.87404273 -164.99955141
-11.68047307 -178.54027957 -179.16145743 -161.51657337 -36.99250053 -127.54110849 -130.19839932 -63.29392394 -37.14057669 -127.58917228 -130.22903154 -63.29834113 -11.53926408 -178.62941449 -179.23109467 -161.56119978
-11.70730373 -174.02399834 -174.49104079 -157.09939655 -36.24539693 -125.01801351 -127.67657426 -62.30249751 -36.37011546 -125.05689049 -127.70529309 -62.30708265 -11.58110650 -174.14706340 -174.57858685 -157.16166475
-11.72096301 -168.49214831 -168.77729976 -151.67567202 -35.30239179 -121.92290472 -124.59360655 -61.08562366 -35.40682552 -121.95518503 -124.62318140 -61.09339869 -11.60606479 -168.64610370 -168.87837301 -151.75346703
-11.78724529 -161.17032488 -161.23201166 -144.47853827 -34.03583634 -117.80906483 -120.53357250 -59.44274480 -34.13339036 -117.83464550 -120.56591613 -59.45597951 -11.68403122 -161.35453032 -161.35506294 -144.57575037
-11.81256445 -151.58585096 -151.35704478 -135.13087469 -32.35909868 -112.48331985 -115.27804042 -57.26196399 -32.46804596 -112.51160848 -115.30943443 -57.27220369 -11.75153814 -151.82668579 -151.50380165 -135.23746026
-11.77976834 -140.04206852 -139.49040891 -124.01581177 -30.33190803 -106.12592607 -108.92897824 -54.63915001 -30.44807382 -106.15582969 -108.95328006 -54.63836521 -11.80241562 -140.35044865 -139.63739346 -124.09530552
-11.71735126 -127.56236852 -126.75808517 -112.18199935 -28.15232813 -99.24675770 -101.77707072 -51.81867724 -28.27062137 -99.27034775 -101.78731705 -51.81164361 -11.79414545 -127.86613826 -126.86486214 -112.20820367
-11.75703151 -122.15323451 -121.19964672 -107.03826096 -27.24446193 -96.16393914 -98.60609397 -50.58783339 -27.29747551 -96.18151526 -98.63377280 -50.59697306 -11.75124749 -122.40607511 -121.33314099 -107.13175140
-11.76467360 -122.15115702 -121.19627909 -107.02998116 -27.23986637 -96.15821113 -98.60071103 -50.59031323 -27.29228065 -96.17574321 -98.62832815 -50.59947085 -11.75916128 -122.40400882 -121.32959939 -107.12352599
-11.77190295 -122.11125694 -121.15195147 -106.98664691 -27.22941776 -96.13154980 -98.57394129 -50.58411779 -27.28130762 -96.14878013 -98.60155035 -50.59333937 -11.76676516 -122.36422333 -121.28519831 -107.08022092
-11.77850990 -122.02302788 -121.05679872 -106.89899782 -27.21101660 -96.07816742 -98.51905909 -50.56720270 -27.26251734 -96.09471271 -98.54670983 -50.57648168 -11.77376260 -122.27615759 -121.19002631 -106.99256451
-11.78492632 -121.90696222 -120.93344811 -106.78559804 -27.18785812 -96.00937187 -98.44786559 -50.54396505 -27.23923941 -96.02512326 -98.47564424 -50.55336542 -11.78050446 -122.16027084 -121.06679831 -106.87921464
-11.79090095 -121.75090742 -120.76446657 -106.63592730 -27.15844105 -95.91913991 -98.35350178 -50.51208910 -27.20977628 -95.93392303 -98.38136838 -50.52162330 -11.78689177 -122.00450709 -120.89785238 -106.72975691
-11.79652930 -121.57442754 -120.57316038 -106.46731186 -27.12547865 -95.81714230 -98.24688328 -50.47570947 -27.17691075 -95.83161482 -98.27493979 -50.48543343 -11.79285042 -121.82829610 -120.70681899 -106.56129562
-11.80167908 -121.37817633 -120.36179377 -106.27987048 -27.08901223 -95.70390283 -98.12918123 -50.43484401 -27.14044504 -95.71830743 -98.15742978 -50.44482169 -11.79819080 -121.63232608 -120.49571467 -106.37402658
-11.80641632 -121.16825085 -120.13667122 -106.07951487 -27.05016784 -95.58304252 -98.00393485 -50.39086049 -27.10153230 -95.59760638 -98.03236196 -50.40108970 -11.80312288 -121.42262913 -120.27084903 -106.17387227
-11.81103534 -120.95040371 -119.90362758 -105.87179790 -27.00984967 -95.45785621 -97.87443667 -50.34506026 -27.06115638 -95.47256953 -97.90304488 -50.35553651 -11.80797310 -121.20497647 -120.03804074 -105.96636418
-11.81530736 -120.71383713 -119.65402062 -105.64769990 -26.96680017 -95.32256787 -97.73588902 -50.29555384 -27.01805689 -95.33748213 -97.76469656 -50.30620935 -11.81257691 -120.96864798 -119.78869826 -105.74253168
-11.81937927 -120.46434163 -119.39220704 -105.41171023 -26.92168423 -95.18016596 -97.59060560 -50.24323872 -26.97280056 -95.19528833 -97.61962713 -50.25405891 -11.81667328 -120.71943472 -119.52720661 -105.50687618
-11.82266027 -120.19616529 -119.11181153 -105.15754607 -26.87323277 -95.02664563 -97.43463596 -50.18665575 -26.92412448 -95.04201583 -97.46388523 -50.19758152 -11.81987351 -120.45157179 -119.24717048 -105.25308912
-11.82555229 -119.91297991 -118.81804191 -104.89028848 -26.82231172 -94.86555987 -97.27059944 -50.12707811 -26.87305844 -94.88120511 -97.29997423 -50.13806670 -11.82297185 -120.16863124 -118.95377911 -104.98621314
-11.82819612 -119.61484014 -118.51223973 -104.61058297 -26.76937484 -94.69726084 -97.09978623 -50.06473903 -26.81994923 -94.71321574 -97.12941396 -50.07575074 -11.82581284 -119.87076410 -118.64837829 -104.70692974
-11.83027200 -119.30899250 -118.19876298 -104.32364006 -26.71488252 -94.52477117 -96.92444462 -50.00060386 -26.76537863 -94.54098814 -96.95433123 -50.01162396 -11.82827730 -119.56524171 -118.33530857 -104.42040289
-11.83194934 -119.00363891 -117.88589279 -104.03710387 -26.66031310 -94.35297628 -96.74894438 -49.93654454 -26.71074344 -94.36924539 -96.77900648 -49.94756798 -11.83036787 -119.26023164 -118.02286940 -104.13431306
-11.83282727 -118.67865325 -117.55251121 -103.73141262 -26.60211607 -94.16990714 -96.56113549 -49.86833080 -26.65247228 -94.18635971 -96.59136652 -49.87940933 -11.83151381 -118.93563421 -117.68996722 -103.82910269
-11.83334841 -118.34974601 -117.21493599 -103.42157290 -26.54307951 -93.98524525 -96.37005756 -49.79948287 -26.59335377 -94.00198935 -96.40053155 -49.81063197 -11.83232858 -118.60711261 -117.35288233 -103.51983214
-11.83334829 -118.00669657 -116.86336802 -103.09844217 -26.48140533 -93.79359464 -96.16929542 -49.72796115 -26.53161024 -93.81063561 -96.19993156 -49.73921080 -11.83254407 -118.26455981 -117.00184814 -103.19750825
-11.83229515 -117.62770486 -116.47456221 -102.74153587 -26.41333669 -93.58421790 -95.94131200 -49.65008301 -26.46355707 -93.60158776 -95.97216717 -49.66140572 -11.83181750 -117.88611906 -116.61359430 -102.84121814
-11.83034505 -117.22643114 -116.06260103 -102.36360654 -26.34142694 -93.36404640 -95.69626210 -49.56831997 -26.39160920 -93.38168531 -95.72727839 -49.57978078 -11.83040835 -117.48542548 -116.20220025 -102.46383520
-11.82845167 -116.82826986 -115.65304092 -101.98759828 -26.27063651 -93.14506259 -95.45125987 -49.48686408 -26.32080767 -93.16301170 -95.48250288 -49.49865476 -11.82899120 -117.08784282 -115.79326336 -102.08835052
-11.82632451 -116.43087616 -115.24419614 -101.61206055 -26.20008277 -92.92737126 -95.20479413 -49.40598888 -26.25044285 -92.94558833 -95.23620255 -49.41791453 -11.82744595 -116.69102746 -115.38502048 -101.71336137
-11.82302850 -115.98525238 -114.78512776 -101.18978650 -26.12176096 -92.68550386 -94.91997771 -49.31654355 -26.17261163 -92.70196278 -94.95138716 -49.32863141 -11.82469741 -116.24591807 -114.92670090 -101.29206036
-11.77987736 -113.85263657 -112.63067236 -99.20225329 -25.75907976 -91.50848974 -93.59109373 -48.85318956 -25.81168475 -91.52420390 -93.62397533 -48.86559539 -11.78468973 -114.11778101 -112.77580977 -99.30789313
-11.77283434 -112.55029146 -111.28699625 -97.97754588 -25.56937894 -90.90758875 -92.26089703 -48.64475245 -25.61525437 -90.82236077 -92.89487970 -48.60849739 -11.77564105 -112.80995827 -111.44058518 -98.07618817
-11.77240573 -112.18477611 -110.89987082 -97.62364071 -25.51294405 -90.66620310 -92.07342060 -48.56525354 -25.55982348 -90.58685169 -92.67974721 -48.53172856 -11.77510393 -112.44488816 -111.05343101 -97.72310756
-11.72183956 -109.02274366 -107.70100190 -94.66342184 -25.05671891 -88.77383792 -90.32052934 -47.88126141 -25.11208666 -88.79536012 -90.33541431 -47.89783393 -11.72990855 -109.29811098 -107.85633709 -94.77985874
-11.72424912 -108.89093398 -107.55059588 -94.52962468 -25.03228350 -88.68228826 -90.26606806 -47.85240351 -25.08758631 -88.70407791 -90.28139908 -47.86917262 -11.73246173 -109.16637714 -107.70605135 -94.64624238
-11.68095599 -107.24180816 -105.76820233 -92.89724174 -24.75428328 -87.68321288 -89.30112570 -47.47826310 -24.81086354 -87.70215134 -89.33355749 -47.49407659 -11.69101197 -107.52007387 -105.92826906 -93.01743494
-11.68434813 -107.06911664 -105.59422874 -92.72595011 -24.73076283 -87.55283369 -89.21429639 -47.44234356 -24.78774828 -87.57056466 -89.25269852 -47.45774591 -11.69437871 -107.34768683 -105.75526981 -92.84679946
-11.68078611 -104.91081071 -103.43165138 -90.71350342 -24.57159498 -85.65365056 -88.22832049 -46.99407337 -24.63554627 -85.67711511 -88.26732852 -47.00967722 -11.69075718 -105.19449558 -103.59898360 -90.84071279
-11.68009375 -104.81368678 -103.31234829 -90.61101209 -24.53762375 -85.65034507 -88.15242574 -46.97198730 -24.60165127 -85.67264652 -88.19166994 -46.98769630 -11.69010775 -105.09739493 -103.47983613 -90.73844966
-11.64768332 -103.22772229 -101.22837344 -89.05738379 -24.29061797 -84.78233726 -87.21209847 -46.62507861 -24.35935301 -84.80463966 -87.25198018 -46.64135867 -11.65959702 -103.51377227 -101.40002725 -89.18766094
-11.65186517 -103.14341325 -101.16621707 -88.97228616 -24.26798679 -84.75064835 -87.15994233 -46.60701596 -24.33628544 -84.77283629 -87.19994033 -46.62397382 -11.66429790 -103.42945668 -101.33542739 -89.10210122
-11.70584125 -101.40732934 -99.43417624 -87.43500556 -24.00131892 -83.80842840 -86.19159939 -46.22118808 -24.06498158 -83.83112859 -86.23182020 -46.23854345 -11.72580830 -101.70081145 -99.60656101 -87.56764796
-11.70814130 -101.29685980 -99.30120878 -87.31953574 -23.97348526 -83.75570009 -86.11459765 -46.19384533 -24.03652809 -83.77811195 -86.15496250 -46.21166408 -11.72871046 -101.59059345 -99.47212090 -87.45194209
-11.71288155 -101.04913909 -99.04683783 -87.09120850 -23.93225212 -83.61773763 -85.97592736 -46.14009151 -23.99492786 -83.64027410 -86.01640193 -46.15791463 -11.73403186 -101.34359391 -99.21827951 -87.22404019
-11.74368497 -99.60204812 -97.54989501 -85.72088416 -23.62196496 -82.77072195 -85.12788021 -45.79670869 -23.71237521 -82.79903150 -85.17094394 -45.81817637 -11.73396142 -99.87870525 -97.72560179 -85.86256624
-11.75742557 -99.48624748 -97.42439610 -85.61066367 -23.59748709 -82.70883382 -85.06245622 -45.77228029 -23.68959422 -82.73756666 -85.10572122 -45.79360351 -11.74522721 -99.76160737 -97.60157977 -85.75310853
-11.89026248 -97.40864814 -95.71955173 -84.03397528 -23.37155968 -81.75538177 -84.16139282 -45.39119455 -23.46480464 -81.78475595 -84.20546224 -45.41294087 -11.88224177 -97.68921543 -95.90021673 -84.17914041
-11.89531775 -97.29767902 -95.57186965 -83.91454502 -23.34361049 -81.68391212 -84.08276526 -45.36148386 -23.43749643 -81.71348979 -84.12691887 -45.38322957 -11.88665582 -97.57763405 -95.75298943 -84.06012390
-11.90228110 -97.09144319 -95.32844654 -83.71277982 -23.30232318 -81.56116137 -83.95274397 -45.31018087 -23.39675382 -81.59099053 -83.99706191 -45.33201999 -11.89315085 -97.37099142 -95.51021819 -83.85887077
-11.90539519 -96.73506282 -94.92263778 -83.37379466 -23.23778806 -81.35890106 -83.73033684 -45.22464297 -23.33278362 -81.38914445 -83.77479140 -45.24639177 -11.89595571 -97.01467689 -95.10519578 -83.52062925
-11.91335633 -96.48792562 -94.64761004 -83.14070508 -23.19231310 -81.21767040 -83.58303043 -45.16560426 -23.28794139 -81.24835987 -83.62767756 -45.18739235 -11.90361467 -96.76740832 -94.83058121 -83.28816222
-11.92018106 -96.06781300 -94.20437232 -82.75308684 -23.12214094 -80.98396874 -83.34285537 -45.06756516 -23.21846567 -81.01504270 -83.38750733 -45.08942532 -11.91010507 -96.34764215 -94.38821382 -82.90140943
-11.92536322 -95.69445663 -93.81527383 -82.40790484 -23.06246708 -80.76586866 -83.13194175 -44.98001034 -23.15982521 -80.79722791 -83.17686614 -45.00197369 -11.91459359 -95.97447234 -93.99998869 -82.55722633
-11.93054819 -95.34690172 -93.42660096 -82.08398969 -23.00500300 -80.57483180 -82.93471552 -44.89966604 -23.10329986 -80.60619381 -82.97988212 -44.92170718 -11.91890547 -95.62693305 -93.61211924 -82.23407619
-11.93440370 -94.97926838 -93.04487813 -81.74678215 -22.94372088 -80.38248232 -82.70141596 -44.81923411 -23.04318287 -80.41358928 -82.74680380 -44.84122894 -11.92194922 -95.25931782 -93.23135104 -81.89767622
-11.94831517 -94.60449906 -92.66938994 -81.41719540 -22.88527333 -80.18396136 -82.50111371 -44.73586109 -22.98569090 -80.21538934 -82.54673778 -44.75792490 -11.93503271 -94.88474124 -92.85701547 -81.56886040
-11.95325061 -94.17576120 -92.22198240 -81.02230738 -22.81280991 -79.94817767 -82.24849463 -44.63534602 -22.91428733 -79.97979191 -82.29437796 -44.65745574 -11.93921050 -94.45622486 -92.41048538 -81.17492424
-11.95565933 -93.73208295 -91.76120144 -80.61083855 -22.75185931 -79.68836737 -81.96940482 -44.53726606 -22.85254189 -79.72027056 -82.01551495 -44.55945967 -11.94132116 -94.01321212 -91.95082465 -80.76464281
-11.96350155 -93.26389190 -91.29899349 -80.20026833 -22.68589034 -79.43147751 -81.72250418 -44.43263689 -22.78621597 -79.46350395 -81.76965679 -44.45491859 -11.94913879 -93.54601276 -91.48975759 -80.35508462
-11.96513916 -92.88926178 -90.90880519 -79.85362754 -22.63507570 -79.18453608 -81.52237397 -44.34612761 -22.73493248 -79.21682022 -81.57005081 -44.36845200 -11.95072557 -93.17195415 -91.10048195 -80.00931449
-11.96616564 -92.59411523 -90.59735629 -79.57954502 -22.58597140 -79.01925499 -81.35282136 -44.27673027 -22.68554511 -79.05161904 -81.40057478 -44.29904271 -11.95185365 -92.87712495 -90.78956837 -79.73573113
-11.96722035 -92.29890173 -90.28503303 -79.30542687 -22.53694310 -78.85391807 -81.18302312 -44.20735512 -22.63592876 -78.88680130 -81.23082562 -44.22964289 -11.95305847 -92.58206281 -90.47844107 -79.46203453
-11.96835984 -91.98241106 -89.95033787 -79.01104097 -22.49457038 -78.67780895 -81.00069226 -44.13260774 -22.56652470 -78.71044241 -81.04869339 -44.15517986 -11.95817830 -92.26838460 -90.14537142 -79.16872585
-11.97376407 -91.67314376 -89.62181841 -78.72062339 -22.42657138 -78.50371003 -80.82068129 -44.05879115 -22.52199904 -78.53700059 -80.86888546 -44.08127559 -11.96046998 -91.95657656 -89.81546437 -78.87870334
-11.97970255 -90.63875373 -88.55043557 -77.73353219 -21.88921318 -78.08486062 -80.27238735 -43.82500310 -21.99079028 -78.12361097 -80.32218167 -43.84917996 -11.95614015 -90.91173831 -88.73924768 -77.89756743
-11.97858676 -90.43286318 -88.33337056 -77.53694831 -21.89810930 -77.94847503 -80.14517130 -43.77273911 -21.97797687 -77.99314695 -80.19485124 -43.79723533 -11.95312595 -90.70441215 -88.52197469 -77.70255391
-11.91849039 -88.71811524 -86.61181777 -75.99587651 -21.58753282 -76.99777769 -79.24894299 -43.26556248 -21.66547742 -77.04701365 -79.30184346 -43.28840691 -11.88684270 -88.98677217 -86.80259818 -76.16623170
-11.91662557 -88.39225474 -86.27223478 -75.69754838 -21.52779134 -76.80709209 -79.06408319 -43.16782185 -21.63375508 -76.85418029 -79.11734266 -43.19150148 -11.87819165 -88.65519847 -86.46205721 -75.86914078
-11.91534692 -88.13849215 -86.00628062 -75.46531845 -21.50364629 -76.65108702 -78.91688491 -43.09122352 -21.61201594 -76.69992571 -78.97031357 -43.11556963 -11.87253082 -88.39791883 -86.19530140 -75.63793910
-11.91494312 -87.89578318 -85.75107122 -75.24185184 -21.47617815 -76.50391769 -78.77370332 -43.01908765 -21.58548979 -76.55482594 -78.82867055 -43.04416609 -11.86801771 -88.15175591 -85.93925777 -75.41558145
-11.91610141 -87.66765657 -85.51009350 -75.03099527 -21.44343687 -76.36908079 -78.63825410 -42.95334808 -21.55106127 -76.42265341 -78.69335344 -42.97889933 -11.86511609 -87.92068940 -85.69811220 -75.20622359
-11.82450573 -85.07808353 -82.96719352 -72.68168111 -21.06611570 -74.99663100 -77.37883265 -41.98470794 -21.14730117 -75.05526736 -77.43643003 -42.00818552 -11.77579877 -85.33533624 -83.15962803 -72.86207264
-11.82037516 -84.78556528 -82.66490154 -72.42653501 -21.00010539 -74.83367222 -77.21739263 -41.88214283 -21.13034701 -74.88534416 -77.27571360 -41.90418841 -11.76638636 -85.03775705 -82.85706748 -72.60725930
-11.81545322 -84.44655807 -82.31768295 -72.12698717 -20.92940230 -74.65349887 -77.04519386 -41.74812468 -21.08401219 -74.70626611 -77.10354014 -41.77223453 -11.75419854 -84.69530440 -82.51093894 -72.30811824
-11.81634905 -84.38219054 -82.24641454 -72.07535578 -20.91214718 -74.61999786 -77.00511783 -41.73125533 -21.07092850 -74.67282955 -77.06286195 -41.75701305 -11.75281905 -84.62923037 -82.43891662 -72.25670488
-11.81904671 -84.39493667 -82.24784080 -72.08710159 -20.90642953 -74.62559010 -76.99935510 -41.75004751 -21.06722623 -74.67834006 -77.05723316 -41.77549873 -11.75387807 -84.64048940 -82.43953104 -72.26852545
-11.77204696 -82.94300118 -80.90018200 -70.49984935 -20.70863868 -73.91640154 -76.23599349 -41.40591263 -20.87256529 -73.96940076 -76.29128306 -41.42590701 -11.70772335 -83.18906253 -81.09482653 -70.67833511
-11.77147048 -82.72092631 -80.66361609 -70.32323411 -20.67149324 -73.79910146 -76.11492039 -41.32769879 -20.83126394 -73.84996342 -76.16970507 -41.34586033 -11.69830283 -82.96527569 -80.86357591 -70.50003898
-11.77227724 -82.60192812 -80.52892954 -70.23598899 -20.64151166 -73.72687554 -76.02136229 -41.31956791 -20.80499107 -73.78367530 -76.07265725 -41.35221435 -11.69289805 -82.84338549 -80.72937789 -70.40858505
-11.77912371 -82.67525487 -80.58311712 -70.31295061 -20.63915655 -73.75613381 -76.00969210 -41.41388205 -20.80317359 -73.81366828 -76.06314634 -41.44445022 -11.69311924 -82.91214827 -80.78930759 -70.48862317
-11.78624914 -82.72840008 -80.61778990 -70.37688455 -20.63292555 -73.77352922 -75.97882454 -41.50807955 -20.79610016 -73.83151247 -76.03113918 -41.53881232 -11.69133528 -82.96053666 -80.82522525 -70.55752806
-11.79025743 -82.40629309 -80.28368653 -70.11609521 -20.57941526 -73.60249247 -75.77466787 -41.45231469 -20.74070819 -73.66229323 -75.82939350 -41.46666303 -11.69194245 -82.64071447 -80.47536499 -70.30863271
-11.79667455 -82.10681726 -79.93139386 -69.86956647 -20.52926443 -73.43642284 -75.57945014 -41.36978175 -20.66482264 -73.49970194 -75.62792130 -41.40027749 -11.68564672 -82.33162242 -80.14488946 -70.05355950
-11.79769056 -81.88364833 -79.68224146 -69.69173339 -20.46412308 -73.31421670 -75.42293031 -41.32125873 -20.60844446 -73.38153174 -75.47524399 -41.35326230 -11.68737376 -82.10927220 -79.89689599 -69.88208041
-11.79928541 -81.56959277 -79.34951832 -69.40771332 -20.39113193 -73.14743252 -75.22012677 -41.24894472 -20.55427766 -73.21011990 -75.27062460 -41.28029088 -11.68534635 -81.79242674 -79.56396601 -69.59438472
-11.80166540 -81.11807878 -78.90363818 -69.01790192 -20.32150807 -72.91355287 -74.95693178 -41.12305588 -20.48671127 -72.97516003 -74.99981737 -41.18557924 -11.69143342 -81.34352208 -79.11775927 -69.20635380
-11.79836644 -80.72488810 -78.49323178 -68.65994298 -20.25805373 -72.69880623 -74.69949824 -41.03726381 -20.42013734 -72.75987326 -74.74753715 -41.06907849 -11.68534937 -80.94871221 -78.70958134 -68.84810693
-11.79016203 -80.26194240 -78.01504113 -68.23948677 -20.18234796 -72.44515425 -74.38928109 -40.93370402 -20.34195704 -72.50811601 -74.42401261 -40.96360714 -11.67810852 -80.48394550 -78.23073977 -68.42894754
-11.78456385 -79.82743573 -77.56615149 -67.84650955 -20.11044492 -72.21073815 -74.08062972 -40.83719273 -20.27187959 -72.26875404 -74.12462823 -40.86821361 -11.67206956 -80.05151931 -77.78405162 -68.03673665
-11.71234548 -79.23197919 -76.98474764 -67.32872625 -20.06236527 -71.90152851 -73.68392817 -40.71002142 -20.16482362 -71.95049989 -73.73670943 -40.74153320 -11.66211202 -79.48467867 -77.20193613 -67.51895138
-11.65517490 -78.51661679 -76.27849721 -66.69567758 -19.95653384 -71.50552599 -73.22095102 -40.55059563 -20.05818965 -71.55027592 -73.26993221 -40.58244782 -11.64905944 -78.79002466 -76.48902392 -66.88581103
-11.63530082 -77.84319389 -75.59974885 -66.08641995 -19.84417748 -71.11656337 -72.78630219 -40.39806563 -19.97950942 -71.15706588 -72.83318898 -40.42606389 -11.56624529 -78.10065236 -75.81165041 -66.27524947
-11.62932585 -77.52135624 -75.27083062 -65.79669196 -19.79812153 -70.92633658 -72.57503202 -40.32712127 -19.93139750 -70.96540784 -72.62085716 -40.35518263 -11.55998587 -77.77839930 -75.48611526 -65.98648287
-11.14821351 -76.26914024 -73.95921562 -64.61146797 -19.64129300 -70.27711535 -71.77340942 -40.05520012 -19.75533847 -70.31153523 -71.81869691 -40.08247040 -11.10259427 -76.53835564 -74.18320550 -64.80231122
-11.21565536 -75.67894963 -73.38310149 -64.09726482 -19.56841382 -69.93871563 -71.31103825 -39.93448449 -19.68163392 -69.97211324 -71.35481385 -39.96173833 -11.17068744 -75.94487116 -73.61197291 -64.29026247
-11.27577069 -75.19228274 -72.91169350 -63.67660649 -19.50695316 -69.62305262 -70.99157176 -39.82612410 -19.61582942 -69.65573050 -71.03583881 -39.85303873 -11.22941918 -75.46117514 -73.14116960 -63.87029024
-11.26306957 -74.31501514 -72.02623859 -62.88258288 -19.39084943 -69.05697634 -70.43270041 -39.62479900 -19.49548336 -69.08631132 -70.47657605 -39.65159553 -11.21107027 -74.58729884 -72.25745153 -63.07886511
-11.14804665 -71.49273182 -69.20490932 -60.34170363 -18.97001875 -67.35350018 -68.62995581 -38.96065624 -19.06758118 -67.39186096 -68.68140688 -38.98874964 -11.09998827 -71.77079802 -69.44216409 -60.54306829
-11.14999998 -71.09637655 -68.79638148 -59.97816203 -18.93254464 -67.09493288 -68.37632337 -38.87844796 -19.03223600 -67.04711351 -68.42765526 -38.90518866 -11.10258325 -71.37434844 -69.03587979 -60.17979231
-11.14697963 -70.45602741 -68.14792786 -59.39465871 -18.87748553 -66.53891312 -67.98743171 -38.74412010 -18.97115996 -66.60524820 -68.02275580 -38.77277824 -11.09867541 -70.73614033 -68.38744171 -59.59906163
-11.14167957 -69.99590704 -67.67185533 -58.97351636 -18.80634829 -66.30102893 -67.63036503 -38.64775704 -18.90731626 -66.34169192 -67.66680894 -38.67608945 -11.09343426 -70.27492830 -67.91148862 -59.17875802
-11.13366427 -69.46424792 -67.12536774 -58.48703872 -18.73012803 -65.99504008 -67.23029022 -38.53653840 -18.83722062 -66.03430662 -67.26605996 -38.56479511 -11.08487026 -69.74276451 -67.36527426 -58.69393226
-11.02714362 -66.21988155 -63.82695879 -55.54132059 -18.33572212 -64.53210464 -64.13089296 -37.96563404 -18.44910336 -64.55841919 -64.23021347 -37.98823650 -10.98406711 -66.50188076 -64.07261172 -55.75204206
-11.03151936 -66.10769467 -63.70500819 -55.43505730 -18.31290898 -64.37009484 -64.18747113 -37.91917999 -18.43300284 -64.39418387 -64.28762402 -37.94180346 -10.98671132 -66.38827223 -63.95058648 -55.64631557
-11.03069943 -65.93610465 -63.52668388 -55.27725525 -18.28754268 -64.16553941 -64.21214070 -37.86118924 -18.40932725 -64.18811482 -64.31182147 -37.88418882 -10.98591673 -66.21617952 -63.77242357 -55.48915183
