0.00000000
115.43483524
201.42190449
283.42745039
362.84301510
439.32672012
512.87050201
583.27076144
650.11687108
713.33648693
773.30168673
829.95959437
883.35948602
933.60471681
980.63189105
1024.42102248
1065.17570345
1102.89030063
1137.53550032
1167.96274626
1194.11389884
1214.27410732
1229.07229059
1242.89225918
1255.84921427
1267.71863987
1277.10020083
1284.79803017
1291.74724036
1298.21559345
1304.15828250
1308.95361811
1312.23491730
1311.29334237
1308.53751539
1301.07805419
1291.85090032
1280.36891666
1265.11488177
1247.85672825
1231.72481001
1212.55433888
1188.74324377
1168.31160224
1147.30597810
1128.20973978
1119.75528825
1110.81348370
1107.21145992
1103.38250372
1099.14166942
1094.11141719
1088.51984619
1082.85756018
1076.56618695
1070.34289209
1063.97831988
1057.15491758
1050.03541490
1042.77343557
1035.74181846
1028.49155892
1019.77594101
1011.98151916
1004.96605864
998.19621307
991.32609888
869.52244357
862.99756023
856.51373676
847.01876143
836.59874719
829.42556939
824.67437778
819.42085515
811.63039534
802.91037051
794.29597968
785.42220385
777.33706548
770.32050035
763.21640872
755.48201239
747.30984796
738.89691960
730.02344412
721.54098210
713.87408456
707.46350109
700.88504328
694.35700247
687.21315523
680.80650798
674.79914678
669.16584514
663.21206908
657.22613480
651.45946610
646.03885050
641.13116901
636.30165051
631.52138163
626.50310365
621.41893912
616.07184586
611.00274057
606.09994015
601.16548470
596.52341998
591.96709117
587.43457546
582.95311467
578.74075876
574.73275467
526.76494642
