0.00000000 0.00000000 0.00000000
0.00036205 0.00074325 0.00102611
0.00074005 0.00150188 0.00202611
0.00112697 0.00226605 0.00302611
0.00151332 0.00303221 0.00402611
0.00190003 0.00380096 0.00502611
0.00228834 0.00457316 0.00602611
0.00267987 0.00534966 0.00702611
0.00307722 0.00613112 0.00802611
0.00348204 0.00691840 0.00902611
0.00389349 0.00771144 0.01002611
0.00431251 0.00851094 0.01102611
0.00473887 0.00931725 0.01202611
0.00517357 0.01013077 0.01302611
0.00561658 0.01095148 0.01402611
0.00606894 0.01178051 0.01502611
0.00652972 0.01261764 0.01602611
0.00700135 0.01346369 0.01702611
0.00748356 0.01431904 0.01802611
0.00799234 0.01518882 0.01902611
0.00853663 0.01607433 0.02002611
0.00914890 0.01698425 0.02102611
0.00982344 0.01791681 0.02202611
0.01048602 0.01885186 0.02302611
0.01114788 0.01978972 0.02402611
0.01180779 0.02073096 0.02502611
0.01242269 0.02167882 0.02602611
0.01298541 0.02263049 0.02702611
0.01353814 0.02358446 0.02802611
0.01408449 0.02454001 0.02902611
0.01464375 0.02549848 0.03002611
0.01524438 0.02646308 0.03102611
0.01589494 0.02743570 0.03202611
0.01670101 0.02843217 0.03302611
0.01759467 0.02943763 0.03402611
0.01863324 0.03046136 0.03502611
0.01969529 0.03149141 0.03602611
0.02078430 0.03252929 0.03702611
0.02191660 0.03357876 0.03802611
0.02307485 0.03463472 0.03902611
0.02421654 0.03568383 0.04002611
0.02538936 0.03674116 0.04102611
0.02661829 0.03781151 0.04202611
0.02780997 0.03886983 0.04302611
0.02901266 0.03993188 0.04402611
0.03020481 0.04099147 0.04502611
0.03128284 0.04201575 0.04602611
0.03236810 0.04304139 0.04702611
0.03339518 0.04404879 0.04802611
0.03442434 0.04505647 0.04902611
0.03545871 0.04606524 0.05002611
0.03650175 0.04707631 0.05102611
0.03755335 0.04808977 0.05202611
0.03860657 0.04910373 0.05302611
0.03966741 0.05011968 0.05402611
0.04072883 0.05113574 0.05502611
0.04179098 0.05215191 0.05602611
0.04285809 0.05316920 0.05702611
0.04392859 0.05418705 0.05802611
0.04500053 0.05520450 0.05902611
0.04606988 0.05622138 0.06002611
0.04714127 0.05723878 0.06102611
0.04823067 0.05826119 0.06202611
0.04930648 0.05927920 0.06302611
0.05037017 0.06029409 0.06402611
0.05142924 0.06130793 0.06502611
0.05248644 0.06232086 0.06602611
0.05475091 0.06368708 0.06702611
0.05578000 0.06468651 0.06802611
0.05681027 0.06568607 0.06902611
0.05786029 0.06668800 0.07002611
0.05891731 0.06769112 0.07102611
0.05995493 0.06869234 0.07202611
0.06097722 0.06969170 0.07302611
0.06200371 0.07069277 0.07402611
0.06305896 0.07170311 0.07502611
0.06411854 0.07271327 0.07602611
0.06517598 0.07372153 0.07702611
0.06623621 0.07472967 0.07802611
0.06729482 0.07573828 0.07902611
0.06834191 0.07674571 0.08002611
0.06939712 0.07775581 0.08102611
0.07046312 0.07876970 0.08202611
0.07153357 0.07978449 0.08302611
0.07260524 0.08079890 0.08402611
0.07368530 0.08181704 0.08502611
0.07476749 0.08283724 0.08602611
0.07583833 0.08385395 0.08702611
0.07689309 0.08486626 0.08802611
0.07794924 0.08587889 0.08902611
0.07900889 0.08689280 0.09002611
0.08007915 0.08790987 0.09102611
0.08114095 0.08892451 0.09202611
0.08219889 0.08993807 0.09302611
0.08324899 0.09094916 0.09402611
0.08429748 0.09195916 0.09502611
0.08534643 0.09296944 0.09602611
0.08638978 0.09397772 0.09702611
0.08743009 0.09498520 0.09802611
0.08846646 0.09599220 0.09902611
0.08950387 0.09699999 0.10002611
0.09054077 0.09800778 0.10102611
0.09159027 0.09902138 0.10202611
0.09263546 0.10003261 0.10302611
0.09368843 0.10104711 0.10402611
0.09473550 0.10205952 0.10502611
0.09577771 0.10306989 0.10602611
0.09682402 0.10408191 0.10702611
0.09786190 0.10509068 0.10802611
0.09889650 0.10609809 0.10902611
0.09993070 0.10710538 0.11002611
0.10096426 0.10811252 0.11102611
0.10199477 0.10911875 0.11202611
0.10302139 0.11012361 0.11302611
0.10425701 0.11115486 0.11402611
