0.00000000 0.00000000 0.00000000 0.00000000 0.00000000 0.00000000 0.00000000 0.00000000 0.00000000 0.00000000 0.00000000 0.00000000 0.00000000 0.00000000 0.00000000 0.00000000
5.26422220 -16.41082961 -22.10650107 -26.74148304 2.08809291 -1.82927574 -2.99377681 -6.29164964 2.26615892 -1.76294438 -3.24115331 -7.32632440 5.09211168 -17.38639001 -23.82962667 -28.31852778
2.19551985 -30.13910028 -34.63218538 -38.77239578 0.31897028 -5.61992096 -8.26179596 -7.84189847 0.67842202 -5.29163033 -8.38449117 -9.11346661 2.10110021 -30.72153607 -36.23360586 -40.46813571
0.73868351 -41.88866470 -46.42533694 -50.12239581 -1.42780101 -9.36807189 -13.47703947 -9.36697687 -0.88589436 -8.77938653 -13.47172502 -10.84211683 0.68141646 -42.31444879 -47.88110258 -51.90626559
-0.72439576 -53.19013571 -57.73440442 -60.95820272 -3.11840276 -13.10597917 -18.68256141 -10.86094585 -2.39463135 -12.25729103 -18.54515395 -12.50796067 -0.73950506 -53.45641071 -59.04466805 -62.81200805
-2.17602953 -64.04873440 -68.56402992 -71.26057273 -4.81264686 -16.84809133 -23.88192813 -12.30031707 -3.90756217 -15.73973971 -23.60976379 -14.02136576 -2.14205818 -64.16085640 -69.73259655 -73.17715536
-3.37990789 -74.45587117 -78.94536044 -81.05447449 -6.49291779 -20.61219042 -29.04271823 -13.60418746 -5.42851990 -19.24250219 -28.66258049 -15.41264788 -3.29443976 -74.42809841 -79.96831348 -82.99709827
-4.34782190 -84.39522077 -88.86302247 -90.35851742 -8.14328008 -24.37432028 -33.95163770 -14.80289425 -6.97289057 -22.79342541 -33.47723961 -16.70228626 -4.20564674 -84.25749092 -89.74554625 -92.32064086
-5.11735475 -93.82713166 -98.26243631 -99.19173378 -9.71591283 -27.90557727 -38.58855562 -15.94119371 -8.51822725 -26.21851165 -38.05821693 -17.93276930 -4.92241292 -93.60981563 -99.01156133 -101.16114229
-5.76574635 -102.69301890 -107.06200047 -107.54349832 -11.17292218 -31.24096053 -43.04496941 -17.01569747 -10.02176761 -29.51236864 -42.45721587 -19.08790897 -5.52562759 -102.43307887 -107.69314367 -109.51591393
-6.34332809 -111.02231781 -115.28307000 -115.40628943 -12.52866536 -34.30652591 -47.20225701 -18.05775309 -11.43782041 -32.52202615 -46.57639876 -20.21131764 -6.06334989 -110.73472364 -115.79386106 -117.35900889
-6.86935982 -118.75512407 -122.84711601 -122.71128202 -13.78184700 -37.17616183 -51.26228441 -19.04127058 -12.75694916 -35.42315663 -50.58330599 -21.30282292 -6.55929518 -118.44105932 -123.23844325 -124.66011638
-7.35263284 -125.87638074 -129.74077719 -129.43334868 -14.94195515 -39.94050635 -55.15442226 -20.01008341 -13.99089411 -38.13400081 -54.48094197 -22.34725225 -7.00420819 -125.58095627 -130.05898241 -131.39891582
-7.81673542 -132.39567361 -135.97695841 -135.55822914 -16.04490517 -42.58841052 -58.89153469 -20.94856452 -15.15121174 -40.81572603 -58.18694018 -23.35423086 -7.43447941 -132.11546724 -136.22005881 -137.51695038
-8.28960658 -138.30612157 -141.53653668 -141.03506520 -17.10584244 -45.11287827 -62.62393878 -21.86428780 -16.25233759 -43.36171080 -61.88439287 -24.36115603 -7.86860854 -138.02520533 -141.68382986 -142.99302651
-8.79288555 -143.57352734 -146.39886888 -145.83847479 -18.13766565 -47.62175618 -66.37263706 -22.74719836 -17.31818246 -45.83259667 -65.59981047 -25.36726636 -8.33416274 -143.28936618 -146.44072411 -147.79704288
-9.34334012 -148.18338731 -150.53164849 -149.94002075 -19.16687045 -50.10230519 -70.09076939 -23.63479964 -18.36191648 -48.31002505 -69.32494678 -26.37714017 -8.84754827 -147.87709722 -150.44825250 -151.87768338
-9.95289683 -152.11208892 -153.90255587 -153.29604822 -20.20452377 -52.54962613 -73.81364089 -24.53069395 -19.40199742 -50.79455105 -73.03026410 -27.37515001 -9.42199976 -151.76437315 -153.66638951 -155.16615455
-10.64454418 -155.30451149 -156.47007615 -155.80339713 -21.27893153 -54.84968072 -77.53360545 -25.45722149 -20.46606847 -53.20617238 -76.67963562 -28.37403425 -10.07920269 -154.89262556 -156.04966749 -157.56971654
-11.45224742 -157.67404892 -158.11918738 -157.37696512 -22.41113010 -57.23853757 -81.22081127 -26.41998798 -21.59595273 -55.59623012 -80.33161405 -29.37157766 -10.85786422 -157.19735866 -157.11790422 -158.76072920
-12.76557631 -157.23285334 -155.04573093 -154.12147273 -23.99614857 -60.47992296 -86.39459491 -27.63705547 -23.16743894 -58.83552465 -85.46182364 -30.69894231 -12.13905003 -156.32315950 -153.76286778 -155.31470450
-14.29221494 -153.60815213 -151.40632354 -150.24387331 -25.71528703 -63.93997566 -92.00519449 -28.90485276 -24.84525445 -62.28359981 -91.00787604 -32.12253024 -13.60873828 -152.71603715 -150.08294481 -151.54844816
-15.82974619 -149.90248187 -147.68277209 -146.28791617 -27.42856089 -67.35650396 -97.55257546 -30.14825013 -26.49995212 -65.67185140 -96.49123133 -33.53322104 -15.09050554 -149.03788392 -146.32260927 -147.71438622
-17.38280601 -146.04412113 -143.79755131 -142.25574089 -29.13819081 -70.73078155 -103.07444244 -31.37794977 -28.13015295 -69.03304864 -101.94384189 -34.93280511 -16.58887885 -145.23196075 -142.42797274 -143.80089327
-18.94773534 -142.10402492 -139.82926056 -138.15502544 -30.83404850 -74.04432928 -108.55171542 -32.59189033 -29.74713456 -72.36261457 -107.36312553 -36.31555098 -18.09841403 -141.33466411 -138.43295855 -139.81625016
-20.52057846 -138.10170350 -135.80056211 -133.98906476 -32.51631718 -77.31026675 -113.98353824 -33.78581650 -31.36035726 -75.64671271 -112.72933674 -37.66606636 -19.61509598 -137.36714199 -134.37221636 -135.76014590
-22.09732694 -134.04686279 -131.71978998 -129.77091798 -34.18616656 -80.52681177 -119.38307514 -34.95655090 -32.97266666 -78.87306825 -118.05165843 -38.98608722 -21.14232497 -133.32202909 -130.24224279 -131.62816736
-23.68005337 -129.93297701 -127.58105731 -125.49270442 -35.84689110 -83.68291482 -124.74362099 -36.10266700 -34.58181912 -82.03924596 -123.33791703 -40.28474392 -22.67925082 -129.19941817 -126.04416557 -127.43359838
-25.25005192 -125.73291249 -123.35641784 -121.12534900 -37.51536233 -86.79874389 -130.03921242 -37.22692197 -36.19156783 -85.12917646 -128.45073421 -41.57020857 -24.23076990 -124.99186270 -121.76335830 -123.16270404
-26.31027772 -121.11590489 -118.71453653 -116.31278563 -38.57517311 -90.05685939 -133.59991086 -38.39755102 -38.01776084 -88.27887690 -131.66936682 -42.92346834 -25.52201810 -120.36832835 -117.06091795 -118.47479877
-27.20520037 -116.29800547 -113.86804470 -111.28385511 -39.30905628 -91.74303106 -136.63162547 -39.54765361 -39.57939889 -90.44313854 -134.64979905 -44.28771581 -26.40712053 -115.53843428 -112.12971031 -113.56442183
-28.11166632 -111.35728804 -108.90060153 -106.13576260 -40.10066169 -93.21215568 -139.67120507 -40.53511702 -40.40418582 -91.90213244 -137.62603982 -45.63144356 -27.29953214 -110.59263347 -107.08200177 -108.55114984
-29.01249364 -106.35202685 -103.86935773 -100.92886778 -40.87159759 -94.52603337 -142.68195324 -41.44725128 -41.17886244 -93.27819468 -140.56006668 -46.90564276 -28.18827267 -105.54886087 -101.94374312 -103.46604939
-29.93987276 -101.01691058 -98.58073468 -95.48621907 -41.64393899 -94.94936725 -145.63032259 -42.36732529 -41.78094519 -94.02550739 -143.30990269 -47.51964589 -29.10920319 -100.19238981 -96.60974805 -98.15672267
-30.96046877 -94.78215174 -92.47146197 -89.60227892 -42.12073353 -95.05872565 -147.37522841 -43.31790119 -41.94120290 -94.23957008 -144.71164682 -47.59653151 -30.13220974 -93.87678201 -90.43714922 -91.75415718
-31.88644172 -87.96732944 -85.86579363 -82.86059282 -42.26621907 -95.14131044 -148.36351062 -43.72327994 -41.95393192 -94.44151902 -145.65820129 -47.51704062 -31.11637771 -87.04808381 -83.60133470 -84.94348070
-32.67772585 -80.89797489 -78.86841040 -75.84817482 -42.37250787 -95.19924737 -149.35102770 -43.64353200 -41.95602655 -94.61833185 -146.60136229 -47.41333852 -32.01154875 -79.93038515 -76.49312554 -77.87123114
-33.24421360 -73.44063017 -71.58885257 -68.48077651 -42.43034938 -95.23175251 -150.32438074 -43.48141483 -41.94810789 -94.77220127 -147.31119119 -47.28512248 -32.63692967 -72.57533655 -69.14175432 -70.35968975
-33.82194209 -65.77568055 -63.92134733 -60.75662494 -42.39170158 -95.24182695 -151.03588059 -43.30104530 -41.94518287 -94.84241848 -147.69763157 -47.12478116 -33.21855832 -64.83376209 -61.33937886 -62.46006037
-34.39566147 -57.94663278 -56.07992263 -52.77778268 -42.30483776 -95.23506406 -151.45228186 -43.10913098 -41.92695867 -94.62598344 -148.03097820 -46.93578414 -33.78979839 -57.05334630 -53.45349609 -54.46176040
-34.92614944 -50.00127447 -48.92655894 -45.41475555 -42.22638897 -95.17605111 -151.79359282 -42.91680293 -41.84111122 -94.33849366 -148.28968388 -46.74372496 -34.28943421 -49.74659816 -47.61919806 -48.27054989
-35.07679733 -47.42063358 -48.69896904 -45.27849382 -42.11134787 -94.94563674 -151.99504470 -42.78255656 -41.74705166 -93.99399090 -148.38852539 -46.60691788 -34.42401640 -47.57685878 -47.41434440 -48.12489643
-35.13379686 -47.20352396 -48.47410442 -45.15060142 -41.98684720 -94.59353346 -152.14231647 -42.64530048 -41.64244668 -93.53390074 -148.27664715 -46.47068405 -34.47262811 -47.40737606 -47.21152391 -47.98976109
-35.18896762 -46.98036221 -48.24477410 -45.01587264 -41.86195449 -94.20607545 -152.08470803 -42.49556365 -41.54098089 -92.93151669 -148.07948315 -46.32858606 -34.52167479 -47.23366931 -47.00292514 -47.84651587
-35.24271515 -46.74758353 -48.01016754 -44.87425753 -41.73871237 -93.69732012 -151.93484282 -42.34022915 -41.43924236 -92.12327846 -147.68988550 -46.18016371 -34.56994947 -47.05871404 -46.78760813 -47.69566326
-35.29324631 -46.50497637 -47.77220595 -44.72749375 -41.61399054 -93.06647624 -151.59615252 -42.18173136 -41.33469027 -91.26840622 -147.17993973 -46.02659187 -34.61513528 -46.88011079 -46.56621356 -47.53599780
-35.34306839 -46.25907598 -47.52913948 -44.56963325 -41.49045701 -92.16787346 -151.05092393 -42.01715795 -41.23033666 -90.34573938 -146.40439066 -45.86303101 -34.65911709 -46.69865484 -46.33790359 -47.36941296
-35.39153369 -46.00983305 -47.28156598 -44.40062166 -41.36969801 -91.13241949 -150.30754015 -41.84545377 -41.12536830 -89.34100080 -145.56410680 -45.68545473 -34.70101978 -46.51441108 -46.10280267 -47.19611026
-35.43525009 -45.75573878 -47.02623923 -44.22177657 -41.24931830 -90.02457568 -149.50361657 -41.67022742 -41.02143591 -88.19399108 -144.63066295 -45.50303172 -34.73845465 -46.32638208 -45.86273827 -47.01965644
-35.46805162 -45.49819366 -46.76519431 -44.04039223 -41.13246007 -88.78544617 -148.62441229 -41.45095331 -40.91645444 -86.91820527 -143.64286018 -45.31766617 -34.76793771 -46.13542331 -45.61889455 -46.83927705
-35.48659995 -45.23708227 -46.49883338 -43.85737226 -41.01885525 -87.43474014 -147.64241355 -41.18514257 -40.80849475 -85.72711645 -142.57465149 -45.13407118 -34.78638135 -45.94278618 -45.37312181 -46.65610085
-35.49658220 -44.97413244 -46.22784909 -43.67251301 -40.90764925 -85.93731687 -146.59066404 -40.89149162 -40.69702856 -84.85322275 -141.75998567 -44.94980005 -34.79158585 -45.72157212 -45.12708427 -46.47282060
-35.50009387 -44.71105237 -45.95813466 -43.48795307 -40.79037617 -84.91966537 -145.77976777 -40.57352328 -40.58898017 -83.94154526 -141.00096333 -44.76411265 -34.79115588 -45.45857036 -44.87744094 -46.28745695
-35.50005819 -44.44687723 -45.68692966 -43.30114221 -40.66981957 -83.93456606 -145.02556684 -40.22795528 -40.48395442 -82.94891220 -140.10773041 -44.57891991 -34.78982963 -45.15151694 -44.62619281 -46.10003398
-35.49787273 -44.17917118 -45.41242773 -43.11037052 -40.55011844 -82.84985943 -144.14800314 -39.87101068 -40.37686804 -82.05815763 -139.15468353 -44.39189652 -34.78709721 -44.82236718 -44.37094569 -45.91073091
-35.49017332 -43.90961779 -45.13567197 -42.91925662 -40.42990429 -81.76767490 -143.22967471 -39.49886595 -40.26378434 -81.49661141 -138.13051152 -44.15210630 -34.77866023 -44.48646947 -44.11530990 -45.72790679
-35.47602412 -43.64005442 -44.86199693 -42.73390252 -40.29801089 -81.22957890 -142.25753440 -39.09022125 -40.15395716 -80.90959517 -137.03492652 -43.85460465 -34.76505446 -44.12127754 -43.85578944 -45.55013604
-35.45659310 -43.36869347 -44.58654112 -42.54941673 -40.16341871 -80.82880181 -141.21533217 -38.66082436 -40.04404639 -80.29533539 -136.12045905 -43.50522592 -34.74745518 -43.72790919 -43.59561430 -45.37716621
-35.43160286 -43.09908212 -44.31136873 -42.36868404 -40.02771819 -80.40155915 -140.29873948 -38.21565498 -39.93629375 -79.63998379 -135.55166094 -43.09959451 -34.72354470 -43.32232088 -43.33223675 -45.20933695
-35.40167993 -42.83048088 -44.03538287 -42.16610232 -39.89047937 -79.87474721 -139.68850421 -37.75639385 -39.83187518 -78.95979890 -134.95288416 -42.62481776 -34.69700605 -42.88452213 -43.00525228 -45.04889211
-35.37069568 -42.55295830 -43.76615965 -41.90069824 -39.74591691 -79.30635960 -139.11388215 -37.28186592 -39.73367623 -78.23362562 -134.14576232 -42.07339545 -34.67068764 -42.38379147 -42.61400854 -44.88882451
-35.34100231 -42.25764990 -43.50323387 -41.61171437 -39.59214306 -78.70630579 -138.41031793 -36.80265627 -39.64650301 -77.45466504 -133.32798282 -41.51489019 -34.64532469 -41.83634379 -41.90585733 -44.73799327
-35.31335148 -41.92672962 -43.23322938 -41.28435330 -39.45114235 -78.04796972 -137.64131594 -36.30676117 -39.53677234 -76.62087202 -132.47187692 -40.97867483 -34.61395328 -41.28871734 -41.41573771 -44.56752269
-35.29334717 -41.51766898 -42.96347889 -40.88414238 -39.31691464 -77.38589256 -136.82092035 -35.78659065 -39.40718725 -75.72180080 -131.56520584 -40.46344495 -34.58396210 -40.71629619 -40.88419323 -44.39140532
-35.28390395 -41.01232346 -42.66574562 -40.32420358 -39.18935005 -76.68852091 -135.94793512 -35.23978155 -39.26581927 -74.90593359 -130.60611843 -39.94977869 -34.55152651 -40.14490003 -40.34203423 -44.21553388
-35.29633023 -40.17102999 -42.21642349 -39.95583819 -39.06016711 -75.95234039 -135.01693330 -34.74174240 -39.12275455 -74.13476087 -129.52654387 -39.42337023 -34.52320019 -39.55493538 -39.73097364 -44.03827887
-35.30168938 -39.51981660 -41.46594191 -39.52526986 -38.93788427 -75.21088922 -134.01605351 -34.50167695 -38.93977744 -73.29715017 -128.28910150 -38.89078967 -34.49499773 -38.97228358 -38.99369092 -43.85996010
-35.29806322 -38.95434774 -40.28957065 -38.95466906 -38.83739565 -74.43100619 -132.86272197 -34.32056077 -38.72380041 -72.37709865 -126.95967349 -38.35715841 -34.46211567 -38.56665964 -38.27967841 -43.68973995
-35.29816247 -38.26121497 -39.73221432 -38.37820050 -38.73043082 -73.58673252 -131.55706026 -34.13752539 -38.51112326 -71.47625757 -125.46638087 -37.80040990 -34.42741873 -38.14287577 -37.62677953 -43.47121249
-35.31235891 -37.32895648 -38.96836877 -37.71589607 -38.66860108 -72.49223388 -130.08330862 -33.94266432 -38.24493519 -70.64584416 -123.96046474 -37.37955524 -34.39661400 -37.81532296 -37.21210411 -43.20192681
-35.30760454 -36.66983717 -38.22530555 -37.17958378 -38.58747131 -71.52110628 -128.48218282 -33.74871814 -37.97027146 -69.82616960 -122.34828446 -37.18173760 -34.36070965 -37.50674337 -36.76154866 -42.87266512
-35.29148286 -36.14184732 -37.44912159 -36.79458489 -38.48739219 -70.72711975 -126.87180134 -33.55977998 -37.64887577 -68.93519685 -120.99743002 -36.97880080 -34.31983631 -37.20496615 -36.31417092 -42.49613310
-35.26531355 -35.75203293 -36.85962433 -36.40841407 -38.38365047 -69.84095935 -124.89883329 -33.36671676 -37.36578700 -68.02601538 -119.56150167 -36.77231114 -34.27649206 -36.93727941 -35.93836579 -42.09403711
-35.23116799 -35.43507554 -36.40103722 -36.11248961 -38.23559771 -68.77690310 -123.48853568 -33.17317165 -37.21602496 -67.10144582 -118.07114307 -36.56374240 -34.22263242 -36.69949988 -35.62214029 -41.70714569
-35.19093100 -35.16800005 -36.05396306 -35.88998882 -38.07974266 -67.74980114 -122.01420750 -32.97635092 -37.10965708 -66.11833243 -116.45041088 -36.35095605 -34.16666050 -36.47941118 -35.34710278 -41.28768415
-35.14422956 -34.93900990 -35.77741560 -35.71015634 -37.89313168 -66.82533706 -120.43942168 -32.77344872 -37.00412763 -65.08565739 -114.64302524 -36.13152613 -34.11010109 -36.25608947 -35.09909836 -40.78186462
-35.09476466 -34.73751967 -35.54984228 -35.53581936 -37.68438744 -65.93964345 -118.65096579 -32.56056191 -36.90654895 -64.01257211 -112.48589337 -35.90105106 -34.05433801 -36.01903767 -34.86400294 -40.08370160
-35.04663018 -34.53114000 -35.32376083 -35.35642916 -37.44079736 -65.04227590 -116.86192469 -32.34503897 -36.80276498 -63.04980282 -111.20402346 -35.67248274 -33.99483497 -35.78345217 -34.63580578 -39.84307921
-35.00286265 -34.32366344 -35.09470985 -35.17594647 -37.12061164 -64.08780367 -115.22852237 -32.12659737 -36.70149725 -62.25148388 -110.03990546 -35.43458665 -33.93366138 -35.54212177 -34.40045446 -39.47960207
-34.95628402 -34.11554883 -34.86475711 -34.99471522 -36.82038106 -63.07873114 -113.72280174 -31.90178018 -36.60626742 -61.42831525 -108.84860571 -35.16579114 -33.87248198 -35.29584659 -34.15247614 -39.02741114
-34.90557055 -33.91210988 -34.63971657 -34.81707202 -36.57134795 -62.07670110 -112.42843593 -31.67857555 -36.51756942 -60.58224229 -107.62806944 -34.88680218 -33.80777306 -35.03970450 -33.88790811 -38.49136933
-34.85318076 -33.71132351 -34.41616035 -34.64110249 -36.36207088 -61.31344041 -111.17975533 -31.46419749 -36.38603889 -59.91777527 -106.19996309 -34.61175822 -33.73945832 -34.77736086 -33.61810021 -38.13746285
-34.79762069 -33.50241684 -34.18161000 -34.45730246 -36.17012276 -60.56596887 -109.87630243 -31.25494362 -36.24774572 -59.41739300 -105.07991406 -34.34386903 -33.67050288 -34.52092739 -33.35504833 -37.87729892
-34.73951692 -33.28845904 -33.92673181 -34.26873107 -36.00938821 -59.80896781 -108.65307992 -31.04887473 -36.10195822 -58.91999302 -104.29687918 -34.07738077 -33.59980521 -34.26361893 -33.09288834 -37.67365442
-34.67607648 -33.07388655 -33.67020547 -34.07810350 -35.90894030 -59.13098308 -107.80305601 -30.85000073 -35.94281940 -58.42557647 -103.53294492 -33.80800209 -33.52718821 -34.00287469 -32.82492589 -37.47732488
-34.60905643 -32.85433500 -33.41292405 -33.87878981 -35.82997373 -58.63231412 -107.02025214 -30.65655589 -35.74996582 -57.94469802 -102.76374311 -33.52837074 -33.45007352 -33.74379857 -32.54336644 -37.26418413
-34.54182618 -32.63133659 -33.15898519 -33.67516163 -35.73863558 -58.15389387 -106.24417059 -30.46284931 -35.57606379 -57.47346472 -101.98785346 -33.25941248 -33.36904271 -33.49428852 -32.25317087 -37.03956011
-34.47300044 -32.40295761 -32.89832476 -33.46492292 -35.65111623 -57.68578322 -105.46958710 -30.26933359 -35.43999150 -57.00137759 -101.21634970 -33.01492724 -33.28618338 -33.25289553 -31.96901049 -36.82871399
-34.40309036 -32.16997618 -32.63129899 -33.24959947 -35.56487672 -57.21309068 -104.69021714 -30.07478961 -35.33390679 -56.52566507 -100.45660908 -32.77079950 -33.20118007 -33.01275305 -31.70035948 -36.61886409
-34.33247837 -31.93343176 -32.35715825 -33.02925873 -35.47830198 -56.75055004 -103.92235492 -29.87900432 -35.25217996 -56.04691662 -99.71087868 -32.52606746 -33.11331304 -32.77590623 -31.44730503 -36.40853044
-34.26047916 -31.69089592 -32.07135824 -32.80136645 -35.39331209 -56.28461472 -103.14717936 -29.68095573 -35.15834940 -55.56344118 -98.96073446 -32.27974815 -33.02464956 -32.54078264 -31.20126943 -36.19627482
-34.18660318 -31.44800226 -31.78142619 -32.57197717 -35.30801421 -55.82815106 -102.37510466 -29.48178667 -35.06314082 -55.07357862 -98.20372306 -32.03167023 -32.93501175 -32.30351908 -30.95350127 -35.97893737
-34.11137341 -31.20698206 -31.50153140 -32.35555012 -35.21732330 -55.37003630 -101.60681266 -29.28214501 -34.97069525 -54.57389071 -97.43747603 -31.78005862 -32.84342438 -32.06083091 -30.69990261 -35.74772639
-34.03455031 -30.97034710 -31.23840539 -32.14630793 -35.12267930 -54.90661940 -100.83207884 -29.08145476 -34.87709051 -54.06335219 -96.66171912 -31.52542752 -32.75045099 -31.82507445 -30.44146184 -35.50601480
-33.95614739 -30.75001815 -30.98055480 -31.93652894 -35.02427070 -54.43806823 -100.05070552 -28.87902207 -34.78418431 -53.53794134 -95.87470384 -31.26743991 -32.65580047 -31.58606880 -30.17880513 -35.25844017
-33.87583884 -30.52712877 -30.71833839 -31.72258734 -34.92440658 -53.96070009 -99.25878449 -28.67339865 -34.68785852 -52.99364127 -95.07676534 -31.00571506 -32.56055709 -31.34689098 -29.92462706 -35.00767801
-33.79374748 -30.30166833 -30.45151574 -31.50335633 -34.82746545 -53.48868722 -98.45714258 -28.46328321 -34.58796444 -52.56414535 -94.27674273 -30.73892177 -32.46394606 -31.10927120 -29.67129769 -34.75686515
-33.71033849 -30.07609680 -30.18293915 -31.28868778 -34.72913744 -53.01393814 -97.65018026 -28.23645669 -34.49079002 -52.14812774 -93.56328772 -30.46557099 -32.36551068 -30.86931259 -29.41513610 -34.50925660
-33.62457745 -29.84712433 -29.90974765 -31.06826123 -34.63281549 -52.53174977 -96.85032309 -27.98909365 -34.39033527 -51.72324843 -92.96872455 -30.18895448 -32.26666082 -30.62866194 -29.15846599 -34.27016111
-33.53696537 -29.62158212 -29.64976664 -30.84809400 -34.53342274 -52.04592510 -96.20224544 -27.69687968 -34.29210677 -51.29547944 -92.36892939 -29.90564846 -32.16529464 -30.37981230 -28.89186390 -34.02504500
-33.44768769 -29.39709223 -29.39098281 -30.62860388 -34.43118294 -51.56826915 -95.60732738 -27.47015254 -34.20394996 -50.99514782 -91.76580610 -29.61753421 -32.06113225 -30.12318072 -28.61061289 -33.77052542
-33.35790510 -29.17916420 -29.13534192 -30.41213763 -34.32303604 -51.08427055 -95.00831286 -27.29293122 -34.10949970 -50.69553165 -91.15190555 -29.31855024 -31.95517167 -29.84985920 -28.26583070 -33.50087045
-33.26718014 -28.96959364 -28.88099974 -30.19141874 -34.20917250 -50.67412338 -94.41617231 -27.10235903 -34.01984794 -50.39966843 -90.73120585 -28.99751227 -31.84734243 -29.53328633 -27.81335080 -33.21476636
-33.17993136 -28.76855946 -28.63639717 -29.98140596 -34.08040279 -50.29510811 -93.87362167 -26.84668461 -33.93899692 -50.09525810 -90.33778113 -28.64897760 -31.72921078 -29.13733998 -27.25365244 -32.91709320
-33.09823269 -28.57955556 -28.40721375 -29.78443650 -33.92865514 -49.91405253 -93.44357939 -26.56189137 -33.87804122 -49.77232843 -89.93132570 -28.28805210 -31.59668249 -28.59045487 -26.52688617 -32.58255930
-33.01150749 -28.37921183 -28.17221621 -29.58758536 -33.77157609 -49.54282020 -93.08181122 -26.24346157 -33.81784155 -49.42566113 -89.51272326 -27.77009831 -31.42730420 -27.52354154 -26.14904821 -32.24059855
-32.90823112 -28.14666355 -27.89720102 -29.35011855 -33.66265121 -49.23227340 -92.70324977 -25.71070626 -33.70744062 -49.03895730 -89.06842233 -26.43277896 -31.28795381 -27.16316423 -25.78763160 -31.89434941
-32.80578125 -27.91187044 -27.62231737 -29.12808682 -33.55156832 -48.93121083 -92.33541670 -25.53026054 -33.59159978 -48.52801777 -88.65690955 -25.99707524 -31.15086412 -26.83335818 -25.41054410 -31.58896633
-32.70463012 -27.67559959 -27.34602709 -28.91097898 -33.43725960 -48.62543900 -91.96794802 -25.37851193 -33.45700659 -47.99654110 -88.23995498 -25.72756754 -30.98472157 -26.40742496 -24.84422061 -31.27580722
-32.56356960 -27.42256100 -27.05139379 -28.68424790 -33.35134344 -48.31044487 -91.59316517 -25.21433412 -33.13124378 -47.44787924 -87.82483096 -25.46175466 -30.85168479 -25.85869902 -24.36127618 -30.96713836
-32.31246525 -27.15041595 -26.70375196 -28.43714700 -33.31528989 -47.98819326 -91.21115438 -24.99241001 -32.47230627 -46.92280852 -87.41425022 -25.22626854 -30.74303616 -25.34547444 -24.03631982 -30.65709235
-32.12303344 -26.87352476 -26.31962269 -28.17709578 -33.26844206 -47.66788206 -90.82685279 -24.73549954 -31.86584233 -46.54835163 -87.00595528 -24.95140116 -30.64632546 -25.01235058 -23.73460886 -30.34018251
-32.11950083 -26.60066146 -25.88512368 -27.90614648 -33.15061388 -47.35454920 -90.44063019 -24.40748795 -31.79884190 -46.27423888 -86.59901377 -24.53813549 -30.55612497 -24.75695836 -23.42970256 -30.01185523
-32.02266569 -26.32165341 -25.18826740 -27.61704325 -33.01951071 -47.04201322 -90.03998446 -23.97576767 -31.86051796 -45.99485253 -86.16563096 -23.13780176 -30.44389009 -24.50761290 -23.08201436 -29.63365634
-31.90862985 -25.99724865 -23.96852640 -27.25456870 -32.88990157 -46.71630479 -89.62709480 -23.65212791 -31.92795332 -45.75075854 -85.76774299 -23.05255963 -30.34186549 -24.26306165 -22.76148637 -29.32615045
-31.77155687 -25.71608913 -23.63593606 -26.89924090 -32.76173697 -46.36888418 -89.22972865 -23.34997884 -31.93838925 -45.58979026 -85.35215931 -22.94631618 -30.25085971 -23.96679995 -22.42664389 -29.00324460
-31.63479073 -25.44452143 -23.29124489 -26.40761883 -32.65280281 -46.02477660 -88.82395299 -23.05050859 -31.78991362 -45.17335382 -84.94753726 -22.83208403 -30.16106363 -23.70438354 -22.11075039 -28.70540786
