WARNING: CTestNormDispIncr::test() - failed to converge 
after: 20 iterations  current Norm: 0.000353566 (max: 1e-06, Norm deltaR: 6.20867)
NewtonRaphson::solveCurrentStep() -the ConvergenceTest object failed in test()
DirectIntegrationAnalysis::analyze() - the Algorithm failed at time 21.155
OpenSees > analyze failed, returned: -3 error flag
WARNING - ForceBeamColumn3d::update - failed to get compatible element forces & deformations for element: 2301(dW: << 0.00215875, dW0: 0.0777957)
Domain::update - domain failed in update
TRBDF2::update() - failed to update the domain
WARNING AcceleratedNewton::solveCurrentStep() -the Integrator failed in update()
DirectIntegrationAnalysis::analyze() - the Algorithm failed at time 21.155
OpenSees > analyze failed, returned: -3 error flag
WARNING - ForceBeamColumn3d::update - failed to get compatible element forces & deformations for element: 2301(dW: << 0.00215876, dW0: 0.0781547)
Domain::update - domain failed in update
TRBDF2::update() - failed to update the domain
WARNInG InitialInterpolatedLineSearch::search() -the Integrator failed in update()
WARNING - ForceBeamColumn3d::update - failed to get compatible element forces & deformations for element: 2301(dW: << 0.00215875, dW0: 0.0779763)
Domain::update - domain failed in update
TRBDF2::update() - failed to update the domain
WARNInG InitialInterpolatedLineSearch::search() -the Integrator failed in update()
WARNING - ForceBeamColumn3d::update - failed to get compatible element forces & deformations for element: 2301(dW: << 0.00215876, dW0: 0.0781038)
Domain::update - domain failed in update
TRBDF2::update() - failed to update the domain
WARNInG InitialInterpolatedLineSearch::search() -the Integrator failed in update()
WARNING - ForceBeamColumn3d::update - failed to get compatible element forces & deformations for element: 2301(dW: << 0.00215875, dW0: 0.0779729)
Domain::update - domain failed in update
TRBDF2::update() - failed to update the domain
WARNInG InitialInterpolatedLineSearch::search() -the Integrator failed in update()
WARNING - ForceBeamColumn3d::update - failed to get compatible element forces & deformations for element: 2301(dW: << 0.00215876, dW0: 0.0781038)
Domain::update - domain failed in update
TRBDF2::update() - failed to update the domain
WARNInG InitialInterpolatedLineSearch::search() -the Integrator failed in update()
WARNING - ForceBeamColumn3d::update - failed to get compatible element forces & deformations for element: 2301(dW: << 0.00215875, dW0: 0.0779729)
Domain::update - domain failed in update
TRBDF2::update() - failed to update the domain
WARNInG InitialInterpolatedLineSearch::search() -the Integrator failed in update()
WARNING - ForceBeamColumn3d::update - failed to get compatible element forces & deformations for element: 2301(dW: << 0.00215876, dW0: 0.0781038)
Domain::update - domain failed in update
TRBDF2::update() - failed to update the domain
WARNInG InitialInterpolatedLineSearch::search() -the Integrator failed in update()
WARNING - ForceBeamColumn3d::update - failed to get compatible element forces & deformations for element: 2301(dW: << 0.00215875, dW0: 0.0779729)
Domain::update - domain failed in update
TRBDF2::update() - failed to update the domain
WARNInG InitialInterpolatedLineSearch::search() -the Integrator failed in update()
WARNING - ForceBeamColumn3d::update - failed to get compatible element forces & deformations for element: 2301(dW: << 0.00215876, dW0: 0.0781038)
Domain::update - domain failed in update
TRBDF2::update() - failed to update the domain
WARNInG InitialInterpolatedLineSearch::search() -the Integrator failed in update()
WARNING - ForceBeamColumn3d::update - failed to get compatible element forces & deformations for element: 2301(dW: << 0.00215875, dW0: 0.0779729)
Domain::update - domain failed in update
TRBDF2::update() - failed to update the domain
WARNInG InitialInterpolatedLineSearch::search() -the Integrator failed in update()
WARNING - ForceBeamColumn3d::update - failed to get compatible element forces & deformations for element: 2301(dW: << 0.00215876, dW0: 0.0781038)
Domain::update - domain failed in update
TRBDF2::update() - failed to update the domain
WARNInG InitialInterpolatedLineSearch::search() -the Integrator failed in update()
WARNING: CTestNormDispIncr::test() - failed to converge 
after: 100 iterations  current Norm: 1.50464e-05 (max: 1e-06, Norm deltaR: 1.23538)
NewtonLineSearch::solveCurrentStep() -the ConvergenceTest object failed in test()
DirectIntegrationAnalysis::analyze() - the Algorithm failed at time 21.155
OpenSees > analyze failed, returned: -3 error flag
WARNING: CTestNormDispIncr::test() - failed to converge 
after: 10 iterations  current Norm: 0.000758522 (max: 1e-06, Norm deltaR: 7.48139)
WARNING: CTestNormDispIncr::test() - failed to converge 
after: 10 iterations  current Norm: 0.000928303 (max: 1e-06, Norm deltaR: 1.64174)
WARNING: CTestNormDispIncr::test() - failed to converge 
after: 10 iterations  current Norm: 0.000110684 (max: 1e-06, Norm deltaR: 6.21926)
WARNING: CTestNormDispIncr::test() - failed to converge 
after: 10 iterations  current Norm: 8.64356e-05 (max: 1e-06, Norm deltaR: 3.21696)
WARNING: CTestNormDispIncr::test() - failed to converge 
after: 10 iterations  current Norm: 0.000612194 (max: 1e-06, Norm deltaR: 0.865274)
WARNING: CTestNormDispIncr::test() - failed to converge 
after: 10 iterations  current Norm: 1.73976e-05 (max: 1e-06, Norm deltaR: 6.22075)
WARNING: CTestNormDispIncr::test() - failed to converge 
after: 10 iterations  current Norm: 8.64271e-05 (max: 1e-06, Norm deltaR: 3.21696)
WARNING: CTestNormDispIncr::test() - failed to converge 
after: 10 iterations  current Norm: 0.000612194 (max: 1e-06, Norm deltaR: 0.865274)
WARNING: CTestNormDispIncr::test() - failed to converge 
after: 10 iterations  current Norm: 1.73976e-05 (max: 1e-06, Norm deltaR: 6.22075)
WARNING: CTestNormDispIncr::test() - failed to converge 
after: 10 iterations  current Norm: 8.64271e-05 (max: 1e-06, Norm deltaR: 3.21696)
WARNING: CTestNormDispIncr::test() - failed to converge 
after: 10 iterations  current Norm: 0.000612194 (max: 1e-06, Norm deltaR: 0.865274)
WARNING: CTestNormDispIncr::test() - failed to converge 
after: 10 iterations  current Norm: 1.73976e-05 (max: 1e-06, Norm deltaR: 6.22075)
WARNING: CTestNormDispIncr::test() - failed to converge 
after: 10 iterations  current Norm: 8.64271e-05 (max: 1e-06, Norm deltaR: 3.21696)
WARNING: CTestNormDispIncr::test() - failed to converge 
after: 10 iterations  current Norm: 0.000612194 (max: 1e-06, Norm deltaR: 0.865274)
WARNING: CTestNormDispIncr::test() - failed to converge 
after: 10 iterations  current Norm: 1.73976e-05 (max: 1e-06, Norm deltaR: 6.22075)
WARNING: CTestNormDispIncr::test() - failed to converge 
after: 10 iterations  current Norm: 8.64271e-05 (max: 1e-06, Norm deltaR: 3.21696)
WARNING: CTestNormDispIncr::test() - failed to converge 
after: 10 iterations  current Norm: 0.000612194 (max: 1e-06, Norm deltaR: 0.865274)
WARNING: CTestNormDispIncr::test() - failed to converge 
after: 10 iterations  current Norm: 1.73976e-05 (max: 1e-06, Norm deltaR: 6.22075)
WARNING: CTestNormDispIncr::test() - failed to converge 
after: 10 iterations  current Norm: 8.64271e-05 (max: 1e-06, Norm deltaR: 3.21696)
WARNING: CTestNormDispIncr::test() - failed to converge 
after: 10 iterations  current Norm: 0.000612194 (max: 1e-06, Norm deltaR: 0.865274)
WARNING: CTestNormDispIncr::test() - failed to converge 
after: 10 iterations  current Norm: 1.73976e-05 (max: 1e-06, Norm deltaR: 6.22075)
WARNING: CTestNormDispIncr::test() - failed to converge 
after: 10 iterations  current Norm: 8.64271e-05 (max: 1e-06, Norm deltaR: 3.21696)
WARNING: CTestNormDispIncr::test() - failed to converge 
after: 10 iterations  current Norm: 0.000612194 (max: 1e-06, Norm deltaR: 0.865274)
WARNING: CTestNormDispIncr::test() - failed to converge 
after: 10 iterations  current Norm: 1.73976e-05 (max: 1e-06, Norm deltaR: 6.22075)
WARNING: CTestNormDispIncr::test() - failed to converge 
after: 10 iterations  current Norm: 8.64271e-05 (max: 1e-06, Norm deltaR: 3.21696)
WARNING: CTestNormDispIncr::test() - failed to converge 
after: 10 iterations  current Norm: 0.000612194 (max: 1e-06, Norm deltaR: 0.865274)
WARNING: CTestNormDispIncr::test() - failed to converge 
after: 10 iterations  current Norm: 1.73976e-05 (max: 1e-06, Norm deltaR: 6.22075)
WARNING: CTestNormDispIncr::test() - failed to converge 
after: 10 iterations  current Norm: 8.64271e-05 (max: 1e-06, Norm deltaR: 3.21696)
WARNING: CTestNormDispIncr::test() - failed to converge 
after: 10 iterations  current Norm: 0.000612194 (max: 1e-06, Norm deltaR: 0.865274)
WARNING: CTestNormDispIncr::test() - failed to converge 
after: 10 iterations  current Norm: 1.73976e-05 (max: 1e-06, Norm deltaR: 6.22075)
WARNING: CTestNormDispIncr::test() - failed to converge 
after: 10 iterations  current Norm: 8.64271e-05 (max: 1e-06, Norm deltaR: 3.21696)
WARNING: CTestNormDispIncr::test() - failed to converge 
after: 10 iterations  current Norm: 0.000612194 (max: 1e-06, Norm deltaR: 0.865274)
WARNING: CTestNormDispIncr::test() - failed to converge 
after: 10 iterations  current Norm: 1.73976e-05 (max: 1e-06, Norm deltaR: 6.22075)
WARNING: CTestNormDispIncr::test() - failed to converge 
after: 10 iterations  current Norm: 8.64271e-05 (max: 1e-06, Norm deltaR: 3.21696)
WARNING: CTestNormDispIncr::test() - failed to converge 
after: 10 iterations  current Norm: 0.000612194 (max: 1e-06, Norm deltaR: 0.865274)
WARNING: CTestNormDispIncr::test() - failed to converge 
after: 10 iterations  current Norm: 1.73976e-05 (max: 1e-06, Norm deltaR: 6.22075)
WARNING: CTestNormDispIncr::test() - failed to converge 
after: 10 iterations  current Norm: 8.64271e-05 (max: 1e-06, Norm deltaR: 3.21696)
WARNING: CTestNormDispIncr::test() - failed to converge 
after: 10 iterations  current Norm: 0.000612194 (max: 1e-06, Norm deltaR: 0.865274)
WARNING: CTestNormDispIncr::test() - failed to converge 
after: 10 iterations  current Norm: 1.73976e-05 (max: 1e-06, Norm deltaR: 6.22075)
WARNING: CTestNormDispIncr::test() - failed to converge 
after: 10 iterations  current Norm: 8.64271e-05 (max: 1e-06, Norm deltaR: 3.21696)
WARNING: CTestNormDispIncr::test() - failed to converge 
after: 10 iterations  current Norm: 0.000612194 (max: 1e-06, Norm deltaR: 0.865274)
WARNING: CTestNormDispIncr::test() - failed to converge 
after: 10 iterations  current Norm: 1.73976e-05 (max: 1e-06, Norm deltaR: 6.22075)
WARNING: CTestNormDispIncr::test() - failed to converge 
after: 10 iterations  current Norm: 8.64271e-05 (max: 1e-06, Norm deltaR: 3.21696)
WARNING: CTestNormDispIncr::test() - failed to converge 
after: 10 iterations  current Norm: 0.000612194 (max: 1e-06, Norm deltaR: 0.865274)
WARNING: CTestNormDispIncr::test() - failed to converge 
after: 10 iterations  current Norm: 1.73976e-05 (max: 1e-06, Norm deltaR: 6.22075)
WARNING: CTestNormDispIncr::test() - failed to converge 
after: 10 iterations  current Norm: 8.64271e-05 (max: 1e-06, Norm deltaR: 3.21696)
WARNING: CTestNormDispIncr::test() - failed to converge 
after: 10 iterations  current Norm: 0.000612194 (max: 1e-06, Norm deltaR: 0.865274)
WARNING: CTestNormDispIncr::test() - failed to converge 
after: 10 iterations  current Norm: 1.73976e-05 (max: 1e-06, Norm deltaR: 6.22075)
WARNING: CTestNormDispIncr::test() - failed to converge 
after: 10 iterations  current Norm: 8.64271e-05 (max: 1e-06, Norm deltaR: 3.21696)
WARNING: CTestNormDispIncr::test() - failed to converge 
after: 10 iterations  current Norm: 0.000612194 (max: 1e-06, Norm deltaR: 0.865274)
WARNING: CTestNormDispIncr::test() - failed to converge 
after: 10 iterations  current Norm: 1.73976e-05 (max: 1e-06, Norm deltaR: 6.22075)
WARNING: CTestNormDispIncr::test() - failed to converge 
after: 10 iterations  current Norm: 8.64271e-05 (max: 1e-06, Norm deltaR: 3.21696)
WARNING: CTestNormDispIncr::test() - failed to converge 
after: 10 iterations  current Norm: 0.000612194 (max: 1e-06, Norm deltaR: 0.865274)
WARNING: CTestNormDispIncr::test() - failed to converge 
after: 10 iterations  current Norm: 1.73976e-05 (max: 1e-06, Norm deltaR: 6.22075)
WARNING: CTestNormDispIncr::test() - failed to converge 
after: 10 iterations  current Norm: 8.64271e-05 (max: 1e-06, Norm deltaR: 3.21696)
WARNING: CTestNormDispIncr::test() - failed to converge 
after: 10 iterations  current Norm: 0.000612194 (max: 1e-06, Norm deltaR: 0.865274)
WARNING: CTestNormDispIncr::test() - failed to converge 
after: 10 iterations  current Norm: 1.73976e-05 (max: 1e-06, Norm deltaR: 6.22075)
WARNING: CTestNormDispIncr::test() - failed to converge 
after: 10 iterations  current Norm: 8.64271e-05 (max: 1e-06, Norm deltaR: 3.21696)
WARNING: CTestNormDispIncr::test() - failed to converge 
after: 10 iterations  current Norm: 0.000612194 (max: 1e-06, Norm deltaR: 0.865274)
WARNING: CTestNormDispIncr::test() - failed to converge 
after: 10 iterations  current Norm: 1.73976e-05 (max: 1e-06, Norm deltaR: 6.22075)
WARNING: CTestNormDispIncr::test() - failed to converge 
after: 10 iterations  current Norm: 8.64271e-05 (max: 1e-06, Norm deltaR: 3.21696)
WARNING: CTestNormDispIncr::test() - failed to converge 
after: 10 iterations  current Norm: 0.000612194 (max: 1e-06, Norm deltaR: 0.865274)
WARNING: CTestNormDispIncr::test() - failed to converge 
after: 10 iterations  current Norm: 1.73976e-05 (max: 1e-06, Norm deltaR: 6.22075)
WARNING: CTestNormDispIncr::test() - failed to converge 
after: 10 iterations  current Norm: 8.64271e-05 (max: 1e-06, Norm deltaR: 3.21696)
WARNING: CTestNormDispIncr::test() - failed to converge 
after: 10 iterations  current Norm: 0.000612194 (max: 1e-06, Norm deltaR: 0.865274)
WARNING: CTestNormDispIncr::test() - failed to converge 
after: 10 iterations  current Norm: 1.73976e-05 (max: 1e-06, Norm deltaR: 6.22075)
WARNING: CTestNormDispIncr::test() - failed to converge 
after: 10 iterations  current Norm: 8.64271e-05 (max: 1e-06, Norm deltaR: 3.21696)
WARNING: CTestNormDispIncr::test() - failed to converge 
after: 10 iterations  current Norm: 0.000612194 (max: 1e-06, Norm deltaR: 0.865274)
WARNING: CTestNormDispIncr::test() - failed to converge 
after: 10 iterations  current Norm: 1.73976e-05 (max: 1e-06, Norm deltaR: 6.22075)
WARNING: CTestNormDispIncr::test() - failed to converge 
after: 10 iterations  current Norm: 8.64271e-05 (max: 1e-06, Norm deltaR: 3.21696)
WARNING: CTestNormDispIncr::test() - failed to converge 
after: 10 iterations  current Norm: 0.000612194 (max: 1e-06, Norm deltaR: 0.865274)
WARNING: CTestNormDispIncr::test() - failed to converge 
after: 10 iterations  current Norm: 1.73976e-05 (max: 1e-06, Norm deltaR: 6.22075)
WARNING: CTestNormDispIncr::test() - failed to converge 
after: 10 iterations  current Norm: 8.64271e-05 (max: 1e-06, Norm deltaR: 3.21696)
WARNING: CTestNormDispIncr::test() - failed to converge 
after: 10 iterations  current Norm: 0.000612194 (max: 1e-06, Norm deltaR: 0.865274)
WARNING: CTestNormDispIncr::test() - failed to converge 
after: 10 iterations  current Norm: 1.73976e-05 (max: 1e-06, Norm deltaR: 6.22075)
WARNING: CTestNormDispIncr::test() - failed to converge 
after: 10 iterations  current Norm: 8.64271e-05 (max: 1e-06, Norm deltaR: 3.21696)
WARNING: CTestNormDispIncr::test() - failed to converge 
after: 10 iterations  current Norm: 0.000612194 (max: 1e-06, Norm deltaR: 0.865274)
WARNING: CTestNormDispIncr::test() - failed to converge 
after: 10 iterations  current Norm: 1.73976e-05 (max: 1e-06, Norm deltaR: 6.22075)
WARNING: CTestNormDispIncr::test() - failed to converge 
after: 10 iterations  current Norm: 8.64271e-05 (max: 1e-06, Norm deltaR: 3.21696)
WARNING: CTestNormDispIncr::test() - failed to converge 
after: 10 iterations  current Norm: 0.000612194 (max: 1e-06, Norm deltaR: 0.865274)
WARNING: CTestNormDispIncr::test() - failed to converge 
after: 10 iterations  current Norm: 1.73976e-05 (max: 1e-06, Norm deltaR: 6.22075)
WARNING: CTestNormDispIncr::test() - failed to converge 
after: 10 iterations  current Norm: 8.64271e-05 (max: 1e-06, Norm deltaR: 3.21696)
WARNING: CTestNormDispIncr::test() - failed to converge 
after: 10 iterations  current Norm: 0.000612194 (max: 1e-06, Norm deltaR: 0.865274)
WARNING: CTestNormDispIncr::test() - failed to converge 
after: 10 iterations  current Norm: 1.73976e-05 (max: 1e-06, Norm deltaR: 6.22075)
WARNING: CTestNormDispIncr::test() - failed to converge 
after: 10 iterations  current Norm: 8.64271e-05 (max: 1e-06, Norm deltaR: 3.21696)
WARNING: CTestNormDispIncr::test() - failed to converge 
after: 10 iterations  current Norm: 0.000612194 (max: 1e-06, Norm deltaR: 0.865274)
WARNING: CTestNormDispIncr::test() - failed to converge 
after: 10 iterations  current Norm: 1.73976e-05 (max: 1e-06, Norm deltaR: 6.22075)
WARNING: CTestNormDispIncr::test() - failed to converge 
after: 10 iterations  current Norm: 8.64271e-05 (max: 1e-06, Norm deltaR: 3.21696)
WARNING: CTestNormDispIncr::test() - failed to converge 
after: 10 iterations  current Norm: 0.000612194 (max: 1e-06, Norm deltaR: 0.865274)
WARNING: CTestNormDispIncr::test() - failed to converge 
after: 10 iterations  current Norm: 1.73976e-05 (max: 1e-06, Norm deltaR: 6.22075)
WARNING: CTestNormDispIncr::test() - failed to converge 
after: 10 iterations  current Norm: 8.64271e-05 (max: 1e-06, Norm deltaR: 3.21696)
WARNING: CTestNormDispIncr::test() - failed to converge 
after: 10 iterations  current Norm: 0.000612194 (max: 1e-06, Norm deltaR: 0.865274)
WARNING: CTestNormDispIncr::test() - failed to converge 
after: 10 iterations  current Norm: 1.73976e-05 (max: 1e-06, Norm deltaR: 6.22075)
WARNING: CTestNormDispIncr::test() - failed to converge 
after: 10 iterations  current Norm: 8.64271e-05 (max: 1e-06, Norm deltaR: 3.21696)
WARNING: CTestNormDispIncr::test() - failed to converge 
after: 10 iterations  current Norm: 0.000612194 (max: 1e-06, Norm deltaR: 0.865274)
WARNING: CTestNormDispIncr::test() - failed to converge 
after: 10 iterations  current Norm: 1.73976e-05 (max: 1e-06, Norm deltaR: 6.22075)
WARNING: CTestNormDispIncr::test() - failed to converge 
after: 10 iterations  current Norm: 8.64271e-05 (max: 1e-06, Norm deltaR: 3.21696)
WARNING: CTestNormDispIncr::test() - failed to converge 
after: 10 iterations  current Norm: 0.000612194 (max: 1e-06, Norm deltaR: 0.865274)
WARNING: CTestNormDispIncr::test() - failed to converge 
after: 10 iterations  current Norm: 1.73976e-05 (max: 1e-06, Norm deltaR: 6.22075)
WARNING: CTestNormDispIncr::test() - failed to converge 
after: 10 iterations  current Norm: 8.64271e-05 (max: 1e-06, Norm deltaR: 3.21696)
WARNING: CTestNormDispIncr::test() - failed to converge 
after: 100 iterations  current Norm: 8.64271e-05 (max: 1e-06, Norm deltaR: 3.21696)
Broyden::solveCurrentStep() -the ConvergenceTest object failed in test()
DirectIntegrationAnalysis::analyze() - the Algorithm failed at time 21.155
OpenSees > analyze failed, returned: -3 error flag
WARNING: CTestNormDispIncr::test() - failed to converge 
after: 10 iterations  current Norm: 1.8513 (max: 1e-06, Norm deltaR: 6.4515e+06)
WARNING: CTestNormDispIncr::test() - failed to converge 
after: 10 iterations  current Norm: 0.00320661 (max: 1e-06, Norm deltaR: 4.44985)

[SUCCESS] Analysis completed successfully, MIDR = 4.329919334580713
