0.00000000
153.90919878
269.69813407
382.44183469
491.54939848
596.71652367
695.57146822
788.70628827
876.38231223
958.16219444
1034.64057367
1106.53960977
1173.84147303
1237.06521814
1296.28220477
1351.48265602
1402.79432661
1449.97576591
1493.11494705
1532.19508645
1566.52879856
1588.21652016
1602.83008360
1615.99316865
1627.42110994
1635.91238069
1642.23655008
1645.94924634
1647.03660143
1645.73659752
1642.26027251
1635.25451086
1622.91667473
1608.36715281
1589.06848925
1562.09055377
1530.13380795
1494.82456473
1456.70604256
1416.86647273
1375.24244007
1332.13984743
1287.68134337
1267.90177664
1266.75477051
1265.27595816
1263.38491310
1261.26180128
1253.67950791
1251.37017799
1240.04981559
1239.32172369
1236.82463274
1233.15586643
1224.03183218
1217.58496725
1214.48524598
1198.15588386
1191.94348246
1188.92126593
1176.66042984
1172.50315701
1168.87909623
1160.96575598
1157.56826940
1149.43850467
1144.84845843
1134.05181811
1130.11795565
1126.55147878
1122.42560566
1112.06024320
1108.62174037
1090.91304321
1084.52191388
1077.28646089
1066.79142613
1065.13996259
1057.57778016
1042.89337130
869.57160763
868.22791851
860.73989429
858.43366068
856.10751714
847.17290104
844.52668768
834.46903619
828.31576120
819.66029144
815.49311350
813.77893935
808.03901198
786.88036272
785.47428916
779.92315095
774.28335800
767.30584144
760.27551335
758.86505935
738.52762187
738.10545634
736.70193034
703.81176425
702.30853059
699.74243988
692.51633370
663.62966424
