0.00000000
0.00105302
0.00205302
0.00305302
0.00405302
0.00505302
0.00605302
0.00705302
0.00805302
0.00905302
0.01005302
0.01105302
0.01205302
0.01305302
0.01405302
0.01505302
0.01605302
0.01705302
0.01805302
0.01905302
0.02005302
0.02105302
0.02205302
0.02305302
0.02405302
0.02505302
0.02605302
0.02705302
0.02805302
0.02905302
0.03005302
0.03105302
0.03205302
0.03305302
0.03405302
0.03505302
0.03605302
0.03705302
0.03805302
0.03905302
0.04005302
0.04105302
0.04205302
0.04305302
0.04405302
0.04505302
0.04605302
0.04705302
0.04805302
0.04905302
0.05005302
0.05105302
0.05205302
0.05305302
0.05405302
0.05505302
0.05605302
0.05705302
0.05805302
0.05905302
0.06005302
0.06105302
0.06205302
0.06305302
0.06405302
0.06505302
0.06605302
0.06705302
0.06805302
0.06905302
0.07005302
0.07105302
0.07205302
0.07305302
0.07405302
0.07505302
0.07605302
0.07705302
0.07805302
0.07905302
0.08005302
0.08105302
0.08205302
0.08305302
0.08405302
0.08505302
0.08605302
0.08705302
0.08805302
0.08905302
0.09005302
0.09105302
0.09205302
0.09305302
0.09405302
0.09505302
0.09605302
0.09705302
0.09805302
0.09905302
0.10005302
0.10105302
0.10205302
0.10305302
0.10405302
0.10505302
0.10605302
0.10705302
0.10805302
0.10905302
0.11005302
0.11105302
0.11205302
0.11305302
0.11405302
0.11505302
0.11605302
0.11705302
0.11805302
0.11905302
0.12005302
0.12105302
0.12205302
0.12305302
0.12405302
0.12505302
0.12605302
0.12705302
0.12805302
0.12905302
0.13005302
0.13105302
0.13205302
0.13305302
0.13405302
0.13505302
0.13605302
0.13705302
0.13805302
0.13905302
0.14005302
0.14105302
0.14205302
0.14305302
0.14405302
0.14505302
0.14605302
0.14705302
0.14805302
0.14905302
0.15005302
0.15105302
0.15205302
0.15205402
0.15206402
0.15216402
0.15241402
0.15291402
0.15391402
0.15491402
0.15591402
0.15691402
0.15791402
0.15891402
0.15991402
0.16091402
0.16191402
0.16291402
0.16391402
0.16491402
0.16591402
