WARNING: CTestEnergyIncr::test() - failed to converge 
after: 20 iterations
 current EnergyIncr: 1.89619e-06 (max: 1e-06) 	Norm deltaX: 1.78404e-05, Norm deltaR: 0.331241
NewtonRaphson::solveCurrentStep() -the ConvergenceTest object failed in test()
StaticAnalysis::analyze() - the Algorithm failed at step: 0 with domain at load factor 1422.65
OpenSees > analyze failed, returned: -3 error flag
WARNING: CTestNormDispIncr::test() - failed to converge 
after: 100 iterations  current Norm: 2.6528e-05 (max: 1e-06, Norm deltaR: 0.938323)
AcceleratedNewton::solveCurrentStep() -The ConvergenceTest object failed in test()
StaticAnalysis::analyze() - the Algorithm failed at step: 0 with domain at load factor 1140.29
OpenSees > analyze failed, returned: -3 error flag
WARNING - ForceBeamColumn3d::update - failed to get compatible element forces & deformations for element: 3021(dW: << 0.0324193, dW0: 0.269718)
Domain::update - domain failed in update
DisplacementControl::update - model failed to update for new dU
WARNING AcceleratedNewton::solveCurrentStep() -the Integrator failed in update()
StaticAnalysis::analyze() - the Algorithm failed at step: 0 with domain at load factor 647.725
OpenSees > analyze failed, returned: -3 error flag
WARNING: CTestNormDispIncr::test() - failed to converge 
after: 100 iterations  current Norm: 1.20443e-06 (max: 1e-06, Norm deltaR: 0.15436)
AcceleratedNewton::solveCurrentStep() -The ConvergenceTest object failed in test()
StaticAnalysis::analyze() - the Algorithm failed at step: 0 with domain at load factor 1058.23
OpenSees > analyze failed, returned: -3 error flag
WARNING: CTestNormDispIncr::test() - failed to converge 
after: 100 iterations  current Norm: 1.20442e-06 (max: 1e-06, Norm deltaR: 0.154343)
AcceleratedNewton::solveCurrentStep() -The ConvergenceTest object failed in test()
StaticAnalysis::analyze() - the Algorithm failed at step: 0 with domain at load factor 1058.23
OpenSees > analyze failed, returned: -3 error flag
WARNING: CTestNormDispIncr::test() - failed to converge 
after: 100 iterations  current Norm: 8.68171e-06 (max: 1e-06, Norm deltaR: 11.8699)
NewtonLineSearch::solveCurrentStep() -the ConvergenceTest object failed in test()
StaticAnalysis::analyze() - the Algorithm failed at step: 0 with domain at load factor 913.162
OpenSees > analyze failed, returned: -3 error flag
WARNING - ForceBeamColumn3d::update - failed to get compatible element forces & deformations for element: 3330(dW: << 7.55159e-06, dW0: -4.69673)
WARNING: CTestNormDispIncr::test() - failed to converge 
after: 100 iterations  current Norm: 925778 (max: 1e-06, Norm deltaR: 978.872)
AcceleratedNewton::solveCurrentStep() -The ConvergenceTest object failed in test()
StaticAnalysis::analyze() - the Algorithm failed at step: 0 with domain at load factor 10.6927
OpenSees > analyze failed, returned: -3 error flag
WARNING - ForceBeamColumn3d::update - failed to get compatible element forces & deformations for element: 3222(dW: << 0.337959, dW0: -1575.81)
WARNING - ForceBeamColumn3d::update - failed to get compatible element forces & deformations for element: 3300(dW: << 0.000546587, dW0: -212.351)
Domain::update - domain failed in update
DisplacementControl::update - model failed to update for new dU
WARNING AcceleratedNewton::solveCurrentStep() -the Integrator failed in update()
StaticAnalysis::analyze() - the Algorithm failed at step: 0 with domain at load factor 868.675
OpenSees > analyze failed, returned: -3 error flag
WARNING: CTestNormDispIncr::test() - failed to converge 
after: 100 iterations  current Norm: 5.86729e-05 (max: 1e-06, Norm deltaR: 99.852)
NewtonLineSearch::solveCurrentStep() -the ConvergenceTest object failed in test()
StaticAnalysis::analyze() - the Algorithm failed at step: 0 with domain at load factor 861.126
OpenSees > analyze failed, returned: -3 error flag
WARNING - ForceBeamColumn3d::update - failed to get compatible element forces & deformations for element: 3002(dW: << 1.06719e-10, dW0: -9.50058)
Domain::update - domain failed in update
DisplacementControl::update - model failed to update for new dU
WARNING Broyden::solveCurrentStep() -the Integrator failed in update()
StaticAnalysis::analyze() - the Algorithm failed at step: 0 with domain at load factor 914.465
OpenSees > analyze failed, returned: -3 error flag
WARNING: CTestNormDispIncr::test() - failed to converge 
after: 10 iterations  current Norm: 0.286379 (max: 1e-06, Norm deltaR: 10218.5)
WARNING - ForceBeamColumn3d::update - failed to get compatible element forces & deformations for element: 3020(dW: << 9.66978e-10, dW0: -2.94064)
Domain::update - domain failed in update
DisplacementControl::update - model failed to update for new dU
WARNING BFGS::solveCurrentStep() -the Integrator failed in update()
StaticAnalysis::analyze() - the Algorithm failed at step: 0 with domain at load factor 745.932
OpenSees > analyze failed, returned: -3 error flag
WARNING - ForceBeamColumn3d::update - failed to get compatible element forces & deformations for element: 3331(dW: << 4.34835e-05, dW0: 470.914)
WARNING - ForceBeamColumn3d::update - failed to get compatible element forces & deformations for element: 3332(dW: << 2.35553e-05, dW0: 5756.29)
Domain::update - domain failed in update
DisplacementControl::update - model failed to update for new dU
WARNING AcceleratedNewton::solveCurrentStep() -the Integrator failed in update()
StaticAnalysis::analyze() - the Algorithm failed at step: 0 with domain at load factor 881.86
OpenSees > analyze failed, returned: -3 error flag
WARNING - ForceBeamColumn3d::update - failed to get compatible element forces & deformations for element: 3322(dW: << 6.78422e-10, dW0: 8.86504e+08)
Domain::update - domain failed in update
DisplacementControl::update - model failed to update for new dU
WARNING NewtonLineSearch::solveCurrentStep() -the Integrator failed in update()
StaticAnalysis::analyze() - the Algorithm failed at step: 0 with domain at load factor 850.898
OpenSees > analyze failed, returned: -3 error flag
WARNING - ForceBeamColumn3d::update - failed to get compatible element forces & deformations for element: 1013(dW: << 0.11646, dW0: 0.325764)
Domain::update - domain failed in update
DisplacementControl::update - model failed to update for new dU
WARNING Broyden::solveCurrentStep() -the Integrator failed in update()
StaticAnalysis::analyze() - the Algorithm failed at step: 0 with domain at load factor 1192.33
OpenSees > analyze failed, returned: -3 error flag
WARNING - ForceBeamColumn3d::update - failed to get compatible element forces & deformations for element: 3211(dW: << 3.3799e+06, dW0: 0.295127)
Domain::update - domain failed in update
DisplacementControl::update - model failed to update for new dU
WARNING BFGS::solveCurrentStep() -the Integrator failed in update()
StaticAnalysis::analyze() - the Algorithm failed at step: 0 with domain at load factor 744.106
OpenSees > analyze failed, returned: -3 error flag
WARNING - ForceBeamColumn3d::update - failed to get compatible element forces & deformations for element: 3232(dW: << 0.000481253, dW0: 53924.8)
Domain::update - domain failed in update
DisplacementControl::update - model failed to update for new dU
WARNING AcceleratedNewton::solveCurrentStep() -the Integrator failed in update()
StaticAnalysis::analyze() - the Algorithm failed at step: 0 with domain at load factor 839.973
OpenSees > analyze failed, returned: -3 error flag
WARNING: CTestNormDispIncr::test() - failed to converge 
after: 100 iterations  current Norm: 4.9962e-05 (max: 1e-06, Norm deltaR: 81.3044)
NewtonLineSearch::solveCurrentStep() -the ConvergenceTest object failed in test()
StaticAnalysis::analyze() - the Algorithm failed at step: 0 with domain at load factor 862.864
OpenSees > analyze failed, returned: -3 error flag
WARNING - ForceBeamColumn3d::update - failed to get compatible element forces & deformations for element: 3121(dW: << 0.0391801, dW0: 1604.21)
Domain::update - domain failed in update
DisplacementControl::update - model failed to update for new dU
WARNING Broyden::solveCurrentStep() -the Integrator failed in update()
StaticAnalysis::analyze() - the Algorithm failed at step: 0 with domain at load factor 895.348
OpenSees > analyze failed, returned: -3 error flag
WARNING - ForceBeamColumn3d::update - failed to get compatible element forces & deformations for element: 3130(dW: << 0.0020778, dW0: 30.1428)
Domain::update - domain failed in update
DisplacementControl::update - model failed to update for new dU
WARNING BFGS::solveCurrentStep() -the Integrator failed in update()
StaticAnalysis::analyze() - the Algorithm failed at step: 0 with domain at load factor 678.138
OpenSees > analyze failed, returned: -3 error flag
WARNING: CTestNormDispIncr::test() - failed to converge 
after: 100 iterations  current Norm: 1.89349e+06 (max: 1e-06, Norm deltaR: 1401.71)
AcceleratedNewton::solveCurrentStep() -The ConvergenceTest object failed in test()
StaticAnalysis::analyze() - the Algorithm failed at step: 0 with domain at load factor 34.6162
OpenSees > analyze failed, returned: -3 error flag
WARNING: CTestNormDispIncr::test() - failed to converge 
after: 100 iterations  current Norm: 5.09015e-05 (max: 1e-06, Norm deltaR: 81.8004)
NewtonLineSearch::solveCurrentStep() -the ConvergenceTest object failed in test()
StaticAnalysis::analyze() - the Algorithm failed at step: 0 with domain at load factor 861.825
OpenSees > analyze failed, returned: -3 error flag
WARNING - ForceBeamColumn3d::update - failed to get compatible element forces & deformations for element: 3330(dW: << 0.00206601, dW0: -5.29652)
Domain::update - domain failed in update
DisplacementControl::update - model failed to update for new dU
WARNING Broyden::solveCurrentStep() -the Integrator failed in update()
StaticAnalysis::analyze() - the Algorithm failed at step: 0 with domain at load factor 892.047
OpenSees > analyze failed, returned: -3 error flag
WARNING: CTestNormDispIncr::test() - failed to converge 
after: 10 iterations  current Norm: 0.0297968 (max: 1e-06, Norm deltaR: 2299.83)
WARNING - ForceBeamColumn3d::update - failed to get compatible element forces & deformations for element: 3301(dW: << 7.4328e-06, dW0: 61.4379)
Domain::update - domain failed in update
DisplacementControl::update - model failed to update for new dU
WARNING BFGS::solveCurrentStep() -the Integrator failed in update()
StaticAnalysis::analyze() - the Algorithm failed at step: 0 with domain at load factor 762.552
OpenSees > analyze failed, returned: -3 error flag
WARNING - ForceBeamColumn3d::update - failed to get compatible element forces & deformations for element: 3032(dW: << 0.000318233, dW0: 1.606e+07)
Domain::update - domain failed in update
DisplacementControl::update - model failed to update for new dU
WARNING AcceleratedNewton::solveCurrentStep() -the Integrator failed in update()
StaticAnalysis::analyze() - the Algorithm failed at step: 0 with domain at load factor 897.087
OpenSees > analyze failed, returned: -3 error flag
WARNING: CTestNormDispIncr::test() - failed to converge 
after: 100 iterations  current Norm: 5.08812e-05 (max: 1e-06, Norm deltaR: 82.015)
NewtonLineSearch::solveCurrentStep() -the ConvergenceTest object failed in test()
StaticAnalysis::analyze() - the Algorithm failed at step: 0 with domain at load factor 861.553
OpenSees > analyze failed, returned: -3 error flag
WARNING - ForceBeamColumn3d::update - failed to get compatible element forces & deformations for element: 3230(dW: << 0.000126445, dW0: -6.33615)
Domain::update - domain failed in update
DisplacementControl::update - model failed to update for new dU
WARNING Broyden::solveCurrentStep() -the Integrator failed in update()
StaticAnalysis::analyze() - the Algorithm failed at step: 0 with domain at load factor -1226.24
OpenSees > analyze failed, returned: -3 error flag
WARNING - ForceBeamColumn3d::update - failed to get compatible element forces & deformations for element: 3130(dW: << 0.0682059, dW0: 8.68566e+06)
WARNING - ForceBeamColumn3d::update - failed to get compatible element forces & deformations for element: 3010(dW: << 24.5672, dW0: 4.63142e+06)
Domain::update - domain failed in update
DisplacementControl::update - model failed to update for new dU
WARNING BFGS::solveCurrentStep() -the Integrator failed in update()
StaticAnalysis::analyze() - the Algorithm failed at step: 0 with domain at load factor 880.868
OpenSees > analyze failed, returned: -3 error flag
WARNING - ForceBeamColumn3d::update - failed to get compatible element forces & deformations for element: 3220(dW: << -0.00282234, dW0: 3.19735)
WARNING - ForceBeamColumn3d::update - failed to get compatible element forces & deformations for element: 3220(dW: << -0.00282234, dW0: 0.630614)
Domain::update - domain failed in update
DisplacementControl::update - model failed to update for new dU
WARNING AcceleratedNewton::solveCurrentStep() -the Integrator failed in update()
StaticAnalysis::analyze() - the Algorithm failed at step: 0 with domain at load factor 931.215
OpenSees > analyze failed, returned: -3 error flag
WARNING: CTestNormDispIncr::test() - failed to converge 
after: 100 iterations  current Norm: 5.08911e-05 (max: 1e-06, Norm deltaR: 82.0286)
NewtonLineSearch::solveCurrentStep() -the ConvergenceTest object failed in test()
StaticAnalysis::analyze() - the Algorithm failed at step: 0 with domain at load factor 861.523
OpenSees > analyze failed, returned: -3 error flag
WARNING: CTestNormDispIncr::test() - failed to converge 
after: 10 iterations  current Norm: 0.0611011 (max: 1e-06, Norm deltaR: 2203.11)
WARNING - ForceBeamColumn3d::update - failed to get compatible element forces & deformations for element: 3021(dW: << -0.00875992, dW0: 166416)
WARNING - ForceBeamColumn3d::update - failed to get compatible element forces & deformations for element: 3332(dW: << -0.0043655, dW0: 2530.26)
Domain::update - domain failed in update
DisplacementControl::update - model failed to update for new dU
WARNING Broyden::solveCurrentStep() -the Integrator failed in update()
StaticAnalysis::analyze() - the Algorithm failed at step: 0 with domain at load factor 64.9762
OpenSees > analyze failed, returned: -3 error flag
WARNING - ForceBeamColumn3d::update - failed to get compatible element forces & deformations for element: 3020(dW: << 0.0487594, dW0: 17.238)
Domain::update - domain failed in update
DisplacementControl::update - model failed to update for new dU
WARNING BFGS::solveCurrentStep() -the Integrator failed in update()
StaticAnalysis::analyze() - the Algorithm failed at step: 0 with domain at load factor 908.101
OpenSees > analyze failed, returned: -3 error flag
WARNING - ForceBeamColumn3d::update - failed to get compatible element forces & deformations for element: 3030(dW: << 2.71608e-10, dW0: 1.73256e+07)
WARNING - ForceBeamColumn3d::update - failed to get compatible element forces & deformations for element: 3030(dW: << 1.08644e-10, dW0: 4.77115e+07)
Domain::update - domain failed in update
DisplacementControl::update - model failed to update for new dU
WARNING AcceleratedNewton::solveCurrentStep() -the Integrator failed in update()
StaticAnalysis::analyze() - the Algorithm failed at step: 0 with domain at load factor -159.809
OpenSees > analyze failed, returned: -3 error flag
WARNING - ForceBeamColumn3d::update - failed to get compatible element forces & deformations for element: 3000(dW: << 7.26591e-11, dW0: -59.0114)
Domain::update - domain failed in update
DisplacementControl::update - model failed to update for new dU
WARNING NewtonLineSearch::solveCurrentStep() -the Integrator failed in update()
StaticAnalysis::analyze() - the Algorithm failed at step: 0 with domain at load factor 824.63
OpenSees > analyze failed, returned: -3 error flag
WARNING: CTestNormDispIncr::test() - failed to converge 
after: 10 iterations  current Norm: 9.05873 (max: 1e-05, Norm deltaR: 32978.6)
WARNING: CTestNormDispIncr::test() - failed to converge 
after: 10 iterations  current Norm: 4.61523e+09 (max: 1e-05, Norm deltaR: 1.95781e+09)
WARNING: CTestNormDispIncr::test() - failed to converge 
after: 10 iterations  current Norm: 8.13114e+10 (max: 1e-05, Norm deltaR: 1.28598e+06)
WARNING: CTestNormDispIncr::test() - failed to converge 
after: 10 iterations  current Norm: 6.19148e+09 (max: 1e-05, Norm deltaR: 155868)
WARNING: CTestNormDispIncr::test() - failed to converge 
after: 10 iterations  current Norm: 8.94946e+07 (max: 1e-05, Norm deltaR: 105388)
WARNING: CTestNormDispIncr::test() - failed to converge 
after: 10 iterations  current Norm: 1.86859e+08 (max: 1e-05, Norm deltaR: 99836.5)
WARNING: CTestNormDispIncr::test() - failed to converge 
after: 10 iterations  current Norm: 4.23607e+07 (max: 1e-05, Norm deltaR: 27467.1)
WARNING: CTestNormDispIncr::test() - failed to converge 
after: 10 iterations  current Norm: 8.30851e+09 (max: 1e-05, Norm deltaR: 64504.2)
WARNING: CTestNormDispIncr::test() - failed to converge 
after: 10 iterations  current Norm: 4.13634e+07 (max: 1e-05, Norm deltaR: 24395.6)
WARNING: CTestNormDispIncr::test() - failed to converge 
after: 10 iterations  current Norm: 2.62029e+08 (max: 1e-05, Norm deltaR: 25643.1)
WARNING: CTestNormDispIncr::test() - failed to converge 
after: 10 iterations  current Norm: 1.6512e+07 (max: 1e-05, Norm deltaR: 70238.4)
WARNING: CTestNormDispIncr::test() - failed to converge 
after: 10 iterations  current Norm: 4.07899e+07 (max: 1e-05, Norm deltaR: 65844.8)
WARNING: CTestNormDispIncr::test() - failed to converge 
after: 10 iterations  current Norm: 7.29731e+09 (max: 1e-05, Norm deltaR: 65928.7)
WARNING: CTestNormDispIncr::test() - failed to converge 
after: 10 iterations  current Norm: 2.03758e+07 (max: 1e-05, Norm deltaR: 87854.8)
WARNING: CTestNormDispIncr::test() - failed to converge 
after: 10 iterations  current Norm: 1.02394e+08 (max: 1e-05, Norm deltaR: 51074.7)
WARNING: CTestNormDispIncr::test() - failed to converge 
after: 10 iterations  current Norm: 1.21464e+09 (max: 1e-05, Norm deltaR: 43060.1)
WARNING: CTestNormDispIncr::test() - failed to converge 
after: 10 iterations  current Norm: 2.53514e+08 (max: 1e-05, Norm deltaR: 17937.2)
WARNING: CTestNormDispIncr::test() - failed to converge 
after: 10 iterations  current Norm: 1.87102e+08 (max: 1e-05, Norm deltaR: 35452)
WARNING: CTestNormDispIncr::test() - failed to converge 
after: 10 iterations  current Norm: 1.54053e+08 (max: 1e-05, Norm deltaR: 108737)
WARNING: CTestNormDispIncr::test() - failed to converge 
after: 10 iterations  current Norm: 2.50194e+09 (max: 1e-05, Norm deltaR: 939396)
WARNING: CTestNormDispIncr::test() - failed to converge 
after: 10 iterations  current Norm: 1.87407e+09 (max: 1e-05, Norm deltaR: 209712)
WARNING: CTestNormDispIncr::test() - failed to converge 
after: 10 iterations  current Norm: 7.16807e+06 (max: 1e-05, Norm deltaR: 1276.75)
WARNING: CTestNormDispIncr::test() - failed to converge 
after: 10 iterations  current Norm: 3.22613e+11 (max: 1e-05, Norm deltaR: 1.45914e+06)
WARNING: CTestNormDispIncr::test() - failed to converge 
after: 10 iterations  current Norm: 3.37869e+09 (max: 1e-05, Norm deltaR: 68113)
WARNING: CTestNormDispIncr::test() - failed to converge 
after: 10 iterations  current Norm: 7.57825e+07 (max: 1e-05, Norm deltaR: 34983.2)
WARNING: CTestNormDispIncr::test() - failed to converge 
after: 10 iterations  current Norm: 6.69713e+08 (max: 1e-05, Norm deltaR: 109145)
WARNING: CTestNormDispIncr::test() - failed to converge 
after: 10 iterations  current Norm: 2.82676e+10 (max: 1e-05, Norm deltaR: 220440)
WARNING: CTestNormDispIncr::test() - failed to converge 
after: 10 iterations  current Norm: 1.15681e+08 (max: 1e-05, Norm deltaR: 144283)
WARNING: CTestNormDispIncr::test() - failed to converge 
after: 10 iterations  current Norm: 4.03146e+08 (max: 1e-05, Norm deltaR: 139459)
WARNING: CTestNormDispIncr::test() - failed to converge 
after: 10 iterations  current Norm: 1.11038e+08 (max: 1e-05, Norm deltaR: 78079.7)
WARNING: CTestNormDispIncr::test() - failed to converge 
after: 10 iterations  current Norm: 1.73032e+09 (max: 1e-05, Norm deltaR: 302448)
WARNING: CTestNormDispIncr::test() - failed to converge 
after: 10 iterations  current Norm: 1.42413e+09 (max: 1e-05, Norm deltaR: 21425.9)
WARNING: CTestNormDispIncr::test() - failed to converge 
after: 10 iterations  current Norm: 2.76443e+07 (max: 1e-05, Norm deltaR: 23972.2)
WARNING: CTestNormDispIncr::test() - failed to converge 
after: 10 iterations  current Norm: 8.99774e+06 (max: 1e-05, Norm deltaR: 28107.3)
WARNING: CTestNormDispIncr::test() - failed to converge 
after: 10 iterations  current Norm: 7.91794e+07 (max: 1e-05, Norm deltaR: 48362.9)
WARNING: CTestNormDispIncr::test() - failed to converge 
after: 10 iterations  current Norm: 3.24011e+08 (max: 1e-05, Norm deltaR: 4626.25)
WARNING: CTestNormDispIncr::test() - failed to converge 
after: 10 iterations  current Norm: 2.44411e+07 (max: 1e-05, Norm deltaR: 15394.3)
WARNING: CTestNormDispIncr::test() - failed to converge 
after: 10 iterations  current Norm: 9.87775e+08 (max: 1e-05, Norm deltaR: 66667.9)
WARNING: CTestNormDispIncr::test() - failed to converge 
after: 10 iterations  current Norm: 2.25467e+08 (max: 1e-05, Norm deltaR: 275518)
WARNING: CTestNormDispIncr::test() - failed to converge 
after: 10 iterations  current Norm: 1.19283e+08 (max: 1e-05, Norm deltaR: 112720)
WARNING: CTestNormDispIncr::test() - failed to converge 
after: 10 iterations  current Norm: 2.40147e+07 (max: 1e-05, Norm deltaR: 55633.3)
WARNING: CTestNormDispIncr::test() - failed to converge 
after: 10 iterations  current Norm: 1.99434e+07 (max: 1e-05, Norm deltaR: 1209.46)
WARNING: CTestNormDispIncr::test() - failed to converge 
after: 10 iterations  current Norm: 8.13943e+07 (max: 1e-05, Norm deltaR: 125898)
WARNING: CTestNormDispIncr::test() - failed to converge 
after: 10 iterations  current Norm: 3.86441e+07 (max: 1e-05, Norm deltaR: 25859.8)
WARNING: CTestNormDispIncr::test() - failed to converge 
after: 10 iterations  current Norm: 1.21065e+07 (max: 1e-05, Norm deltaR: 17349.5)
WARNING: CTestNormDispIncr::test() - failed to converge 
after: 10 iterations  current Norm: 2.40031e+08 (max: 1e-05, Norm deltaR: 96174.2)
WARNING: CTestNormDispIncr::test() - failed to converge 
after: 10 iterations  current Norm: 1.34195e+07 (max: 1e-05, Norm deltaR: 37589.7)
WARNING: CTestNormDispIncr::test() - failed to converge 
after: 10 iterations  current Norm: 2.46715e+07 (max: 1e-05, Norm deltaR: 148118)
WARNING: CTestNormDispIncr::test() - failed to converge 
after: 10 iterations  current Norm: 3.54501e+09 (max: 1e-05, Norm deltaR: 77965.4)
WARNING: CTestNormDispIncr::test() - failed to converge 
after: 10 iterations  current Norm: 5.08536e+08 (max: 1e-05, Norm deltaR: 201374)
WARNING: CTestNormDispIncr::test() - failed to converge 
after: 10 iterations  current Norm: 6.10473e+08 (max: 1e-05, Norm deltaR: 102458)
WARNING: CTestNormDispIncr::test() - failed to converge 
after: 10 iterations  current Norm: 1.73826e+08 (max: 1e-05, Norm deltaR: 62948.5)
WARNING: CTestNormDispIncr::test() - failed to converge 
after: 10 iterations  current Norm: 4.78543e+08 (max: 1e-05, Norm deltaR: 142876)
WARNING: CTestNormDispIncr::test() - failed to converge 
after: 10 iterations  current Norm: 5.93765e+07 (max: 1e-05, Norm deltaR: 417012)
WARNING: CTestNormDispIncr::test() - failed to converge 
after: 10 iterations  current Norm: 2.60506e+08 (max: 1e-05, Norm deltaR: 55146.8)
WARNING: CTestNormDispIncr::test() - failed to converge 
after: 10 iterations  current Norm: 2.29106e+08 (max: 1e-05, Norm deltaR: 136856)
WARNING: CTestNormDispIncr::test() - failed to converge 
after: 10 iterations  current Norm: 5.7866e+07 (max: 1e-05, Norm deltaR: 83520.6)
WARNING: CTestNormDispIncr::test() - failed to converge 
after: 10 iterations  current Norm: 5.98307e+07 (max: 1e-05, Norm deltaR: 56613.3)
WARNING: CTestNormDispIncr::test() - failed to converge 
after: 10 iterations  current Norm: 1.97721e+07 (max: 1e-05, Norm deltaR: 97962.6)
WARNING: CTestNormDispIncr::test() - failed to converge 
after: 10 iterations  current Norm: 6.72382e+08 (max: 1e-05, Norm deltaR: 438291)
WARNING: CTestNormDispIncr::test() - failed to converge 
after: 10 iterations  current Norm: 4.87644e+08 (max: 1e-05, Norm deltaR: 74680.7)
WARNING: CTestNormDispIncr::test() - failed to converge 
after: 10 iterations  current Norm: 4.51849e+07 (max: 1e-05, Norm deltaR: 32979.1)
WARNING: CTestNormDispIncr::test() - failed to converge 
after: 10 iterations  current Norm: 3.1255e+07 (max: 1e-05, Norm deltaR: 89674.3)
WARNING: CTestNormDispIncr::test() - failed to converge 
after: 10 iterations  current Norm: 3.22904e+08 (max: 1e-05, Norm deltaR: 7106.9)
WARNING: CTestNormDispIncr::test() - failed to converge 
after: 10 iterations  current Norm: 1.00744e+08 (max: 1e-05, Norm deltaR: 15619.5)
WARNING: CTestNormDispIncr::test() - failed to converge 
after: 10 iterations  current Norm: 1.49127e+08 (max: 1e-05, Norm deltaR: 260653)
WARNING: CTestNormDispIncr::test() - failed to converge 
after: 10 iterations  current Norm: 1.59314e+10 (max: 1e-05, Norm deltaR: 1.2212e+06)
WARNING: CTestNormDispIncr::test() - failed to converge 
after: 10 iterations  current Norm: 7.71396e+08 (max: 1e-05, Norm deltaR: 255759)
WARNING: CTestNormDispIncr::test() - failed to converge 
after: 10 iterations  current Norm: 9.19912e+08 (max: 1e-05, Norm deltaR: 117939)
WARNING: CTestNormDispIncr::test() - failed to converge 
after: 10 iterations  current Norm: 3.36653e+09 (max: 1e-05, Norm deltaR: 326648)
WARNING: CTestNormDispIncr::test() - failed to converge 
after: 10 iterations  current Norm: 1.22164e+07 (max: 1e-05, Norm deltaR: 7657.37)
WARNING: CTestNormDispIncr::test() - failed to converge 
after: 10 iterations  current Norm: 4.84985e+08 (max: 1e-05, Norm deltaR: 188430)
WARNING: CTestNormDispIncr::test() - failed to converge 
after: 10 iterations  current Norm: 4.24014e+07 (max: 1e-05, Norm deltaR: 116145)
WARNING: CTestNormDispIncr::test() - failed to converge 
after: 10 iterations  current Norm: 2.61504e+08 (max: 1e-05, Norm deltaR: 446111)
WARNING: CTestNormDispIncr::test() - failed to converge 
after: 10 iterations  current Norm: 2.57908e+07 (max: 1e-05, Norm deltaR: 65630.1)
WARNING: CTestNormDispIncr::test() - failed to converge 
after: 10 iterations  current Norm: 1.98177e+08 (max: 1e-05, Norm deltaR: 92627.7)
WARNING: CTestNormDispIncr::test() - failed to converge 
after: 10 iterations  current Norm: 5.02238e+08 (max: 1e-05, Norm deltaR: 29858.3)
WARNING: CTestNormDispIncr::test() - failed to converge 
after: 10 iterations  current Norm: 1.19518e+07 (max: 1e-05, Norm deltaR: 27015.2)
WARNING: CTestNormDispIncr::test() - failed to converge 
after: 10 iterations  current Norm: 2.97724e+08 (max: 1e-05, Norm deltaR: 115105)
WARNING: CTestNormDispIncr::test() - failed to converge 
after: 10 iterations  current Norm: 7.91018e+10 (max: 1e-05, Norm deltaR: 209931)
WARNING: CTestNormDispIncr::test() - failed to converge 
after: 10 iterations  current Norm: 1.66832e+08 (max: 1e-05, Norm deltaR: 108249)
WARNING: CTestNormDispIncr::test() - failed to converge 
after: 10 iterations  current Norm: 1.56855e+09 (max: 1e-05, Norm deltaR: 138945)
WARNING: CTestNormDispIncr::test() - failed to converge 
after: 10 iterations  current Norm: 6.15052e+07 (max: 1e-05, Norm deltaR: 174577)
WARNING: CTestNormDispIncr::test() - failed to converge 
after: 10 iterations  current Norm: 4.748e+06 (max: 1e-05, Norm deltaR: 118250)
WARNING: CTestNormDispIncr::test() - failed to converge 
after: 10 iterations  current Norm: 1.69422e+07 (max: 1e-05, Norm deltaR: 30643.5)
WARNING: CTestNormDispIncr::test() - failed to converge 
after: 10 iterations  current Norm: 1.59811e+08 (max: 1e-05, Norm deltaR: 16736)
WARNING: CTestNormDispIncr::test() - failed to converge 
after: 10 iterations  current Norm: 3.45234e+07 (max: 1e-05, Norm deltaR: 31862.3)
WARNING: CTestNormDispIncr::test() - failed to converge 
after: 10 iterations  current Norm: 8.21833e+08 (max: 1e-05, Norm deltaR: 224377)
WARNING: CTestNormDispIncr::test() - failed to converge 
after: 10 iterations  current Norm: 4.56414e+08 (max: 1e-05, Norm deltaR: 50712.9)
WARNING: CTestNormDispIncr::test() - failed to converge 
after: 10 iterations  current Norm: 6.29318e+07 (max: 1e-05, Norm deltaR: 11735.5)
WARNING: CTestNormDispIncr::test() - failed to converge 
after: 10 iterations  current Norm: 3.785e+07 (max: 1e-05, Norm deltaR: 28146.2)
WARNING: CTestNormDispIncr::test() - failed to converge 
after: 10 iterations  current Norm: 6.50488e+08 (max: 1e-05, Norm deltaR: 134691)
WARNING: CTestNormDispIncr::test() - failed to converge 
after: 10 iterations  current Norm: 1.89966e+08 (max: 1e-05, Norm deltaR: 60659.1)
WARNING: CTestNormDispIncr::test() - failed to converge 
after: 10 iterations  current Norm: 1.7698e+10 (max: 1e-05, Norm deltaR: 333071)
WARNING: CTestNormDispIncr::test() - failed to converge 
after: 10 iterations  current Norm: 9.85222e+07 (max: 1e-05, Norm deltaR: 226757)
WARNING: CTestNormDispIncr::test() - failed to converge 
after: 10 iterations  current Norm: 1.37684e+08 (max: 1e-05, Norm deltaR: 864264)
WARNING - ForceBeamColumn3d::update - failed to get compatible element forces & deformations for element: 3120(dW: << 4.78853e-11, dW0: 6.82694e+24)
WARNING - ForceBeamColumn3d::update - failed to get compatible element forces & deformations for element: 3220(dW: << 6.84727e-10, dW0: 1.21446e+24)
WARNING - ForceBeamColumn3d::update - failed to get compatible element forces & deformations for element: 1001(dW: << 5.41245e-11, dW0: 3.27117e+23)
WARNING - ForceBeamColumn3d::update - failed to get compatible element forces & deformations for element: 1021(dW: << 4.31143e-10, dW0: 5.51952e+23)
WARNING - ForceBeamColumn3d::update - failed to get compatible element forces & deformations for element: 3120(dW: << 7.5212e-10, dW0: 7.38919e+24)
WARNING - ForceBeamColumn3d::update - failed to get compatible element forces & deformations for element: 3220(dW: << 6.74206e-10, dW0: 1.58972e+24)
WARNING - ForceBeamColumn3d::update - failed to get compatible element forces & deformations for element: 4201(dW: << 1.96088e-11, dW0: 2.9725e+23)
Domain::update - domain failed in update
DisplacementControl::update - model failed to update for new dU
WARNING Broyden::solveCurrentStep() -the Integrator failed in update()
StaticAnalysis::analyze() - the Algorithm failed at step: 0 with domain at load factor 8.87155e+08
OpenSees > analyze failed, returned: -3 error flag
WARNING: CTestNormDispIncr::test() - failed to converge 
after: 10 iterations  current Norm: 0.0256132 (max: 1e-05, Norm deltaR: 2193.5)
WARNING - ForceBeamColumn3d::update - failed to get compatible element forces & deformations for element: 3221(dW: << -0.13526, dW0: 304441)
Domain::update - domain failed in update
DisplacementControl::update - model failed to update for new dU
WARNING BFGS::solveCurrentStep() -the Integrator failed in update()
StaticAnalysis::analyze() - the Algorithm failed at step: 0 with domain at load factor 820.7
OpenSees > analyze failed, returned: -3 error flag
WARNING - ForceBeamColumn3d::update - failed to get compatible element forces & deformations for element: 3230(dW: << 0.00831932, dW0: 1741.96)
WARNING - ForceBeamColumn3d::update - failed to get compatible element forces & deformations for element: 3021(dW: << 0.00181172, dW0: 1.22045e+06)
Domain::update - domain failed in update
DisplacementControl::update - model failed to update for new dU
WARNING AcceleratedNewton::solveCurrentStep() -the Integrator failed in update()
StaticAnalysis::analyze() - the Algorithm failed at step: 0 with domain at load factor 857.781
OpenSees > analyze failed, returned: -3 error flag
WARNING - ForceBeamColumn3d::update - failed to get compatible element forces & deformations for element: 3122(dW: << 0.00293162, dW0: 2.22628e+09)
WARNING - ForceBeamColumn3d::update - failed to get compatible element forces & deformations for element: 4202(dW: << 9.11519e-09, dW0: 1.26212e+08)
Domain::update - domain failed in update
DisplacementControl::update - model failed to update for new dU
WARNING NewtonLineSearch::solveCurrentStep() -the Integrator failed in update()
StaticAnalysis::analyze() - the Algorithm failed at step: 0 with domain at load factor -760.673
OpenSees > analyze failed, returned: -3 error flag
WARNING - ForceBeamColumn3d::update - failed to get compatible element forces & deformations for element: 2122(dW: << 0.173805, dW0: 5.31842)
Domain::update - domain failed in update
DisplacementControl::update - model failed to update for new dU
WARNING AcceleratedNewton::solveCurrentStep() -the Integrator failed in update()
StaticAnalysis::analyze() - the Algorithm failed at step: 0 with domain at load factor -384.709
OpenSees > analyze failed, returned: -3 error flag
WARNING - ForceBeamColumn3d::update - failed to get compatible element forces & deformations for element: 3032(dW: << -2.01555e-06, dW0: 3.47595e+10)
WARNING - ForceBeamColumn3d::update - failed to get compatible element forces & deformations for element: 3211(dW: << 11045.2, dW0: 2.97222e+08)
WARNING - ForceBeamColumn3d::update - failed to get compatible element forces & deformations for element: 3311(dW: << 0.000387325, dW0: -65322.2)
Domain::update - domain failed in update
DisplacementControl::update - model failed to update for new dU
WARNING AcceleratedNewton::solveCurrentStep() -the Integrator failed in update()
StaticAnalysis::analyze() - the Algorithm failed at step: 0 with domain at load factor -17127.8
OpenSees > analyze failed, returned: -3 error flag
WARNING: CTestNormDispIncr::test() - failed to converge 
after: 100 iterations  current Norm: 1.24177e+07 (max: 1e-06, Norm deltaR: 2182.83)
NewtonLineSearch::solveCurrentStep() -the ConvergenceTest object failed in test()
StaticAnalysis::analyze() - the Algorithm failed at step: 0 with domain at load factor 36.4907
OpenSees > analyze failed, returned: -3 error flag
WARNING: CTestNormDispIncr::test() - failed to converge 
after: 10 iterations  current Norm: 0.0116881 (max: 1e-06, Norm deltaR: 1371.18)
WARNING: CTestNormDispIncr::test() - failed to converge 
after: 10 iterations  current Norm: 0.013189 (max: 1e-06, Norm deltaR: 1594.82)
WARNING: CTestNormDispIncr::test() - failed to converge 
after: 10 iterations  current Norm: 2.17181e+09 (max: 1e-06, Norm deltaR: 4.28373e+08)
WARNING - ForceBeamColumn3d::update - failed to get compatible element forces & deformations for element: 3000(dW: << 1.08988e-10, dW0: 2.83671e+09)
WARNING - ForceBeamColumn3d::update - failed to get compatible element forces & deformations for element: 3000(dW: << 1.81647e-10, dW0: 3.11228e+09)
Domain::update - domain failed in update
DisplacementControl::update - model failed to update for new dU
WARNING Broyden::solveCurrentStep() -the Integrator failed in update()
StaticAnalysis::analyze() - the Algorithm failed at step: 0 with domain at load factor 33146
OpenSees > analyze failed, returned: -3 error flag
WARNING: CTestNormDispIncr::test() - failed to converge 
after: 10 iterations  current Norm: 0.00800143 (max: 1e-06, Norm deltaR: 203.136)
WARNING: CTestNormDispIncr::test() - failed to converge 
after: 10 iterations  current Norm: 0.0449278 (max: 1e-06, Norm deltaR: 892.97)
WARNING: CTestNormDispIncr::test() - failed to converge 
after: 10 iterations  current Norm: 0.0501013 (max: 1e-06, Norm deltaR: 1072.43)
WARNING - ForceBeamColumn3d::update - failed to get compatible element forces & deformations for element: 3131(dW: << 0.00133415, dW0: -1.74388)
Domain::update - domain failed in update
DisplacementControl::update - model failed to update for new dU
WARNING BFGS::solveCurrentStep() -the Integrator failed in update()
StaticAnalysis::analyze() - the Algorithm failed at step: 0 with domain at load factor -496.938
OpenSees > analyze failed, returned: -3 error flag
WARNING - ForceBeamColumn3d::update - failed to get compatible element forces & deformations for element: 3130(dW: << 0.00149991, dW0: -812.824)
Domain::update - domain failed in update
DisplacementControl::update - model failed to update for new dU
WARNING AcceleratedNewton::solveCurrentStep() -the Integrator failed in update()
StaticAnalysis::analyze() - the Algorithm failed at step: 0 with domain at load factor -1032.79
OpenSees > analyze failed, returned: -3 error flag
WARNING - ForceBeamColumn3d::update - failed to get compatible element forces & deformations for element: 3312(dW: << 3.82953e-10, dW0: -8.62749e+07)
Domain::update - domain failed in update
DisplacementControl::update - model failed to update for new dU
WARNInG InitialInterpolatedLineSearch::search() -the Integrator failed in update()
