0.00000000
163.56680011
296.54018794
407.27494749
501.49826535
581.24848444
647.41629170
700.48196612
740.43083566
767.32998363
765.59626147
762.66928970
759.48965246
755.84541231
752.01101927
747.81486854
740.60644826
727.78066147
712.80946987
695.36722659
676.12336074
656.60252305
636.86098490
616.95432275
596.43803219
575.19904282
553.58308894
531.76050413
509.68872137
487.54974064
465.35276955
452.77169730
434.45439981
435.17159413
435.31509863
435.39764375
435.42142335
435.39397988
435.31456052
435.20333539
435.05968515
434.87971747
434.65424394
434.38110558
434.04035912
433.62593350
433.15877978
432.63144830
432.02716708
431.37494692
430.69931029
430.00582054
429.29526442
428.56122023
427.80643359
427.02612111
426.20439707
425.34159384
424.45614717
423.54525214
422.60338025
421.63982246
420.66821113
419.68799462
418.69978477
417.69703992
416.67539551
415.63678655
414.58733464
413.52742645
412.45281237
411.37463594
410.29106568
409.20314199
408.11329516
407.02227667
405.92687435
404.82710932
403.72229474
402.61186511
401.49526822
400.37371883
399.24641806
398.11131905
396.96715176
395.81469363
394.66164366
393.49832411
392.32495009
391.14175881
389.94936690
388.74086668
387.52750294
386.30457429
385.09157673
383.99313450
382.94397855
381.90901674
380.88397138
379.86405553
378.85119877
377.87833756
376.93505232
375.99921392
375.06728597
374.13799733
373.21433874
372.28838828
371.36511822
370.43936892
369.51580802
368.58968358
367.68879659
366.79958102
365.91957140
365.04064611
364.16582470
363.30982615
362.46744369
361.65639587
360.87986120
360.11228893
359.35003959
358.60854921
357.87896074
357.16025879
356.45023504
355.75669053
355.08196155
354.43965678
353.81465074
353.18818935
352.58518722
351.98649164
351.39325585
350.80168331
350.18594213
349.62138359
349.06104128
348.49754684
347.93918970
347.38393865
346.81523309
346.21803193
345.56552422
345.20062474
344.66996687
344.08783893
343.49198766
343.14079920
342.66819017
342.19673048
341.72736550
341.26681841
340.82356256
340.38513885
339.94919558
339.51440017
339.08235337
338.65070108
338.22257087
337.79468171
337.36811408
336.94197157
336.51691014
336.09390356
335.67239463
335.25083940
334.83082204
334.41106928
333.99282047
333.57480308
333.15659927
332.73821929
332.32007030
331.90348749
331.48685217
331.07018133
330.65304519
330.23573512
329.81837958
329.40098689
328.98343049
328.56570903
328.14790716
327.73001483
327.31207171
326.89391401
326.47961128
326.05330437
