0.00000000
125.20023085
221.67538074
305.66676680
385.78966725
464.26581736
541.02472021
615.99420530
688.88253792
759.74868690
828.32945779
894.27117544
957.63105324
1018.41568260
1076.57461830
1132.04841574
1184.99896409
1235.47998018
1283.44409847
1328.94472855
1371.85957878
1412.59516787
1450.93072909
1487.00044524
1520.74642610
1552.22381753
1581.36146660
1608.08626562
1629.70128156
1645.86706279
1657.94282750
1667.95166586
1677.63737562
1687.01628855
1695.89348298
1704.40820387
1712.65021156
1720.49905483
1728.11316167
1735.52996169
1742.75251331
1749.59617747
1755.84085505
1761.34872571
1765.54969612
1769.19536033
1771.43473061
1773.32639373
1774.63860848
1775.61148996
1776.21418645
1775.99276961
1774.88868992
1769.88107862
1751.82674303
1721.08738379
1683.55753604
1637.77253068
1579.96144882
1513.70586207
1478.28625271
1479.60196364
1479.85824245
1479.03750554
1477.59682044
1475.68193816
1473.36584836
1470.79076693
1467.82842408
1464.56541257
1461.05207968
1457.18294561
1453.07071118
1448.75682206
1444.35525920
1439.60756990
1434.59370493
1429.48032728
1424.29218525
1419.12702887
1406.73178235
1401.88536128
1396.66840640
1385.84419263
1361.13023716
1354.64001378
