0.00000000
106.21406016
182.14508065
252.99931764
322.43481298
390.53072996
457.12932087
522.13480152
585.49107275
647.04052591
706.69474012
764.43376427
820.15603736
874.12715513
926.07568112
976.18229946
1024.57889108
1071.12298078
1115.90340169
1158.61206953
1199.71672287
1239.09336194
1276.70115962
1312.54280741
1346.74703653
1379.35547295
1410.38664262
1439.19399968
1466.04165296
1491.15834289
1512.42758837
1531.51753151
1548.42675395
1564.62886771
1580.20652868
1595.26974653
1609.57139456
1622.91144848
1634.57711291
1645.91226949
1657.01299800
1667.57609757
1677.69883085
1687.55158656
1696.83344863
1705.40695384
1713.58512295
1721.10733567
1728.13210169
1734.59543673
1740.75246900
1746.21998255
1751.09341521
1755.57236912
1759.40389641
1762.38455877
1764.66462235
1766.41995768
1767.00686345
1766.11848346
1763.91362186
1758.60388227
1748.20055223
1732.52743025
1711.32772074
1686.93915593
1652.33140388
1618.88169125
1611.83913136
1604.20945096
1597.08109943
1589.61245779
1586.33333564
1573.56360828
1554.73184800
1541.66799272
1536.91810840
1520.88061422
1515.27841917
1503.99759198
1491.60174525
1485.23270578
1063.63607924
988.12062545
974.88578696
874.74675272
868.75025684
861.48231934
845.99829311
839.82781961
834.34524022
829.11101005
823.43407260
813.00314585
807.81102375
801.81451259
792.53713081
788.62632286
783.64176779
778.65845856
771.15781338
764.18138264
759.99369842
754.79380407
749.43926175
744.26446481
734.49187644
725.15035615
719.81751097
715.13376894
709.79528114
