0.00000000
0.00102378
0.00202378
0.00302378
0.00402378
0.00502378
0.00602378
0.00702378
0.00802378
0.00902378
0.01002378
0.01102378
0.01202378
0.01302378
0.01402378
0.01502378
0.01602378
0.01702378
0.01802378
0.01902378
0.02002378
0.02102378
0.02202378
0.02302378
0.02402378
0.02502378
0.02602378
0.02702378
0.02802378
0.02902378
0.03002378
0.03102378
0.03202378
0.03302378
0.03402378
0.03502378
0.03602378
0.03702378
0.03802378
0.03902378
0.04002378
0.04102378
0.04202378
0.04302378
0.04402378
0.04502378
0.04602378
0.04702378
0.04802378
0.04902378
0.05002378
0.05102378
0.05202378
0.05302378
0.05402378
0.05502378
0.05602378
0.05702378
0.05802378
0.05902378
0.06002378
0.06102378
0.06202378
0.06302378
0.06402378
0.06502378
0.06602378
0.06702378
0.06802378
0.06902378
0.07002378
0.07102378
0.07202378
0.07302378
0.07402378
0.07502378
0.07602378
0.07702378
0.07802378
0.07902378
0.08002378
0.08102378
0.08202378
0.08302378
0.08402378
0.08502378
0.08602378
0.08702378
0.08802378
0.08902378
0.09002378
0.09102378
0.09202378
0.09302378
0.09402378
0.09502378
0.09602378
0.09702378
0.09802378
0.09902378
0.10002378
0.10102378
0.10202378
0.10302378
0.10402378
0.10502378
0.10602378
0.10702378
0.10802378
0.10902378
0.11002378
0.11102378
0.11202378
0.11302378
0.11402378
0.11502378
0.11602378
0.11702378
0.11802378
0.11902378
0.12002378
0.12102378
0.12202378
0.12302378
0.12402378
0.12502378
0.12602378
0.12702378
0.12802378
0.12902378
0.13002378
0.13102378
0.13202378
0.13302378
0.13402378
0.13502378
0.13602378
0.13702378
0.13802378
0.13902378
0.14002378
0.14102378
0.14202378
0.14302378
0.14402378
0.14502378
0.14602378
0.14702378
0.14802378
0.14902378
0.15002378
0.15102378
0.15202378
0.15302378
0.15402378
0.15502378
