0.00000000
0.00094845
0.00194845
0.00294845
0.00394845
0.00494845
0.00594845
0.00694845
0.00794845
0.00894845
0.00994845
0.01094845
0.01194845
0.01294845
0.01394845
0.01494845
0.01594845
0.01694845
0.01794845
0.01894845
0.01994845
0.02094845
0.02194845
0.02294845
0.02394845
0.02494845
0.02594845
0.02694845
0.02794845
0.02894845
0.02994845
0.03094845
0.03194845
0.03294845
0.03394845
0.03494845
0.03594845
0.03694845
0.03794845
0.03894845
0.03994845
0.04094845
0.04194845
0.04294845
0.04394845
0.04494845
0.04594845
0.04694845
0.04794845
0.04894845
0.04994845
0.05094845
0.05194845
0.05294845
0.05394845
0.05494845
0.05594845
0.05694845
0.05794845
0.05894845
0.05994845
0.06094845
0.06194845
0.06294845
0.06394845
0.06494845
0.06594845
0.06694845
0.06794845
0.06894845
0.06994845
0.07094845
0.07194845
0.07294845
0.07394845
0.07494845
0.07594845
0.07694845
0.07794845
0.07894845
0.07994845
0.08094845
0.08194845
0.08294845
0.08394845
0.08494845
