WARNING: CTestEnergyIncr::test() - failed to converge 
after: 20 iterations
 current EnergyIncr: 3.01484e-05 (max: 1e-06) 	Norm deltaX: 0.000137472, Norm deltaR: 1.952
NewtonRaphson::solveCurrentStep() -the ConvergenceTest object failed in test()
StaticAnalysis::analyze() - the Algorithm failed at step: 0 with domain at load factor 1771.83
OpenSees > analyze failed, returned: -3 error flag
WARNING - ForceBeamColumn3d::update - failed to get compatible element forces & deformations for element: 3231(dW: << 0.00587702, dW0: -0.334935)
Domain::update - domain failed in update
DisplacementControl::update - model failed to update for new dU
WARNING AcceleratedNewton::solveCurrentStep() -the Integrator failed in update()
StaticAnalysis::analyze() - the Algorithm failed at step: 0 with domain at load factor 1428.79
OpenSees > analyze failed, returned: -3 error flag
WARNING - ForceBeamColumn3d::update - failed to get compatible element forces & deformations for element: 3231(dW: << 0.00587897, dW0: -0.322525)
Domain::update - domain failed in update
DisplacementControl::update - model failed to update for new dU
WARNING AcceleratedNewton::solveCurrentStep() -the Integrator failed in update()
StaticAnalysis::analyze() - the Algorithm failed at step: 0 with domain at load factor 1428.81
OpenSees > analyze failed, returned: -3 error flag
WARNING - ForceBeamColumn3d::update - failed to get compatible element forces & deformations for element: 3032(dW: << 0.000621579, dW0: 146386)
WARNING - ForceBeamColumn3d::update - failed to get compatible element forces & deformations for element: 3330(dW: << 3.12327e+06, dW0: -976.237)
Domain::update - domain failed in update
DisplacementControl::update - model failed to update for new dU
WARNInG InitialInterpolatedLineSearch::search() -the Integrator failed in update()
