0.00000000 0.00000000 0.00000000 0.00000000
0.00026948 0.00055849 0.00082181 0.00102378
0.00051694 0.00110728 0.00164546 0.00202378
0.00078846 0.00167758 0.00247830 0.00302378
0.00105934 0.00224787 0.00331178 0.00402378
0.00132959 0.00281848 0.00414645 0.00502378
0.00159918 0.00338912 0.00498199 0.00602378
0.00186758 0.00396005 0.00581909 0.00702378
0.00213654 0.00453190 0.00665790 0.00802378
0.00240579 0.00510450 0.00749852 0.00902378
0.00267666 0.00567899 0.00834109 0.01002378
0.00294929 0.00625598 0.00918629 0.01102378
0.00322542 0.00683644 0.01003441 0.01202378
0.00350295 0.00741966 0.01088469 0.01302378
0.00378649 0.00800773 0.01173827 0.01402378
0.00407196 0.00859854 0.01259471 0.01502378
0.00435908 0.00919255 0.01345368 0.01602378
0.00464921 0.00979032 0.01431568 0.01702378
0.00494441 0.01039274 0.01518101 0.01802378
0.00523917 0.01100054 0.01604990 0.01902378
0.00553493 0.01161049 0.01692204 0.02002378
0.00583363 0.01222429 0.01779769 0.02102378
0.00613305 0.01284147 0.01867668 0.02202378
0.00643708 0.01346449 0.01955973 0.02302378
0.00674270 0.01409089 0.02044644 0.02402378
0.00705028 0.01472192 0.02133682 0.02502378
0.00736006 0.01536021 0.02223151 0.02602378
0.00767068 0.01600800 0.02313177 0.02702378
0.00799053 0.01666444 0.02403677 0.02802378
0.00831272 0.01732950 0.02494701 0.02902378
0.00862957 0.01802320 0.02586953 0.03002378
0.00896453 0.01873482 0.02679893 0.03102378
0.00932599 0.01946709 0.02773569 0.03202378
0.00968446 0.02019601 0.02867480 0.03302378
0.01003799 0.02091793 0.02961485 0.03402378
0.01039047 0.02163721 0.03055575 0.03502378
0.01073153 0.02233855 0.03149790 0.03602378
0.01106754 0.02302919 0.03244154 0.03702378
0.01137593 0.02367575 0.03338776 0.03802378
0.01168205 0.02431837 0.03433428 0.03902378
0.01198435 0.02495846 0.03528145 0.04002378
0.01228027 0.02558857 0.03622967 0.04102378
0.01257289 0.02621161 0.03717862 0.04202378
0.01286952 0.02683713 0.03812817 0.04302378
0.01318220 0.02747248 0.03908014 0.04402378
0.01349965 0.02811283 0.04003338 0.04502378
0.01382834 0.02875926 0.04098819 0.04602378
0.01416602 0.02941023 0.04194493 0.04702378
0.01449387 0.03005565 0.04290259 0.04802378
0.01482924 0.03070969 0.04386215 0.04902378
0.01519858 0.03138843 0.04482469 0.05002378
0.01557686 0.03207218 0.04578955 0.05102378
0.01596424 0.03276214 0.04675596 0.05202378
0.01636712 0.03346177 0.04772363 0.05302378
0.01681109 0.03419650 0.04869492 0.05402378
0.01726745 0.03494741 0.04966839 0.05502378
0.01774395 0.03570525 0.05064442 0.05602378
0.01825414 0.03649314 0.05162379 0.05702378
0.01878684 0.03731731 0.05260774 0.05802378
0.01940592 0.03822986 0.05359975 0.05902378
0.02012132 0.03921021 0.05459739 0.06002378
0.02088116 0.04020774 0.05559785 0.06102378
0.02177924 0.04123526 0.05660404 0.06202378
0.02286921 0.04232420 0.05762600 0.06302378
0.02404585 0.04345835 0.05866051 0.06402378
0.02533392 0.04465053 0.05971144 0.06502378
0.02672217 0.04588923 0.06077302 0.06602378
0.02801932 0.04706588 0.06181792 0.06702378
0.02965906 0.04841018 0.06290373 0.06802378
0.03097540 0.04958490 0.06394524 0.06902378
0.03209179 0.05065180 0.06496008 0.07002378
0.03314882 0.05168489 0.06596559 0.07102378
0.03417987 0.05270296 0.06696656 0.07202378
0.03521001 0.05372154 0.06796852 0.07302378
0.03636136 0.05480298 0.06898689 0.07402378
0.03740198 0.05582459 0.06998925 0.07502378
0.03860663 0.05693241 0.07101338 0.07602378
0.03996219 0.05811872 0.07205745 0.07702378
0.04116765 0.05922288 0.07307965 0.07802378
0.04234852 0.06031249 0.07409426 0.07902378
0.04352150 0.06139924 0.07510950 0.08002378
0.04458872 0.06242468 0.07610657 0.08102378
0.04567821 0.06345981 0.07710519 0.08202378
0.04685668 0.06454208 0.07811464 0.08302378
0.04794750 0.06558415 0.07911869 0.08402378
0.04934629 0.06677655 0.08016299 0.08502378
0.05064918 0.06793143 0.08120044 0.08602378
0.05172317 0.06896461 0.08220425 0.08702378
0.05280903 0.07000452 0.08320984 0.08802378
0.05422592 0.07119255 0.08424849 0.08902378
0.05558426 0.07237269 0.08528993 0.09002378
0.05683335 0.07347831 0.08629613 0.09102378
0.05796177 0.07453499 0.08729859 0.09202378
0.05917670 0.07563442 0.08831036 0.09302378
0.06069385 0.07687534 0.08935530 0.09402378
0.06180574 0.07792951 0.09036396 0.09502378
0.06289519 0.07897249 0.09137023 0.09602378
0.06403045 0.08003987 0.09238483 0.09702378
0.06517542 0.08111121 0.09339793 0.09802378
0.06652339 0.08226107 0.09441453 0.09902378
0.06777353 0.08338016 0.09543338 0.10002378
0.06885036 0.08441450 0.09643636 0.10102378
0.06993746 0.08545161 0.09743807 0.10202378
0.07102808 0.08649179 0.09844243 0.10302378
0.07210240 0.08752249 0.09944220 0.10402378
0.07317237 0.08855268 0.10044354 0.10502378
0.07433174 0.08961947 0.10145150 0.10602378
0.07549407 0.09069719 0.10246872 0.10702378
0.07660834 0.09174887 0.10347725 0.10802378
0.07772895 0.09280530 0.10448772 0.10902378
0.07880089 0.09383715 0.10548936 0.11002378
0.07987686 0.09487096 0.10649153 0.11102378
0.08094259 0.09589895 0.10749193 0.11202378
0.08201267 0.09692991 0.10849306 0.11302378
0.08308857 0.09796410 0.10949529 0.11402378
0.08415892 0.09899404 0.11049495 0.11502378
0.08521675 0.10001757 0.11149322 0.11602378
0.08685352 0.10130744 0.11253003 0.11702378
0.08796241 0.10234968 0.11352393 0.11802378
0.08917554 0.10344511 0.11453029 0.11902378
0.09030195 0.10450127 0.11553229 0.12002378
0.09144314 0.10556577 0.11653641 0.12102378
0.09251285 0.10659122 0.11752999 0.12202378
0.09357472 0.10761334 0.11852305 0.12302378
0.09465910 0.10864526 0.11951716 0.12402378
0.09642113 0.11000902 0.12057306 0.12502378
0.09732148 0.11095156 0.12155119 0.12602378
0.09827080 0.11191878 0.12253514 0.12702378
0.09924985 0.11290181 0.12352351 0.12802378
0.10026065 0.11390325 0.12451789 0.12902378
0.10136560 0.11496158 0.12553492 0.13002378
0.10238517 0.11596399 0.12652805 0.13102378
0.10347673 0.11701869 0.12754581 0.13202378
0.10456216 0.11805765 0.12854576 0.13302378
0.10562847 0.11908624 0.12954198 0.13402378
0.10663961 0.12008670 0.13053563 0.13502378
0.10767062 0.12109768 0.13153222 0.13602378
0.10870833 0.12211136 0.13252855 0.13702378
0.10975874 0.12313184 0.13352685 0.13802378
0.11086245 0.12418127 0.13453563 0.13902378
0.11252983 0.12553309 0.13563740 0.14002378
0.11393996 0.12674358 0.13668407 0.14102378
0.11501700 0.12778040 0.13768870 0.14202378
0.11610939 0.12882482 0.13869483 0.14302378
0.11719968 0.12986825 0.13970108 0.14402378
0.11854325 0.13104930 0.14074185 0.14502378
0.11956692 0.13205709 0.14173624 0.14602378
0.12088980 0.13322688 0.14277348 0.14702378
0.12257793 0.13457527 0.14385676 0.14802378
0.12361896 0.13559558 0.14485726 0.14902378
0.12477564 0.13667504 0.14586530 0.15002378
0.12589221 0.13773638 0.14687807 0.15102378
0.12729019 0.13894310 0.14793115 0.15202378
0.12838064 0.13998913 0.14894088 0.15302378
0.12951465 0.14105091 0.14994366 0.15402378
0.13090633 0.14225540 0.15098433 0.15502378
