0.00000000 0.00000000 0.00000000 0.00000000
0.00025827 0.00053727 0.00077776 0.00094845
0.00051949 0.00111387 0.00160909 0.00194845
0.00080528 0.00170915 0.00247492 0.00294845
0.00108377 0.00229047 0.00332128 0.00394845
0.00136186 0.00287251 0.00416878 0.00494845
0.00163944 0.00345522 0.00501759 0.00594845
0.00191658 0.00403876 0.00586777 0.00694845
0.00219510 0.00462505 0.00672007 0.00794845
0.00247547 0.00521345 0.00757440 0.00894845
0.00275957 0.00580519 0.00843130 0.00994845
0.00304705 0.00640146 0.00929114 0.01094845
0.00333975 0.00700278 0.01015428 0.01194845
0.00363518 0.00760839 0.01102065 0.01294845
0.00393284 0.00821808 0.01189035 0.01394845
0.00423568 0.00883372 0.01276390 0.01494845
0.00454087 0.00945372 0.01364074 0.01594845
0.00484841 0.01007848 0.01452120 0.01694845
0.00515869 0.01070880 0.01540561 0.01794845
0.00547134 0.01134481 0.01629388 0.01894845
0.00578567 0.01198525 0.01718548 0.01994845
0.00610249 0.01263316 0.01808201 0.02094845
0.00641983 0.01328611 0.01898215 0.02194845
0.00673930 0.01394611 0.01988674 0.02294845
0.00706113 0.01461368 0.02079595 0.02394845
0.00738488 0.01528911 0.02170979 0.02494845
0.00771197 0.01597407 0.02262878 0.02594845
0.00804252 0.01667064 0.02355326 0.02694845
0.00835366 0.01740465 0.02449087 0.02794845
0.00866103 0.01818631 0.02544365 0.02894845
0.00900040 0.01901095 0.02640855 0.02994845
0.00939348 0.01985738 0.02737911 0.03094845
0.00978703 0.02070399 0.02835035 0.03194845
0.01018063 0.02155025 0.02932226 0.03294845
0.01056782 0.02239882 0.03029534 0.03394845
0.01095151 0.02324798 0.03126925 0.03494845
0.01133385 0.02409640 0.03224376 0.03594845
0.01171584 0.02494554 0.03321922 0.03694845
0.01209723 0.02579322 0.03419519 0.03794845
0.01247767 0.02663840 0.03517152 0.03894845
0.01285685 0.02748064 0.03614816 0.03994845
0.01323106 0.02830949 0.03712488 0.04094845
0.01359896 0.02911528 0.03810182 0.04194845
0.01396124 0.02989292 0.03907933 0.04294845
0.01435395 0.03066631 0.04005972 0.04394845
0.01473606 0.03143051 0.04104114 0.04494845
0.01501888 0.03206287 0.04202168 0.04594845
0.01529526 0.03269666 0.04300330 0.04694845
0.01562341 0.03337504 0.04398791 0.04794845
0.01597453 0.03407918 0.04497437 0.04894845
0.01636021 0.03481609 0.04596297 0.04994845
0.01678286 0.03562713 0.04695646 0.05094845
0.01726186 0.03652577 0.04795494 0.05194845
0.01727977 0.03754316 0.04896707 0.05294845
0.01716401 0.03866261 0.05000694 0.05394845
0.01693178 0.03987619 0.05107302 0.05494845
0.01663945 0.04113599 0.05215039 0.05594845
0.01627571 0.04245650 0.05324357 0.05694845
0.01580797 0.04387131 0.05436351 0.05794845
0.01526755 0.04535193 0.05550262 0.05894845
0.01498034 0.04660570 0.05657594 0.05994845
0.01499591 0.04758701 0.05757009 0.06094845
0.01500166 0.04857717 0.05856646 0.06194845
0.01499663 0.04957572 0.05956506 0.06294845
0.01498576 0.05057957 0.06056514 0.06394845
0.01497040 0.05158732 0.06156631 0.06494845
0.01495145 0.05259849 0.06256840 0.06594845
0.01493004 0.05361170 0.06357102 0.06694845
0.01490479 0.05462785 0.06457445 0.06794845
0.01487683 0.05564636 0.06557850 0.06894845
0.01484664 0.05666687 0.06658306 0.06994845
0.01481297 0.05768997 0.06758834 0.07094845
0.01477695 0.05871480 0.06859407 0.07194845
0.01473904 0.05974098 0.06960016 0.07294845
0.01470031 0.06076783 0.07060640 0.07394845
0.01465840 0.06179769 0.07161332 0.07494845
0.01461375 0.06282941 0.07262069 0.07594845
0.01456813 0.06386156 0.07362809 0.07694845
0.01452184 0.06489401 0.07463554 0.07794845
0.01447575 0.06592626 0.07564292 0.07894845
0.01436754 0.06701474 0.07666658 0.07994845
0.01432418 0.06804503 0.07767348 0.08094845
0.01427757 0.06907804 0.07868114 0.08194845
0.01418289 0.07015233 0.07970122 0.08294845
0.01395942 0.07133126 0.08074691 0.08394845
0.01390251 0.07237756 0.08175705 0.08494845
