0.00000000 0.00000000 0.00000000 0.00000000 0.00000000 0.00000000 0.00000000 0.00000000 0.00000000 0.00000000 0.00000000 0.00000000 0.00000000 0.00000000 0.00000000 0.00000000
8.85374874 -14.01752906 -18.49064957 -23.33648744 2.26610576 -2.46495042 -4.49595552 -9.76617579 3.17678726 -1.93367434 -4.42864850 -8.53807054 6.97004101 -14.06379453 -17.91661139 -25.15319743
2.80855861 -26.04159849 -29.67856973 -31.34320627 1.23326707 -5.99131962 -9.66963837 -11.84048286 1.40446130 -5.34980020 -9.49829136 -10.41303725 2.69290210 -27.05973592 -28.72467548 -33.22764516
1.73686341 -35.20868157 -39.31695495 -39.92329104 0.07098749 -9.99392648 -15.59387114 -14.19895256 -0.60600666 -9.19660390 -15.27548067 -12.53949966 1.62835891 -36.43094162 -38.17665304 -41.70508351
0.69008723 -43.93929474 -48.43946557 -48.02846122 -1.01725700 -13.88132445 -21.35513677 -16.51351854 -2.47720223 -12.92437144 -20.89314251 -14.62191253 0.58794944 -45.36513174 -47.11804760 -49.71341742
-0.35233096 -52.38596361 -57.23537286 -55.81892047 -2.09766812 -17.73256053 -27.05461657 -18.81171512 -4.33241549 -16.61603465 -26.44743795 -16.70051433 -0.44596072 -54.00892553 -55.73649534 -57.40707231
-1.39463370 -60.59576254 -65.76624725 -63.34058856 -3.17987871 -21.56937825 -32.71963552 -21.07060391 -6.18222628 -20.29047961 -31.96824058 -18.77340112 -1.47929153 -62.41451383 -64.08494472 -64.82811657
-2.43555358 -68.56883541 -74.03291120 -70.59579177 -4.26007691 -25.39097460 -38.34782690 -23.21076737 -8.03701252 -23.95177706 -37.45295009 -20.81166508 -2.51151709 -70.58281950 -72.16904074 -71.98424680
-3.42255177 -76.33951052 -82.08056620 -77.61926688 -5.34766430 -29.11121624 -43.80942183 -25.26121853 -9.90343545 -27.52073929 -42.82566680 -22.76740680 -3.47257520 -78.54414647 -80.03558919 -78.91245736
-4.35404601 -83.92658782 -89.91507617 -84.41733954 -6.44527242 -32.85525344 -48.99949872 -27.20893773 -11.77271000 -31.11201278 -47.96066197 -24.65175502 -4.35555438 -86.28844361 -87.70442171 -85.62124351
-5.16994068 -91.35032603 -97.54935379 -91.02625173 -7.56144347 -36.56535165 -53.72025807 -29.06008913 -13.63478588 -34.73765792 -52.62838783 -26.41670808 -5.09648157 -93.83056791 -95.20363725 -92.14898625
-5.84814645 -98.53417592 -104.89502964 -97.40660991 -8.68438860 -40.19966588 -58.33851284 -30.84746005 -15.44171542 -38.21037677 -57.18712904 -28.12577247 -5.70042889 -101.07703987 -102.45460100 -98.44989208
-6.41459471 -105.46760965 -111.95619262 -103.56985885 -9.81164856 -43.70591327 -62.69730280 -32.56012728 -17.17180321 -41.65318097 -61.55225404 -29.81587752 -6.20054559 -108.06469371 -109.43534718 -104.53026999
-6.89000030 -112.08698148 -118.69558797 -109.47861481 -10.92350284 -47.20247557 -66.91584456 -34.26310516 -18.82293035 -44.96245351 -65.71799739 -31.41730717 -6.62639516 -114.71197885 -116.09897831 -110.35535648
-7.29895795 -118.38883662 -125.08343870 -115.10698321 -11.98968492 -50.55401835 -71.06110246 -35.91303523 -20.39440851 -48.23861595 -69.85422146 -32.97536256 -6.98835723 -121.04522898 -122.41908598 -115.89464860
-7.66234639 -124.44565549 -131.12691398 -120.48339292 -13.02099347 -53.78327945 -74.96061912 -37.49635981 -21.90269001 -51.34307529 -73.80946731 -34.52683779 -7.30744345 -127.10522976 -128.41865707 -121.18268071
-7.98739184 -130.18513454 -136.85997273 -125.57062687 -14.01111983 -56.99144475 -78.73655856 -39.05593884 -23.34405713 -54.36226519 -77.55359440 -36.03588858 -7.58005943 -132.86459809 -134.09047837 -126.19126344
-8.26566131 -135.60882309 -142.21301839 -130.33825967 -14.97930289 -60.08280724 -82.45043501 -40.59099321 -24.70384381 -57.33415889 -81.23811257 -37.47821268 -7.82248300 -138.28321070 -139.40015334 -130.87482655
-8.52508570 -140.70411667 -147.19604205 -134.80708646 -15.88854167 -62.99876856 -86.15705148 -42.10793421 -26.03079899 -60.19212603 -84.91536270 -38.89107746 -8.05080954 -143.40719836 -144.39693737 -135.26390915
-8.77616401 -145.44662845 -151.83467213 -138.94800599 -16.76793958 -65.88720471 -89.77495231 -43.60110726 -27.29365502 -62.91080607 -88.55435847 -40.28923109 -8.27409384 -148.22228245 -149.01378299 -139.33880227
-9.03107631 -149.88650393 -156.14277456 -142.77258129 -17.61425408 -68.72557910 -93.19119407 -45.04535709 -28.51625060 -65.60320698 -92.06123378 -41.66020105 -8.51057261 -152.72703174 -153.28098316 -143.09808391
-9.29792549 -154.02316297 -160.08837544 -146.24909908 -18.43837828 -71.50609022 -96.54331281 -46.45061464 -29.70990617 -68.22256768 -95.39999626 -43.00832009 -8.76738661 -156.90430503 -157.20892489 -146.51630810
-9.58310700 -157.83104137 -163.66786486 -149.38760759 -19.23855340 -74.26514190 -99.87208394 -47.84238691 -30.87602874 -70.79317860 -98.71209008 -44.34047106 -9.04428355 -160.75535185 -160.78364295 -149.57800498
-9.88103755 -161.31516107 -166.88582216 -152.20304913 -20.01174473 -76.92198842 -103.16218396 -49.22067633 -32.03113707 -73.35853445 -101.98977913 -45.63815791 -9.33798238 -164.27406536 -163.97688887 -152.28258332
-10.19732589 -164.48221241 -169.77003033 -154.68647625 -20.77542801 -79.50230848 -106.40728059 -50.58786604 -33.16328932 -75.84417289 -105.22657698 -46.90499558 -9.65274203 -167.48117594 -166.80045615 -154.64491815
-10.53307212 -167.32168231 -172.30944822 -156.82040176 -21.52163599 -82.03516788 -109.62055852 -51.93356217 -34.27007608 -78.23367897 -108.43467147 -48.14994158 -9.98859132 -170.36810163 -169.26690999 -156.64507496
-10.89142097 -169.83693096 -174.49053042 -158.56313812 -22.25578084 -84.55998784 -112.82848281 -53.17693986 -35.36854130 -80.58165218 -111.61063773 -49.31239404 -10.34983091 -172.94260613 -171.38529295 -158.27243996
-11.28232482 -172.04556432 -176.33452312 -159.94665110 -22.99878986 -86.96836156 -115.80855602 -54.43981932 -36.46200693 -82.76599863 -114.63365064 -50.47698716 -10.74105200 -175.23034248 -173.16497471 -159.55115739
-11.65072114 -173.76884800 -177.64861155 -160.85633388 -23.66224923 -89.08592289 -118.40429986 -55.58682100 -37.41908729 -84.72986810 -117.20817558 -51.53632589 -11.10916046 -177.03867737 -174.43065288 -160.36678874
-12.06572472 -175.22114170 -177.50480421 -160.56026592 -24.34102679 -91.26557471 -121.05495858 -56.75435702 -38.39290748 -86.77419786 -119.83642043 -52.62190473 -11.53619452 -178.58162862 -174.43006010 -159.55563100
-12.58392109 -175.77430716 -176.54533186 -159.04668978 -25.06159080 -93.60606420 -123.85893313 -57.99071928 -39.43673266 -88.95683091 -122.63666045 -53.76466960 -12.05680858 -179.28125773 -173.37871835 -158.01265832
-13.22165380 -174.64590811 -175.48093871 -157.35619937 -25.88433701 -96.28497941 -127.07487486 -59.38001512 -40.66120503 -91.45767572 -125.87676492 -55.05187077 -12.69897770 -178.24764201 -172.22068224 -156.28838119
-13.86284540 -173.49150846 -174.37673985 -155.64465156 -26.70204377 -98.93595771 -130.23725393 -60.75020458 -41.88232999 -93.92950116 -129.07826062 -56.32434531 -13.34378036 -177.18898298 -171.03625450 -154.54659117
-14.50408976 -172.31938548 -173.25549140 -153.92294522 -27.50849498 -101.54449420 -133.37280152 -62.09242478 -43.09094951 -96.35975023 -132.21383743 -57.57541779 -13.98896125 -176.10009729 -169.82564443 -152.79059038
-15.13216459 -171.13938041 -172.13220301 -152.21191660 -28.28917898 -104.06127104 -136.43383755 -63.39175834 -44.26094008 -98.69673986 -135.27776245 -58.77586123 -14.62130783 -175.00981802 -168.60968487 -151.05073035
-15.75903519 -169.94230916 -170.99682387 -150.48684988 -29.06031749 -106.53818934 -139.47234504 -64.67846702 -45.41943863 -100.99500858 -138.30212494 -59.96166448 -15.25403726 -173.90876819 -167.37214389 -149.29921113
-16.38410710 -168.73152906 -169.84496458 -148.74490890 -29.82106072 -108.97769407 -142.47719910 -65.95315522 -46.55816616 -103.26963200 -141.30144611 -61.12914329 -15.88593040 -172.78113352 -166.09772965 -147.53200702
-17.00998735 -167.46513221 -168.61853141 -146.97896796 -30.57754911 -111.40077854 -145.47101557 -67.22034797 -47.68971436 -105.51881916 -144.28265789 -62.28358818 -16.51770043 -171.59689235 -164.77660443 -145.74431139
-17.63234725 -166.19104862 -167.38983351 -145.20816305 -31.32440305 -113.79701526 -148.43157514 -68.46973657 -48.80618097 -107.72654563 -147.22907058 -63.41986288 -17.14578787 -170.40953626 -163.44784853 -143.94810304
-18.25108619 -164.90899208 -166.15717773 -143.44020203 -32.06062276 -116.16663387 -151.36126298 -69.70189952 -49.91076663 -109.89807663 -150.14702314 -64.53777351 -17.77079965 -169.21684043 -162.11236925 -142.14690118
-18.86673030 -163.61546937 -164.91859102 -141.67023257 -32.78777893 -118.51023141 -154.26069327 -70.91716896 -51.00497382 -112.03832232 -153.03522258 -65.63739390 -18.39286243 -168.01916576 -160.76955189 -140.34623249
-19.46988858 -162.33774489 -163.68651492 -139.92381450 -33.49683073 -120.79124778 -157.08382860 -72.09820071 -52.07024586 -114.11802830 -155.84866708 -66.70264472 -19.00134838 -166.83818728 -159.43433153 -138.57078986
-20.05397166 -161.09205384 -162.47323677 -138.22237710 -34.19845056 -122.99436944 -159.81357677 -73.23828513 -52.89051312 -116.12130213 -158.57144832 -67.72663638 -19.59325840 -165.68885151 -158.11483202 -136.83541288
-20.62250688 -159.87782273 -161.29668586 -136.55896016 -34.90442798 -125.12669771 -162.16046369 -74.33879733 -53.33893438 -118.05074616 -161.21852648 -68.71257377 -20.16801954 -164.57418249 -156.83895152 -135.13673177
-21.26155943 -158.55163915 -160.02456057 -134.73440135 -35.69478379 -127.49180618 -163.81047321 -75.53677539 -53.81894379 -120.18895215 -163.38113577 -69.78884943 -20.81083267 -163.35964702 -155.45129365 -133.27976265
-21.93007563 -157.16543830 -158.69812824 -132.83593227 -36.51678930 -129.95497662 -165.44137318 -76.76744995 -54.32066733 -122.40362154 -165.00291474 -70.89221144 -21.48525525 -162.08457734 -154.00097933 -131.34260284
-22.48703766 -156.00037317 -157.58715582 -131.26268738 -37.18086671 -131.75321491 -166.73046941 -77.76826403 -54.71048646 -124.19298009 -166.29023139 -71.78605138 -22.05537474 -161.00465121 -152.78908024 -129.73816824
-23.03689455 -154.85806966 -156.49870150 -129.73146774 -37.82036238 -132.89212834 -167.94418187 -78.72963045 -55.08046563 -125.91904267 -167.51704370 -72.64319454 -22.60759038 -159.93269016 -151.60844865 -128.18214886
-23.62850381 -153.62800736 -155.32463728 -128.08162446 -38.51159045 -134.04152258 -169.25631962 -79.76044050 -55.49404013 -127.40542795 -168.83497384 -73.56298551 -23.20383285 -158.62959914 -150.33126981 -126.49945486
-24.34489671 -152.03925454 -153.72590435 -126.10295414 -39.35633509 -135.44353916 -170.87600668 -81.00109831 -56.03472520 -128.65427290 -170.45834273 -74.67744637 -23.89593596 -156.89139762 -148.79871138 -124.47285009
-25.16045049 -149.69633556 -151.32781183 -123.49497856 -40.49448115 -137.31937142 -173.09474324 -82.36888938 -56.81323202 -130.32329269 -172.68939430 -76.15084071 -24.56280845 -154.49288386 -146.73731650 -121.81125010
-25.91602930 -145.96165441 -147.74210346 -119.65775709 -42.20572245 -140.11921865 -176.48204542 -83.64545761 -58.06842061 -132.81448088 -176.11715363 -78.32325366 -25.23029071 -150.97151180 -143.19543503 -117.89821635
-26.73415781 -141.56637166 -143.50066601 -115.14197335 -43.68937943 -143.35864904 -180.49872121 -85.06979604 -59.64009522 -135.70099747 -180.17712286 -79.75514808 -26.02545571 -146.79878647 -138.74454135 -113.27986252
-27.60219293 -136.83194175 -138.89440856 -110.28172262 -44.91534709 -146.73066215 -184.73586982 -86.51485584 -61.33576811 -138.70748220 -184.44099244 -80.98849154 -26.87786130 -142.27814713 -133.91997130 -108.29630421
-28.49587932 -131.87970821 -134.04953286 -105.20846700 -45.76686626 -150.08155439 -189.01394522 -87.92981709 -62.60038887 -141.68335507 -188.75500231 -82.20411632 -27.76525808 -137.54674002 -128.88494961 -103.11626341
-29.47033922 -126.26061855 -128.68413092 -99.62962175 -46.19545109 -152.35435492 -193.21465137 -89.27417820 -63.29696908 -144.40463455 -193.33993159 -83.46553851 -28.74257688 -132.05413985 -123.35310488 -97.43404541
-30.74244257 -118.83953167 -121.53945989 -92.65978792 -46.68865690 -153.67601022 -195.49867287 -89.66985448 -64.14594889 -145.74169671 -196.43622913 -84.59857022 -29.99228167 -124.70432813 -116.24364959 -90.33820459
-32.01204400 -109.55587750 -112.34465277 -83.78505985 -47.22551360 -154.96380991 -197.61395102 -89.69910686 -64.81597096 -146.41715691 -198.32615887 -84.68687554 -31.20175030 -115.64065265 -107.17980913 -81.92761504
-33.02498004 -98.82137058 -101.82638332 -73.26925586 -47.68887913 -155.74272976 -199.22378964 -89.46595712 -65.43351533 -146.71867116 -199.74980496 -84.62222297 -32.10060693 -105.30323370 -96.55035077 -71.48647134
-33.96908207 -87.07604134 -90.36770223 -61.90662380 -47.83839608 -156.20304294 -200.36602698 -89.00456289 -66.02750533 -146.90195442 -200.99682390 -84.41766540 -33.03634669 -94.23878199 -85.20370295 -60.23453598
-34.83806980 -75.32651355 -81.35367957 -51.43610371 -47.91648186 -155.98338846 -201.11203153 -88.38684916 -66.51004863 -146.57169346 -201.97322980 -83.90166720 -33.92017951 -83.05737182 -74.09114939 -50.13683039
-34.94576893 -74.16304524 -81.32631888 -51.28780310 -47.86072108 -155.71201026 -201.22173274 -88.12156270 -66.58407931 -146.03529993 -202.34574900 -83.59038699 -34.05640056 -80.86849321 -73.85431420 -49.96448585
-35.00683434 -73.94638684 -81.27612131 -51.13399517 -47.80773281 -155.26280365 -201.27598612 -87.85659515 -66.51941597 -145.42534963 -202.47466653 -83.28090269 -34.10880619 -80.71454237 -73.61112910 -49.78834522
-35.06907205 -73.71031626 -81.19753443 -50.96688912 -47.75402766 -154.73436811 -201.20605888 -87.57207370 -66.46385618 -144.73230562 -202.40260038 -82.95432999 -34.16263190 -80.50786183 -73.34915675 -49.59748831
-35.13510803 -73.36961496 -81.01463866 -50.78753352 -47.70078292 -154.09158910 -201.00777488 -87.27156876 -66.40060155 -144.01900645 -202.16643743 -82.55369089 -34.21963615 -80.26692186 -73.05139529 -49.39115063
-35.20026845 -73.01250100 -80.72799618 -50.59251975 -47.64303188 -153.41691080 -200.67080024 -86.95942255 -66.33473424 -143.28789357 -201.78600882 -82.10435131 -34.28169810 -79.97749474 -72.67901529 -49.16785618
-35.26800529 -72.64193519 -80.37957482 -50.38632555 -47.54087143 -152.71251937 -200.21243533 -86.63174174 -66.27782613 -142.54405605 -201.36739614 -81.64163607 -34.34742493 -79.58898066 -72.29088773 -48.93047094
-35.38198512 -72.22123375 -79.97781925 -50.13004471 -47.44118321 -151.97384623 -199.65264049 -86.21930210 -66.28675415 -134.05326823 -200.90145016 -81.04902376 -34.48176472 -79.11904278 -71.82619494 -48.62246550
-35.49982826 -71.78744570 -79.55477174 -49.86701498 -47.24242397 -151.17075088 -199.02454410 -85.69825535 -66.21259161 -133.62773828 -192.10041954 -80.42772987 -34.60659955 -78.63099218 -71.21685961 -48.30797080
-35.68748035 -71.24489969 -78.93463912 -49.52511515 -47.09601094 -144.24178361 -189.04922684 -85.06246613 -66.03900075 -133.10211073 -191.91174406 -79.74031469 -34.76082984 -78.09186314 -70.59187230 -47.98534053
-35.90117672 -65.81108315 -78.26138099 -49.21790548 -46.99474776 -143.75348935 -188.60312226 -84.48902815 -65.81472544 -132.48095218 -191.57586884 -79.16473584 -34.83755607 -77.59145149 -70.10188712 -47.73584527
-35.98162021 -65.78272207 -77.70166255 -48.98061332 -46.71600879 -143.13414780 -188.12950811 -83.94140251 -65.78023324 -131.78994859 -191.16050669 -78.51790433 -34.95309868 -76.86423668 -62.68600044 -47.44111656
-36.02166458 -65.42741203 -77.05215840 -48.75140119 -46.54248504 -142.53299428 -187.66385818 -83.38373036 -65.63139838 -131.19277154 -190.68449041 -77.97488327 -34.99697710 -76.28556643 -62.64853283 -47.19388667
-36.11811378 -64.68310137 -76.38984906 -48.47838892 -46.31794844 -141.83809492 -187.11364660 -82.78667085 -65.55029946 -130.49359768 -190.08361200 -71.93511973 -35.20325860 -70.84994160 -62.29965976 -46.87859911
-36.26731995 -63.80799606 -70.29827087 -48.16230383 -46.14526935 -141.10052223 -186.42639119 -81.93934385 -65.47661358 -121.84907703 -189.35040967 -71.94182421 -35.34608035 -70.30585734 -60.80699355 -46.46505756
-36.50433828 -63.29348066 -69.74682250 -47.77343550 -42.69462852 -134.23001125 -185.60650515 -81.06813903 -60.97628267 -121.14872755 -187.50788687 -71.42535491 -35.58154784 -69.68882122 -60.26585225 -46.00948183
-36.76594026 -58.08820701 -68.90362693 -47.27396287 -42.78426574 -132.94365780 -174.39271296 -80.07321612 -61.22006901 -120.66193039 -178.74778661 -70.82877742 -35.76421674 -69.07745863 -59.68154854 -45.54315391
-36.84118514 -57.77080201 -68.30252915 -46.96125797 -42.73964837 -132.40300856 -174.11049981 -72.12554313 -61.23785598 -120.11955002 -178.44389670 -64.71662618 -35.87481846 -68.37827219 -52.73617223 -45.03856719
-36.85906000 -57.11726590 -67.75173826 -46.62036949 -42.63217177 -131.93854408 -173.77590593 -72.41054114 -61.17978118 -119.22746058 -178.07924612 -64.89657556 -36.01695939 -62.90037073 -52.58002677 -44.62092457
-36.88270758 -56.63547112 -61.39758078 -46.23269423 -42.55219004 -131.44456701 -173.42973504 -72.55382657 -61.01795841 -118.78860652 -177.68438393 -64.55833420 -36.06427364 -61.89175191 -52.22546574 -44.22912272
-36.87941199 -55.95048480 -61.10504406 -45.89470722 -42.43348364 -130.99261935 -173.08133705 -72.47515663 -60.89862965 -117.91291889 -176.70109853 -63.92369497 -36.06899366 -61.53016565 -51.43156047 -43.78948766
-36.85912482 -55.58152408 -60.39585997 -45.53614582 -42.32650664 -130.12824858 -172.64307688 -71.96597153 -60.75680394 -117.49761098 -176.23428333 -63.27843284 -36.07071843 -61.17109818 -50.61673969 -43.36091073
-36.84516511 -54.93625343 -59.67044042 -45.16648539 -42.26541807 -129.25915275 -171.59660223 -71.09928939 -60.22161521 -117.07758129 -175.74828985 -62.94326132 -36.08152730 -60.80313299 -50.24119612 -42.93402520
-36.82140183 -54.31466274 -59.29720425 -44.78051358 -42.01177039 -128.79456419 -171.11601284 -70.24822172 -59.68641697 -116.66023225 -175.26142788 -62.61101374 -36.09958364 -60.10672690 -49.86981051 -42.51839402
-36.81442473 -53.92663546 -58.87141961 -44.29676105 -41.71730981 -128.28104712 -170.12189328 -62.61687021 -59.51697663 -116.19901900 -174.23239308 -61.93605031 -36.10868124 -59.70791572 -49.46136335 -42.05649122
-36.75320823 -53.59617722 -58.49958203 -43.92856937 -41.56914758 -127.77895985 -169.60463120 -63.11387838 -55.89891815 -115.73413111 -173.71183920 -61.54480884 -36.18570404 -59.25504612 -48.28826078 -36.12535434
-36.69379883 -53.24481057 -57.77556125 -43.54366152 -41.48886028 -127.32443973 -169.13489436 -63.34764859 -55.89196354 -115.32839972 -173.24072825 -60.90728750 -36.16128654 -58.89635226 -47.93593618 -36.23183595
-36.66537249 -52.53358816 -57.29239275 -38.85499016 -41.43544697 -126.84063002 -168.63461183 -63.36691235 -55.84490463 -114.90982186 -172.74491011 -60.56788256 -36.14288365 -58.21711588 -47.59885501 -36.09246536
-36.59695062 -52.20194579 -56.90719733 -38.95115353 -41.35434707 -126.37995558 -168.15260123 -62.95965589 -55.80023870 -114.49837044 -172.25737072 -60.23354005 -36.11732795 -57.84190004 -47.23195397 -35.84503353
-36.52980585 -51.84762319 -56.14609555 -38.88753487 -41.27552330 -125.90631471 -167.66228062 -61.91181459 -55.68992122 -113.74229427 -171.76389035 -59.87808496 -36.09627662 -57.44761628 -46.53945772 -35.52698034
-36.46813950 -51.21838216 -55.75510135 -38.80289413 -41.17716648 -125.43879873 -167.16739297 -61.50221439 -55.52222649 -112.98871346 -171.26149328 -59.52315201 -36.06792278 -57.03467284 -46.14875489 -34.55466181
-36.39269905 -50.88971431 -55.35014349 -38.66295462 -41.07418651 -124.96909215 -166.67280547 -61.09330172 -55.40708173 -112.58061377 -170.75747215 -59.17947038 -36.02893326 -56.62994720 -45.46232260 -34.37987445
-36.31564376 -50.55854624 -54.93635288 -38.34018027 -40.96513141 -124.48906614 -166.17153869 -60.67573229 -55.31349306 -112.16200720 -169.83186324 -58.82519718 -36.02499699 -55.36309649 -45.06433661 -34.21911639
-36.22168713 -50.23937797 -54.53525115 -38.04146119 -40.82977141 -123.99610140 -165.65186875 -60.22886623 -55.25722709 -111.72176867 -168.89427473 -57.87022785 -36.01486551 -54.97002391 -44.51773173 -28.81258412
-36.14930799 -49.80010559 -52.86698962 -33.44504312 -40.77367885 -122.90072839 -165.11904873 -59.71276892 -55.10639205 -110.96632929 -168.41877066 -56.85418361 -35.98125866 -54.55055191 -44.18224508 -29.18041436
-36.05870051 -49.45950179 -52.46783845 -33.53675313 -40.67422668 -122.44025005 -163.67793975 -59.27244928 -54.98013838 -110.56881445 -167.93143944 -56.32829408 -35.93915177 -54.06209486 -43.81093291 -29.26196203
-35.96531795 -49.12399026 -51.97161183 -33.52101206 -40.57426590 -121.98261126 -163.24633587 -58.83168667 -54.84577705 -110.16879117 -167.43749622 -55.64540290 -35.89717911 -53.52256559 -43.43322075 -29.25112853
-35.87170205 -48.78750306 -51.35017170 -33.47600727 -40.47021541 -121.52039239 -162.79343986 -58.38749206 -54.71501468 -109.43067090 -166.93185922 -55.26710773 -35.86241050 -52.86960792 -43.02574680 -28.67062881
-35.86948113 -48.40740806 -50.62875149 -32.79382163 -37.84489004 -121.02740588 -162.26313036 -57.91220462 -54.53443046 -109.00217115 -165.98157490 -55.35192413 -35.84121100 -52.11009957 -42.62158694 -28.47498294
-35.78624706 -48.09551668 -50.34072698 -32.66560355 -38.28867878 -120.28550471 -161.76899935 -57.48352147 -54.24525902 -108.59951880 -165.48937324 -55.28800333 -35.78167159 -51.68803013 -42.23308600 -27.90984786
-35.69585018 -47.76076747 -49.56962302 -32.41060605 -38.44605479 -119.82621901 -161.26637594 -57.03102771 -54.13181566 -108.19749476 -164.97958685 -54.72221199 -35.72105032 -51.27986938 -41.87203980 -27.78135622
-35.60159454 -47.41400169 -49.06678099 -32.12013109 -38.39254498 -119.05413781 -160.31086127 -55.83992828 -53.25486120 -107.78045370 -164.45326511 -54.31829315 -35.68609300 -50.86875085 -41.51618323 -27.67064486
-35.50542240 -47.06267534 -48.13642503 -31.63879993 -38.30188815 -118.59093145 -159.82365876 -55.39582488 -53.17178380 -107.37000820 -163.50406328 -53.51357210 -35.64653367 -50.09372722 -41.13087729 -27.51234285
-35.41083077 -46.54263874 -47.63118228 -31.32985838 -38.21607317 -118.13504468 -158.85621692 -54.78985502 -53.07585814 -106.96857789 -163.02320681 -53.11417384 -35.58496953 -49.67713549 -40.77809570 -27.38058818
-35.32295653 -46.01545442 -46.99464848 -30.72874900 -37.98628204 -117.67360078 -158.37636029 -53.75496596 -52.96147074 -106.56366545 -162.51026230 -52.51533979 -35.52300212 -49.21970019 -39.97494763 -27.11382172
-35.22636778 -45.67278279 -46.25284030 -30.22786223 -37.89555153 -117.21388246 -157.87723656 -52.09331898 -52.81459552 -106.15983431 -161.98889653 -51.67608391 -35.45724136 -48.77086290 -39.62318651 -26.81557972
-35.13104201 -45.33701609 -45.62765096 -29.82142907 -37.66443631 -116.75177587 -157.36185707 -50.24607493 -52.68980313 -105.75192702 -161.45994160 -50.92520199 -35.39657829 -48.28377461 -39.24184297 -26.05498118
-35.03215015 -44.83775203 -45.12980543 -29.09756638 -37.57685054 -116.29904414 -156.85158296 -49.92717016 -52.54497730 -105.35359907 -160.93991211 -50.75654199 -35.33556789 -47.78143007 -38.88875299 -25.86543540
-34.92966485 -44.54312521 -44.66177005 -28.99191988 -37.47943753 -115.84905328 -156.33954424 -49.79202128 -52.40835026 -104.94656705 -160.40794147 -50.38992744 -35.28493216 -46.81252496 -38.28166308 -25.56704200
-34.82542319 -44.22177739 -43.72807899 -28.75856702 -37.38963018 -115.39269963 -155.81774622 -48.97688402 -52.25940990 -104.54573738 -159.87820815 -50.16095056 -35.21751258 -46.35814863 -37.92969606 -25.12416650
-34.72245850 -43.92671369 -43.27453424 -28.42089607 -37.29854929 -114.94465137 -155.30327737 -48.95885045 -52.11452706 -104.14884565 -159.35027444 -49.79017786 -35.14222953 -45.94038544 -37.59518393 -24.88163867
-34.62525725 -43.44113493 -42.79982652 -27.68238061 -37.20270182 -114.49244675 -154.78136474 -48.90381055 -51.97052037 -103.74708232 -158.81117668 -49.22076579 -35.06449147 -45.51728288 -37.03024530 -24.62882353
-34.52000492 -43.15878735 -42.37697362 -27.52983630 -37.10687658 -114.04474342 -154.26216451 -48.82309280 -51.82925568 -103.34431536 -158.27218067 -48.83897487 -34.99275869 -44.88873634 -36.67340299 -24.19138956
-34.41409140 -42.85790152 -41.70919350 -27.13940147 -37.01570439 -113.59022842 -153.73151522 -48.37538943 -51.67918547 -102.94448779 -157.72990763 -48.46851199 -34.91352890 -44.51845592 -36.35029099 -23.95510623
-34.30727029 -42.57118821 -41.28719739 -26.94951330 -36.92443798 -113.13911585 -153.20118153 -47.86740757 -51.53004536 -102.54567181 -157.18222405 -47.88284392 -34.83299346 -44.15049990 -36.02241259 -23.69920353
-34.20056190 -42.28664057 -40.86843301 -26.65019475 -36.83245246 -112.68794635 -152.66666226 -47.19122926 -51.38155544 -102.14622345 -156.62986342 -47.46077495 -34.75112546 -43.78692996 -35.69729258 -23.45453667
-34.09404229 -42.00144050 -40.44496107 -26.33252057 -36.73919101 -112.23419616 -152.12237476 -46.14324044 -51.23136086 -101.74473892 -156.06715277 -47.00316582 -34.66822021 -43.42681516 -35.37219127 -23.20887070
-33.98719373 -41.69448258 -39.76675848 -25.95164026 -36.64941550 -111.76601765 -151.54666536 -43.86431734 -51.06990608 -101.33444338 -155.47404877 -46.44593779 -34.59036506 -42.85454649 -35.03942598 -22.95815765
-33.87963376 -41.41858092 -39.36634112 -25.66899681 -36.55441765 -111.31635666 -150.99994205 -43.40400368 -50.92246036 -100.93406847 -154.89447467 -46.04351421 -34.50534767 -42.50614725 -34.71539258 -22.72106592
-33.77084183 -41.14588816 -38.97298187 -25.40437293 -36.46142651 -110.86938408 -150.45519338 -43.41831598 -50.77355785 -100.53671534 -154.31131141 -45.67579700 -34.41993356 -42.16431321 -34.39443140 -22.48212021
-33.66168755 -40.87490306 -38.58172503 -25.14089162 -36.36830626 -110.42212491 -149.90577500 -43.44445526 -50.62430032 -100.13896370 -153.71594153 -45.30881125 -34.33391508 -41.82502204 -34.07392575 -22.24408765
-33.55218314 -40.60587253 -38.19287661 -24.87853001 -36.27544882 -109.97478601 -149.35109825 -43.47745967 -50.47438292 -99.74092885 -153.10754579 -44.94234879 -34.24722314 -41.48823062 -33.75386957 -22.00679425
-29.64216633 -40.11837805 -37.70582830 -24.58443556 -36.18634935 -109.43713340 -148.64744612 -43.53666030 -50.27622477 -99.27733886 -151.10244360 -44.55075779 -34.16852069 -41.13325387 -33.40910287 -21.80598161
-29.91036058 -39.84133719 -37.31917037 -24.33566373 -36.08755619 -108.96007756 -148.04358301 -43.23390935 -50.12217137 -97.91559333 -150.67128659 -44.19474136 -34.08268921 -40.77347880 -33.07569408 -21.57050686
-30.14452635 -39.56442494 -36.93705811 -24.08899391 -35.99070940 -108.50043447 -147.44490257 -42.83739030 -49.96952912 -97.78091741 -149.99328527 -43.85167442 -33.99448719 -40.43655401 -32.75380886 -21.33856270
-30.35110162 -39.28527737 -36.55816109 -23.84509798 -35.81471812 -108.03874779 -146.83065349 -42.44141724 -49.81073528 -97.41836429 -149.29879107 -43.50634122 -33.90518898 -40.09754543 -32.42719718 -21.10590142
-30.54926018 -38.98356243 -36.13569822 -23.59180848 -35.64047614 -107.53964224 -144.75157212 -42.01561826 -49.62930933 -96.91433624 -148.49644520 -43.15485380 -33.81716527 -39.74947532 -32.09999932 -20.88423206
-30.69296447 -38.70320610 -35.74755603 -23.34791793 -35.54139212 -107.05447886 -144.42853943 -41.61443104 -49.46802201 -96.24791949 -147.72864291 -42.80981565 -33.72293522 -39.39174238 -31.77003498 -20.65708436
-30.57562320 -38.41950001 -35.34280750 -23.13274580 -35.39743371 -106.48973074 -143.64063826 -41.21110748 -48.85980673 -95.25625178 -146.81187284 -42.43011577 -29.70665166 -38.78546932 -31.37281641 -20.41659722
-30.45838895 -38.15132070 -34.96011433 -22.90033785 -35.28025437 -105.98196163 -142.88840058 -40.81696324 -48.31401096 -94.52465664 -145.58434988 -42.07249870 -30.00007257 -38.41144631 -31.01957978 -20.18131279
-26.90256643 -37.70350466 -34.47557188 -22.63906192 -35.16351636 -105.39311645 -142.02379770 -40.38300051 -47.98921903 -93.67960540 -144.69525523 -41.73077277 -30.27101844 -38.02374056 -30.68850045 -19.99695772
-27.13696055 -37.39822531 -34.08469695 -22.40619713 -35.05034939 -104.24808918 -141.21206623 -39.99204571 -47.72039980 -92.80404618 -143.84465997 -41.38690517 -30.52358756 -37.65291859 -30.35492732 -19.77233000
-27.34431209 -37.11109991 -33.69535716 -22.19858340 -34.93532300 -103.79461687 -139.91512873 -39.58304004 -47.45211824 -92.49093590 -142.50753532 -40.98891608 -30.76437140 -37.27574869 -29.96693022 -19.11088556
-27.53193917 -36.82618299 -33.32158090 -21.97667899 -34.81862037 -103.30897393 -139.10472982 -39.19615775 -47.16472567 -91.78607182 -141.64650251 -40.63530842 -30.98478274 -36.90519955 -29.62055386 -18.98952522
-27.68387078 -36.52489250 -32.90702975 -21.66020747 -34.66079953 -102.76514051 -137.73607594 -38.76730576 -46.80685379 -91.31650110 -140.59420432 -40.23508777 -27.51902424 -36.40531097 -29.21649055 -18.87654400
-27.59868578 -36.24909880 -32.51461440 -21.33873534 -34.55987131 -102.28469844 -136.89949097 -38.35815063 -46.64751136 -90.91652431 -139.73653042 -39.86804994 -27.89005536 -36.04540822 -28.87266023 -18.52384890
-27.47197586 -35.94988307 -32.12715810 -21.11530036 -34.44561917 -101.23557007 -135.99615884 -37.97263561 -46.50163897 -90.42344809 -138.84455014 -39.52736807 -28.12626470 -35.68295098 -28.54400146 -18.33913565
-27.34636470 -35.67035849 -31.73224325 -20.78684728 -34.34017927 -100.76620563 -135.10430648 -37.56700857 -46.35974758 -89.76545607 -137.93981938 -39.18614099 -28.35240644 -35.31070457 -28.21497863 -18.13109426
-27.21889877 -35.37335954 -31.34876898 -20.57176304 -34.23226962 -100.18362363 -134.18977771 -37.18588873 -46.21059506 -89.03448315 -137.02186070 -38.84688988 -28.56398789 -34.93628278 -27.88325892 -17.91908976
-27.07644490 -35.03600342 -30.90720663 -20.22446025 -34.11498626 -99.02467925 -133.08469446 -33.02147147 -46.06811081 -88.17145617 -135.99515691 -38.25070497 -28.54373289 -34.55599429 -27.51024905 -17.54898773
-26.94324521 -34.72639440 -30.49690995 -19.87803921 -34.00275604 -97.79947154 -132.14624900 -33.00255163 -45.93699702 -87.39343642 -135.11853456 -37.88289996 -28.42720945 -34.20353235 -27.18507777 -17.39059051
-26.73000313 -34.14507444 -29.93916412 -19.64191362 -33.84195452 -79.37719547 -130.65332067 -33.08769508 -45.70674949 -86.38598254 -133.94255594 -37.48427060 -28.27301179 -33.77013901 -26.80967693 -17.23000340
-26.56970580 -33.68908883 -25.43069375 -19.25725348 -33.70731321 -80.35905776 -129.57635152 -32.20347572 -45.56034804 -86.15247042 -132.96458854 -37.00784844 -28.12302432 -29.11578224 -25.75138408 -16.98063304
-26.38343419 -33.26655351 -24.59221549 -18.85569295 -33.54782495 -81.05543723 -128.08601006 -29.24081686 -45.39739517 -85.63657453 -117.53270883 -36.39470960 -27.94882605 -29.09724789 -25.47465135 -16.74631559
-26.25785925 -32.99252519 -24.45201940 -18.55808547 -33.44780157 -81.60273049 -127.31548524 -29.56235839 -45.28185827 -85.33691638 -118.14623459 -35.99753298 -27.83272068 -29.08517460 -25.28026603 -16.51284605
-25.30023320 -32.51375569 -24.15506726 -18.25179653 -33.30337469 -82.17225043 -112.26319100 -29.40414986 -45.06870704 -84.89705683 -117.04661035 -35.58647709 -27.66089993 -28.43797899 -24.82456755 -16.30897557
-25.24159380 -32.15028039 -23.93762434 -17.95779615 -33.09250167 -82.57932169 -112.76682339 -28.94978917 -44.87783217 -75.01921895 -116.10629340 -34.71845059 -27.49854452 -28.10585634 -24.46941672 -16.04352100
