0.00000000 0.00000000 0.00000000 0.00000000 0.00000000 0.00000000 0.00000000 0.00000000 0.00000000 0.00000000 0.00000000 0.00000000 0.00000000 0.00000000 0.00000000 0.00000000
3.30531463 3.72431115 3.55780756 3.47800286 -7.16537258 -7.03267456 -10.81496422 -15.41841082 -22.09357522 -0.38726766 0.25728201 -12.34173722 -10.82637778 -7.26053923 -7.00452657 -20.19857311
1.13543424 2.15555867 2.05023737 1.22894516 -16.60443501 -10.28609943 -15.43051983 -27.88532293 -29.00567445 -3.63024569 -4.32203400 -20.86672318 -15.94187514 -8.82528293 -8.50563557 -27.46753760
0.20411287 0.40425282 0.30348617 0.28700329 -25.45167423 -13.89922322 -20.79144899 -36.63366160 -35.25612695 -7.23467719 -9.64865997 -27.83284615 -21.33533467 -10.56913376 -10.24170145 -35.47284297
-0.72732164 -1.34725996 -1.43734343 -0.65523136 -34.04849224 -17.39095093 -26.11971730 -45.17774832 -41.38081710 -10.78877897 -14.94473324 -34.60755069 -26.62718108 -12.30521438 -11.96867837 -43.22449953
-1.59215502 -3.08088254 -3.16652925 -1.55700690 -42.40365270 -20.88402993 -31.42362814 -53.49498461 -47.35619236 -14.32500276 -20.21001301 -41.18549255 -31.80616409 -14.02956315 -13.68526013 -50.72638760
-2.45149334 -4.73285422 -4.88657200 -2.46246858 -50.50419090 -24.34070213 -36.70601651 -61.55295699 -53.18500508 -17.84005521 -25.44906047 -47.57226693 -36.87625048 -15.74142614 -15.39352454 -57.97711518
-3.29934425 -6.37419331 -6.60914522 -3.36043121 -58.31677179 -27.76858281 -41.93572354 -69.30384265 -58.82824789 -21.31890602 -30.63692948 -53.74535998 -41.79915193 -17.44219968 -17.09466564 -64.96163524
-4.10072188 -8.01780811 -8.33550999 -4.21473371 -65.91888179 -31.20616871 -46.83836604 -76.77532470 -64.28505576 -24.79422263 -35.82404129 -59.74077951 -46.62189691 -19.15120404 -18.80893732 -71.73926660
-4.83322770 -9.67542363 -10.06512856 -4.98951212 -73.30363731 -34.65257320 -51.41711774 -83.91104370 -69.53272121 -28.19944497 -40.98577562 -65.48780076 -51.34321022 -20.84218768 -20.52966891 -78.29343133
-5.47858029 -11.34109846 -11.80815438 -5.65605575 -80.49893352 -37.94142562 -55.86894385 -90.75722269 -74.59946402 -31.61391177 -45.85538473 -71.02536583 -55.99131697 -22.54511396 -22.26368136 -84.65328956
-6.00925152 -13.01732091 -13.56431191 -6.19644183 -87.45855170 -41.19053367 -60.03535670 -97.31295899 -79.49560461 -34.98662989 -50.56864971 -76.33175659 -60.57474889 -24.20008801 -24.00275420 -90.81572605
-6.44992049 -14.71730936 -15.33897029 -6.64297840 -94.17658505 -44.29919336 -64.02032797 -103.61426788 -84.25946845 -38.23705048 -55.04541263 -81.40204243 -65.11896902 -25.82512301 -25.66546409 -96.80802683
-6.81573411 -16.36314779 -17.00837147 -7.01421065 -100.56514994 -47.37083686 -68.02552049 -109.62623581 -88.87748237 -41.42240455 -59.52184022 -86.19937333 -69.58014320 -27.45173647 -27.34234424 -102.56228287
-7.14241056 -17.96960188 -18.67346138 -7.33904206 -106.74073152 -50.24541244 -71.60590758 -115.45657623 -93.42205804 -44.47498692 -63.67808693 -90.81090241 -74.03512466 -29.02130015 -29.01606086 -108.17105982
-7.43018201 -19.50282218 -20.21458765 -7.63068423 -112.63092313 -53.07689190 -75.18899411 -121.02332263 -97.80352799 -47.53362223 -67.78365424 -95.15999428 -78.39686857 -30.54249846 -30.59919933 -113.53870922
-7.69177031 -20.95753673 -21.74636979 -7.88829719 -118.20566926 -55.82541538 -78.80282063 -126.33194715 -102.04320504 -50.51304665 -71.89879566 -99.23273214 -82.66585968 -32.04664889 -32.15235516 -118.64263907
-7.93141505 -22.41551814 -23.16259155 -8.12681326 -123.55941792 -58.45710224 -82.31118457 -131.39942144 -106.12740975 -53.33774668 -75.85346903 -103.07588281 -86.84056360 -33.51246893 -33.71889164 -123.49588747
-8.15836354 -23.75234610 -24.57104969 -8.35622268 -128.68908205 -61.01876691 -85.60525056 -136.25912914 -110.10040201 -56.15429224 -79.54121647 -106.69058695 -90.97269246 -34.92268820 -35.21140260 -128.12419240
-8.36997976 -25.06564058 -25.95012419 -8.58272099 -133.53126250 -63.47998636 -88.83656265 -140.82628050 -113.89634516 -58.94110717 -83.21737633 -109.99879657 -94.98515921 -36.29943623 -36.65696866 -132.43648884
-8.57180571 -26.37901170 -27.20288482 -8.81643412 -138.09013050 -65.90509468 -92.06320528 -145.13183387 -117.55941026 -61.64799459 -86.88178661 -113.05612130 -98.87646777 -37.64851126 -38.07049435 -136.45723951
-8.78241744 -27.56042962 -28.41578592 -9.06295941 -142.39696196 -68.34216773 -95.18205501 -149.20564027 -121.11639089 -64.14277601 -90.47034989 -115.86957973 -102.66596333 -38.98480557 -39.46441120 -140.20354452
-9.00028020 -28.73091216 -29.60981593 -9.32102898 -146.40087374 -70.72185119 -98.23621670 -153.00875800 -124.51086455 -66.61657285 -94.06841080 -118.41484635 -106.31765840 -40.26203268 -40.85313857 -143.62447603
-9.23578563 -29.88423942 -30.82537382 -9.59329383 -149.91270653 -72.97469859 -101.37986193 -156.59140489 -127.76822828 -69.13778065 -97.54823329 -120.72534544 -109.68248427 -41.49858084 -42.18335961 -146.77706932
-9.48005093 -31.02052302 -31.95381659 -9.87837102 -153.13172848 -75.15058129 -104.53638968 -159.90111715 -130.89014904 -71.65486176 -100.92231017 -122.76542063 -112.95552822 -42.73376005 -43.48137554 -149.62390891
-9.73696018 -32.12228244 -33.03238547 -10.18413932 -156.12294717 -77.32946047 -107.69198644 -162.93756700 -133.75693248 -74.11428859 -104.30362140 -124.54530654 -116.10734749 -43.95152048 -44.77055686 -152.14950397
-10.00335701 -33.12038169 -34.14475040 -10.51149071 -158.83325885 -79.50795535 -110.73868092 -165.70438740 -136.47857445 -76.51382292 -107.59617146 -126.05268762 -119.16663159 -45.14048896 -46.02741286 -154.34196708
-10.28078589 -34.08468696 -35.22071984 -10.86306335 -161.23668805 -81.66674640 -113.58349294 -168.21302071 -139.04218716 -78.84110876 -110.83079269 -127.15262257 -122.11562145 -46.30228344 -47.25318201 -156.17875127
-10.57948540 -35.09879025 -36.32455618 -11.25768883 -163.37437781 -83.87032389 -116.50912786 -170.53451626 -141.50269349 -81.14754665 -114.19104068 -126.82476511 -125.01693617 -47.48823957 -48.51815826 -157.72132179
-10.89243280 -36.11772338 -37.44237573 -11.67343370 -165.20873863 -85.91393705 -119.19812929 -172.50751056 -143.83907754 -83.44824889 -117.42904424 -126.47600774 -127.83169595 -48.67195912 -49.77766795 -158.85469576
-11.22375157 -37.04491939 -38.50119129 -12.12662182 -166.58206959 -87.82326569 -121.70797454 -174.04782663 -145.72602122 -85.47191981 -120.26473758 -126.13552126 -130.40109414 -49.77905320 -50.97531835 -159.14538232
-11.59461426 -38.02708234 -39.65381996 -12.64743242 -167.60522334 -89.78721779 -124.43755597 -174.95586107 -147.39642029 -87.56500001 -123.30520318 -125.79527195 -132.91471111 -50.88982308 -52.22909639 -157.65631805
-12.04403026 -39.13401901 -40.82040811 -13.26150861 -167.00336337 -91.93394700 -127.45975797 -173.88885921 -149.23834481 -89.78498427 -126.54712959 -125.42034023 -135.55048677 -52.09849957 -53.53850147 -156.03393986
-12.49957263 -40.22450463 -41.94864239 -13.87176324 -165.92116045 -94.06165127 -130.46862445 -172.83809888 -151.06091372 -91.97169930 -129.68610950 -125.01713727 -138.11295801 -53.28124271 -54.72820491 -154.40631440
-12.94576305 -41.26537702 -43.05681638 -14.47310150 -164.84217991 -96.12636424 -133.41423397 -171.81060041 -152.82947084 -94.11345412 -132.76985932 -124.59049187 -140.59522943 -54.35543190 -55.88056581 -152.78283842
-13.39161842 -42.27079486 -44.16866801 -15.07127835 -163.72394717 -98.15164851 -136.32753386 -170.78042440 -154.40972293 -96.23622439 -135.84566931 -124.14492141 -142.98085390 -55.40921691 -57.01234650 -151.16290127
-13.84370593 -43.22716054 -45.24431025 -15.64647540 -162.60535275 -100.09911162 -139.12138709 -169.77571942 -155.81811283 -98.27266192 -138.79567691 -123.64697659 -145.21892396 -56.42075650 -58.08899062 -149.58653765
-14.28865160 -44.16987551 -46.26366833 -16.22159782 -161.45745006 -102.01125432 -141.85546596 -168.73607155 -156.93582139 -100.26606283 -141.68460568 -123.15002729 -147.30578038 -57.41047084 -59.13636504 -148.02118656
-14.67726978 -45.00951839 -47.16564866 -16.77797763 -160.37441834 -103.73794101 -144.29389471 -167.70844997 -157.80559125 -102.08092308 -144.32107542 -122.70080573 -149.12230655 -58.30606324 -60.08552790 -146.54232900
-15.05884402 -45.84016115 -48.05848247 -17.33121404 -159.28890366 -105.43901959 -146.69302959 -166.67899909 -158.65293159 -103.86568694 -146.91787172 -122.24690318 -150.88128635 -59.18933545 -61.02680686 -145.05997518
-15.43604470 -46.64731175 -48.93487541 -17.87576060 -158.20868358 -107.10398043 -149.04484765 -165.65509291 -159.48773920 -105.61303463 -149.46032619 -121.79055897 -152.58454802 -60.05119127 -61.94866555 -143.58464430
-15.80938414 -47.42786561 -49.78972384 -18.40754384 -157.11263717 -108.72103563 -151.32926474 -164.64737960 -160.25729197 -107.30088614 -151.92948628 -121.33439780 -154.19331738 -60.89420004 -62.84264549 -142.13129683
-16.18453809 -48.19480196 -50.63477454 -18.93027733 -155.98579622 -110.31038114 -153.57578279 -163.64866788 -160.94859503 -108.92697005 -154.33883065 -120.87899983 -155.72196774 -61.72498057 -63.71940017 -140.68774259
-16.56519522 -48.96807271 -51.49470367 -19.45951576 -154.84252546 -111.91695050 -155.63482247 -162.63368535 -161.63587044 -110.54678556 -156.72480210 -120.41188542 -157.24014400 -62.56194639 -64.60245586 -139.21300243
-16.96132695 -49.80349278 -52.41299572 -20.02207470 -153.66527485 -113.61261037 -156.84806175 -161.50826729 -162.35454244 -112.23403518 -158.92347897 -119.90847579 -158.80592053 -63.44738275 -65.56036600 -137.64399697
-17.36703756 -50.64930449 -53.35042413 -20.59479986 -152.52225502 -115.32392154 -158.05213950 -160.23217090 -162.92346405 -113.92897894 -160.92274410 -119.38390330 -160.34654550 -64.34482231 -66.53597733 -136.04463471
-17.80845124 -51.53972589 -54.29679038 -21.18283470 -151.70329537 -117.07803335 -159.30784494 -158.90689834 -162.31706671 -115.68926710 -163.00058011 -118.84037354 -161.92190763 -65.27903764 -67.53203150 -134.40109110
-18.26726649 -52.46434536 -55.24367035 -21.78314341 -150.36768261 -118.87324910 -160.60373102 -157.32075048 -161.72107234 -117.49366827 -165.14411679 -118.27960856 -163.54986059 -66.23650375 -68.54358130 -132.71275828
-18.71159897 -53.35002554 -56.14363612 -22.36064155 -149.04963442 -120.59318490 -161.82940243 -155.77681793 -161.17602719 -119.21965157 -167.18811499 -117.72064599 -165.10591714 -67.14455038 -69.50686698 -131.06631988
-19.17314013 -54.22449299 -57.05695882 -22.94567819 -147.68042073 -122.02152104 -163.08010262 -154.20054491 -160.61574926 -120.96093252 -169.27670389 -117.14271383 -166.49387607 -68.01482044 -70.47917225 -129.38846435
-19.68751656 -55.18892785 -58.07565367 -23.59191388 -146.17351565 -123.18299235 -164.48933533 -152.46765044 -160.02870013 -122.86962800 -170.75644470 -116.35131659 -167.98298292 -68.97251388 -71.53304188 -127.54244781
-20.21673112 -56.17372510 -59.11843573 -24.25166097 -144.61439057 -124.36601120 -165.88983674 -150.69718645 -159.38489781 -124.80450579 -171.92824261 -115.46378652 -169.43581345 -69.94483763 -72.59227084 -125.64793159
-20.76135299 -57.17932061 -60.17745854 -24.92511905 -142.98089037 -125.56988546 -167.28102325 -148.88536028 -158.64282336 -126.75903620 -173.12944243 -114.33235308 -170.82178027 -70.93208138 -73.66133045 -123.70873692
-21.32063165 -58.21953164 -60.97706754 -25.49440529 -141.30589519 -126.81102267 -168.69902845 -146.97045376 -157.89179603 -128.77347723 -174.39775082 -113.13610111 -172.21959438 -71.94231741 -74.76495280 -121.66787685
-21.93390331 -59.28593284 -61.53523932 -26.10662535 -139.49297963 -128.18586235 -170.29802325 -144.70305396 -157.09955913 -130.31920925 -175.83727322 -111.79509848 -173.72346528 -73.03546677 -75.96574744 -119.39771186
-22.56183226 -60.09424320 -62.01396924 -26.73091406 -137.64713102 -129.59215533 -171.93107563 -142.37151794 -156.29492276 -131.66589800 -177.30465158 -110.39351973 -175.22375567 -74.14081900 -77.18109966 -117.05320119
-23.21705274 -60.64210307 -62.50073128 -27.14074868 -135.81388498 -131.04524685 -173.65674735 -139.93984524 -155.15084844 -133.06118581 -178.86050118 -108.90381657 -176.80325591 -75.28364985 -78.43703772 -114.58323078
-23.58509036 -61.13966442 -63.02201924 -27.56554248 -133.86326886 -132.58919798 -175.39675487 -137.35294921 -153.66151666 -134.55519375 -180.50507072 -107.29799471 -178.42302510 -76.50074378 -79.76183103 -111.94649953
-23.90637208 -61.63367439 -63.55896346 -27.99550135 -131.84118314 -134.16960912 -177.07014218 -134.39215765 -152.12912767 -136.09788902 -182.15853271 -105.59110120 -180.00036775 -77.74476929 -81.02394520 -109.16971101
-24.17035876 -62.20522676 -64.20289331 -28.47950085 -129.31464970 -135.79449933 -179.11209054 -130.94926132 -150.04926460 -137.59429886 -184.06557436 -103.60089071 -181.59482768 -79.07226181 -82.09759479 -105.96258091
-24.45215105 -62.87550559 -64.97216936 -29.03048342 -126.37048105 -137.49470214 -181.55487796 -126.97060673 -147.67775509 -139.28266293 -186.33368860 -101.28979584 -183.29552032 -80.05507876 -82.92934327 -102.26187231
-24.76391363 -63.58050682 -65.79537217 -29.60995366 -123.25204842 -139.11845726 -184.18097337 -122.72986722 -145.22834568 -141.07667742 -188.78241342 -98.66831562 -184.92098541 -80.85521531 -83.75814208 -98.31989221
-25.17749331 -64.47632190 -66.79433643 -30.30149757 -119.57844198 -140.17319687 -186.50593417 -117.68484941 -142.44564273 -143.13546154 -191.89393416 -95.44151890 -186.61996973 -81.80242755 -84.70960988 -93.63602792
-25.74720011 -65.63477821 -68.03286817 -31.00610881 -112.91738500 -141.40779324 -188.39254510 -111.61777870 -139.76408951 -145.28671943 -195.83443401 -91.24477709 -186.96609530 -82.94026621 -85.82682318 -88.02154951
-26.39417511 -66.89832756 -69.34617650 -31.71641104 -105.25489107 -142.66272792 -190.24144128 -105.07977925 -136.38596490 -147.20182418 -199.99366376 -86.49836309 -186.01175999 -84.12293288 -86.97256639 -81.95118085
-27.12971574 -68.27850398 -70.66909594 -32.50239149 -96.47780025 -143.93821846 -191.96982562 -97.86474519 -132.23225642 -149.09065640 -203.84476830 -81.20741847 -184.25743139 -85.35551996 -88.16092050 -74.50510951
-27.94573500 -69.74807984 -71.21648344 -33.06211414 -86.61425044 -144.76783990 -193.20027459 -89.89477192 -129.00450413 -149.70623297 -207.80802885 -76.45291974 -181.75641315 -86.56738889 -88.96626430 -66.40595029
-28.66092775 -70.90310371 -71.35925772 -33.42400434 -78.52071028 -145.00628162 -194.11396452 -82.10852830 -128.41639198 -150.13220796 -209.04417702 -76.79724777 -180.85114967 -87.58601226 -89.04750380 -58.72131851
-29.78601532 -71.69596424 -71.55980262 -33.92250657 -65.25837652 -145.17602871 -195.29486506 -72.62625372 -123.73628604 -150.65503225 -209.85093269 -77.09999472 -175.07553537 -87.91346798 -88.61737878 -50.54233387
-30.60376291 -71.97624264 -71.69915370 -34.07334511 -52.11974280 -145.18579051 -196.09777361 -71.43051059 -123.93376790 -150.98249660 -210.34558389 -77.16879037 -167.17279070 -87.68277229 -88.20846831 -50.67935324
-30.96689129 -72.06687479 -71.71861790 -34.12453807 -45.02895691 -145.05887907 -196.56090807 -71.37211077 -123.26899143 -150.84370461 -210.69533206 -77.18774163 -166.55294505 -87.36108083 -87.81347534 -50.60090207
-31.10199365 -72.06124270 -71.68372049 -34.14918100 -41.90930623 -144.86927618 -196.94279303 -71.29974349 -122.61817693 -150.59931970 -210.97071232 -77.09618440 -165.93427478 -87.03138305 -87.41744019 -50.44279521
-31.14213259 -72.01754687 -71.62464925 -34.16097788 -41.02341111 -144.55214203 -197.25302745 -71.21585407 -122.38862104 -150.08691851 -211.19199626 -76.95012078 -164.61653655 -86.68660011 -87.01118927 -50.27680178
-31.17657556 -71.96221589 -71.55502188 -34.17119825 -40.74905741 -144.10419163 -197.48488954 -71.09404080 -121.78659105 -149.49093168 -211.29191385 -76.73737721 -164.17439333 -86.32249707 -86.56628187 -50.10111976
-31.35874593 -71.94809325 -71.50337881 -34.20936876 -40.15228213 -143.57272909 -197.48616659 -70.92544859 -118.78026317 -148.78384369 -211.29774284 -76.48530958 -162.13069509 -85.90243325 -85.99727468 -49.89255560
-31.38178860 -71.86261757 -71.40467132 -34.21225364 -39.90208338 -143.04677015 -197.27786165 -70.75864481 -118.51632925 -148.13004297 -211.24714104 -76.23188303 -161.88993917 -85.51034879 -85.44559322 -49.70318316
-31.48046155 -71.79245333 -71.32024283 -34.25583822 -39.79638148 -142.47588231 -197.10092981 -70.57911129 -117.79419976 -140.40111960 -210.76314398 -75.82798648 -161.23132798 -85.05693067 -84.76852365 -49.46619316
-31.69924190 -71.74113982 -71.22979521 -34.32924784 -41.55691729 -141.75256447 -197.07666240 -70.39555403 -113.28142587 -139.97343139 -200.93884754 -75.35265629 -158.09389046 -84.40540890 -83.90115821 -49.17454122
-31.80609499 -71.68692010 -71.14069962 -34.35839471 -41.05111571 -134.52095699 -196.91655771 -70.20873576 -112.81752945 -139.41157576 -200.59076926 -74.91962098 -157.35403115 -83.74147194 -83.12676449 -48.89434703
-31.84457989 -71.55573214 -71.00701802 -34.38311977 -40.71732481 -134.11712840 -196.53530790 -70.03108779 -112.49404410 -138.81317050 -200.23967443 -74.48645872 -156.60893852 -83.10549938 -75.73180036 -48.65161044
-31.90845221 -71.44178392 -70.88481960 -34.39757274 -40.37635192 -133.62739242 -196.15018989 -69.82300499 -112.16386497 -138.23211438 -199.79352741 -74.04954313 -155.92329300 -76.10937243 -75.37185777 -48.34826400
-31.94561190 -71.31446080 -70.74426271 -34.37544898 -39.73673860 -133.18927459 -195.68730296 -69.59583069 -111.43943713 -137.69631505 -199.25674011 -73.59550922 -154.71369066 -76.00058638 -74.35237557 -48.06342445
-32.02375338 -71.20592987 -70.61635089 -34.35415362 -38.69727062 -132.68204506 -195.21320015 -69.37404882 -110.24302189 -137.14800935 -198.67064132 -73.07270971 -152.71619721 -75.63366684 -74.12142765 -47.76522993
-32.05929447 -71.03600418 -70.44073509 -34.35576836 -38.09932809 -132.11510556 -194.71473343 -69.30285029 -109.95237811 -136.54558607 -198.03785405 -66.69302763 -151.49492983 -74.42361401 -73.33570568 -47.40131349
-32.10989016 -70.88846049 -70.28431082 -34.32990237 -38.07648340 -131.59213485 -194.23358523 -69.05091349 -109.35501730 -134.95474790 -197.41299291 -66.88703632 -150.63656203 -73.52289267 -72.76721353 -47.05323485
-32.26258780 -70.81813557 -70.17888563 -34.37456742 -37.66529880 -124.44058401 -193.75461087 -68.70423377 -108.93353443 -127.34473382 -196.47391303 -66.45011867 -149.57764803 -72.89127556 -71.98186347 -46.59947941
-32.34521287 -70.66536570 -70.06476183 -34.40248147 -37.48187899 -124.15397264 -184.28725544 -68.42025764 -108.12343738 -126.92637352 -195.57998128 -66.01822140 -148.40149092 -72.18714289 -71.24644734 -46.16261573
-32.36015301 -70.49226017 -69.90451968 -34.37351735 -37.10600303 -123.86094386 -184.89196229 -68.14862814 -107.55624683 -126.52984652 -194.79548423 -65.65883577 -147.43621712 -71.60517656 -70.64377048 -45.76716089
-32.37150968 -70.31150508 -69.72700297 -34.34271291 -36.82455747 -123.55556389 -184.64353296 -67.87163521 -107.13437822 -126.09813880 -193.98870427 -65.29137851 -146.61705538 -71.01623501 -70.03557771 -45.36544055
-32.46701690 -70.09102543 -69.51458747 -34.35896515 -36.37177207 -123.10924782 -184.39616253 -67.54010526 -106.41284249 -125.51621424 -184.17479003 -64.79475587 -145.32415249 -70.21095758 -63.94012055 -44.81932399
-32.49809715 -69.83113433 -69.27601707 -34.47516912 -36.04760289 -122.23976156 -184.03358306 -62.20427892 -105.81256961 -124.95233199 -182.43299655 -58.29542369 -144.25583581 -69.48794884 -63.77851518 -43.91219166
-32.57727584 -69.62677090 -69.08694709 -34.49469811 -35.59843076 -121.81643224 -183.55303354 -62.48789091 -104.69278787 -124.40076772 -181.97137577 -58.51713308 -142.78630630 -63.64027437 -62.24511413 -39.06608107
-32.69297868 -69.46250835 -68.91407408 -34.46215829 -34.52793670 -121.02527878 -183.05169895 -62.37729189 -103.19939667 -123.87590279 -181.44038807 -57.93471656 -140.08417635 -63.45643607 -61.33308149 -38.93825430
-32.86910906 -69.30937288 -68.74777450 -34.43366285 -32.31446927 -120.65846941 -182.43103907 -62.11403105 -101.73241351 -122.31482813 -180.79318073 -57.27295110 -134.93567776 -62.88685239 -60.87176016 -38.60791668
-33.13743862 -69.15581875 -68.61057144 -34.49088905 -30.75087489 -120.21539303 -174.09594633 -58.90749823 -101.18810439 -121.49955385 -179.98841474 -56.92920306 -125.00942761 -60.34894732 -60.06408868 -37.53354450
-33.17614867 -68.96137430 -68.41210195 -34.48944199 -32.97335788 -119.44497376 -172.79892352 -57.17001215 -98.57626483 -120.89485160 -179.40065155 -56.65416873 -125.48457241 -60.23220848 -59.19485120 -37.38017167
-33.22939831 -68.78702902 -66.01570192 -34.52237351 -34.48648518 -119.09253502 -172.58852030 -57.04803007 -96.98941084 -120.25874121 -178.80245347 -56.01081288 -125.85597610 -59.96570048 -58.68130679 -37.23699566
-33.36812852 -65.77794995 -64.17207485 -34.55911645 -33.34864513 -118.71836868 -172.35359374 -56.83525442 -98.37420693 -119.56337891 -178.16876527 -55.73981354 -126.67359809 -59.09717589 -58.15011720 -37.09335155
-33.44865697 -64.65661811 -64.23489276 -34.53585720 -32.50737465 -117.93641032 -171.42768351 -56.58301073 -98.86781006 -116.68707638 -177.54963967 -55.45952045 -126.12183365 -58.52372942 -57.29258700 -36.92488859
-33.49199661 -64.53938770 -64.04307323 -34.55740575 -29.96756295 -117.48273646 -171.12098592 -55.57142752 -93.80414135 -116.33780695 -176.20225203 -55.08980887 -120.83065177 -57.51519446 -56.52974391 -32.30646808
-33.55217961 -64.35640538 -63.86955093 -34.53078501 -25.45141459 -117.04980644 -170.75859005 -55.38616991 -93.84545607 -115.78751542 -174.91704990 -54.77586057 -112.66301419 -56.90267858 -55.94221862 -32.45938838
-33.51356559 -64.15071405 -63.67626815 -34.48998206 -25.30218466 -116.67612148 -170.37491586 -54.70813413 -93.41837843 -115.35788120 -174.31612368 -54.08918126 -112.09645724 -56.41048882 -55.43921807 -32.32257826
-33.46446625 -63.93683967 -63.47901630 -34.45152703 -25.15379068 -116.29749431 -169.91139230 -54.04107626 -92.98815833 -114.81686556 -173.71078888 -53.78138595 -111.46594029 -55.90388557 -54.56765485 -31.61337231
-33.42203355 -63.72796793 -63.28659304 -34.39600995 -25.00622612 -115.92433307 -168.55036223 -53.82984632 -92.55763164 -114.23602806 -173.09828880 -53.48154838 -110.74802560 -55.40932345 -54.06590035 -31.45558780
-33.37307458 -63.51846147 -63.08835623 -34.33603602 -24.85985985 -115.54535136 -168.17954005 -53.62727278 -92.13198534 -113.66327102 -172.48718047 -53.17929128 -110.02187512 -54.90741348 -53.22611753 -30.81129602
-33.33075873 -63.31633472 -62.86415970 -34.27402825 -24.70989909 -115.16793196 -167.78382017 -53.42137897 -91.70814914 -113.09221071 -171.87155738 -52.88267705 -108.92420721 -54.40981311 -52.74755007 -30.70838301
-33.33584506 -63.12823785 -62.60303317 -34.21411017 -24.50824165 -114.74993824 -166.68947082 -53.20147029 -91.22536478 -112.44571629 -171.20642591 -52.57385888 -104.00013930 -53.06744981 -52.19421006 -30.64617177
-33.32989333 -62.97018859 -58.56100206 -34.25127966 -24.35651926 -114.33559294 -166.29353104 -52.97297548 -90.76608144 -111.81828394 -170.52850073 -52.25238825 -103.64386745 -52.56072968 -51.69944788 -30.40241508
-33.37202075 -60.85835942 -58.74508763 -34.19148923 -24.19897133 -113.93646015 -165.92706822 -52.75513989 -90.32068748 -111.20104105 -169.87839958 -51.94316396 -102.63938564 -52.04280558 -51.21770045 -30.13065639
-33.40253268 -58.92235725 -58.64595068 -34.14441968 -24.04586581 -113.53523891 -165.55915233 -52.10223268 -89.87017804 -110.56950042 -169.22458419 -51.62144764 -102.11011047 -51.54586214 -50.74160824 -29.85619415
-33.34690546 -58.75106650 -58.47019721 -34.06757721 -23.88794810 -113.16228151 -165.20607717 -51.91622804 -89.43873985 -109.18918074 -168.59617679 -51.31499498 -101.56781017 -51.05849376 -50.27500357 -29.57920630
-33.29270690 -58.57849528 -58.29534432 -33.99090836 -23.73321049 -112.78936595 -164.80862180 -51.72752398 -89.00719529 -107.65931873 -167.96157224 -51.00354086 -101.03307264 -50.57592780 -49.81329554 -29.30440304
-33.23756791 -58.40695961 -58.12038301 -33.91169150 -23.57733173 -112.40883320 -164.36238443 -51.54501989 -88.57507175 -107.00925980 -167.32958750 -50.69028927 -100.04610198 -50.08264116 -49.35064124 -29.02942771
-33.17458037 -58.23027638 -57.94233468 -33.83517551 -23.42992852 -112.02135822 -163.89760548 -51.34650541 -88.14716069 -106.27953217 -166.68936067 -49.90072951 -99.49104320 -49.61267124 -48.88820453 -28.72843462
-33.11305891 -58.05338633 -57.76513992 -33.75958476 -23.28674318 -111.63132292 -163.42870704 -51.14054747 -87.72019589 -105.66201876 -166.04015337 -48.93553772 -98.84446643 -49.15667502 -48.43278577 -28.42737410
-33.04666449 -57.87264526 -57.58606668 -33.68252772 -23.14627978 -111.24114049 -162.97133424 -50.94923335 -87.29465971 -105.12889838 -164.83195508 -48.57189517 -98.20507379 -48.69599422 -47.94956117 -27.91341237
-32.98123660 -57.69461503 -57.41091396 -33.60542553 -23.00599308 -110.85461312 -162.50984826 -50.76080168 -86.87159421 -104.65053865 -164.18627057 -48.17187456 -97.56879066 -48.24100481 -47.47675765 -27.41689522
-33.24827600 -57.53892775 -57.24520895 -33.53686308 -12.55915302 -110.23351106 -161.83682067 -50.50447794 -79.86309060 -103.50743820 -162.61389837 -47.66508864 -77.74257072 -47.38033915 -46.76121338 -27.05873597
-33.27689456 -57.37014730 -57.07085759 -33.44757036 -12.00081320 -109.81155670 -161.35289204 -50.31274498 -78.25134936 -102.79850195 -161.91742594 -47.20843071 -74.63521750 -46.84441189 -46.25852596 -26.56326121
-33.34560093 -57.20037893 -56.89609644 -33.36215689 -12.01932191 -109.03912136 -160.82977583 -50.09969917 -73.17715841 -101.98376057 -161.14922426 -46.77572735 -69.55667832 -46.27786610 -45.74938259 -26.28285051
-33.40055923 -56.75921483 -56.72977783 -33.27562413 -11.99590679 -108.62730480 -160.33607978 -49.89976281 -70.80588246 -101.28691648 -160.41085406 -46.41641251 -67.46667380 -45.78419864 -45.29438562 -26.03262856
-33.43449023 -56.58923756 -56.30550463 -33.20508620 -12.61274836 -108.18835571 -159.83792752 -49.67833140 -67.63277970 -100.57584226 -159.65008391 -46.07778357 -64.90190962 -45.29551793 -44.84556162 -25.79063796
-33.42976249 -56.40317099 -56.12999487 -33.10992943 -12.77748059 -107.77538417 -159.36653618 -49.45539038 -66.40498837 -99.91806181 -158.90717218 -45.76042116 -63.45719503 -44.81410221 -44.41214584 -25.55259718
-33.41835296 -56.21279676 -55.95153946 -33.01604498 -12.96901518 -107.35450911 -158.89849444 -49.22683323 -65.29974214 -99.26762320 -158.14926736 -45.44998014 -62.41092855 -44.35759595 -43.98503433 -25.31176159
-33.40825343 -56.01067393 -55.76777911 -32.92535808 -13.20569740 -106.27107488 -158.42563468 -48.98440731 -64.15496076 -98.57245460 -157.32808752 -44.86329794 -61.36152537 -43.89535631 -43.53108788 -24.83598256
-33.53107424 -54.01594329 -54.39929200 -32.17150550 -8.39794289 -105.15354085 -157.20955328 -48.03200148 -50.65113628 -97.00002298 -156.28546429 -44.57753634 -44.21358396 -41.90262895 -42.09550002 -24.75518568
-33.47384491 -53.46069961 -54.62414580 -32.71929489 -9.12109753 -104.56041119 -157.11498088 -48.44652052 -52.93076505 -96.47511991 -155.63988759 -44.50297433 -46.72248684 -41.37025883 -41.69341989 -24.51066990
-33.42948950 -52.72708261 -54.41443374 -32.73552068 -9.77850493 -104.24496220 -156.90677401 -48.39116222 -54.90392394 -95.95880202 -154.83595097 -44.22384164 -48.89210342 -40.75348256 -41.19483333 -24.22907111
-33.39234067 -51.85268497 -53.90331556 -32.69271254 -10.44322094 -103.88693130 -156.52735793 -48.20072148 -56.71979505 -95.43055220 -153.97451470 -43.90432262 -50.90128574 -40.04429099 -40.59081054 -23.92508263
-33.07947362 -51.21762704 -53.14909978 -32.62747918 -11.12392614 -103.49593620 -156.06208739 -47.93682897 -58.34322228 -94.64502263 -153.05183946 -43.55563145 -52.72087128 -39.23867019 -39.89021841 -23.59816436
-29.68580369 -51.29849966 -52.16638230 -32.37421103 -12.23660852 -103.03419252 -155.57275676 -47.67552925 -59.82620069 -94.00888546 -151.74953950 -43.22386752 -54.71981563 -38.26543317 -39.09139043 -23.30525174
-29.90544129 -51.38273964 -51.19034309 -32.29692983 -12.92597504 -102.62274320 -155.08856715 -47.37337742 -60.97609970 -93.46032809 -150.38169165 -42.45066198 -56.16914347 -37.37182456 -38.21550946 -22.92632343
-30.11877793 -51.91862416 -50.83664066 -28.95926636 -13.80006831 -102.13708820 -154.57292897 -47.02961558 -62.08636095 -92.63048688 -149.42748544 -42.04372628 -57.74063739 -36.42451017 -37.31929396 -22.55117110
-30.38875983 -52.28764502 -51.06239942 -28.98835032 -14.98632234 -101.64988691 -153.78203951 -46.57832951 -62.64681836 -91.95293557 -148.50147028 -41.66923062 -57.56505034 -29.74736969 -36.09435898 -22.23309797
-30.61485585 -52.40694462 -51.41596985 -29.24050618 -15.62697017 -101.15999677 -153.32427631 -46.14523062 -62.93977209 -91.34951221 -147.54248361 -41.25238753 -58.30581021 -29.55071759 -30.08293375 -21.78429179
-30.73801457 -52.20673710 -51.59158534 -29.50244747 -15.78247896 -100.67268208 -152.87821572 -45.93519268 -62.93944606 -90.53921196 -146.72742307 -40.91495796 -58.24068228 -29.43096424 -30.16144783 -21.53119245
-30.85508087 -52.00123100 -51.73997109 -29.77983979 -15.73430190 -100.17268145 -152.42303256 -45.71510196 -62.62750596 -89.96420576 -145.90280014 -40.56635426 -57.87412843 -29.30887419 -30.08731658 -21.27219418
-30.76252461 -51.79530183 -51.64050921 -29.95384484 -15.68042831 -99.65030897 -151.96309734 -45.48668178 -62.31822592 -89.38208686 -145.07799380 -40.21222812 -57.51558470 -29.17657332 -29.99556142 -21.01222148
-30.67024931 -51.58098976 -51.44038260 -29.74455383 -15.61440383 -99.09651958 -151.49557647 -45.24946561 -62.00712809 -88.79380273 -144.29304633 -39.85591812 -57.13852073 -29.03303487 -29.90400685 -20.75415252
-30.58817656 -50.49460735 -51.22128775 -29.17520879 -15.48523379 -98.43941293 -151.00463673 -44.99663018 -61.69899129 -88.17482839 -143.54322711 -39.49816140 -56.71103331 -28.88182371 -29.82592359 -20.50371707
-27.58382052 -48.30790542 -50.11628583 -27.37668043 -15.13724535 -96.86520946 -149.64810830 -44.39554200 -60.53160495 -75.77997738 -142.28254321 -39.01494741 -54.80128206 -27.70322341 -29.68844088 -20.26866463
-27.68841858 -46.91770368 -49.27414621 -27.46196924 -13.45619048 -95.52361059 -149.06574193 -44.13434104 -53.90746421 -75.51778160 -141.36090060 -38.69803650 -49.42672703 -27.66940572 -29.04904538 -20.05098010
-27.84664375 -46.84682255 -48.48290364 -27.58019154 -13.29302590 -94.72212777 -148.59873676 -43.90496118 -53.50608719 -75.26178321 -140.58225553 -38.37599582 -48.97050716 -27.53685861 -28.83178611 -19.79080290
-27.90966891 -46.80460707 -47.46307799 -27.69150582 -13.14171812 -93.86289039 -148.10412791 -43.66453335 -53.11753784 -74.71778805 -139.45888167 -38.04230710 -48.52448314 -27.40167758 -28.64305314 -19.50733795
-27.87969714 -47.03409101 -46.51978975 -27.75189774 -12.97668467 -92.99696077 -147.28367496 -43.22496042 -52.72255235 -74.33530219 -138.64651612 -37.72661148 -48.05541392 -27.35891887 -28.49519066 -19.27605357
-27.73606416 -47.34692676 -46.37236849 -27.61140213 -12.88387202 -91.94253068 -146.65880177 -42.90873648 -52.29446283 -73.70295375 -122.64687083 -37.25417215 -47.65663186 -27.31805405 -28.31094935 -18.98734433
-27.60377449 -47.47646359 -46.55942208 -27.52733290 -12.71728605 -91.18033098 -146.20524051 -42.72862413 -51.96665114 -73.15340721 -123.09887772 -36.99481621 -47.18331933 -27.11808730 -28.10471845 -18.75980294
-27.38172889 -47.39591533 -46.78418917 -27.42783814 -12.51378419 -77.67861070 -145.59465864 -42.50245429 -51.26277742 -72.11856953 -122.25920725 -36.75549887 -46.40782917 -26.93091929 -27.90038014 -18.57670293
-25.78893417 -46.71073331 -46.64305421 -27.24121921 -15.90542637 -77.58864636 -144.71555647 -42.20971103 -44.32238375 -60.25756747 -121.08102503 -36.56343132 -40.97939036 -19.45899242 -27.21690498 -18.45916126
-25.50164085 -46.43501569 -46.79734144 -27.20526266 -15.66403059 -77.61068451 -144.29830698 -42.03931039 -44.35557275 -60.19965117 -120.33167060 -36.32318583 -40.65538939 -19.62194368 -27.07346203 -18.25125979
-25.05398906 -46.11668272 -46.98318022 -27.13211912 -15.91481957 -77.39138732 -143.83218185 -41.81283999 -43.58439371 -60.03256098 -119.34377499 -35.66182056 -39.82035882 -19.12992689 -21.49455305 -17.71558491
-24.21420797 -45.75918212 -46.81615380 -27.04805646 -16.14625968 -76.80699860 -143.33536853 -41.62108977 -42.76696654 -59.75829489 -118.55368231 -35.42641685 -38.84179997 -19.07526968 -21.38299512 -17.60970644
-23.13532375 -45.07504860 -46.50487529 -26.93459525 -15.88123281 -64.95786137 -142.60099179 -41.37622053 -42.44424842 -59.16221910 -117.63860086 -35.21046555 -38.10391711 -18.87534654 -21.17054162 -17.46211632
-22.21911223 -44.72376828 -46.13606066 -26.85718905 -15.67167607 -65.62593866 -142.12326344 -41.18665655 -42.43648715 -58.62262098 -116.85730082 -34.96965818 -37.66492135 -18.57221550 -20.87946911 -17.25703926
-21.86518636 -44.24090099 -45.89875605 -26.76156671 -15.50013654 -65.84449327 -141.61007807 -40.98153004 -42.47404455 -57.98935012 -116.01866915 -34.60880476 -37.06732314 -14.04853886 -19.84528399 -16.22636263
-21.61267584 -43.84041382 -45.62115192 -26.64312041 -15.02345784 -65.00896784 -140.91891374 -40.72599846 -40.30446187 -42.15872480 -114.75611882 -34.31623509 -35.14894120 -14.18397975 -19.35066004 -16.21422146
