0.00000000
123.81792725
228.09290938
325.03681644
414.68927862
496.60376487
571.78421332
640.78882291
703.75111833
761.28918086
813.25314425
859.20283538
898.98622387
930.99496580
952.78375548
959.53069433
961.53342258
957.09559609
946.20614352
932.91321527
918.17864760
901.21719652
882.14133944
860.93767326
838.65461497
814.45425214
789.79823115
770.05088400
748.70156118
725.89114041
702.45726750
678.77663911
654.91862978
635.05227539
615.96791457
599.51559037
593.04466145
591.35803863
589.59503680
587.82255465
581.60076884
