0.00000000
120.45334473
217.28067805
308.50914740
392.59975149
468.84528394
537.91092825
600.64706368
657.56226734
708.77073668
754.33819951
794.58687652
829.17668556
857.60406389
871.75753935
872.97423039
872.25541200
868.01833979
860.77359622
850.89168939
837.81935106
822.24665503
805.80324955
788.07740888
768.80329628
748.41017862
726.91996430
704.49350083
681.38983434
657.53522696
632.88733929
607.74234674
582.39728270
556.83389952
537.69643028
518.48782151
518.43405790
518.03297574
517.53103247
516.96305731
516.34362809
515.68737335
514.96701432
514.11825608
513.11617652
512.09122132
511.04442974
509.94086320
508.76168331
507.56858886
506.36298585
505.12666525
503.74763912
502.31347356
500.82792225
499.22659644
497.40929388
495.73090914
494.11936425
492.37281424
481.44151366
480.13824362
478.93600183
467.98252175
467.14930463
466.13188347
465.09866711
463.83429065
462.45980373
461.08295868
459.70506697
458.32731551
456.94978750
455.54949555
454.13866377
452.72743233
442.98350960
442.69662364
433.43695799
433.89363004
433.68524368
432.97013453
431.81620608
430.62966376
429.42932372
428.21144309
411.63010959
411.73668848
411.34202541
410.36031759
409.29078897
408.57626408
387.95921747
388.31765612
387.91698837
387.73485911
388.47560727
389.07672181
385.54116145
386.04269327
385.79202385
385.15990974
384.38793296
383.62872812
382.90752582
373.63220131
373.22978586
372.65867932
372.13034222
370.76545296
370.29956294
369.48655084
368.95771374
368.09301111
359.04602160
358.63575402
357.40797748
355.85983087
354.20070584
352.91975453
351.83878454
