0.00000000
0.00101941
0.00201941
0.00301941
0.00401941
0.00501941
0.00601941
0.00701941
0.00801941
0.00901941
0.01001941
0.01101941
0.01201941
0.01301941
0.01401941
0.01501941
0.01601941
0.01701941
0.01801941
0.01901941
0.02001941
0.02101941
0.02201941
0.02301941
0.02401941
0.02501941
0.02601941
0.02701941
0.02801941
0.02901941
0.03001941
0.03101941
0.03201941
0.03301941
0.03401941
0.03501941
0.03601941
0.03701941
0.03801941
0.03901941
0.04001941
0.04101941
0.04201941
0.04301941
0.04401941
0.04501941
0.04601941
0.04701941
0.04801941
0.04901941
0.05001941
0.05101941
0.05201941
0.05301941
0.05401941
0.05501941
0.05601941
0.05701941
0.05801941
0.05901941
0.06001941
0.06101941
0.06201941
0.06301941
0.06401941
0.06501941
0.06601941
0.06701941
0.06801941
0.06901941
0.07001941
0.07101941
0.07201941
0.07301941
0.07401941
0.07501941
0.07601941
0.07701941
0.07801941
0.07901941
0.08001941
0.08101941
0.08201941
0.08301941
0.08401941
0.08501941
0.08601941
0.08701941
0.08801941
0.08901941
0.09001941
0.09101941
0.09201941
0.09301941
0.09401941
0.09501941
0.09601941
0.09701941
0.09801941
0.09901941
0.10001941
0.10101941
