0.00000000
0.00097691
0.00197691
0.00297691
0.00397691
0.00497691
0.00597691
0.00697691
0.00797691
0.00897691
0.00997691
0.01097691
0.01197691
0.01297691
0.01397691
0.01497691
0.01597691
0.01697691
0.01797691
0.01897691
0.01997691
0.02097691
0.02197691
0.02297691
0.02397691
0.02497691
0.02597691
0.02697691
0.02797691
0.02897691
0.02997691
0.03097691
0.03197691
0.03297691
0.03397691
0.03497691
0.03597691
0.03697691
0.03797691
0.03897691
0.03997691
0.04097691
0.04197691
0.04297691
0.04397691
0.04497691
0.04597691
0.04697691
0.04797691
0.04897691
0.04997691
0.05097691
0.05197691
0.05297691
0.05397691
0.05497691
0.05597691
0.05697691
0.05797691
0.05897691
0.05997691
0.06097691
0.06197691
0.06297691
0.06397691
0.06497691
0.06597691
0.06697691
0.06797691
0.06897691
0.06997691
0.07097691
0.07197691
0.07297691
0.07397691
0.07497691
0.07597691
0.07697691
0.07797691
0.07897691
0.07997691
0.08097691
0.08197691
0.08297691
0.08397691
0.08497691
0.08597691
0.08697691
0.08797691
0.08897691
0.08997691
0.09097691
0.09197691
0.09297691
0.09397691
0.09497691
0.09597691
0.09697691
0.09797691
0.09897691
0.09997691
0.10097691
0.10197691
0.10297691
0.10397691
0.10497691
0.10597691
0.10697691
0.10797691
0.10897691
0.10997691
0.11097691
0.11197691
0.11297691
0.11397691
0.11497691
0.11597691
0.11697691
0.11797691
0.11897691
