WARNING: CTestEnergyIncr::test() - failed to converge 
after: 20 iterations
 current EnergyIncr: 9.59922e-05 (max: 1e-06) 	Norm deltaX: 0.000107552, Norm deltaR: 2.24929
NewtonRaphson::solveCurrentStep() -the ConvergenceTest object failed in test()
StaticAnalysis::analyze() - the Algorithm failed at step: 0 with domain at load factor 959.46
OpenSees > analyze failed, returned: -3 error flag
WARNING: CTestNormDispIncr::test() - failed to converge 
after: 100 iterations  current Norm: 80034.6 (max: 1e-06, Norm deltaR: 598.94)
AcceleratedNewton::solveCurrentStep() -The ConvergenceTest object failed in test()
StaticAnalysis::analyze() - the Algorithm failed at step: 0 with domain at load factor -9.70308
OpenSees > analyze failed, returned: -3 error flag
WARNING: CTestNormDispIncr::test() - failed to converge 
after: 100 iterations  current Norm: 6.82173e+06 (max: 1e-06, Norm deltaR: 1541.64)
AcceleratedNewton::solveCurrentStep() -The ConvergenceTest object failed in test()
StaticAnalysis::analyze() - the Algorithm failed at step: 0 with domain at load factor -36.1836
OpenSees > analyze failed, returned: -3 error flag
WARNING: CTestNormDispIncr::test() - failed to converge 
after: 100 iterations  current Norm: 2.46047e-06 (max: 1e-06, Norm deltaR: 0.522272)
NewtonLineSearch::solveCurrentStep() -the ConvergenceTest object failed in test()
StaticAnalysis::analyze() - the Algorithm failed at step: 0 with domain at load factor 510.096
OpenSees > analyze failed, returned: -3 error flag
WARNING: CTestNormDispIncr::test() - failed to converge 
after: 10 iterations  current Norm: 0.00804533 (max: 1e-06, Norm deltaR: 574.308)
WARNING: CTestNormDispIncr::test() - failed to converge 
after: 10 iterations  current Norm: 0.210962 (max: 1e-06, Norm deltaR: 780.048)
WARNING: CTestNormDispIncr::test() - failed to converge 
after: 10 iterations  current Norm: 4.7219e+09 (max: 1e-06, Norm deltaR: 7.03206e+06)
WARNING - ForceBeamColumn3d::update - failed to get compatible element forces & deformations for element: 5200(dW: << 1.42702e-10, dW0: 6.51054e+22)
Domain::update - domain failed in update
DisplacementControl::update - model failed to update for new dU
WARNING Broyden::solveCurrentStep() -the Integrator failed in update()
StaticAnalysis::analyze() - the Algorithm failed at step: 0 with domain at load factor -5379.64
OpenSees > analyze failed, returned: -3 error flag
WARNING: CTestNormDispIncr::test() - failed to converge 
after: 10 iterations  current Norm: 0.00143791 (max: 1e-06, Norm deltaR: 208.078)
WARNING: CTestNormDispIncr::test() - failed to converge 
after: 10 iterations  current Norm: 0.00797057 (max: 1e-06, Norm deltaR: 78.255)
WARNING: CTestNormDispIncr::test() - failed to converge 
after: 10 iterations  current Norm: 0.000147683 (max: 1e-06, Norm deltaR: 14.3399)
WARNING: CTestNormDispIncr::test() - failed to converge 
after: 10 iterations  current Norm: 0.00069949 (max: 1e-06, Norm deltaR: 90.3673)
WARNING: CTestNormDispIncr::test() - failed to converge 
after: 10 iterations  current Norm: 0.00448548 (max: 1e-06, Norm deltaR: 30.0166)
WARNING: CTestNormDispIncr::test() - failed to converge 
after: 10 iterations  current Norm: 4598.26 (max: 1e-06, Norm deltaR: 8.66318e+06)
WARNING: CTestNormDispIncr::test() - failed to converge 
after: 10 iterations  current Norm: 6.41454e+08 (max: 1e-06, Norm deltaR: 124523)
WARNING: CTestNormDispIncr::test() - failed to converge 
after: 10 iterations  current Norm: 3.95104e+06 (max: 1e-06, Norm deltaR: 926.418)
WARNING: CTestNormDispIncr::test() - failed to converge 
after: 10 iterations  current Norm: 2.392e+06 (max: 1e-06, Norm deltaR: 704.19)
WARNING: CTestNormDispIncr::test() - failed to converge 
after: 10 iterations  current Norm: 2.2089e+06 (max: 1e-06, Norm deltaR: 1084.84)
WARNING: CTestNormDispIncr::test() - failed to converge 
after: 10 iterations  current Norm: 2.87107e+06 (max: 1e-06, Norm deltaR: 744.305)
WARNING: CTestNormDispIncr::test() - failed to converge 
after: 10 iterations  current Norm: 2.37463e+06 (max: 1e-06, Norm deltaR: 753.21)
WARNING: CTestNormDispIncr::test() - failed to converge 
after: 10 iterations  current Norm: 2.06498e+06 (max: 1e-06, Norm deltaR: 618.384)
WARNING: CTestNormDispIncr::test() - failed to converge 
after: 10 iterations  current Norm: 2.49927e+06 (max: 1e-06, Norm deltaR: 673.759)
WARNING: CTestNormDispIncr::test() - failed to converge 
after: 10 iterations  current Norm: 2.04938e+06 (max: 1e-06, Norm deltaR: 726.151)
WARNING: CTestNormDispIncr::test() - failed to converge 
after: 10 iterations  current Norm: 4.13815e+06 (max: 1e-06, Norm deltaR: 752.174)
WARNING: CTestNormDispIncr::test() - failed to converge 
after: 10 iterations  current Norm: 2.8479e+06 (max: 1e-06, Norm deltaR: 667.971)
WARNING: CTestNormDispIncr::test() - failed to converge 
after: 10 iterations  current Norm: 2.58365e+06 (max: 1e-06, Norm deltaR: 832.436)
WARNING: CTestNormDispIncr::test() - failed to converge 
after: 10 iterations  current Norm: 2.33019e+06 (max: 1e-06, Norm deltaR: 846.267)
WARNING: CTestNormDispIncr::test() - failed to converge 
after: 10 iterations  current Norm: 1.81894e+06 (max: 1e-06, Norm deltaR: 619.177)
WARNING: CTestNormDispIncr::test() - failed to converge 
after: 10 iterations  current Norm: 2.07629e+06 (max: 1e-06, Norm deltaR: 753.349)
WARNING: CTestNormDispIncr::test() - failed to converge 
after: 10 iterations  current Norm: 1.82053e+06 (max: 1e-06, Norm deltaR: 645.685)
WARNING: CTestNormDispIncr::test() - failed to converge 
after: 10 iterations  current Norm: 2.79369e+06 (max: 1e-06, Norm deltaR: 634.437)
WARNING: CTestNormDispIncr::test() - failed to converge 
after: 10 iterations  current Norm: 2.23726e+06 (max: 1e-06, Norm deltaR: 1212.74)
WARNING: CTestNormDispIncr::test() - failed to converge 
after: 10 iterations  current Norm: 1.98662e+06 (max: 1e-06, Norm deltaR: 668.841)
WARNING: CTestNormDispIncr::test() - failed to converge 
after: 10 iterations  current Norm: 2.19744e+06 (max: 1e-06, Norm deltaR: 613.567)
WARNING: CTestNormDispIncr::test() - failed to converge 
after: 10 iterations  current Norm: 1.95825e+06 (max: 1e-06, Norm deltaR: 851.584)
WARNING: CTestNormDispIncr::test() - failed to converge 
after: 10 iterations  current Norm: 1.99537e+06 (max: 1e-06, Norm deltaR: 852.949)
WARNING: CTestNormDispIncr::test() - failed to converge 
after: 10 iterations  current Norm: 1.91776e+06 (max: 1e-06, Norm deltaR: 644.915)
WARNING: CTestNormDispIncr::test() - failed to converge 
after: 10 iterations  current Norm: 3.17392e+06 (max: 1e-06, Norm deltaR: 1012.79)
WARNING: CTestNormDispIncr::test() - failed to converge 
after: 10 iterations  current Norm: 2.56203e+06 (max: 1e-06, Norm deltaR: 701.532)
WARNING: CTestNormDispIncr::test() - failed to converge 
after: 10 iterations  current Norm: 2.05429e+06 (max: 1e-06, Norm deltaR: 1002.61)
WARNING: CTestNormDispIncr::test() - failed to converge 
after: 10 iterations  current Norm: 2.09341e+06 (max: 1e-06, Norm deltaR: 600.105)
WARNING: CTestNormDispIncr::test() - failed to converge 
after: 10 iterations  current Norm: 2.30584e+06 (max: 1e-06, Norm deltaR: 4964.62)
WARNING: CTestNormDispIncr::test() - failed to converge 
after: 10 iterations  current Norm: 2.71155e+06 (max: 1e-06, Norm deltaR: 638.286)
WARNING: CTestNormDispIncr::test() - failed to converge 
after: 10 iterations  current Norm: 2.90651e+06 (max: 1e-06, Norm deltaR: 680.997)
WARNING: CTestNormDispIncr::test() - failed to converge 
after: 10 iterations  current Norm: 1.93218e+06 (max: 1e-06, Norm deltaR: 693.55)
WARNING: CTestNormDispIncr::test() - failed to converge 
after: 10 iterations  current Norm: 2.08921e+06 (max: 1e-06, Norm deltaR: 750.009)
WARNING: CTestNormDispIncr::test() - failed to converge 
after: 10 iterations  current Norm: 1.927e+06 (max: 1e-06, Norm deltaR: 618.686)
WARNING: CTestNormDispIncr::test() - failed to converge 
after: 10 iterations  current Norm: 2.62456e+06 (max: 1e-06, Norm deltaR: 684.412)
WARNING: CTestNormDispIncr::test() - failed to converge 
after: 10 iterations  current Norm: 2.1392e+06 (max: 1e-06, Norm deltaR: 1286.99)
WARNING: CTestNormDispIncr::test() - failed to converge 
after: 10 iterations  current Norm: 2.06463e+06 (max: 1e-06, Norm deltaR: 876.809)
WARNING: CTestNormDispIncr::test() - failed to converge 
after: 10 iterations  current Norm: 1.77672e+06 (max: 1e-06, Norm deltaR: 645.099)
WARNING: CTestNormDispIncr::test() - failed to converge 
after: 10 iterations  current Norm: 2.82576e+06 (max: 1e-06, Norm deltaR: 767.078)
WARNING: CTestNormDispIncr::test() - failed to converge 
after: 10 iterations  current Norm: 2.32644e+06 (max: 1e-06, Norm deltaR: 733.88)
WARNING: CTestNormDispIncr::test() - failed to converge 
after: 10 iterations  current Norm: 2.17457e+06 (max: 1e-06, Norm deltaR: 687.772)
WARNING: CTestNormDispIncr::test() - failed to converge 
after: 10 iterations  current Norm: 2.24063e+06 (max: 1e-06, Norm deltaR: 730.632)
WARNING: CTestNormDispIncr::test() - failed to converge 
after: 10 iterations  current Norm: 2.41304e+06 (max: 1e-06, Norm deltaR: 786.282)
WARNING: CTestNormDispIncr::test() - failed to converge 
after: 10 iterations  current Norm: 1.87947e+06 (max: 1e-06, Norm deltaR: 759.427)
WARNING: CTestNormDispIncr::test() - failed to converge 
after: 10 iterations  current Norm: 2.44038e+06 (max: 1e-06, Norm deltaR: 652.228)
WARNING: CTestNormDispIncr::test() - failed to converge 
after: 10 iterations  current Norm: 2.24836e+06 (max: 1e-06, Norm deltaR: 5133.16)
WARNING: CTestNormDispIncr::test() - failed to converge 
after: 10 iterations  current Norm: 2.40056e+06 (max: 1e-06, Norm deltaR: 5362.24)
WARNING: CTestNormDispIncr::test() - failed to converge 
after: 10 iterations  current Norm: 2.60553e+06 (max: 1e-06, Norm deltaR: 642.985)
WARNING: CTestNormDispIncr::test() - failed to converge 
after: 10 iterations  current Norm: 1.43126e+06 (max: 1e-06, Norm deltaR: 758.826)
WARNING: CTestNormDispIncr::test() - failed to converge 
after: 10 iterations  current Norm: 1.45044e+06 (max: 1e-06, Norm deltaR: 713.421)
WARNING: CTestNormDispIncr::test() - failed to converge 
after: 10 iterations  current Norm: 1.5055e+06 (max: 1e-06, Norm deltaR: 679.209)
WARNING: CTestNormDispIncr::test() - failed to converge 
after: 10 iterations  current Norm: 1.89063e+06 (max: 1e-06, Norm deltaR: 632.591)
WARNING: CTestNormDispIncr::test() - failed to converge 
after: 10 iterations  current Norm: 1.46542e+06 (max: 1e-06, Norm deltaR: 620.84)
WARNING: CTestNormDispIncr::test() - failed to converge 
after: 10 iterations  current Norm: 1.47742e+06 (max: 1e-06, Norm deltaR: 681.923)
WARNING: CTestNormDispIncr::test() - failed to converge 
after: 10 iterations  current Norm: 4.58752e+06 (max: 1e-06, Norm deltaR: 878.913)
WARNING: CTestNormDispIncr::test() - failed to converge 
after: 10 iterations  current Norm: 1.4502e+06 (max: 1e-06, Norm deltaR: 616.98)
WARNING: CTestNormDispIncr::test() - failed to converge 
after: 10 iterations  current Norm: 1.59649e+06 (max: 1e-06, Norm deltaR: 642.028)
WARNING: CTestNormDispIncr::test() - failed to converge 
after: 10 iterations  current Norm: 1.61576e+06 (max: 1e-06, Norm deltaR: 712.826)
WARNING: CTestNormDispIncr::test() - failed to converge 
after: 10 iterations  current Norm: 2.17202e+06 (max: 1e-06, Norm deltaR: 666.879)
WARNING: CTestNormDispIncr::test() - failed to converge 
after: 10 iterations  current Norm: 2.75572e+06 (max: 1e-06, Norm deltaR: 4843.74)
WARNING: CTestNormDispIncr::test() - failed to converge 
after: 10 iterations  current Norm: 2.13493e+06 (max: 1e-06, Norm deltaR: 816.475)
WARNING: CTestNormDispIncr::test() - failed to converge 
after: 10 iterations  current Norm: 1.51742e+06 (max: 1e-06, Norm deltaR: 695.52)
WARNING: CTestNormDispIncr::test() - failed to converge 
after: 10 iterations  current Norm: 1.53315e+06 (max: 1e-06, Norm deltaR: 5246.9)
WARNING: CTestNormDispIncr::test() - failed to converge 
after: 10 iterations  current Norm: 2.06205e+06 (max: 1e-06, Norm deltaR: 6004.63)
WARNING: CTestNormDispIncr::test() - failed to converge 
after: 10 iterations  current Norm: 2.55501e+06 (max: 1e-06, Norm deltaR: 809.453)
WARNING: CTestNormDispIncr::test() - failed to converge 
after: 10 iterations  current Norm: 1.81366e+06 (max: 1e-06, Norm deltaR: 675.206)
WARNING: CTestNormDispIncr::test() - failed to converge 
after: 10 iterations  current Norm: 1.54978e+06 (max: 1e-06, Norm deltaR: 855.679)
WARNING: CTestNormDispIncr::test() - failed to converge 
after: 10 iterations  current Norm: 1.91832e+06 (max: 1e-06, Norm deltaR: 646.558)
WARNING: CTestNormDispIncr::test() - failed to converge 
after: 10 iterations  current Norm: 1.54723e+06 (max: 1e-06, Norm deltaR: 651.096)
WARNING: CTestNormDispIncr::test() - failed to converge 
after: 10 iterations  current Norm: 2.73015e+06 (max: 1e-06, Norm deltaR: 910.534)
WARNING: CTestNormDispIncr::test() - failed to converge 
after: 10 iterations  current Norm: 2.67454e+06 (max: 1e-06, Norm deltaR: 777.827)
WARNING: CTestNormDispIncr::test() - failed to converge 
after: 10 iterations  current Norm: 1.36123e+06 (max: 1e-06, Norm deltaR: 758.38)
WARNING: CTestNormDispIncr::test() - failed to converge 
after: 10 iterations  current Norm: 1.937e+06 (max: 1e-06, Norm deltaR: 655.774)
WARNING: CTestNormDispIncr::test() - failed to converge 
after: 10 iterations  current Norm: 2.04558e+06 (max: 1e-06, Norm deltaR: 749.141)
WARNING: CTestNormDispIncr::test() - failed to converge 
after: 10 iterations  current Norm: 1.5023e+06 (max: 1e-06, Norm deltaR: 10315.5)
WARNING: CTestNormDispIncr::test() - failed to converge 
after: 10 iterations  current Norm: 1.87445e+06 (max: 1e-06, Norm deltaR: 672.092)
WARNING: CTestNormDispIncr::test() - failed to converge 
after: 10 iterations  current Norm: 1.82979e+06 (max: 1e-06, Norm deltaR: 620.307)
WARNING: CTestNormDispIncr::test() - failed to converge 
after: 10 iterations  current Norm: 1.72982e+06 (max: 1e-06, Norm deltaR: 814.005)
WARNING: CTestNormDispIncr::test() - failed to converge 
after: 10 iterations  current Norm: 1.48446e+06 (max: 1e-06, Norm deltaR: 778.516)
WARNING: CTestNormDispIncr::test() - failed to converge 
after: 10 iterations  current Norm: 2.8878e+06 (max: 1e-06, Norm deltaR: 802.086)
WARNING: CTestNormDispIncr::test() - failed to converge 
after: 10 iterations  current Norm: 1.85247e+06 (max: 1e-06, Norm deltaR: 663.249)
WARNING: CTestNormDispIncr::test() - failed to converge 
after: 10 iterations  current Norm: 1.89495e+06 (max: 1e-06, Norm deltaR: 653.682)
WARNING: CTestNormDispIncr::test() - failed to converge 
after: 10 iterations  current Norm: 1.26458e+06 (max: 1e-06, Norm deltaR: 634.498)
WARNING: CTestNormDispIncr::test() - failed to converge 
after: 10 iterations  current Norm: 1.5901e+06 (max: 1e-06, Norm deltaR: 682.171)
WARNING: CTestNormDispIncr::test() - failed to converge 
after: 10 iterations  current Norm: 1.52625e+06 (max: 1e-06, Norm deltaR: 629.548)
WARNING: CTestNormDispIncr::test() - failed to converge 
after: 10 iterations  current Norm: 1.56596e+06 (max: 1e-06, Norm deltaR: 647)
WARNING: CTestNormDispIncr::test() - failed to converge 
after: 10 iterations  current Norm: 1.5581e+06 (max: 1e-06, Norm deltaR: 645.311)
WARNING: CTestNormDispIncr::test() - failed to converge 
after: 10 iterations  current Norm: 1.89531e+06 (max: 1e-06, Norm deltaR: 740.53)
WARNING: CTestNormDispIncr::test() - failed to converge 
after: 10 iterations  current Norm: 2.47277e+06 (max: 1e-06, Norm deltaR: 707.529)
WARNING: CTestNormDispIncr::test() - failed to converge 
after: 10 iterations  current Norm: 2.37529e+06 (max: 1e-06, Norm deltaR: 687.812)
WARNING: CTestNormDispIncr::test() - failed to converge 
after: 10 iterations  current Norm: 1.44141e+06 (max: 1e-06, Norm deltaR: 671.058)
WARNING: CTestNormDispIncr::test() - failed to converge 
after: 10 iterations  current Norm: 3.83894e+06 (max: 1e-06, Norm deltaR: 1107.29)
WARNING: CTestNormDispIncr::test() - failed to converge 
after: 10 iterations  current Norm: 1.41694e+06 (max: 1e-06, Norm deltaR: 609.271)
WARNING: CTestNormDispIncr::test() - failed to converge 
after: 10 iterations  current Norm: 2.18198e+06 (max: 1e-06, Norm deltaR: 681.17)
WARNING: CTestNormDispIncr::test() - failed to converge 
after: 10 iterations  current Norm: 2.11501e+06 (max: 1e-06, Norm deltaR: 1117.91)
WARNING: CTestNormDispIncr::test() - failed to converge 
after: 100 iterations  current Norm: 2.11501e+06 (max: 1e-06, Norm deltaR: 1117.91)
BFGS::solveCurrentStep() -the ConvergenceTest object failed in test()
StaticAnalysis::analyze() - the Algorithm failed at step: 0 with domain at load factor 48.9164
OpenSees > analyze failed, returned: -3 error flag
WARNING: CTestNormDispIncr::test() - failed to converge 
after: 100 iterations  current Norm: 6.89469e+07 (max: 1e-06, Norm deltaR: 11038.3)
AcceleratedNewton::solveCurrentStep() -The ConvergenceTest object failed in test()
StaticAnalysis::analyze() - the Algorithm failed at step: 0 with domain at load factor 46.6089
OpenSees > analyze failed, returned: -3 error flag
WARNING - ForceBeamColumn3d::update - failed to get compatible element forces & deformations for element: 3020(dW: << 0.41326, dW0: -125145)
WARNING - ForceBeamColumn3d::update - failed to get compatible element forces & deformations for element: 3120(dW: << -2.45438e-05, dW0: 3802.3)
Domain::update - domain failed in update
DisplacementControl::update - model failed to update for new dU
WARNInG InitialInterpolatedLineSearch::search() -the Integrator failed in update()
