0.00000000 0.00000000
0.00052621 0.00101941
0.00107928 0.00201941
0.00163909 0.00301941
0.00221068 0.00401941
0.00279806 0.00501941
0.00340060 0.00601941
0.00401688 0.00701941
0.00464711 0.00801941
0.00529074 0.00901941
0.00595058 0.01001941
0.00662877 0.01101941
0.00733191 0.01201941
0.00807141 0.01301941
0.00886963 0.01401941
0.00977014 0.01501941
0.01069915 0.01601941
0.01169113 0.01701941
0.01271511 0.01801941
0.01374820 0.01901941
0.01479015 0.02001941
0.01584710 0.02101941
0.01692015 0.02201941
0.01800388 0.02301941
0.01909327 0.02401941
0.02018693 0.02501941
0.02128377 0.02601941
0.02236514 0.02701941
0.02345232 0.02801941
0.02454336 0.02901941
0.02564084 0.03001941
0.02674112 0.03101941
0.02784333 0.03201941
0.02892915 0.03301941
0.03001248 0.03401941
0.03108319 0.03501941
0.03211202 0.03601941
0.03311763 0.03701941
0.03412477 0.03801941
0.03513199 0.03901941
0.03615210 0.04001941
0.03717665 0.04101941
0.03818659 0.04201941
0.03917143 0.04301941
0.04019068 0.04401941
0.04119471 0.04501941
0.04219487 0.04601941
0.04319778 0.04701941
0.04420508 0.04801941
0.04521091 0.04901941
0.04621752 0.05001941
0.04722433 0.05101941
0.04823430 0.05201941
0.04924089 0.05301941
0.05024906 0.05401941
0.05125589 0.05501941
0.05226286 0.05601941
0.05327001 0.05701941
0.05427727 0.05801941
0.05528466 0.05901941
0.05630966 0.06001941
0.05731598 0.06101941
0.05832237 0.06201941
0.05932896 0.06301941
0.06033660 0.06401941
0.06134474 0.06501941
0.06238365 0.06601941
0.06339268 0.06701941
0.06445270 0.06801941
0.06545386 0.06901941
0.06645623 0.07001941
0.06746139 0.07101941
0.06846916 0.07201941
0.06947742 0.07301941
0.07048589 0.07401941
0.07149496 0.07501941
0.07259184 0.07601941
0.07359138 0.07701941
0.07459116 0.07801941
0.07559261 0.07901941
0.07660006 0.08001941
0.07761442 0.08101941
0.07861964 0.08201941
0.07962571 0.08301941
0.08063360 0.08401941
0.08164215 0.08501941
0.08265006 0.08601941
0.08366011 0.08701941
0.08467838 0.08801941
0.08568292 0.08901941
0.08669099 0.09001941
0.08769951 0.09101941
0.08872913 0.09201941
0.08973595 0.09301941
0.09074251 0.09401941
0.09174915 0.09501941
0.09275682 0.09601941
0.09376445 0.09701941
0.09477136 0.09801941
0.09577212 0.09901941
0.09677865 0.10001941
0.09778324 0.10101941
