0.00000000 0.00000000
0.00051423 0.00097691
0.00108025 0.00197691
0.00165493 0.00297691
0.00224721 0.00397691
0.00286098 0.00497691
0.00349386 0.00597691
0.00414388 0.00697691
0.00480916 0.00797691
0.00548983 0.00897691
0.00618739 0.00997691
0.00690576 0.01097691
0.00764931 0.01197691
0.00842613 0.01297691
0.00929617 0.01397691
0.01025570 0.01497691
0.01122765 0.01597691
0.01222424 0.01697691
0.01323285 0.01797691
0.01425749 0.01897691
0.01529856 0.01997691
0.01635636 0.02097691
0.01742014 0.02197691
0.01849170 0.02297691
0.01956991 0.02397691
0.02065651 0.02497691
0.02174644 0.02597691
0.02284070 0.02697691
0.02394051 0.02797691
0.02504428 0.02897691
0.02615142 0.02997691
0.02726087 0.03097691
0.02837278 0.03197691
0.02948480 0.03297691
0.03056226 0.03397691
0.03164546 0.03497691
0.03264750 0.03597691
0.03364754 0.03697691
0.03464803 0.03797691
0.03564885 0.03897691
0.03664996 0.03997691
0.03765174 0.04097691
0.03865371 0.04197691
0.03965611 0.04297691
0.04065887 0.04397691
0.04166217 0.04497691
0.04266585 0.04597691
0.04367010 0.04697691
0.04467449 0.04797691
0.04567908 0.04897691
0.04668411 0.04997691
0.04768921 0.05097691
0.04869443 0.05197691
0.04969973 0.05297691
0.05070514 0.05397691
0.05171066 0.05497691
0.05271633 0.05597691
0.05372217 0.05697691
0.05475413 0.05797691
0.05575783 0.05897691
0.05680240 0.05997691
0.05780572 0.06097691
0.05880969 0.06197691
0.05981374 0.06297691
0.06081785 0.06397691
0.06182236 0.06497691
0.06282758 0.06597691
0.06383320 0.06697691
0.06483895 0.06797691
0.06584481 0.06897691
0.06686974 0.06997691
0.06787388 0.07097691
0.06887942 0.07197691
0.06988528 0.07297691
0.07089209 0.07397691
0.07192778 0.07497691
0.07293531 0.07597691
0.07394980 0.07697691
0.07512536 0.07797691
0.07614723 0.07897691
0.07714102 0.07997691
0.07813245 0.08097691
0.07912318 0.08197691
0.08011796 0.08297691
0.08112107 0.08397691
0.08212575 0.08497691
0.08313206 0.08597691
0.08418298 0.08697691
0.08518069 0.08797691
0.08617930 0.08897691
0.08719986 0.08997691
0.08823067 0.09097691
0.08930014 0.09197691
0.09030026 0.09297691
0.09131502 0.09397691
0.09234651 0.09497691
0.09334684 0.09597691
0.09435334 0.09697691
0.09536765 0.09797691
0.09640425 0.09897691
0.09741078 0.09997691
0.09838751 0.10097691
0.09937185 0.10197691
0.10036875 0.10297691
0.10136570 0.10397691
0.10236716 0.10497691
0.10337255 0.10597691
0.10438678 0.10697691
0.10539424 0.10797691
0.10640054 0.10897691
0.10735066 0.10997691
0.10834182 0.11097691
0.10933660 0.11197691
0.11033428 0.11297691
0.11133093 0.11397691
0.11232848 0.11497691
0.11332943 0.11597691
0.11433076 0.11697691
0.11533548 0.11797691
0.11633674 0.11897691
