0.00000000 0.00000000 0.00000000 0.00000000 0.00000000 0.00000000 0.00000000 0.00000000 0.00000000 0.00000000 0.00000000 0.00000000
3.33974453 -19.91877405 -28.63709594 1.10948258 -4.13978467 -11.28414005 1.08935066 -4.21410306 -11.31688132 3.26733378 -20.52853067 -29.21994652
1.44826600 -37.11445451 -44.82207683 -1.32469306 -11.97751108 -14.18527490 -1.35963285 -12.05186625 -14.21450447 1.37581013 -37.68778002 -45.36696021
-0.38380395 -53.43150842 -59.97664116 -3.61713868 -19.68827839 -16.53116360 -3.67167046 -19.76047938 -16.56671314 -0.43408582 -53.96039647 -60.48726794
-1.80469396 -68.84506387 -74.28223638 -5.79829958 -26.37214991 -18.63242517 -5.87881357 -26.43004265 -18.64427460 -1.82619292 -69.32180543 -74.76375344
-2.71171781 -83.18182905 -87.75645667 -7.71170801 -31.95115876 -20.59623861 -7.82835357 -31.99826643 -20.59975542 -2.71351614 -83.59862399 -88.19765947
-3.35632209 -96.32482444 -100.22361995 -9.32025843 -36.71930470 -22.48061684 -9.46980498 -36.76965266 -22.48278887 -3.34300360 -96.74071791 -100.68001379
-3.93510962 -108.29181979 -111.57711736 -10.68603269 -40.94718492 -24.30524110 -10.85728245 -41.00719668 -24.31026265 -3.90591993 -108.74341603 -112.08048045
-4.43768571 -119.12227202 -121.79374334 -11.89525037 -44.91146946 -26.12810825 -12.08434514 -44.96853959 -26.12934752 -4.39452731 -119.48670876 -122.21026987
-4.89989925 -128.74876303 -130.74677517 -13.04419405 -48.58329187 -27.96515405 -13.23608757 -48.63519847 -27.96260792 -4.84558149 -129.02773799 -131.07544583
-5.38790463 -137.09035477 -138.31140628 -14.15612544 -52.15408617 -29.76512279 -14.34399688 -52.20309709 -29.75821467 -5.32496278 -137.28902375 -138.55390428
-5.93506774 -144.11211693 -144.43709531 -15.28396099 -55.73890341 -31.57759955 -15.45431970 -55.78185096 -31.56750546 -5.86191360 -144.23719809 -144.59934478
-6.56394112 -149.70254192 -149.00155055 -16.42760945 -59.34214323 -33.42096745 -16.58486037 -59.37964972 -33.40759003 -6.48232489 -149.76624127 -149.09726555
-7.29157473 -153.71586604 -151.82622632 -17.60800806 -63.01649898 -35.28753484 -17.74386171 -63.04147372 -35.26945902 -7.20069870 -153.73097095 -151.87189084
-8.26049556 -154.79064579 -149.81057633 -18.93867511 -66.72652136 -37.32649968 -19.06621836 -66.74817774 -37.30844335 -8.16526618 -154.79763666 -149.81838323
-9.50362860 -151.01599029 -145.28302443 -20.40743114 -70.80064346 -39.46112888 -20.53385660 -70.82417524 -39.44542464 -9.41328588 -151.00986538 -145.27577587
-10.78261057 -147.08167947 -140.64927202 -21.88103905 -74.11917524 -41.59484144 -22.00233005 -74.14676228 -41.57967246 -10.69362360 -147.07828206 -140.64612378
-12.10943149 -143.02834482 -135.88145864 -23.38718474 -76.52272924 -43.07460831 -23.50679728 -76.54988191 -43.05695931 -12.01257436 -143.01841186 -135.86995784
-13.06029889 -138.79578097 -130.88297115 -24.38785815 -78.89949600 -44.17168373 -24.51737319 -78.89836893 -44.14632101 -12.91499242 -138.98873904 -131.10971275
-13.73139346 -134.93874740 -126.32827749 -24.96903211 -81.00876721 -44.88063114 -25.20684994 -81.08619439 -44.87625699 -13.70827614 -134.42955645 -125.72770668
-14.46068634 -130.79704201 -121.38812252 -25.39414346 -82.06725692 -45.55750851 -25.66286832 -82.15488396 -45.56439925 -14.50052487 -129.92953446 -120.34238043
-15.19176765 -126.67520513 -116.00621757 -25.46747341 -82.99758576 -46.20113206 -25.78746618 -83.11602423 -46.22603983 -15.33465763 -125.19166425 -114.05142132
-15.92805660 -122.48796474 -110.40563230 -25.51580391 -83.88846684 -46.81966092 -25.87802401 -84.03100173 -46.85486111 -16.07889456 -120.39456156 -107.52032128
-16.55819457 -118.21524904 -104.56927759 -25.54781317 -84.73771419 -47.40860727 -25.95940896 -84.90407249 -47.45190992 -16.76671232 -115.21274655 -100.74570281
-17.16996997 -113.51087583 -98.72636160 -25.56163211 -85.53573918 -47.97077779 -26.04092682 -85.72341176 -48.01815765 -17.35954740 -109.30546381 -93.88043235
-17.60776911 -108.35418646 -92.79882706 -25.57167229 -86.29031771 -48.50596579 -26.11445819 -86.49412312 -48.55320789 -17.78892535 -103.30390433 -87.02682132
-17.99074019 -103.20941527 -86.91969898 -25.56739235 -86.85899216 -49.00677184 -26.18675927 -87.00699045 -49.05733871 -18.22410729 -96.89488972 -79.99686807
-18.37742790 -97.73674409 -80.92705521 -25.56572377 -87.24352653 -49.46547495 -26.25007990 -87.39287626 -49.44381721 -18.65460714 -90.44029078 -72.99587708
-18.76438468 -92.15367923 -74.87369673 -25.56695773 -87.59187369 -49.72619520 -26.30390859 -87.74250654 -49.66665829 -19.08186145 -83.94590713 -65.97220507
-19.14675088 -86.52720378 -68.77864383 -25.56631137 -87.84277238 -49.85910623 -26.35509966 -87.94146314 -49.73168758 -19.50790203 -77.38610647 -58.89217961
-19.52868658 -80.87211952 -62.66153474 -25.55976379 -87.92563944 -49.79641640 -26.40426453 -87.97012827 -49.75302050 -19.93274688 -70.74226467 -51.74075396
-19.90392931 -75.15964089 -56.49696516 -25.55522788 -87.90316847 -49.68487052 -26.44889012 -87.93271140 -49.65504623 -20.35107472 -64.06964176 -44.58118029
-20.26703826 -69.37521289 -50.27507055 -25.55496590 -87.85018786 -49.56569474 -26.48183441 -87.86047841 -49.54625464 -20.75923632 -57.40510197 -37.45620675
-20.62304510 -63.56241274 -44.04147306 -25.55146033 -87.75106347 -49.43604811 -26.50845549 -87.74989534 -49.42661004 -21.15890781 -50.70709366 -30.31743437
-21.01729802 -57.05357753 -37.12733494 -25.66677145 -87.63561427 -49.41595245 -26.46685755 -87.61364302 -49.33003647 -21.43895896 -46.04215123 -28.88823436
-21.55106075 -46.03174574 -28.96191589 -26.03990950 -87.49259713 -49.27759631 -26.13213487 -87.48936139 -49.23044534 -21.42512068 -46.05579552 -28.80013838
-21.58704607 -46.10357175 -28.92444516 -26.04082976 -87.34527031 -49.21204849 -26.11000661 -87.34596101 -49.19022752 -21.55713817 -46.11796507 -28.89954798
-21.62258826 -46.16409007 -28.87845748 -26.01840139 -87.19141330 -49.12050852 -26.08848664 -87.19299591 -49.11134294 -21.60089220 -46.17376639 -28.87003262
-21.65663359 -46.21621720 -28.82885317 -25.98165749 -87.02999411 -49.02397203 -26.05133172 -87.03272212 -49.01783957 -21.63960034 -46.22374033 -28.82847081
-21.68906923 -46.26119747 -28.77637838 -25.94088097 -86.86096986 -48.92368356 -26.01094320 -86.86514070 -48.91915188 -21.67145847 -46.26791558 -28.77626801
-21.72012190 -46.30019923 -28.72117305 -25.89670072 -86.68548985 -48.81977523 -25.96501991 -86.68994501 -48.81601041 -21.70185996 -46.30605005 -28.72128279
-21.74949487 -46.33396306 -28.66335073 -25.84893830 -86.50786018 -48.71316267 -25.91543085 -86.51252153 -48.71004206 -21.73046020 -46.33898981 -28.66315909
-21.77671229 -46.35025028 -28.60138753 -25.79780195 -86.32831034 -48.60364250 -25.86236674 -86.33328234 -48.60128953 -21.75685038 -46.35389252 -28.60122793
-21.80118070 -46.31912744 -28.53458668 -25.74332349 -86.14719921 -48.49124752 -25.80618912 -86.15247349 -48.48955445 -21.78038486 -46.31812612 -28.53486300
-21.82268429 -46.22404427 -28.46265520 -25.68571585 -85.96483693 -48.37616682 -25.74670808 -85.97063390 -48.37447090 -21.80098139 -46.22362900 -28.46364990
-21.84236134 -46.12790442 -28.38852156 -25.62479416 -85.78173659 -48.25858549 -25.68456993 -85.78808814 -48.25650592 -21.81987994 -46.12793006 -28.39034379
-21.86008674 -46.03101693 -28.31255239 -25.56054545 -85.59830108 -48.13832907 -25.61973302 -85.60504758 -48.13576308 -21.83677626 -46.03128181 -28.31499634
-21.87548044 -45.91821208 -28.23378011 -25.49315202 -85.41404453 -48.01537291 -25.55260002 -85.42092908 -48.01245272 -21.85136736 -45.91684817 -28.23662377
-21.88871108 -45.77841837 -28.15164321 -25.42322205 -85.22860933 -47.88973553 -25.48277301 -85.23570816 -47.88678305 -21.86395175 -45.77724403 -28.15488375
-21.90005075 -45.63876709 -28.06765272 -25.35115298 -85.04333894 -47.76277355 -25.41066122 -85.05064289 -47.75982795 -21.87465410 -45.63780950 -28.07125717
-21.90938119 -45.49947184 -27.98192107 -25.27688152 -84.85841260 -47.63469901 -25.33646497 -84.86592330 -47.63177901 -21.88344376 -45.49877316 -27.98583442
-21.91666141 -45.36086787 -27.89450802 -25.20105671 -84.66550727 -47.50607932 -25.26089630 -84.66846984 -47.50327589 -21.89029515 -45.36042081 -27.89862665
-21.92244558 -45.22387890 -27.80495056 -25.12656871 -84.39831365 -47.37948108 -25.18622185 -84.40034175 -47.37681682 -21.89553005 -45.22374688 -27.80934329
-21.92624141 -45.08798831 -27.71341407 -25.05182256 -84.10588873 -47.25341465 -25.11152111 -84.10726412 -47.25076413 -21.89886438 -45.08807021 -27.71821988
-21.92783996 -44.95327864 -27.62038282 -24.97683226 -83.79075655 -47.12788822 -25.03655146 -83.78985571 -47.12529381 -21.90008549 -44.95360679 -27.62555053
-21.92755916 -44.82036946 -27.52558098 -24.90357067 -83.41612291 -47.00466466 -24.96347981 -83.41149036 -47.00222419 -21.89943218 -44.82102675 -27.53107531
-21.92580413 -44.68916547 -27.42866561 -24.83115154 -82.93366211 -46.88361991 -24.89092383 -82.92336274 -46.88125066 -21.89720977 -44.69005343 -27.43442467
-21.92105026 -44.55743749 -27.33065335 -24.75888110 -82.51337390 -46.76142216 -24.81861323 -82.52309448 -46.75889504 -21.89208438 -44.55868900 -27.33671477
-21.91294674 -44.42577731 -27.23218045 -24.68158746 -82.15406931 -46.63534675 -24.74114407 -82.15398570 -46.63295630 -21.88385674 -44.42726969 -27.23824374
-21.90301679 -44.29616645 -27.13190979 -24.60666605 -81.72126471 -46.51165901 -24.66661537 -81.71632722 -46.50942389 -21.87366036 -44.29795661 -27.13814800
-21.92042688 -44.16875782 -27.00012348 -24.55745327 -76.66748014 -46.39207339 -24.61850865 -76.65902779 -46.38978876 -21.89054005 -44.17063553 -27.00669789
-21.90342678 -44.04145856 -26.89925150 -24.48336419 -76.44964059 -46.27030973 -24.54321783 -76.45613470 -46.26797534 -21.87343750 -44.04372220 -26.90630470
-21.88347183 -43.90412931 -26.79903918 -24.40339570 -76.31207362 -46.14477415 -24.46315810 -76.31810093 -46.14217594 -21.85347777 -43.90603586 -26.80616945
-21.91074402 -43.75884648 -26.64749119 -24.38596499 -71.27376752 -45.99250793 -24.44699150 -71.28053948 -45.98977491 -21.87996408 -43.76075185 -26.65517780
-21.88360431 -43.61775142 -26.54871959 -24.30331478 -71.33012040 -45.86911332 -24.36311821 -71.33782828 -45.86649640 -21.85310593 -43.61946926 -26.55666274
-21.85483293 -43.47009994 -26.44960405 -24.22012442 -71.30408158 -45.74529143 -24.27882136 -71.31177946 -45.74280809 -21.82479633 -43.47201423 -26.45762964
-21.82423681 -43.32036711 -26.35009103 -24.13713635 -71.27411719 -45.62195244 -24.19514823 -71.28165700 -45.61955156 -21.79468166 -43.32165816 -26.35806957
-21.79364127 -43.15524521 -26.24979977 -24.05474159 -71.14526623 -45.49699983 -24.11173290 -71.15304979 -45.49475763 -21.76466385 -43.15676525 -26.25762732
-21.76093996 -42.99161498 -26.14899217 -23.97268296 -70.96258033 -45.37181310 -24.02886659 -70.97021377 -45.36969212 -21.73262906 -42.99318748 -26.15659120
-21.72610696 -42.82945671 -26.04773349 -23.89124154 -70.77887287 -45.24706246 -23.94634331 -70.78635333 -45.24507268 -21.69856166 -42.83107521 -26.05507846
-21.68901856 -42.66885173 -25.94619420 -23.81024089 -70.59445595 -45.12296766 -23.86438653 -70.60178011 -45.12107960 -21.66222027 -42.67048905 -25.95338242
-21.65003076 -42.50981296 -25.84467146 -23.72969049 -70.40942479 -44.99954531 -23.78312417 -70.41652167 -44.99771523 -21.62396700 -42.51130883 -25.85150284
-21.60895810 -42.35215745 -25.74308153 -23.64997656 -70.22375607 -44.87672417 -23.70224065 -70.23068307 -44.87502739 -21.58376940 -42.35376365 -25.74964947
-21.56686747 -42.18309293 -25.64226185 -23.57083092 -70.03747487 -44.75453837 -23.62206788 -70.04417152 -44.75294987 -21.54266800 -42.18407314 -25.64849873
-21.52351144 -42.00866158 -25.54184852 -23.49249528 -69.85068553 -44.63291854 -23.54243190 -69.85715283 -44.63146494 -21.50038326 -42.00939019 -25.54771976
-21.47844828 -41.83432743 -25.44179555 -23.41485222 -69.66355269 -44.51198632 -23.46354314 -69.66977721 -44.51067463 -21.45646411 -41.83473813 -25.44727263
-21.54891902 -37.35633841 -25.36070945 -23.34759956 -69.49078499 -44.37831446 -23.39203516 -69.49335684 -44.38131276 -21.50459094 -37.34892653 -25.38062148
-21.50162281 -37.74403310 -25.27212434 -23.27219393 -69.30604193 -44.26110498 -23.31312541 -69.30802334 -44.26452024 -21.45866898 -37.70354825 -25.29161631
-21.53746509 -33.49863073 -25.20738979 -23.20399544 -69.12931157 -44.13356923 -23.24146518 -69.13050987 -44.13363101 -21.52377670 -33.49192133 -25.20529204
-21.49072530 -34.22290542 -25.12827359 -23.12943571 -68.94570552 -44.01962800 -23.16262739 -68.94792980 -44.02015861 -21.47987838 -34.22118143 -25.12518089
-21.45037040 -34.60053497 -25.04802101 -23.05669952 -68.76195856 -43.90469185 -23.08486605 -68.76566623 -43.90633602 -21.44200607 -34.61750629 -25.04658672
-21.40713443 -34.74623166 -24.96144154 -22.98228652 -68.57684969 -43.78974710 -23.01043541 -68.57956191 -43.79118181 -21.39902273 -34.76656216 -24.95967958
-21.35935288 -34.69774721 -24.87016934 -22.90867594 -68.39006810 -43.67497301 -22.93662984 -68.39183536 -43.67615641 -21.35101265 -34.69293442 -24.86665093
-21.31053441 -34.62073014 -24.77782603 -22.83613893 -68.20257494 -43.56040401 -22.86304322 -68.20410851 -43.56168500 -21.30303230 -34.61557369 -24.77401258
-21.26135974 -34.53943775 -24.68668613 -22.76409138 -68.01547247 -43.44284631 -22.79017043 -68.01665741 -43.44227747 -21.25433687 -34.53358762 -24.68240013
-21.21167403 -34.45346270 -24.59689926 -22.69283596 -67.82888473 -43.31826094 -22.71756085 -67.82980859 -43.31741355 -21.20533158 -34.44707985 -24.59223107
-21.18779110 -34.34101831 -24.57041993 -22.62524321 -66.92309940 -36.15934322 -22.64627765 -66.92393912 -36.17002713 -21.18306821 -34.33451762 -24.56536469
-21.13433392 -34.24362007 -24.48824311 -22.55613718 -66.88158143 -36.55653626 -22.57591401 -66.88181262 -36.56871786 -21.13021908 -34.23664824 -24.48292470
-21.09137220 -33.87075784 -24.40950909 -22.49521489 -66.71403635 -36.96584483 -22.49704881 -66.70748344 -36.97202646 -21.07901239 -34.13810166 -24.40161745
-21.04378860 -33.79805379 -24.33404659 -22.39406860 -66.52835915 -37.39398910 -22.45799268 -66.52878736 -37.42214464 -21.05068774 -33.08048523 -24.32791411
-21.00267955 -33.01511658 -24.25297576 -22.35984526 -66.09298295 -37.86035933 -22.36814729 -66.09014247 -37.86395016 -21.00884261 -33.12186891 -24.25387810
-20.95543464 -33.00030817 -24.17047004 -22.29220350 -65.92234572 -37.91521099 -22.29958063 -65.92297835 -37.92218811 -20.95439970 -33.05721032 -24.16393391
-20.97887942 -32.72183332 -24.13254893 -19.79284430 -65.79818825 -30.54436995 -19.81240088 -65.80254858 -30.55382720 -20.95468502 -32.72853977 -24.13855184
-20.92478093 -32.65841356 -24.05489453 -20.02780229 -65.62246801 -30.87739771 -20.01654634 -65.62705708 -30.88686503 -20.89780768 -32.66152444 -24.06209851
-20.87743071 -32.59547032 -23.97435450 -20.08010425 -65.44903554 -31.02729879 -19.99372827 -65.45460692 -31.03850459 -20.84540095 -32.59613866 -23.98491486
-20.83036351 -32.53359376 -23.89080956 -20.01462197 -65.27349566 -31.35817975 -19.95538542 -65.27993413 -31.36857635 -20.79270904 -32.53166879 -23.90552116
-20.77905116 -32.47324770 -23.80577394 -20.12129616 -65.09453164 -31.98489984 -20.09045302 -65.10111655 -31.99620610 -20.73680001 -32.46988137 -23.82234978
-20.72636525 -32.41430917 -23.72074803 -20.18883762 -64.91482734 -32.60801514 -20.13358102 -64.92175821 -32.61965373 -20.68063965 -32.40843947 -23.73954718
-20.70156335 -32.33901901 -23.61251801 -18.42447191 -64.72026401 -33.03391510 -18.30134920 -64.72973913 -33.03868710 -20.65021030 -32.34648229 -23.64294205
-20.64569621 -32.26986822 -23.52067548 -18.98635879 -64.54355152 -33.14030657 -18.80053126 -64.55334242 -33.14538484 -20.59682431 -32.28511447 -23.55503918
-20.58182000 -32.19957681 -23.42618767 -19.10982213 -64.35824344 -33.24516905 -19.03823365 -64.37036384 -33.25148174 -20.53598452 -32.21471068 -23.46043032
-20.51690726 -32.12802922 -23.33104377 -19.05046135 -64.16913382 -33.34918075 -19.09586435 -64.18187550 -33.35594802 -20.47288636 -32.14378309 -23.36479625
-20.45169637 -32.05704159 -23.23764712 -18.98982692 -63.97873725 -33.45151683 -19.02278193 -63.99044400 -33.45806085 -20.40681713 -32.07332419 -23.27003878
-20.38780382 -31.98486929 -23.14386034 -18.91856993 -63.78723319 -33.55225693 -18.97845421 -63.79805696 -33.55814876 -20.34124978 -32.00264246 -23.17558244
-20.32405632 -31.91247146 -23.05022775 -18.88873232 -63.59439908 -33.65117715 -18.93711844 -63.60436974 -33.65615954 -20.27586432 -31.93166098 -23.08128872
-20.25268294 -31.71300233 -19.10337383 -18.80954354 -63.41579020 -33.51877392 -18.88783257 -63.42269750 -33.52326961 -20.20124106 -31.73379164 -19.05020215
-20.18716314 -31.63531230 -19.20388633 -18.74851212 -63.22321966 -33.59363337 -18.83873347 -63.22874131 -33.59733543 -20.13597500 -31.65799938 -19.17927434
-20.12209953 -31.55871333 -19.28831542 -18.70144676 -63.02741204 -33.59632807 -18.79325211 -63.03085639 -33.59878640 -20.07068819 -31.58284573 -19.28793535
-20.05629840 -31.48279575 -19.40533765 -18.65908593 -62.82828485 -33.59347918 -18.74471390 -62.83101728 -33.59582098 -20.00672897 -31.50999402 -19.41678532
-19.99127178 -31.40649150 -19.54924457 -18.61171513 -62.62557195 -33.15498817 -18.69854952 -62.62565973 -33.15723302 -19.94221634 -31.43480283 -19.56770841
-19.92656834 -31.33202906 -19.71209795 -18.56664016 -62.41671474 -33.15104393 -18.65298815 -62.41309005 -33.15318506 -19.87791257 -31.36105121 -19.73624171
-19.86189147 -31.25610726 -19.88586801 -18.52115444 -62.19076328 -32.98512309 -18.60816071 -62.17781344 -32.98662769 -19.81397188 -31.28617920 -19.91289037
-19.79740472 -31.18009296 -20.06850205 -18.47827026 -61.92937585 -32.98738819 -18.56370051 -61.90459637 -32.98940237 -19.75041256 -31.21136807 -20.09719983
-19.73526842 -31.10628893 -20.25126482 -18.43994772 -61.62069959 -32.97972294 -18.29731013 -61.57359388 -32.98155162 -19.68572477 -31.13284449 -20.28879381
-19.67048981 -30.93380586 -16.41622968 -18.29760743 -61.26513012 -32.97738464 -18.36768398 -61.20203559 -32.97872344 -19.62180979 -30.96204250 -16.35307876
-19.60697034 -30.85017435 -16.83939456 -18.25472977 -60.82376954 -32.96264937 -18.34059793 -60.79319671 -32.96381234 -19.55923555 -30.87900224 -16.76222130
-19.54512798 -30.60374681 -16.89112600 -18.12200856 -60.53385190 -32.94413636 -18.21058092 -60.51840839 -32.94492181 -19.49761854 -30.78817009 -16.80828013
-19.48869540 -30.51850231 -16.92094380 -18.06407052 -60.23392921 -32.90682743 -18.19257882 -60.17309438 -32.90556119 -19.43073364 -30.22373430 -16.80115988
-19.42159441 -30.10914369 -16.90655485 -18.03554942 -59.85393815 -32.81179781 -18.14148141 -59.81814851 -32.81173044 -19.37256143 -30.13525982 -16.78294589
-19.35836523 -30.01471224 -16.85943110 -17.99672608 -59.52892217 -32.71661281 -18.09758205 -59.50737124 -32.71631441 -19.31040786 -30.04457374 -16.76873560
-19.29121410 -29.75637548 -17.00012470 -17.97460499 -59.19451859 -32.61484733 -18.03706213 -59.16366919 -32.61914092 -19.25377015 -29.96525994 -16.96819701
