0.00000000 0.00000000 0.00000000 0.00000000 0.00000000 0.00000000 0.00000000 0.00000000 0.00000000 0.00000000 0.00000000 0.00000000
2.15613518 2.64998479 2.07638135 -9.88465569 -9.84861809 -24.41281274 -23.53551706 -2.98511580 -14.97444706 -14.88555360 -6.50749472 -23.45039625
0.65907021 0.60304598 0.59100699 -26.91889837 -17.00519605 -41.56225101 -32.68472263 -9.88439205 -28.70495536 -24.92467260 -8.59298460 -39.24925308
-0.71653702 -1.49509162 -0.78619653 -43.08002522 -23.17388513 -57.11237844 -41.04964626 -16.65218798 -41.40845088 -34.41105829 -10.62134194 -54.15886628
-1.81692804 -3.63683187 -1.86047870 -58.34473513 -28.37513845 -71.46544134 -49.00379259 -22.83964832 -52.95342754 -43.46448134 -12.46411730 -68.19075571
-2.52193542 -5.46850847 -2.51975395 -72.43112943 -32.68597544 -84.81454288 -56.59794054 -28.28625483 -63.37738072 -52.16384289 -14.18491450 -81.34287569
-3.07469577 -7.26985817 -3.03075522 -85.03904241 -36.48675739 -97.27827768 -63.79639287 -33.01948265 -72.85447889 -60.45686775 -15.74674649 -93.57849584
-3.53854500 -8.93233910 -3.46000362 -96.34243819 -39.98432753 -108.84424742 -70.47953714 -37.26126442 -81.41169517 -68.29367600 -17.28226214 -104.82744195
-4.00303601 -10.50110765 -3.88682352 -106.40280120 -43.27909032 -119.52071436 -76.71052705 -41.18638548 -89.05669329 -75.72835544 -18.71068635 -115.05104774
-4.47170965 -12.01946735 -4.30282921 -115.20751746 -46.35893452 -129.23320028 -82.46842384 -44.82964883 -95.77642430 -82.71910469 -20.11127110 -124.16808955
-4.92630193 -13.50508456 -4.71649419 -122.66343589 -49.44402740 -137.93616366 -87.77293124 -48.22917819 -101.57561730 -89.23073433 -21.48508857 -132.14329576
-5.40248960 -14.93402718 -5.16147885 -128.71412144 -52.56526158 -145.56493740 -92.56438125 -51.60733602 -106.36121306 -95.20854857 -22.83010473 -138.87869500
-5.92835586 -16.34634198 -5.67423396 -133.42885315 -55.73656248 -152.06245581 -96.43806834 -55.00529801 -110.11755649 -100.55903796 -24.20884091 -144.30355415
-6.54343506 -17.81188869 -6.26653152 -136.28247753 -59.03039873 -157.31174544 -98.84881230 -58.59059792 -112.76277130 -104.88201864 -25.62143176 -148.29378180
-7.27535126 -19.36276700 -7.01067436 -137.02011271 -62.55637597 -161.27633370 -99.92857831 -62.42032297 -111.55944873 -108.32417706 -27.07760319 -150.63526497
-8.27851399 -21.10840021 -8.05996270 -131.82339249 -66.20591296 -160.24041723 -101.11539986 -66.26724893 -110.29080426 -112.05922293 -28.70094840 -147.12037677
-9.33844190 -22.84336789 -9.20330015 -125.47812285 -69.82149228 -157.34721042 -102.01958829 -70.13773532 -108.99711798 -115.76886714 -30.34802411 -142.62768396
-10.53005571 -24.69595595 -10.43956378 -118.76474348 -72.10094950 -153.40335041 -100.78349719 -73.79508982 -107.60920145 -116.12392987 -32.06531976 -137.88472383
-11.72424817 -26.49615358 -11.68144351 -112.04422605 -74.40259538 -148.71341822 -98.51488689 -76.24839670 -105.00564505 -115.30967063 -33.81218289 -132.99367879
-12.55921811 -28.27073267 -12.52921767 -105.33648879 -76.68410130 -143.89879729 -96.03648288 -78.66870193 -102.03658264 -114.14244554 -35.55613253 -128.03412263
-13.19493370 -30.02060398 -13.22875562 -98.56973976 -78.69387492 -138.85778247 -93.38785548 -81.02590814 -99.00717939 -112.64076712 -37.29459408 -123.02082779
-13.84717837 -31.76563184 -13.94442592 -91.67706980 -79.71634791 -133.43138356 -90.58831947 -83.30379708 -95.89239171 -110.59193987 -39.04033756 -117.90540617
-14.52095161 -33.52031852 -14.67340469 -84.66836294 -80.71844759 -127.61670287 -87.64345604 -84.79851237 -92.55734704 -108.14683801 -40.77682747 -112.31984826
-15.20626954 -35.27300791 -15.41378262 -77.57697157 -81.69781683 -121.72204474 -84.56846761 -85.64566226 -88.91426934 -105.54642470 -42.49274027 -106.47943650
-15.89615028 -37.02006936 -16.16023376 -70.43529501 -82.63165213 -115.77063356 -81.39159584 -86.44374230 -84.79196516 -102.70950148 -44.19493212 -100.61263173
-16.53942509 -38.84786775 -16.83901678 -63.25869941 -83.53335544 -109.78890684 -78.10839198 -87.19257084 -80.60422927 -99.69770941 -45.88141220 -94.61280456
-17.09818888 -40.35471165 -17.45463698 -56.12666118 -84.17577735 -103.76801278 -75.05607831 -87.89522949 -76.38111949 -96.75712209 -46.95245555 -88.52516934
-17.60755182 -40.89856393 -18.05425449 -50.15571404 -84.61897594 -97.49704802 -74.88357404 -88.40384288 -71.97714732 -96.45557311 -47.64404958 -82.02722042
-18.04605383 -41.37650034 -18.55802530 -44.34734413 -85.02524039 -91.03350480 -74.68120137 -88.73143217 -67.41800234 -96.11207837 -48.24528394 -75.21948934
-18.34747298 -41.86460010 -18.95313388 -38.54051494 -85.39332098 -84.53323036 -74.44753307 -89.02145285 -62.82084875 -95.73196327 -48.68084595 -68.34768742
-18.65458831 -42.35213929 -19.34586953 -32.62753423 -85.51711050 -78.04043746 -74.18750935 -89.26684192 -58.21755492 -95.31241011 -48.67320329 -61.44693719
-18.95761749 -42.83341271 -19.73037779 -26.71225092 -85.50406277 -71.50726990 -73.91711064 -89.45441904 -53.57384506 -94.87959193 -48.61219718 -54.50080389
-19.20611210 -43.33075109 -20.10845234 -20.69169039 -85.46546467 -65.03921294 -73.63268822 -89.48725236 -48.96683483 -94.42688651 -48.50881891 -47.63400266
-19.45884000 -43.81600670 -20.44805970 -14.64891557 -85.38644405 -58.50934066 -73.35619498 -89.37375003 -48.48985257 -93.99482233 -48.40164538 -40.99353742
-19.70822967 -44.29306435 -20.77548916 -8.60352261 -85.27928929 -51.95946181 -73.08355490 -89.23133646 -48.71378902 -93.56603503 -48.28864564 -34.38033144
-19.95911498 -44.75861100 -21.01820366 -2.54732583 -85.14070798 -47.46478357 -72.82234607 -89.07069470 -48.88911740 -93.15851233 -48.17563120 -28.83213072
-20.21681983 -45.13826613 -21.07674960 3.41544275 -84.98625349 -47.45482599 -72.58796682 -88.90755708 -48.85933841 -92.80367573 -48.10474285 -28.79930135
-20.22775458 -45.29039976 -21.11037835 3.44998593 -84.82295581 -47.43306521 -72.35745670 -88.74098062 -48.82781752 -92.47477082 -48.00907207 -28.75312024
-20.23667934 -45.27323146 -21.14177555 3.48539034 -84.65641317 -47.40535860 -72.13115354 -88.56329342 -48.79170860 -92.15093764 -47.90855554 -28.70293580
-20.25244018 -45.24833621 -21.16728604 3.59407477 -84.48820539 -47.37234020 -71.78024818 -88.39971210 -48.74755682 -91.62345101 -47.80035991 -28.64276599
-20.32903824 -45.25248604 -21.19805466 4.82372751 -84.35292785 -47.33381878 -68.72027367 -88.25877382 -48.68730978 -87.57875460 -47.72002672 -28.61447648
-20.51245276 -45.24599832 -21.22886184 4.51173271 -84.27374190 -47.28072147 -65.81006104 -88.05953529 -48.62680085 -85.58832000 -47.61779761 -28.55176510
-20.60160878 -45.24418779 -21.23995040 7.05200790 -84.11433881 -47.22713796 -66.09440249 -87.96278325 -48.55331042 -79.14596339 -47.53691051 -28.52703111
-20.60691203 -45.15359277 -21.23417832 6.36698368 -83.94269511 -47.16846824 -66.84445059 -87.78184663 -48.49272927 -81.22741741 -47.40761715 -28.45453557
-20.79525342 -45.11974377 -21.25401785 2.38270765 -83.86393388 -47.09943692 -61.18445155 -87.58454508 -48.42045810 -78.95209333 -47.29591009 -28.38364278
-20.85639076 -45.05325691 -21.26369376 2.42712905 -83.71872988 -47.03466728 -61.14850226 -87.37857382 -48.35030402 -79.07076313 -47.17042087 -28.30621556
-20.88684916 -44.97406907 -21.26928783 3.13545955 -83.55868477 -46.96790514 -62.14221606 -87.16238403 -48.27835245 -79.75198828 -47.03891663 -28.23009465
-20.89502745 -44.90137589 -21.27814111 3.57472329 -83.38840989 -46.90124732 -62.48665367 -86.94928905 -48.20289300 -79.81634633 -46.90683149 -28.14998703
-20.90844424 -44.83266217 -21.29026541 3.58982700 -83.26441005 -46.83268869 -62.12682411 -86.49710865 -48.13883085 -79.43492450 -46.78328026 -28.06772888
-20.91116005 -44.75394979 -21.29898047 3.71752464 -83.10274662 -46.76189088 -61.98978940 -86.15676720 -48.06435569 -78.96920215 -46.65942154 -27.98406847
-20.91274030 -44.67046595 -21.30705250 3.84296866 -82.93512795 -46.68832727 -61.81825292 -85.82594953 -47.98407901 -78.53650035 -46.53835319 -27.89896723
-20.91228333 -44.58313818 -21.31404363 3.87976835 -82.76482096 -46.61194777 -61.65894952 -85.49600708 -47.90094966 -78.31545810 -46.41174589 -27.81153308
-20.92790059 -44.48965800 -21.32025073 3.79950682 -82.59159449 -46.53255697 -61.08118826 -85.16976423 -47.81416505 -77.79491379 -46.29023008 -27.72010065
-20.92509237 -44.39690004 -21.32246608 3.89245939 -82.42591359 -46.45132377 -60.82434990 -84.82035810 -47.72802465 -77.45038649 -46.16758912 -27.63023748
-20.92845065 -44.30759562 -21.32487733 3.76529853 -82.26868578 -46.36772088 -60.41138605 -84.45602952 -47.64107598 -77.03707909 -46.03900227 -27.53714757
-20.92211043 -44.21055632 -21.32425013 3.80975790 -82.10984383 -46.28224627 -60.27453042 -84.07680525 -47.55138135 -76.82564921 -45.91079503 -27.44371384
-20.91499799 -44.11028873 -21.32132498 3.85420558 -81.95741261 -46.19481606 -60.13883211 -83.64862794 -47.45997298 -76.61498427 -45.78433027 -27.34874579
-20.90678540 -44.00835223 -21.31656698 3.89996273 -81.80226581 -46.10568916 -60.00270405 -83.23408912 -47.36541657 -76.40207958 -45.65764099 -27.25250684
-20.89693746 -43.90516105 -21.30976885 3.94582744 -81.64655710 -46.01502388 -59.86636757 -82.82684847 -47.26860783 -76.18743520 -45.53104540 -27.15509827
-20.88573363 -43.80047314 -21.30080424 3.99191936 -81.48935179 -45.92298521 -59.72982987 -82.43297019 -47.16960226 -75.97095077 -45.40436916 -27.05661694
-20.88476534 -43.69474806 -21.30106996 4.04037890 -81.42805376 -45.83402571 -59.59893026 -77.17321935 -47.09979233 -75.75830801 -45.28426380 -26.94402054
-20.86988271 -43.58827056 -21.28688390 4.08776149 -81.27457355 -45.73965359 -59.46333781 -77.01858922 -46.99952362 -75.54155919 -45.15896490 -26.84474067
-20.85358467 -43.48111257 -21.27058323 4.13518796 -81.12195455 -45.64443641 -59.32775923 -76.86306892 -46.89828295 -75.32352782 -45.03406957 -26.74461847
-20.83598707 -43.37305124 -21.25199131 4.18281356 -80.96248767 -45.54891241 -59.19232464 -76.71155617 -46.79614426 -75.10404725 -44.90931819 -26.64326355
-20.81748732 -43.26461480 -21.23164128 4.23084819 -80.79115990 -45.45333696 -59.05747871 -76.41827923 -46.69144979 -74.88300587 -44.78460811 -26.54063429
-20.79790082 -43.15712603 -21.20949134 4.27995100 -80.59730201 -45.35899535 -58.92271523 -76.12236353 -46.58591597 -74.66017821 -44.66010433 -26.43717548
-20.79382714 -43.05157160 -21.20221292 4.33860950 -80.38423529 -45.28336605 -58.80457339 -70.88132009 -46.49747081 -74.43973623 -44.53158387 -26.31103435
-20.77133674 -42.94949884 -21.17550722 4.39288555 -79.91803354 -45.20065972 -58.67876940 -70.85641107 -46.39211945 -74.21993303 -44.40707100 -26.20607239
-20.77725775 -42.88432232 -21.17538292 4.48584554 -70.12779626 -45.19365489 -58.59743010 -70.92560979 -46.27356133 -73.99359899 -44.26743496 -26.06565808
-20.74575508 -42.77819482 -21.14120270 4.53581026 -71.24338094 -45.09983014 -58.46620231 -70.84945500 -46.16952101 -73.77413384 -44.14664444 -25.96580769
-20.71303166 -42.67231292 -21.10629519 4.58738196 -72.34452093 -45.00641452 -58.33480783 -70.65415887 -46.06380098 -73.55270332 -44.02566991 -25.86483426
-20.67984618 -42.56700137 -21.07123535 4.64038226 -72.82311481 -44.91193082 -58.20374398 -70.45467762 -45.95738500 -73.32996164 -43.90459912 -25.76177435
-20.64598074 -42.46243191 -21.03574895 4.69541071 -72.78928574 -44.81778187 -58.07244819 -70.25378247 -45.85033981 -73.10520806 -43.78406248 -25.65700251
-20.61042464 -42.35897941 -20.99878720 4.75282989 -72.72943547 -44.72610552 -57.94325349 -70.05593575 -45.74328395 -72.88125960 -43.66408797 -25.55184930
-20.57455918 -42.25612387 -20.96062185 4.81209020 -72.65651321 -44.63572478 -57.81439452 -69.85965272 -45.63634939 -72.65757072 -43.54485095 -25.44662436
-20.53739053 -42.15501025 -20.92142891 4.87448383 -72.54914475 -44.54857068 -57.68923615 -69.66772453 -45.52942042 -72.43619136 -43.42573056 -25.34097370
-20.54354979 -42.11533507 -20.92071441 5.00582747 -62.39660080 -44.56537917 -57.62066124 -69.51496924 -45.39278887 -72.19892576 -43.27217596 -25.17968572
-20.49689337 -42.01007658 -20.87308269 5.06944212 -63.56619140 -44.47486228 -57.49756283 -69.33541416 -45.28997796 -71.98575957 -43.14049587 -25.08235362
-20.44877265 -41.90602776 -20.82451625 5.13325022 -64.73498455 -44.38530524 -57.37391516 -69.15832738 -45.18814455 -71.77800530 -42.76876679 -24.99123103
-20.40005433 -41.80320272 -20.77545392 5.19867738 -65.64231003 -44.29576637 -57.24983388 -68.97419788 -45.08542904 -71.56255725 -42.64231140 -24.89202803
-20.35217731 -41.70238831 -20.72763154 5.26418796 -65.71922704 -44.20504720 -57.12236239 -68.77734673 -44.98092475 -71.34181961 -42.51595007 -24.78958966
-20.30400335 -41.60426727 -20.68399839 5.33041976 -65.69625108 -44.11778496 -56.98698015 -68.59629088 -44.88353601 -71.15791834 -39.77111047 -24.73063298
-20.25293931 -41.50449496 -20.63352683 5.39543261 -65.67385143 -44.02711863 -56.85631728 -68.40062322 -44.78118247 -70.94229504 -40.07111031 -24.63565272
-20.20069769 -41.40539350 -20.58221360 5.46061297 -65.65102185 -43.93684919 -56.72704792 -68.20460149 -44.67885175 -70.72628178 -40.21569982 -24.53914148
-20.14813276 -41.30689839 -20.53033273 5.52689578 -65.62805790 -43.84688403 -56.59560683 -68.00705389 -44.57593562 -70.50359387 -40.09410217 -24.43818457
-20.09436319 -41.20910835 -20.47789547 5.59287863 -65.60392530 -43.75764520 -56.46597097 -67.81489274 -44.47472689 -70.28736983 -39.72899060 -24.34567564
-20.03923018 -41.11188617 -20.42393741 5.65965331 -65.57955172 -43.66852171 -56.33511774 -67.61781028 -44.37259898 -70.06524082 -39.61054577 -24.24532124
-19.98794501 -40.84082119 -20.37441451 5.72739964 -65.55613984 -43.58046172 -56.20490887 -67.42318159 -44.27116585 -69.84530052 -39.32314343 -24.14908013
-19.93453571 -40.74891454 -20.32371616 5.79534898 -65.52821522 -43.49593588 -56.06665368 -67.25918608 -44.17662425 -69.64959650 -37.08677556 -24.07814805
-19.87892007 -40.65560492 -20.26632790 5.86204327 -65.49473869 -43.40817879 -55.93362593 -67.06184544 -44.07705829 -69.43222570 -37.34229311 -23.98566303
-19.82406486 -40.56249486 -20.20928912 5.92895717 -65.34316991 -43.31951269 -55.80026341 -66.86310483 -43.97650441 -69.20897792 -37.27319891 -23.88724467
-19.76888414 -40.47015676 -20.15181075 5.99644699 -65.16497843 -43.23126656 -55.66627024 -66.66426790 -43.87619458 -68.98433849 -37.17133466 -23.78852777
-19.76229761 -37.17312109 -20.15005371 6.07794100 -65.00475509 -43.15237311 -55.52772919 -66.45335820 -43.77463140 -68.73914678 -37.06753443 -23.68456177
-19.71052193 -37.54978427 -20.09526286 6.15308498 -64.82953525 -43.06584570 -55.39288769 -66.25579033 -43.67556340 -68.51389484 -36.96622868 -23.58806944
-19.65859974 -37.92258550 -20.03992138 6.23052559 -64.65465433 -42.97923794 -55.26455993 -66.05892791 -43.57689130 -68.29482056 -36.86492745 -23.49215983
-19.60750394 -38.26356493 -19.98406520 6.31017945 -64.48008894 -42.89301449 -55.13351151 -65.86264838 -43.47855631 -68.07270693 -36.76386441 -23.39671821
-19.55415121 -38.26108078 -19.92552824 6.39095498 -64.30451406 -42.80666161 -55.00262342 -65.66704885 -43.38022420 -67.85001798 -36.66291974 -23.30112578
-19.50053509 -38.17219712 -19.86621284 6.47436319 -64.12910448 -42.72035197 -54.87125909 -65.47245574 -43.28205915 -67.62560529 -36.56223148 -23.20591263
-19.44762404 -38.08368158 -19.80659803 6.56376589 -63.95440135 -42.63413618 -54.74154178 -65.27972349 -43.18404647 -67.39873046 -36.46186882 -23.11141609
-19.39898408 -37.99844615 -19.74382769 6.81143043 -63.79218193 -42.54665733 -54.49113981 -64.85430378 -43.08981354 -66.95716665 -36.36174442 -23.01906459
-19.35840560 -37.92003588 -19.68313464 7.70196907 -63.62727528 -42.46000368 -53.20289033 -64.69978318 -42.98684624 -65.21167349 -36.26494998 -22.92760635
-19.32470636 -37.66767839 -19.62511863 8.18694650 -63.46148858 -42.37206772 -52.53528692 -64.52432305 -42.88616537 -64.28195564 -36.16729554 -22.83598411
