0.00000000
111.38749677
198.39184813
280.66765964
356.84248535
427.07445291
491.52083151
550.22046122
603.32566720
651.06418416
693.51093165
730.51228117
761.81838701
786.67972609
797.13099809
794.44993940
791.18990865
787.62103933
783.71575231
779.51123265
774.85139710
769.18062376
760.49125087
751.16263773
739.92394077
724.91252967
707.82707935
687.32815741
664.72198208
640.93545308
615.97049795
590.67566109
565.02297360
539.06640498
514.33043195
495.89798557
495.13391517
494.19796891
493.18272865
492.10546045
490.98262185
489.80906179
488.60260336
487.36581326
486.10127348
484.80740196
483.48249643
482.12622379
480.73716676
479.32330359
477.89049102
476.42813265
474.94602973
473.44266891
471.91294503
470.37116969
468.81848272
467.25194354
465.67363914
464.08295275
462.48086659
460.86666343
459.24043792
457.60346083
455.93009084
454.10697441
452.12541145
450.07075943
447.98264931
445.62284607
442.71431664
440.02981194
438.25243723
436.25536203
433.56200365
431.31211574
429.61731799
428.12225319
426.41899687
424.70033147
422.97068524
421.20589191
419.37688401
417.47774381
415.51683287
413.50485813
411.43808016
409.27341192
407.14963278
405.06129861
402.99418924
401.01592117
399.12471523
397.24620509
395.45906148
393.77444702
392.14222906
390.56727678
389.03434779
387.51370212
385.93236767
384.47537807
382.99204615
381.54992877
380.09818034
378.65817590
377.23302149
375.82097078
374.42333903
373.03228439
371.65652234
370.29158202
368.92013995
367.55807633
366.20204754
364.84985150
363.50267154
362.15342237
360.80191967
359.44512874
358.09310854
356.74945497
355.40461831
354.05694351
352.71993152
351.37507776
350.02600356
348.66616777
347.30026965
345.93173415
344.54669418
343.10966972
341.74502903
340.44480251
339.13367091
337.78938421
336.53959709
335.19361775
333.42955474
330.97134172
328.01103484
325.61751051
323.49950953
322.04070018
320.74438352
319.94202499
319.02216559
