0.00000000
0.00101590
0.00201590
0.00301590
0.00401590
0.00501590
0.00601590
0.00701590
0.00801590
0.00901590
0.01001590
0.01101590
0.01201590
0.01301590
0.01401590
0.01501590
0.01601590
0.01701590
0.01801590
0.01901590
0.02001590
0.02101590
0.02201590
0.02301590
0.02401590
0.02501590
0.02601590
0.02701590
0.02801590
0.02901590
0.03001590
0.03101590
0.03201590
0.03301590
0.03401590
0.03501590
0.03601590
0.03701590
0.03801590
0.03901590
0.04001590
0.04101590
0.04201590
0.04301590
0.04401590
0.04501590
0.04601590
0.04701590
0.04801590
0.04901590
0.05001590
0.05101590
0.05201590
0.05301590
0.05401590
0.05501590
0.05601590
0.05701590
0.05801590
0.05901590
0.06001590
0.06101590
0.06201590
0.06301590
0.06401590
0.06501590
0.06601590
0.06701590
0.06801590
0.06901590
0.07001590
0.07101590
0.07201590
0.07301590
0.07401590
0.07501590
0.07601590
0.07701590
0.07801590
0.07901590
0.08001590
0.08101590
0.08201590
0.08301590
0.08401590
0.08501590
0.08601590
0.08701590
0.08801590
0.08901590
0.09001590
0.09101590
0.09201590
0.09301590
0.09401590
0.09501590
0.09601590
0.09701590
0.09801590
0.09901590
0.10001590
0.10101590
0.10201590
0.10301590
