0.00000000
0.00101025
0.00201025
0.00301025
0.00401025
0.00501025
0.00601025
0.00701025
0.00801025
0.00901025
0.01001025
0.01101025
0.01201025
0.01301025
0.01401025
0.01501025
0.01601025
0.01701025
0.01801025
0.01901025
0.02001025
0.02101025
0.02201025
0.02301025
0.02401025
0.02501025
0.02601025
0.02701025
0.02801025
0.02901025
0.03001025
0.03101025
0.03201025
0.03301025
0.03401025
0.03501025
0.03601025
0.03701025
0.03801025
0.03901025
0.04001025
0.04101025
0.04201025
0.04301025
0.04401025
0.04501025
0.04601025
0.04701025
0.04801025
0.04901025
0.05001025
0.05101025
0.05201025
0.05301025
0.05401025
0.05501025
0.05601025
0.05701025
0.05801025
0.05901025
0.06001025
0.06101025
0.06201025
0.06301025
0.06401025
0.06501025
0.06601025
0.06701025
0.06801025
0.06901025
0.07001025
0.07101025
0.07201025
0.07301025
0.07401025
0.07501025
0.07601025
0.07701025
0.07801025
0.07901025
0.08001025
0.08101025
0.08201025
0.08301025
0.08401025
0.08501025
0.08601025
0.08701025
0.08801025
0.08901025
0.09001025
0.09101025
0.09201025
0.09301025
0.09401025
0.09501025
0.09601025
0.09701025
0.09801025
0.09901025
0.10001025
0.10101025
0.10201025
0.10301025
0.10401025
0.10501025
0.10601025
0.10701025
0.10801025
0.10901025
0.11001025
0.11101025
0.11201025
0.11301025
0.11401025
0.11501025
0.11601025
0.11701025
0.11801025
0.11901025
0.12001025
0.12101025
0.12201025
0.12301025
0.12401025
0.12501025
0.12601025
0.12701025
0.12801025
0.12901025
0.13001025
0.13101025
0.13201025
0.13301025
0.13401025
0.13501025
0.13601025
0.13701025
0.13801025
0.13901025
0.14001025
0.14101025
0.14201025
0.14301025
0.14401025
0.14501025
0.14601025
