0.00000000 0.00000000
0.00053093 0.00101025
0.00110494 0.00201025
0.00168473 0.00301025
0.00227524 0.00401025
0.00287924 0.00501025
0.00349793 0.00601025
0.00413283 0.00701025
0.00478561 0.00801025
0.00545701 0.00901025
0.00614827 0.01001025
0.00686352 0.01101025
0.00760748 0.01201025
0.00839016 0.01301025
0.00927715 0.01401025
0.01026368 0.01501025
0.01125595 0.01601025
0.01225144 0.01701025
0.01324977 0.01801025
0.01425018 0.01901025
0.01525459 0.02001025
0.01626353 0.02101025
0.01728552 0.02201025
0.01831012 0.02301025
0.01934588 0.02401025
0.02040396 0.02501025
0.02147559 0.02601025
0.02256765 0.02701025
0.02367356 0.02801025
0.02478523 0.02901025
0.02590353 0.03001025
0.02702299 0.03101025
0.02814404 0.03201025
0.02926672 0.03301025
0.03038344 0.03401025
0.03146847 0.03501025
0.03246829 0.03601025
0.03346897 0.03701025
0.03447011 0.03801025
0.03547146 0.03901025
0.03647299 0.04001025
0.03747467 0.04101025
0.03847652 0.04201025
0.03947861 0.04301025
0.04048090 0.04401025
0.04148335 0.04501025
0.04248597 0.04601025
0.04348886 0.04701025
0.04449210 0.04801025
0.04549563 0.04901025
0.04649938 0.05001025
0.04750340 0.05101025
0.04850769 0.05201025
0.04951231 0.05301025
0.05051735 0.05401025
0.05152258 0.05501025
0.05252793 0.05601025
0.05353350 0.05701025
0.05453920 0.05801025
0.05554506 0.05901025
0.05655107 0.06001025
0.05755720 0.06101025
0.05856345 0.06201025
0.05956981 0.06301025
0.06057635 0.06401025
0.06158361 0.06501025
0.06259201 0.06601025
0.06360051 0.06701025
0.06460910 0.06801025
0.06561934 0.06901025
0.06663195 0.07001025
0.06764449 0.07101025
0.06865216 0.07201025
0.06966076 0.07301025
0.07067437 0.07401025
0.07168484 0.07501025
0.07269218 0.07601025
0.07369651 0.07701025
0.07470277 0.07801025
0.07570920 0.07901025
0.07671577 0.08001025
0.07772236 0.08101025
0.07872909 0.08201025
0.07973600 0.08301025
0.08074307 0.08401025
0.08175022 0.08501025
0.08275742 0.08601025
0.08376494 0.08701025
0.08477289 0.08801025
0.08577978 0.08901025
0.08678712 0.09001025
0.08779445 0.09101025
0.08880110 0.09201025
0.08980754 0.09301025
0.09081358 0.09401025
0.09181904 0.09501025
0.09282387 0.09601025
0.09382875 0.09701025
0.09483328 0.09801025
0.09583705 0.09901025
0.09683479 0.10001025
0.09783358 0.10101025
0.09883462 0.10201025
0.09983648 0.10301025
0.10083815 0.10401025
0.10183706 0.10501025
0.10283883 0.10601025
0.10384088 0.10701025
0.10484332 0.10801025
0.10584623 0.10901025
0.10684947 0.11001025
0.10785275 0.11101025
0.10885572 0.11201025
0.10985899 0.11301025
0.11086216 0.11401025
0.11186564 0.11501025
0.11286908 0.11601025
0.11387273 0.11701025
0.11487654 0.11801025
0.11588033 0.11901025
0.11688420 0.12001025
0.11788773 0.12101025
0.11889133 0.12201025
0.11989493 0.12301025
0.12089838 0.12401025
0.12190180 0.12501025
0.12290498 0.12601025
0.12390821 0.12701025
0.12491118 0.12801025
0.12591381 0.12901025
0.12691611 0.13001025
0.12791867 0.13101025
0.12892036 0.13201025
0.12992163 0.13301025
0.13092251 0.13401025
0.13192273 0.13501025
0.13292340 0.13601025
0.13392528 0.13701025
0.13492868 0.13801025
0.13593508 0.13901025
0.13694426 0.14001025
0.13794934 0.14101025
0.13895514 0.14201025
0.13994069 0.14301025
0.14092520 0.14401025
0.14191113 0.14501025
0.14290123 0.14601025
