0.00000000
0.00099999
0.00199999
0.00299999
0.00399999
0.00499999
0.00599999
0.00699999
0.00799999
0.00899999
0.00999999
0.01099999
0.01199999
0.01299999
0.01399999
0.01499999
0.01599999
0.01699999
0.01799999
0.01899999
0.01999999
0.02099999
0.02199999
0.02299999
0.02399999
0.02499999
0.02599999
0.02699999
0.02799999
0.02899999
0.02999999
0.03099999
0.03199999
0.03299999
0.03399999
0.03499999
0.03599999
0.03699999
0.03799999
0.03899999
0.03999999
0.04099999
0.04199999
0.04299999
0.04399999
0.04499999
0.04599999
0.04699999
0.04799999
0.04899999
0.04999999
0.05099999
0.05199999
0.05299999
0.05399999
0.05499999
0.05599999
0.05699999
0.05799999
0.05899999
0.05999999
