0.00000000 0.00000000 0.00000000 0.00000000 0.00000000 0.00000000 0.00000000 0.00000000 0.00000000 0.00000000 0.00000000 0.00000000
2.01362762 6.22107992 2.03938278 -33.59084374 -10.35817546 -33.31214156 -22.02462495 1.97446159 -22.25951134 -35.17777006 -10.13999074 -35.12763587
0.37014016 3.46631617 0.35736283 -58.82732029 -13.41698554 -58.60589373 -41.08361682 -2.33894809 -41.30808885 -60.42028765 -11.91977872 -60.38074989
-0.65186244 0.54243395 -0.65589536 -80.49290748 -15.87361565 -80.27669116 -56.73482833 -6.52097874 -56.92424963 -82.17894731 -13.60865040 -82.12133710
-1.57581015 -2.15928200 -1.58284694 -99.00576978 -18.00856826 -98.81061976 -69.67030075 -9.96092179 -69.83772065 -100.68039542 -15.23259294 -100.62036654
-2.51636185 -4.34927280 -2.52889699 -114.45859395 -20.01199995 -114.27713769 -80.02755350 -12.79991832 -80.16704036 -116.00915459 -16.80846267 -115.94814602
-3.46441053 -6.39872176 -3.48316852 -126.87545261 -21.87177935 -126.69210897 -87.94866541 -15.11763904 -88.05706783 -128.21870570 -18.29161652 -128.15289926
-4.38753024 -8.41497955 -4.40391993 -136.21773262 -23.54577492 -136.03774842 -93.44135966 -17.19797343 -93.51509347 -137.30288641 -19.70443822 -137.23232774
-5.31093565 -10.38586923 -5.32811146 -142.47825732 -25.19627597 -142.28474155 -96.46549449 -19.07099669 -96.49678215 -143.23871362 -21.10058640 -143.16054958
-6.28664714 -12.27067588 -6.29910934 -145.71301893 -26.80656509 -145.49846468 -94.41908994 -20.84003476 -94.33990791 -146.00323738 -22.48352519 -145.91626839
-7.38934562 -14.04457289 -7.40890385 -141.53448108 -28.39922809 -141.27115938 -91.50226186 -22.49076420 -91.41368434 -141.41843509 -23.85885336 -141.31403750
-8.50073880 -15.74338409 -8.52399156 -136.78770910 -29.98517049 -136.50568144 -88.60123753 -24.03823675 -88.50356686 -136.51978760 -25.22221010 -136.40619827
-9.61911252 -17.38309803 -9.64561014 -131.83549924 -31.55533907 -131.53271621 -85.70483043 -25.56722159 -85.60436818 -131.59793455 -26.57634077 -131.47509843
-10.63606467 -19.00653057 -10.61874419 -126.43779597 -33.11591391 -126.12923237 -82.50099946 -27.08203049 -82.43983662 -126.63161586 -27.91921787 -126.49445653
-11.37241140 -20.54076498 -11.25759209 -120.87879177 -34.65086899 -120.56307968 -78.96994493 -28.55642485 -78.89456290 -121.45480191 -29.24545708 -121.29470129
-11.88754262 -22.03167465 -11.78389556 -115.35267850 -36.16084308 -114.98972191 -75.39974743 -30.01532842 -75.29746366 -115.96169628 -30.57661689 -115.72807445
-12.39559966 -23.49758498 -12.31181372 -109.85895065 -36.98107726 -109.37908845 -71.73686817 -31.44574252 -71.55313133 -110.46547686 -31.89722055 -110.12097164
-12.89986246 -24.94072193 -12.83777247 -104.35928900 -37.05960573 -103.76349157 -68.06212132 -32.83281367 -67.79825654 -104.95934218 -33.20745669 -104.50932926
-13.40524734 -26.37683382 -13.36110884 -98.85859740 -37.13113091 -98.14302870 -64.37823744 -33.66750709 -64.03335450 -99.44597256 -34.49169669 -98.88297673
-13.90785068 -27.80620923 -13.88477707 -93.36453894 -37.19744239 -92.51774070 -60.52414540 -34.24038154 -60.08231234 -93.94323215 -35.75456743 -93.17744444
-14.41260218 -28.59435927 -14.41721084 -87.90561641 -37.25029661 -86.85027386 -56.63905540 -34.80404588 -56.04719186 -88.29805150 -36.33895105 -87.32384643
-14.91561178 -29.09504649 -14.95132065 -82.45432814 -37.29312468 -81.16399736 -52.75795825 -35.35889798 -51.99186829 -82.66082873 -36.83719572 -81.45285131
-15.41920313 -29.59207873 -15.48306433 -76.99633708 -37.32769538 -75.47200209 -48.87108938 -35.90426573 -47.92962852 -77.01825520 -37.30908992 -75.57914844
-15.91778573 -30.08451226 -16.01380502 -71.54065651 -37.35377393 -69.76615650 -44.98458038 -36.42227423 -43.85578374 -71.38143396 -37.67699374 -69.69127545
-16.40383034 -30.57906863 -16.48295868 -66.10079386 -37.37831147 -64.04046188 -41.10703310 -36.45658652 -39.75740562 -65.76785446 -37.72618840 -63.77934115
-16.83639262 -31.07818176 -16.91557064 -60.66374246 -37.39269848 -58.30651453 -37.22485691 -36.48425679 -35.65125590 -60.14994682 -37.73517893 -57.85926465
-17.24172805 -31.57566754 -17.34410211 -55.22276763 -37.39150722 -52.56631069 -33.33490297 -36.50405738 -31.54070725 -54.52688304 -37.71628768 -51.93866298
-17.64310506 -32.06054474 -17.76824970 -49.77668287 -37.34071574 -46.81441783 -29.43899532 -36.50817279 -27.42292392 -48.90197279 -37.68116183 -46.01473081
-18.04041815 -32.51783404 -18.18833127 -44.33091995 -37.25415516 -41.04708152 -25.54127485 -36.50184026 -23.29087723 -43.27816157 -37.63921953 -40.08201532
-18.44212656 -32.98429921 -18.59637424 -38.66474613 -37.16488275 -35.23967384 -22.65174932 -36.46285416 -22.91443141 -37.49248828 -37.61979039 -34.30783071
-18.78739425 -33.40195788 -18.87606411 -32.95644379 -37.07390816 -29.24380218 -22.87566602 -36.40436716 -23.14704069 -31.85016001 -37.56090032 -28.38062292
