0.00000000
154.25033967
272.24135222
386.77810675
498.04288341
604.47327924
704.68763414
798.93950203
887.50726415
969.56090540
1046.78458488
1119.36793988
1187.49360582
1251.21554023
1311.08782083
1367.01987785
1418.69986806
1466.60443509
1510.64529173
1550.74964660
1586.77299639
1612.60864488
1628.42259176
1641.86334714
1651.20177149
1659.80039777
1666.81481785
1671.89320494
1674.00599945
1674.69827654
1672.64925054
1665.97388367
1654.22943862
1640.86040815
1623.88360801
1597.30064929
1565.74033080
1530.29635265
1492.47131141
1452.51607972
1410.45439362
1366.99904230
1322.05820238
1287.16476380
1285.31689349
1284.37535443
1283.17215294
1281.65949030
1279.96445040
1278.09455195
1276.09870109
1273.69750846
1270.85080207
1267.35312748
1264.38883665
1261.20017753
1257.80647245
1254.31754158
1250.77605273
1246.78974480
1232.20569123
1216.86115086
1214.15093733
1211.08096950
1193.84691833
1191.31936062
1188.58996808
1162.08548183
1159.79082038
1156.81571031
1141.27362816
1138.02326128
1134.78013791
1130.23220032
1126.82380989
1122.74194785
1096.07582064
1081.99832828
1079.16778899
1076.71388560
1065.40984432
1064.30619222
1048.22246103
1045.67146712
1035.14100531
1033.21213092
1030.96538605
1027.91496780
1014.15631699
1005.52202825
1004.89827019
1002.27849114
1000.03790158
997.80471477
995.12780987
991.87562435
986.31164578
979.24356390
974.42393333
969.07768941
962.79746527
949.04696080
930.89404772
913.61078310
909.17492365
882.51936099
879.11746459
866.75546997
866.81264518
861.99609113
832.81472524
835.75894366
818.85764647
822.36757075
824.27929873
823.90460541
821.94817723
801.97769326
800.94941757
799.55065485
798.10107800
795.36692285
792.07797040
784.56328448
763.80204413
721.62100080
720.83311177
706.66319537
701.33700839
701.71059396
702.21661178
698.61654813
699.52814403
699.78129858
698.85552151
697.91798196
696.26811399
695.32785536
694.26632998
692.29935709
690.92351004
