0.00000000
114.83737166
204.98942566
291.50438019
375.32951441
456.51813818
534.03368983
607.99442956
678.21747736
745.03840606
808.52775962
868.85595570
926.10186953
980.60010792
1031.96398702
1080.71602782
1126.83653889
1170.25184322
1210.97749328
1248.97164466
1283.79718778
1314.53791680
1342.07536864
1362.45651603
1378.99723862
1392.45316489
1404.34576578
1414.92886512
1424.12961760
1432.06415699
1439.72764271
1446.77623693
1452.59367419
1456.75613549
1460.08021084
1462.91253679
1464.14470709
1464.16498395
1463.16877790
1461.16884323
1457.79865962
1453.10655036
1446.81529683
1439.16941470
1430.20021870
1420.59092291
1410.26207126
1398.90414243
1386.19430037
1372.86446163
1359.33822999
1345.46668563
1331.09563369
1316.54262535
1303.47596174
1290.87889214
1278.10254284
1265.24949471
1253.09265894
1241.01819687
1230.06745745
1219.40825315
1208.55489391
1197.59530146
1186.42044058
1177.00932266
1172.00708122
1168.62097735
1165.58712829
1162.44037176
1159.26203256
1157.11429325
1155.52521636
1153.87225064
1152.20221126
1151.08001141
1146.44218130
1145.48854802
1144.48423892
1143.45485281
1142.38387376
1141.27501538
1140.13005527
1138.96477108
1137.78135325
1136.55854915
1135.31606227
1134.03897475
1132.73672497
1131.40330637
1130.05273418
1128.67403697
1127.27884432
1125.93812519
1124.79372944
1123.64216569
1122.48454797
1121.31951576
1120.74123867
1120.22720826
1118.93893069
1118.50974623
1116.92926452
1112.58142488
1110.33223151
1110.88472079
1111.18965543
1111.46988182
1111.03278664
1110.39215640
1105.80277198
1102.91386994
1098.12826800
1098.73189939
1099.01976228
1098.98102306
1098.40295016
1097.82169973
1097.02845295
1096.43095925
1095.78377990
1095.13153942
1094.47161101
1093.80996300
1093.14749144
1092.48459068
1091.82123145
1091.15398153
1090.48604360
1089.81792930
1089.14567825
1088.47353899
1083.88459185
1078.31391357
1077.22610314
1076.72080057
1076.04349055
1072.86292436
1072.54701584
1071.26387466
1060.50741570
1061.88854313
1057.09941625
1056.43542136
1055.15279431
1052.95312776
1051.10707036
1046.90227557
1038.59874764
1039.00628290
1039.21310809
1039.38946797
1039.55013042
1028.88262256
1029.48472986
1029.98032760
1030.50957898
1030.95779581
1031.36004486
1031.74380666
1032.23055768
1032.68996422
1032.50997834
1032.38855794
1032.71722675
1032.80105778
1032.46997934
1030.62648793
1030.12708565
1029.18681230
1028.06520303
1024.98363853
1023.09837404
1020.92251254
1018.34824219
1016.40720460
1002.76844513
880.99572320
884.86600864
888.07095725
891.00170144
893.68672384
895.62272579
897.17733311
898.24231710
898.68795340
899.35955407
899.99987285
900.63556846
894.96003450
890.32629257
891.26327392
892.50134139
893.13667616
894.26801075
894.39920166
895.21452073
895.89484460
896.46622715
897.36328696
898.15759853
898.19094872
879.20393772
878.21867865
878.19315305
852.31649874
853.48525382
847.08596402
846.95047696
845.94675290
845.18077562
844.73126663
844.04563994
840.11424372
834.95440057
834.96163836
833.68060097
805.30820707
806.42515885
806.84620299
805.25740586
805.62607133
802.85401327
767.24679159
765.69681805
764.20349136
