0.00000000
0.00101774
0.00201774
0.00301774
0.00401774
0.00501774
0.00601774
0.00701774
0.00801774
0.00901774
0.01001774
0.01101774
0.01201774
0.01301774
0.01401774
0.01501774
0.01601774
0.01701774
0.01801774
0.01901774
0.02001774
0.02101774
0.02201774
0.02301774
0.02401774
0.02501774
0.02601774
0.02701774
0.02801774
0.02901774
0.03001774
0.03101774
0.03201774
0.03301774
0.03401774
0.03501774
0.03601774
0.03701774
0.03801774
0.03901774
0.04001774
0.04101774
0.04201774
0.04301774
0.04401774
0.04501774
0.04601774
0.04701774
0.04801774
0.04901774
0.05001774
0.05101774
0.05201774
0.05301774
0.05401774
0.05501774
0.05601774
0.05701774
0.05801774
0.05901774
0.06001774
0.06101774
0.06201774
0.06301774
0.06401774
0.06501774
0.06601774
0.06701774
0.06801774
0.06901774
0.07001774
0.07101774
0.07201774
0.07301774
0.07401774
0.07501774
0.07601774
0.07701774
0.07801774
0.07901774
0.08001774
0.08101774
0.08201774
0.08301774
0.08401774
0.08501774
0.08601774
0.08701774
0.08801774
0.08901774
0.09001774
0.09101774
0.09201774
0.09301774
0.09401774
0.09501774
0.09601774
0.09701774
0.09801774
0.09901774
0.10001774
0.10101774
0.10201774
0.10301774
0.10401774
0.10501774
0.10601774
0.10701774
0.10801774
0.10901774
0.10951774
0.11051774
0.11151774
0.11251774
0.11351774
0.11451774
0.11551774
0.11651774
0.11751774
0.11851774
0.11951774
0.12051774
0.12151774
0.12251774
0.12351774
0.12451774
0.12551774
0.12651774
0.12751774
0.12851774
0.12951774
0.13051774
0.13151774
0.13251774
0.13351774
0.13451774
0.13551774
0.13651774
0.13751774
0.13851774
0.13951774
0.14051774
0.14151774
0.14251774
0.14351774
0.14451774
0.14551774
0.14651774
0.14751774
0.14851774
0.14951774
0.15051774
0.15151774
0.15251774
0.15351774
0.15451774
0.15551774
0.15651774
0.15751774
0.15851774
0.15951774
0.16051774
0.16151774
0.16251774
0.16351774
0.16451774
0.16551774
0.16651774
0.16751774
0.16851774
0.16951774
0.17051774
0.17151774
0.17251774
0.17351774
0.17451774
0.17551774
0.17651774
0.17751774
0.17851774
0.17951774
0.18051774
0.18151774
0.18251774
0.18351774
0.18451774
0.18551774
0.18651774
0.18751774
0.18851774
0.18951774
0.19051774
0.19151774
0.19251774
0.19351774
0.19451774
0.19551774
0.19651774
0.19751774
0.19851774
0.19951774
0.20051774
0.20151774
0.20251774
0.20351774
0.20451774
0.20551774
0.20651774
0.20751774
0.20851774
0.20951774
0.21051774
0.21151774
0.21251774
0.21351774
0.21451774
0.21551774
0.21651774
0.21751774
0.21851774
0.21951774
0.22051774
0.22151774
0.22251774
0.22351774
0.22451774
