0.00000000
0.00104242
0.00204242
0.00304242
0.00404242
0.00504242
0.00604242
0.00704242
0.00804242
0.00904242
0.01004242
0.01104242
0.01204242
0.01304242
0.01404242
0.01504242
0.01604242
0.01704242
0.01804242
0.01904242
0.02004242
0.02104242
0.02204242
0.02304242
0.02404242
0.02504242
0.02604242
0.02704242
0.02804242
0.02904242
0.03004242
0.03104242
0.03204242
0.03304242
0.03404242
0.03504242
0.03604242
0.03704242
0.03804242
0.03904242
0.04004242
0.04104242
0.04204242
0.04304242
0.04404242
0.04504242
0.04604242
0.04704242
0.04804242
0.04904242
0.05004242
0.05104242
0.05204242
0.05304242
0.05404242
0.05504242
0.05604242
0.05704242
0.05804242
0.05904242
0.06004242
0.06104242
0.06204242
0.06304242
0.06404242
0.06504242
0.06604242
0.06704242
0.06804242
0.06904242
0.07004242
0.07104242
0.07204242
0.07304242
0.07404242
0.07504242
0.07604242
0.07704242
0.07804242
0.07904242
0.08004242
0.08104242
0.08204242
0.08304242
0.08404242
0.08504242
0.08604242
0.08704242
0.08804242
0.08904242
0.09004242
0.09104242
0.09204242
0.09304242
0.09404242
0.09504242
0.09604242
0.09704242
0.09804242
0.09904242
0.10004242
0.10104242
0.10204242
0.10304242
0.10404242
0.10504242
0.10604242
0.10704242
0.10804242
0.10904242
0.11004242
0.11104242
0.11204242
0.11304242
0.11404242
0.11504242
0.11604242
0.11704242
0.11804242
0.11904242
0.12004242
0.12104242
0.12204242
0.12304242
0.12404242
0.12504242
0.12604242
0.12704242
0.12804242
0.12904242
0.13004242
0.13104242
0.13204242
0.13304242
0.13404242
0.13504242
0.13604242
0.13704242
0.13804242
0.13904242
0.14004242
