0.00000000 0.00000000 0.00000000
0.00032997 0.00072681 0.00101774
0.00067893 0.00147165 0.00201774
0.00102868 0.00222034 0.00301774
0.00137614 0.00296881 0.00401774
0.00172533 0.00371939 0.00501774
0.00207927 0.00447336 0.00601774
0.00244027 0.00523283 0.00701774
0.00280848 0.00599818 0.00801774
0.00318353 0.00676944 0.00901774
0.00356320 0.00754596 0.01001774
0.00394668 0.00832689 0.01101774
0.00433400 0.00911348 0.01201774
0.00472352 0.00990489 0.01301774
0.00511517 0.01070002 0.01401774
0.00550883 0.01150014 0.01501774
0.00590493 0.01230569 0.01601774
0.00630381 0.01311707 0.01701774
0.00670480 0.01393448 0.01801774
0.00710705 0.01475844 0.01901774
0.00750864 0.01558965 0.02001774
0.00791018 0.01643124 0.02101774
0.00831867 0.01728255 0.02201774
0.00869816 0.01815191 0.02301774
0.00909619 0.01903679 0.02401774
0.00952295 0.01993532 0.02501774
0.00993945 0.02083741 0.02601774
0.01035763 0.02174429 0.02701774
0.01079496 0.02265705 0.02801774
0.01125353 0.02357569 0.02901774
0.01171487 0.02449494 0.03001774
0.01218821 0.02541725 0.03101774
0.01266532 0.02634471 0.03201774
0.01315464 0.02727995 0.03301774
0.01365466 0.02821932 0.03401774
0.01415148 0.02916083 0.03501774
0.01466497 0.03011143 0.03601774
0.01518336 0.03106877 0.03701774
0.01571272 0.03203161 0.03801774
0.01623203 0.03300163 0.03901774
0.01675484 0.03398000 0.04001774
0.01728390 0.03496704 0.04101774
0.01780754 0.03595664 0.04201774
0.01832725 0.03695424 0.04301774
0.01884403 0.03796186 0.04401774
0.01937541 0.03897430 0.04501774
0.01992128 0.03999018 0.04601774
0.02049892 0.04101133 0.04701774
0.02111110 0.04203975 0.04801774
0.02173288 0.04307154 0.04901774
0.02235649 0.04410435 0.05001774
0.02299124 0.04513923 0.05101774
0.02359919 0.04617569 0.05201774
0.02420349 0.04721294 0.05301774
0.02472441 0.04824334 0.05401774
0.02521272 0.04927154 0.05501774
0.02568707 0.05030090 0.05601774
0.02615595 0.05133064 0.05701774
0.02655175 0.05235804 0.05801774
0.02692764 0.05338517 0.05901774
0.02736975 0.05441106 0.06001774
0.02783291 0.05543687 0.06101774
0.02828440 0.05646391 0.06201774
0.02873062 0.05749145 0.06301774
0.02916204 0.05851997 0.06401774
0.02958094 0.05954384 0.06501774
0.03003694 0.06055546 0.06601774
0.03054693 0.06156027 0.06701774
0.03107262 0.06256411 0.06801774
0.03160246 0.06356755 0.06901774
0.03212932 0.06457188 0.07001774
0.03262361 0.06557307 0.07101774
0.03309841 0.06657262 0.07201774
0.03357178 0.06757254 0.07301774
0.03404492 0.06857259 0.07401774
0.03453462 0.06957057 0.07501774
0.03515027 0.07056985 0.07601774
0.03564364 0.07156737 0.07701774
0.03613671 0.07256508 0.07801774
0.03662901 0.07356286 0.07901774
0.03711952 0.07456093 0.08001774
0.03760852 0.07555917 0.08101774
0.03809740 0.07655755 0.08201774
0.03858614 0.07755599 0.08301774
0.03907447 0.07855432 0.08401774
0.03956152 0.07955281 0.08501774
0.04004851 0.08055145 0.08601774
0.04053569 0.08155040 0.08701774
0.04102236 0.08254959 0.08801774
0.04150884 0.08354915 0.08901774
0.04199484 0.08454886 0.09001774
0.04247971 0.08554858 0.09101774
0.04296484 0.08654829 0.09201774
0.04345233 0.08754772 0.09301774
0.04394816 0.08854624 0.09401774
0.04444389 0.08954476 0.09501774
0.04493948 0.09054329 0.09601774
0.04543490 0.09154183 0.09701774
0.04595153 0.09253854 0.09801774
0.04647071 0.09353503 0.09901774
0.04701055 0.09452572 0.10001774
0.04752452 0.09551665 0.10101774
0.04807308 0.09650596 0.10201774
0.04870303 0.09749154 0.10301774
0.04928480 0.09849740 0.10401774
0.04977185 0.09949400 0.10501774
0.05026524 0.10049054 0.10601774
0.05075838 0.10148358 0.10701774
0.05127440 0.10247920 0.10801774
0.05179700 0.10347573 0.10901774
0.05225377 0.10398249 0.10951774
0.05287479 0.10499514 0.11051774
0.05356966 0.10600799 0.11151774
0.05405953 0.10700583 0.11251774
0.05455352 0.10800433 0.11351774
0.05505749 0.10900351 0.11451774
0.05557836 0.11000388 0.11551774
0.05609915 0.11100410 0.11651774
0.05662717 0.11200529 0.11751774
0.05714866 0.11300561 0.11851774
0.05767075 0.11400361 0.11951774
0.05819219 0.11500018 0.12051774
0.05871339 0.11599663 0.12151774
0.05923445 0.11699303 0.12251774
0.05975545 0.11798941 0.12351774
0.06027634 0.11898576 0.12451774
0.06079715 0.11998208 0.12551774
0.06131795 0.12097825 0.12651774
0.06183845 0.12197398 0.12751774
0.06235877 0.12296950 0.12851774
0.06287880 0.12396500 0.12951774
0.06339881 0.12496054 0.13051774
0.06406755 0.12596198 0.13151774
0.06480329 0.12697077 0.13251774
0.06536642 0.12797372 0.13351774
0.06587836 0.12897261 0.13451774
0.06639909 0.12997068 0.13551774
0.06702320 0.13097869 0.13651774
0.06752783 0.13197248 0.13751774
0.06809892 0.13297770 0.13851774
0.06867424 0.13398169 0.13951774
0.06941039 0.13498277 0.14051774
0.07007808 0.13596757 0.14151774
0.07059360 0.13695855 0.14251774
0.07112324 0.13794389 0.14351774
0.07169525 0.13892902 0.14451774
0.07224874 0.13991576 0.14551774
0.07287389 0.14089544 0.14651774
0.07363546 0.14187561 0.14751774
0.07412755 0.14286403 0.14851774
0.07461540 0.14385317 0.14951774
0.07510292 0.14484240 0.15051774
0.07559078 0.14583195 0.15151774
0.07650017 0.14686875 0.15251774
0.07699894 0.14785936 0.15351774
0.07747509 0.14884903 0.15451774
0.07794866 0.14983847 0.15551774
0.07842949 0.15082982 0.15651774
0.07890669 0.15181785 0.15751774
0.07938417 0.15280556 0.15851774
0.07985806 0.15379460 0.15951774
0.08033281 0.15478354 0.16051774
0.08083146 0.15577270 0.16151774
0.08132812 0.15676234 0.16251774
0.08180640 0.15775049 0.16351774
0.08229356 0.15873833 0.16451774
0.08279581 0.15972647 0.16551774
0.08335515 0.16071554 0.16651774
0.08386121 0.16170193 0.16751774
0.08436769 0.16268741 0.16851774
0.08489414 0.16367200 0.16951774
0.08535462 0.16465899 0.17051774
0.08590831 0.16564237 0.17151774
0.08646121 0.16662654 0.17251774
0.08702262 0.16761775 0.17351774
0.08758468 0.16860056 0.17451774
0.08843642 0.16957716 0.17551774
0.09077618 0.17099285 0.17651774
0.09138207 0.17196078 0.17751774
0.09200474 0.17293240 0.17851774
0.09262114 0.17390581 0.17951774
0.09322274 0.17488629 0.18051774
0.09379205 0.17587289 0.18151774
0.09434899 0.17685448 0.18251774
0.09490224 0.17783588 0.18351774
0.09543054 0.17882384 0.18451774
0.09596675 0.17980655 0.18551774
0.09649855 0.18079151 0.18651774
0.09705228 0.18178560 0.18751774
0.09791396 0.18281650 0.18851774
0.09855186 0.18378234 0.18951774
0.09904532 0.18477385 0.19051774
0.09956523 0.18576286 0.19151774
0.10010093 0.18675804 0.19251774
0.10061294 0.18775009 0.19351774
0.10111969 0.18874745 0.19451774
0.10164678 0.18973888 0.19551774
0.10215493 0.19073129 0.19651774
0.10268618 0.19171784 0.19751774
0.10320230 0.19270059 0.19851774
0.10373552 0.19368405 0.19951774
0.10426882 0.19467439 0.20051774
0.10554843 0.19574492 0.20151774
0.10632282 0.19672814 0.20251774
0.10699942 0.19768428 0.20351774
0.10841278 0.19871455 0.20451774
0.10919403 0.19968146 0.20551774
0.11022018 0.20068871 0.20651774
0.11104354 0.20166427 0.20751774
0.11187973 0.20264388 0.20851774
0.11269095 0.20362390 0.20951774
0.11345086 0.20460376 0.21051774
0.11420332 0.20557825 0.21151774
0.11514312 0.20656658 0.21251774
0.11614784 0.20756234 0.21351774
0.11691687 0.20854194 0.21451774
0.11750432 0.20953262 0.21551774
0.11918980 0.21060520 0.21651774
0.12004254 0.21157031 0.21751774
0.12090518 0.21253550 0.21851774
0.12181246 0.21350284 0.21951774
0.12265964 0.21446663 0.22051774
0.12360775 0.21545662 0.22151774
0.12572960 0.21660680 0.22251774
0.12673243 0.21759741 0.22351774
0.12772267 0.21858753 0.22451774
