0.00000000 0.00000000 0.00000000 0.00000000 0.00000000 0.00000000 0.00000000 0.00000000 0.00000000 0.00000000 0.00000000 0.00000000 0.00000000 0.00000000 0.00000000 0.00000000
3.88151506 -18.71079222 -19.27591826 -24.29598107 2.21039575 -4.88359593 -5.18555285 -9.91812480 2.16802031 -4.97771741 -5.27549598 -9.94903722 3.81925476 -19.25992798 -19.82177895 -24.77560288
2.59431963 -31.31038361 -32.04896272 -35.64866595 -0.43596002 -12.51520366 -13.09809534 -12.75551812 -0.47753415 -12.60810795 -13.18606592 -12.78520158 2.53419234 -31.82676164 -32.56991031 -36.10349323
1.30836616 -43.50889015 -44.37802986 -46.52359854 -2.87301827 -20.07685834 -20.98106079 -15.49740407 -2.91287515 -20.16871273 -21.06743286 -15.52493352 1.25051595 -43.99469555 -44.87526831 -46.95421072
0.01425189 -55.31622042 -56.28194645 -56.92407519 -5.30297966 -27.56842241 -28.80779701 -18.01588374 -5.34146322 -27.66333785 -28.89560394 -18.04088525 -0.04162358 -55.76962101 -56.75597875 -57.33129683
-1.26504187 -66.73761585 -67.81923678 -66.91922958 -7.75492093 -34.47197817 -36.16355379 -20.34135259 -7.79732407 -34.55606055 -36.24484138 -20.36475788 -1.30874032 -67.15612718 -68.26695492 -67.30554339
-2.41945534 -77.78918122 -79.04286920 -76.61644685 -10.11976935 -40.37994879 -42.71342439 -22.54627294 -10.18930074 -40.45964671 -42.78556410 -22.56875365 -2.44139101 -78.16948202 -79.46233927 -76.98378857
-3.18276542 -88.30883097 -89.79531152 -85.97334079 -12.25003407 -45.91628616 -48.71743381 -24.65671274 -12.35920033 -45.99549994 -48.77581754 -24.67749504 -3.17716114 -88.64768575 -90.18389053 -86.32203628
-3.77342678 -98.29274139 -99.99246447 -94.91998479 -14.14955248 -51.00540959 -54.31915031 -26.67454366 -14.30863132 -51.07712022 -54.36743388 -26.69282305 -3.74457049 -98.59108095 -100.35087337 -95.24745741
-4.25525485 -107.63898621 -109.51790905 -103.35270397 -15.85939520 -55.89023206 -59.13196324 -28.54224640 -16.05990259 -55.96517970 -59.17716415 -28.55841295 -4.21328760 -107.90115346 -109.84347074 -103.65364322
-4.69406982 -116.41996518 -118.45023649 -111.28031588 -17.43768706 -60.42988575 -63.77478225 -30.35094095 -17.67472104 -60.50620040 -63.82170531 -30.36588571 -4.63937682 -116.64394679 -118.74202327 -111.55284215
-5.10685532 -124.62130310 -126.74008164 -118.65729114 -18.90904324 -64.89298278 -68.06963162 -32.10824378 -19.18261154 -64.98108523 -68.11623640 -32.12416694 -5.03964017 -124.84453915 -127.03876014 -118.93546769
-5.50511916 -132.23308465 -134.39967684 -125.45044479 -20.28175779 -69.21658683 -72.19174256 -33.83401265 -20.59111256 -69.32990796 -72.24841748 -33.85342187 -5.42640225 -132.46844034 -134.71901404 -125.74446402
-5.88772775 -139.27301857 -141.46680102 -131.69693106 -21.57937404 -73.25727529 -76.28338361 -35.55773142 -21.91065916 -73.36553865 -76.34112989 -35.57779298 -5.79942816 -139.48715808 -141.76363090 -131.96795964
-6.26175401 -145.76220346 -147.94204473 -137.36098174 -22.85727105 -77.24998029 -80.29535628 -37.27531295 -23.19340942 -77.36099354 -80.35152521 -37.29354152 -6.16616682 -145.93539811 -148.19268020 -137.58920151
-6.65102876 -151.70874823 -153.80362627 -142.41313154 -24.12220316 -81.19288800 -84.16921713 -38.98002735 -24.45924383 -81.30212819 -84.22034803 -38.99605674 -6.54959413 -151.84484159 -154.00848661 -142.59830830
-7.06048152 -157.08526004 -158.96762388 -146.80047229 -25.38021593 -85.08492724 -87.90080392 -40.67177839 -25.70885789 -85.19374861 -87.94445756 -40.68539095 -6.95421318 -157.18686510 -159.12863525 -146.94613630
-7.50676349 -161.86768064 -163.49546395 -150.53067013 -26.62065977 -88.98414110 -91.61095032 -42.34916898 -26.94389444 -89.08927917 -91.65008800 -42.36034979 -7.39734600 -161.94129906 -163.61672801 -150.63995224
-7.98938028 -166.04509105 -167.37067810 -153.55313170 -27.86560449 -92.93286981 -95.33152317 -43.95624944 -28.18145931 -93.03239286 -95.36637128 -43.96410731 -7.87818090 -166.09345405 -167.45643836 -153.62835961
-8.52105661 -169.59876732 -170.56438186 -155.84391797 -29.13578017 -96.91829348 -99.08386658 -45.49322502 -29.43190139 -97.01009007 -99.11355405 -45.49839097 -8.40791472 -169.62343752 -170.61574179 -155.88932708
-9.10825070 -172.49884862 -173.05664977 -157.38097403 -30.43874935 -100.97426877 -102.71050719 -47.06995089 -30.70856665 -101.05526920 -102.72628597 -47.07174908 -8.98812467 -172.50370825 -173.07806889 -157.40302435
-9.90348143 -174.73251180 -173.09477159 -156.04600910 -32.03489442 -105.24200945 -106.16926510 -48.97261535 -32.29017629 -105.31089498 -106.18410063 -48.97444106 -9.78667512 -174.75140677 -173.08095152 -156.03444027
-10.98939335 -173.04315850 -171.49130766 -152.99517880 -33.96501373 -110.08302527 -110.30430311 -51.23754177 -34.20751241 -110.15016613 -110.31848346 -51.23904987 -10.87586473 -173.06080500 -171.47793480 -152.98385315
-12.12200547 -171.19676692 -169.67645688 -149.82733378 -35.82356458 -114.13013969 -114.49935097 -53.53819678 -36.07548296 -114.21350611 -114.51264464 -53.53909792 -12.01324660 -171.21388932 -169.66308139 -149.81858314
-13.35637586 -169.05977117 -167.61592596 -146.41901176 -37.12428378 -117.00849336 -118.92191342 -55.97172166 -37.38217359 -117.08751732 -118.93470236 -55.97218048 -13.25308679 -169.07688338 -167.60459574 -146.41313486
-14.58986775 -166.89755034 -165.52446692 -142.99044006 -38.34017272 -119.83342344 -123.24653734 -58.36611978 -38.57509282 -119.90715084 -123.25884815 -58.36574010 -14.49341003 -166.91552866 -165.51044191 -142.98560694
-15.71353415 -164.85556044 -163.50656143 -139.75023989 -39.42871250 -122.34591804 -127.16805413 -60.54037544 -39.63764510 -122.41427789 -127.17939565 -60.53935559 -15.62565550 -164.87173935 -163.49506538 -139.74272739
-16.81251754 -162.81221756 -161.50130679 -136.56286168 -40.48600973 -124.71369754 -130.35932144 -62.61721182 -40.65164693 -124.77747024 -130.37487559 -62.61588492 -16.73529977 -162.82478308 -161.49152201 -136.55657830
-17.82894394 -160.65896240 -159.40212656 -133.24176815 -41.48846188 -127.16247720 -132.39117164 -64.74322348 -41.67801942 -127.22123279 -132.40820337 -64.74236971 -17.73766764 -160.67157417 -159.39372431 -133.23607277
-18.43816966 -158.25001306 -157.15487230 -129.69343312 -42.50825774 -129.76231318 -134.45951267 -67.00182175 -42.69756852 -129.81886281 -134.47567378 -67.00121864 -18.33683001 -158.26367874 -157.14762785 -129.68842269
-19.07635633 -155.02806569 -154.57147470 -125.76589225 -43.43103139 -132.65620224 -136.79068319 -68.92192709 -43.61515235 -132.70939063 -136.80551640 -68.92034759 -18.98361225 -155.04370569 -154.56644511 -125.76344762
-19.84039819 -151.10049590 -151.01114266 -121.22662508 -44.23974271 -135.58130349 -139.53659585 -70.36905542 -44.40732650 -135.63759720 -139.55085700 -70.36816154 -19.75743242 -151.11532536 -151.00734092 -121.22448343
-20.67852238 -146.85931950 -146.99210570 -116.36354827 -45.07402988 -136.93849371 -142.36108089 -71.77315715 -45.22364149 -136.99006450 -142.37427460 -71.77174635 -20.60679960 -146.87303578 -146.98865939 -116.36095945
-21.52570277 -142.39690732 -142.84854514 -111.40416313 -45.70579513 -138.22134795 -145.15527444 -73.09613922 -45.85148583 -138.26628554 -145.16682112 -73.09471747 -21.46635068 -142.41210454 -142.84654639 -111.40222150
-22.40495031 -137.57146035 -138.51237079 -106.06256292 -46.17575339 -139.17188789 -147.70483291 -74.27028694 -46.29419043 -139.21095319 -147.71580477 -74.26859257 -22.35965100 -137.58558795 -138.51191815 -106.06280446
-23.31056965 -131.88849921 -133.48662227 -99.77018256 -46.62293984 -140.01916620 -148.78330807 -74.71133950 -46.71863721 -140.04979028 -148.79372498 -74.70839295 -23.27817137 -131.90246699 -133.48746165 -99.76937656
-24.14341254 -125.83495083 -127.69278931 -93.21355127 -47.11349300 -140.82235198 -149.18272491 -74.82239414 -47.19033554 -140.84675248 -149.19075371 -74.81920012 -24.12034937 -125.84591904 -127.69191292 -93.20943963
-24.74004519 -119.31962125 -121.42767102 -86.32260767 -47.43960811 -141.55110193 -149.48593166 -74.82799481 -47.51584997 -141.57218879 -149.49244588 -74.82508743 -24.72020213 -119.32491158 -121.42102116 -86.31006407
-25.28661433 -112.60206257 -114.97328791 -78.94371162 -47.69236545 -142.21422223 -149.73030803 -74.76994255 -47.76674495 -142.23158982 -149.73496056 -74.76735384 -25.27432981 -112.60076827 -114.96103890 -78.92201059
-25.81205789 -105.74194680 -108.36080460 -71.28221650 -47.78824011 -142.69434021 -149.93154617 -74.66975630 -47.82782748 -142.70372816 -149.93263065 -74.66601954 -25.82048177 -105.71815478 -108.33014286 -71.23618590
-26.34229225 -98.64094168 -101.46533778 -63.47560362 -47.87770967 -142.84171166 -150.08055858 -74.54266453 -47.90350607 -142.84655367 -150.08011993 -74.53891313 -26.35898459 -98.60957640 -101.42823373 -63.42168632
-26.87273116 -91.38621538 -94.38348104 -55.58717610 -47.91845090 -142.86439872 -150.16839470 -74.39181993 -47.93854047 -142.86791866 -150.16724661 -74.38774199 -26.89345597 -91.33422691 -94.32548873 -55.51175503
-27.38682646 -83.84292933 -87.02971665 -47.56098309 -48.00220347 -142.81393279 -150.20114787 -74.21604175 -48.00915533 -142.81659652 -150.20006023 -74.21282842 -27.40525699 -83.82736056 -87.00829677 -47.52486616
-27.81861320 -76.64230602 -81.72584171 -42.39848528 -48.04343010 -142.71787726 -150.19645783 -74.04038525 -48.04709897 -142.72017737 -150.19550427 -74.03750211 -27.83608792 -76.63898027 -81.72441846 -42.38159777
-27.86849011 -76.00929212 -81.82085125 -42.27395892 -47.97047395 -142.59638436 -150.17679823 -73.93703276 -47.97603586 -142.59861682 -150.17583887 -73.93422922 -27.88547040 -76.01660124 -81.81939078 -42.25742860
-27.89604814 -75.91944295 -81.89879747 -42.14857603 -47.89199475 -142.46002792 -150.14037784 -73.82772031 -47.89675273 -142.46230307 -150.13891874 -73.82517225 -27.91287312 -75.92659239 -81.89745013 -42.13230661
-27.92117173 -75.82406985 -81.90145082 -42.01704649 -47.80851504 -142.31133092 -150.08736031 -73.71053260 -47.81315572 -142.31357617 -150.08590046 -73.70798014 -27.93788766 -75.83108626 -81.90013529 -42.00095349
-27.94588923 -75.72333937 -81.79836979 -41.88079842 -47.72094998 -142.15217533 -150.01727552 -73.58637752 -47.72553175 -142.15439958 -150.01581337 -73.58383865 -27.96240169 -75.73019938 -81.79715772 -41.86497303
-27.97007407 -75.61741673 -81.65039340 -41.74012058 -47.62955503 -141.98321825 -149.93085658 -73.45613352 -47.63409033 -141.98541214 -149.92938320 -73.45360685 -27.98637803 -75.62413156 -81.64911731 -41.72456281
-27.99340511 -75.50620555 -81.47236724 -41.59458376 -47.53523853 -141.79367593 -149.82731452 -73.32010172 -47.53972599 -141.79574349 -149.82584328 -73.31759329 -28.00949840 -75.51279637 -81.47115608 -41.57930269
-28.01571036 -75.39095494 -81.28654704 -41.44576807 -47.43840089 -141.58376492 -149.70544242 -73.17877145 -47.44285986 -141.58551801 -149.70398969 -73.17626846 -28.03161739 -75.39692288 -81.28540766 -41.43075705
-28.04045709 -75.23255902 -81.06358292 -41.29333303 -47.34444101 -141.26631168 -149.57350778 -73.03105408 -47.34888423 -141.26711903 -149.57213571 -73.02856680 -28.05615706 -75.23839829 -81.06241139 -41.27858935
-28.06846298 -75.03353608 -80.79950596 -41.13678454 -47.25593447 -140.81855360 -149.43348064 -72.87640905 -47.26035166 -140.81876259 -149.43214784 -72.87393423 -28.08398524 -75.03847185 -80.79819019 -41.12229113
-28.10124315 -74.80867104 -80.49033557 -40.97370106 -47.17913271 -140.09570166 -149.31041509 -72.71469784 -47.18349010 -140.09600347 -149.30903937 -72.71225454 -28.11652436 -74.81339434 -80.48906717 -40.95945599
-28.12593391 -74.55823949 -80.17806168 -40.81315040 -47.08146806 -139.73720687 -149.14137541 -72.55605561 -47.08574556 -139.73866192 -149.13997255 -72.55363008 -28.14100843 -74.56230326 -80.17687581 -40.79914762
-28.15110276 -74.27772480 -79.85779721 -40.65030009 -46.98326412 -139.31876012 -148.96388957 -72.39449861 -46.98749238 -139.31988599 -148.96249777 -72.39209533 -28.16595095 -74.28158300 -79.85680090 -40.63653393
-28.17539516 -73.99444885 -79.46785845 -40.48688435 -46.88526715 -138.88107922 -148.77954703 -72.23022681 -46.88947272 -138.88209076 -148.77815347 -72.22780350 -28.19002390 -73.99808611 -79.46691702 -40.47321794
-28.19773030 -73.70738420 -79.05071594 -40.32058890 -46.78685303 -138.43883171 -148.59006125 -72.06420443 -46.79103466 -138.43976545 -148.58866414 -72.06180541 -28.21209987 -73.71096823 -79.04971103 -40.30712302
-28.21748961 -73.42010624 -78.62403195 -40.15355795 -46.68834517 -137.99208681 -148.39410933 -71.89602682 -46.69248830 -137.99288560 -148.39272258 -71.89365562 -28.23162821 -73.42350277 -78.62310776 -40.14030802
-28.24024358 -73.12308256 -78.19085338 -39.98376298 -46.60606823 -137.30538593 -148.22081437 -71.72302196 -46.61021047 -137.30590076 -148.21941958 -71.72067137 -28.25419310 -73.12544164 -78.18996842 -39.97070647
-28.30739983 -72.78403448 -72.40385015 -39.83551408 -46.53081486 -136.66109818 -148.05241170 -71.52677194 -46.53490713 -136.66175486 -148.05101272 -71.52447224 -28.32099911 -72.78598411 -72.40198776 -39.82267808
-28.37977676 -72.39668521 -72.37532637 -39.61890420 -46.50431777 -129.92887122 -147.91712565 -71.30826707 -46.50828953 -129.93015927 -147.91571681 -71.30602392 -28.39304542 -72.39836110 -72.37392131 -39.60635927
-28.38895325 -72.03369058 -72.23425561 -39.45482864 -46.41092408 -129.70013260 -147.71576553 -71.13544901 -46.41484437 -129.70166547 -147.71437166 -71.13322659 -28.40200623 -72.03511733 -72.23322183 -39.44248455
-28.39748296 -71.66408526 -71.93999223 -39.28744394 -46.31787997 -129.47487544 -147.49540808 -70.96207706 -46.32176026 -129.47621170 -147.49405900 -70.95987410 -28.41031656 -71.66522153 -71.93899352 -39.27528790
-28.59318381 -64.67129183 -71.62422799 -39.07281939 -46.26576956 -129.10307588 -146.82368904 -70.76508312 -46.27027274 -129.10411513 -146.82593996 -70.76296661 -28.60536419 -64.67498924 -71.62328580 -39.06084403
-28.59254940 -65.13662575 -71.32107035 -38.91143425 -46.16703092 -128.70855240 -146.21596775 -70.60390329 -46.17159460 -128.70980232 -146.21459235 -70.60190362 -28.60452766 -65.13999406 -71.32016685 -38.89964506
-28.59387839 -65.34736767 -71.01440729 -38.74980412 -46.07180704 -128.29932931 -145.78461705 -70.43186570 -46.07646604 -128.30055356 -145.78346359 -70.42986779 -28.60562023 -65.34922060 -71.01352991 -38.73816979
-28.70601262 -65.14397011 -65.37913046 -38.52299872 -46.10637729 -121.73648901 -145.26764626 -70.17760521 -46.11224328 -121.73804130 -145.26655447 -70.17605340 -28.71725580 -65.14541824 -65.37813488 -38.51155079
-28.69433953 -64.94720545 -65.39105825 -38.37433930 -46.00877492 -121.67879264 -144.83227870 -69.96546546 -46.01459339 -121.68031331 -144.83117766 -69.96570546 -28.70538029 -64.94839987 -65.39006262 -38.36293355
-28.68124512 -64.74547775 -65.29132705 -38.23922128 -45.91234082 -121.53150024 -144.40002131 -69.60432281 -45.91813578 -121.53293368 -144.39870959 -69.60344760 -28.69210887 -64.74637580 -65.29048509 -38.22805751
-28.87163961 -58.35135545 -65.09281275 -38.04073854 -45.87259474 -121.28882283 -143.82088033 -69.29509979 -45.87815102 -121.29019573 -143.81981565 -69.29394370 -28.88201075 -58.35350018 -65.09218821 -38.02987887
-28.85852680 -58.87361991 -64.31818199 -37.89865280 -45.77807536 -121.02348499 -143.21872591 -69.03953491 -45.78352561 -121.02485468 -143.21751845 -69.03839670 -28.86865721 -58.87594466 -64.31759527 -37.88796602
-28.83881912 -58.80675895 -64.14800922 -37.74506951 -45.68456895 -120.75076561 -142.63159806 -68.78228181 -45.69003573 -120.75207942 -142.63038304 -68.78092067 -28.84871577 -58.80775014 -64.14735485 -37.73502704
-28.83404064 -58.10713351 -63.94815700 -37.57818463 -45.59669583 -120.47940577 -142.04703738 -68.52308084 -45.60212579 -120.48070164 -142.04577317 -68.52167389 -28.84369886 -58.10820441 -63.94747278 -37.56881420
-28.80876787 -57.98732336 -63.74813812 -37.40754915 -45.50550490 -120.20188503 -141.48127635 -68.26889352 -45.51084439 -120.20315359 -141.48002468 -68.26746742 -28.81822467 -57.98825934 -63.74746331 -37.39903418
-28.78338910 -57.86380476 -63.24846257 -37.22581455 -45.41626735 -119.92257791 -140.92759294 -67.97998356 -45.42142214 -119.92384956 -140.92627323 -67.97895931 -28.79265330 -57.86463523 -63.24786909 -37.21839325
-28.81830493 -57.40106702 -63.02568977 -37.03239397 -45.34496958 -119.71207302 -133.27844562 -63.42151194 -45.34998811 -119.71328774 -133.27783301 -63.42091768 -28.82724387 -57.40174160 -63.02510653 -37.02524624
-29.02024324 -57.19894331 -62.80386683 -36.80617375 -37.80692590 -119.50390381 -133.89937064 -63.95925012 -37.80639174 -119.50507101 -133.89816979 -63.95916819 -29.02897091 -57.19876302 -62.80327653 -36.79983948
-29.00091097 -56.96529074 -62.29813805 -36.61711316 -38.15891387 -119.23016372 -133.45321511 -63.85695426 -38.16463253 -119.23126862 -133.45206243 -63.85614969 -29.00928100 -56.96507651 -62.29762368 -36.61099464
-28.97735103 -56.44932972 -62.08294308 -36.42583989 -38.84075994 -118.94985790 -133.01167268 -63.61578286 -38.84732140 -118.95094375 -133.01047958 -63.61484743 -28.98541391 -56.44903155 -62.08242584 -36.41988506
-28.96476706 -56.20813660 -61.85013168 -36.25154748 -39.58705598 -117.88347132 -132.71337175 -59.24315309 -39.59355990 -117.88453676 -132.71233072 -59.24147705 -28.97296713 -56.20777253 -61.84966970 -36.24589556
-28.92121775 -55.98390855 -61.63286421 -36.07013572 -39.86021260 -117.66766980 -132.27783502 -59.73555027 -39.86603507 -117.66880403 -132.27684083 -59.73424682 -28.92928612 -55.98354321 -61.63249354 -36.06554868
-28.92305718 -55.72796609 -61.38418946 -35.82754077 -39.92777547 -117.51043629 -125.24573860 -59.56115918 -39.93341080 -117.51145269 -125.24521891 -59.55920570 -28.93068773 -55.72755808 -61.38389024 -35.82317384
-28.88179137 -55.50122361 -61.16510738 -35.62754539 -39.97936874 -116.87732234 -125.39866088 -59.40158018 -39.98489864 -116.87831857 -125.39781677 -59.39957692 -28.88931301 -55.50074386 -61.16484155 -35.62335788
-28.83282345 -55.27790657 -60.95343668 -31.47008189 -40.01916060 -116.60273450 -125.07543005 -59.33302748 -40.02434031 -116.60373103 -125.07463860 -59.33124116 -28.84021513 -55.27752317 -60.95335108 -31.47136362
-28.78507603 -55.05547184 -60.73630951 -31.72057604 -40.05875487 -116.32879633 -124.74180089 -59.17304697 -40.06379792 -116.32977541 -124.74104214 -59.17126346 -28.79236630 -55.05504358 -60.73628229 -31.72272733
-28.73755080 -54.83327781 -60.51938074 -31.81629360 -40.09769285 -116.05340643 -124.40699719 -59.01134835 -40.10253934 -116.05438055 -124.40630233 -59.00960157 -28.74475015 -54.83285501 -60.51946087 -31.81954847
-28.69258245 -54.61028972 -60.30163159 -31.85931935 -40.14456737 -115.41339825 -124.07996276 -58.84825894 -40.14924933 -115.41429121 -124.07929982 -58.84652882 -28.69967208 -54.60982934 -60.30177964 -31.86430714
-28.83062196 -54.35713055 -60.05582168 -31.91425153 -34.48025085 -115.09196955 -123.69031219 -58.65118649 -34.48164164 -115.09285510 -123.68969861 -58.64941812 -28.83759799 -54.35661534 -60.05604040 -31.92090499
-28.80223492 -54.13499779 -59.83817329 -28.36344233 -34.88519883 -114.83040112 -123.36573434 -58.53152317 -34.88552086 -114.83134684 -123.36529811 -58.53018487 -28.80908134 -54.13481905 -59.83884096 -28.37523044
-28.77049637 -53.91844705 -59.62437718 -28.93083441 -35.22914775 -114.56960052 -123.03347483 -58.36765784 -35.22925702 -114.57045512 -123.03297018 -58.36641679 -28.77716709 -53.91808555 -59.62498958 -28.93489292
-28.75562437 -53.69801973 -59.40719281 -29.01201135 -35.07188261 -114.30259785 -122.69272711 -58.19485097 -35.07269100 -114.30322857 -122.69204420 -58.19369946 -28.76240285 -53.69724020 -59.40751096 -29.01476712
-28.72496312 -53.48029007 -59.19192654 -29.10038077 -35.11869148 -114.02144157 -122.35502931 -58.02139141 -35.12029931 -114.02228394 -122.35459324 -58.02049048 -28.73030399 -53.47944204 -59.19229781 -29.10407650
-28.68704365 -53.26429144 -58.97781443 -29.16549897 -35.20487592 -113.73280534 -122.01860414 -57.84660435 -35.20696719 -113.73378317 -122.01840388 -57.84593124 -28.69052910 -53.26332740 -58.97819986 -29.17003471
-28.64667224 -53.04796723 -58.76383562 -29.07879500 -35.24826564 -113.43110211 -121.67868622 -57.66563694 -35.25302465 -113.43183372 -121.67850103 -57.66503906 -28.64825000 -53.04652098 -58.76386838 -29.07981104
-28.60295850 -52.82983432 -58.35976130 -28.94677089 -35.26426758 -113.10897302 -121.34059981 -57.48181329 -35.27087132 -113.10903225 -121.34065888 -57.48142463 -28.60284731 -52.82822381 -58.35968340 -28.94790404
-28.55812150 -52.61211289 -57.96019210 -28.80669670 -35.29402659 -112.72129830 -121.02711616 -56.17528542 -35.30290503 -112.71888132 -121.02738439 -56.17340441 -28.55593742 -52.61030115 -57.95995311 -28.80802928
-28.51846477 -52.39096199 -57.76096852 -28.66787567 -35.33539440 -112.09440037 -118.57179410 -56.28455609 -35.34723798 -112.08533258 -118.56995169 -56.28336166 -28.51438387 -52.38893297 -57.76073760 -28.66920966
-28.47416864 -52.17383101 -57.54146750 -28.52805561 -35.38212161 -111.16806662 -117.67655599 -56.26568660 -35.39718373 -111.16620744 -117.67479543 -56.26548438 -28.46791998 -52.17178167 -57.54120155 -28.52940557
-28.44546043 -51.54073035 -57.12260867 -28.38390670 -35.23815229 -110.68583387 -117.03424239 -56.08676787 -35.25499963 -110.68264065 -117.03077695 -56.08753687 -28.43801876 -51.53840431 -57.12227122 -28.38533845
-28.39845772 -51.35861617 -56.90840678 -28.23132773 -35.29386236 -110.13612925 -115.47579508 -55.59771202 -35.31185463 -110.13062989 -115.46935443 -55.59838487 -28.38996574 -51.35618152 -56.90793201 -28.23285507
-28.35422450 -51.15724732 -56.65610485 -26.93967442 -35.33832490 -109.44589228 -112.17445817 -54.54744286 -35.38461653 -109.38338297 -112.09523674 -54.52802020 -28.34232207 -51.12880428 -56.62799986 -26.94320885
-28.32770222 -50.72751164 -56.37461165 -26.78904639 -35.41639717 -108.22891698 -105.77404166 -53.81332865 -35.44120379 -108.19570059 -105.77873884 -53.82688054 -28.31647579 -50.72052530 -56.36940020 -26.79356630
-28.30172827 -50.49550162 -55.89070144 -26.41781822 -35.28465686 -103.19601064 -104.59420058 -52.62311766 -35.31076137 -103.15907207 -104.64510216 -52.62550032 -28.28730815 -50.49068085 -55.88463279 -26.40399009
-28.25160455 -50.28762182 -55.67016151 -26.74814895 -35.33914437 -101.09412431 -104.27675806 -52.95852737 -35.36693464 -101.04844441 -104.27368564 -52.94049452 -28.23470906 -50.28335612 -55.66679730 -26.73441103
-28.24468937 -50.03579802 -55.40671872 -26.71731275 -35.42615529 -87.65820847 -104.34377197 -53.45072079 -35.45647697 -87.66080998 -104.31323934 -53.43225004 -28.22487627 -50.03121192 -55.40280941 -26.71431168
-28.19961587 -49.63634909 -55.16102338 -26.55671733 -35.47321530 -88.66252276 -102.97393454 -52.94821527 -35.50469612 -88.66748465 -102.87257712 -52.94303317 -28.17836131 -49.63128046 -55.15582577 -26.55261244
-28.16242934 -49.41588841 -54.88646617 -26.39060527 -35.52875362 -89.69978926 -97.31905669 -51.98028713 -35.55844521 -89.69462081 -97.32474594 -51.97179000 -28.14039745 -49.41205112 -54.88298801 -26.38715554
-28.10151142 -49.22091820 -54.65442553 -26.22672205 -35.49834759 -90.61632483 -98.04777674 -51.02032072 -35.54169960 -90.59625022 -98.10035360 -51.01940534 -28.07815150 -49.21689220 -54.65083108 -26.22271454
-28.05679557 -49.00688737 -54.41834621 -26.07685748 -35.46103899 -87.28144367 -99.68924351 -51.01375539 -35.50914631 -87.19454188 -99.74435383 -51.02714345 -28.03005404 -49.00178647 -54.41342071 -26.07127626
-28.06299572 -48.73655465 -54.14011576 -25.93442033 -35.48351836 -72.54016804 -100.28482620 -51.14144132 -35.53442224 -72.64111196 -100.33683520 -51.15452845 -28.03016743 -48.73231524 -54.13466828 -25.92663604
-27.99300258 -48.55297439 -53.92337451 -25.79062192 -35.39611692 -73.90937174 -101.15726964 -51.08314458 -35.44645602 -74.00715678 -101.20790691 -51.08183197 -27.96025665 -48.54872200 -53.91791291 -25.78282414
-27.94816548 -48.33842155 -53.65363024 -25.65068581 -35.30733924 -75.34195172 -92.28790877 -50.83253317 -35.35398400 -75.43682014 -92.33249789 -50.83120385 -27.91751271 -48.33401437 -53.64789609 -25.64308144
-27.87755111 -48.15584229 -53.43248537 -25.50207444 -35.22013369 -76.62748264 -93.87426742 -50.43992072 -35.26627779 -76.71888850 -93.89470075 -50.43868701 -27.84693137 -48.15147996 -53.42660974 -25.49423793
-27.81052835 -47.97072579 -53.20944207 -25.35842066 -35.13335530 -77.90790430 -94.47942427 -50.23445803 -35.17966178 -77.99699451 -94.46812151 -50.23301467 -27.77985873 -47.96544845 -53.20226565 -25.34967466
-27.74718093 -47.78261906 -52.98051522 -25.21521564 -35.04813827 -78.39381154 -94.76657702 -50.02598512 -35.09412788 -78.40016637 -94.75446381 -50.02433209 -27.71656525 -47.77672331 -52.97233712 -25.20584678
-27.68598463 -47.59244059 -52.74623400 -25.07224243 -34.96399853 -78.27205540 -94.83709941 -49.81472675 -35.00888442 -78.27783721 -94.82193709 -49.81297605 -27.65571310 -47.58626569 -52.73736064 -25.06242130
-27.64917180 -47.36625603 -52.44788642 -24.93664326 -34.87686208 -78.09634342 -86.04580785 -49.57633811 -34.91729171 -78.10140087 -86.04256376 -49.57458599 -27.62117043 -47.35982777 -52.43847653 -24.92706723
-27.58578315 -47.17918777 -52.21260089 -24.79291422 -34.79291899 -77.97231810 -86.58084670 -49.36706607 -34.83252302 -77.97666826 -86.57618223 -49.36512012 -27.55787341 -47.17245216 -52.20224054 -24.78272194
-27.52276162 -46.99166863 -51.97175999 -24.64844822 -34.70886351 -77.84442444 -86.94373196 -49.15600043 -34.74749664 -77.84805135 -86.93591198 -49.15390138 -27.49504549 -46.98458308 -51.96035653 -24.63764961
-27.45977714 -46.80420972 -51.72639645 -24.50315609 -34.62485025 -77.71409381 -87.28874192 -48.94474186 -34.66248742 -77.71693861 -87.27874757 -48.94247442 -27.43225228 -46.79672447 -51.71380148 -24.49168452
-27.39852099 -46.61481969 -51.47784003 -24.35885271 -34.54092663 -77.58093447 -86.99252898 -48.73616696 -34.57744513 -77.58285087 -86.98421972 -48.73361946 -27.37123866 -46.60675008 -51.46364404 -24.34656444
-27.33735032 -46.42438603 -51.21826306 -24.21313339 -34.45577088 -77.43939630 -86.47589321 -48.52233099 -34.49106805 -77.43984474 -86.41477245 -48.51914541 -27.31036074 -46.41533325 -51.20128906 -24.19963251
-27.29153078 -46.26485782 -50.98638491 -24.10413114 -34.33203951 -77.28916942 -85.19671272 -48.30224544 -34.46401943 -77.26606265 -84.97061733 -48.27568432 -24.85841200 -46.10164264 -50.84287645 -24.01689791
-24.87782376 -45.93203605 -50.56033767 -23.92839251 -34.30055861 -77.05447413 -77.12880697 -48.02773926 -34.33573202 -77.05581886 -77.01874254 -48.02286764 -25.19745320 -45.91193401 -50.53243793 -23.91688898
-25.18529675 -45.64881572 -49.13809783 -23.78451393 -34.20501576 -76.73277037 -58.38585166 -47.71271157 -34.22610450 -76.73275389 -58.43848812 -47.70819767 -25.23239575 -45.61788910 -49.09922995 -23.77286824
-25.14903296 -45.43271753 -48.91230747 -23.53377144 -34.10617198 -76.56472450 -59.21981523 -47.49888247 -34.11459836 -76.56437180 -59.27038431 -47.49462276 -25.17357294 -45.40114481 -48.87245602 -23.52453719
-25.06221533 -45.11091652 -42.09473462 -23.31881700 -33.95542373 -76.36572008 -60.08022657 -47.26762180 -33.95012610 -76.36686788 -60.12729093 -47.26514965 -25.22464515 -45.08804193 -42.07042373 -23.31497436
-22.97954840 -44.83951639 -41.97350239 -22.98463738 -33.68379320 -76.15645039 -60.94025740 -47.03790000 -33.66493343 -76.15833934 -60.98915591 -47.03554407 -23.14004975 -44.81723186 -41.95327284 -22.98287564
-23.54447575 -44.61273006 -41.84294334 -22.84179677 -33.44877574 -75.95920681 -61.71827863 -46.83233391 -33.41551919 -75.95995133 -61.76719041 -46.82978593 -23.68858754 -44.58831014 -41.82167082 -22.83903759
-24.01043544 -44.39142538 -41.97147685 -22.70194369 -33.17489277 -75.75170060 -62.48126680 -46.62791109 -33.14081627 -75.75344938 -62.53897213 -46.62545629 -23.97072112 -44.37671620 -41.99767111 -22.70175665
-24.10168246 -44.15507312 -42.22553002 -22.56887070 -32.34043927 -74.42122060 -63.27630780 -46.42171367 -31.93118237 -74.41015882 -63.32333145 -46.42099501 -24.05838745 -44.14607061 -42.24289457 -22.57269020
-24.12122350 -43.94343272 -42.46142695 -22.43206935 -32.01823233 -74.46523663 -64.05303879 -46.21955882 -32.08041963 -74.46739175 -64.10364508 -46.21795930 -24.09349641 -43.93267915 -42.48345610 -22.43487755
-24.09464245 -43.74050375 -42.69803789 -22.29330312 -31.94393621 -74.24006884 -64.82240292 -46.01666487 -31.96712093 -74.24224657 -64.87106652 -46.01569879 -24.09184741 -43.72983793 -42.71640525 -22.29751513
-24.03443140 -43.53634628 -42.79944178 -22.15654425 -31.83034718 -73.66739790 -65.55608820 -45.81338067 -31.84895794 -73.66981091 -65.60402024 -45.81327448 -24.03197405 -43.52736761 -42.80372315 -22.16241546
-23.97489093 -43.34287884 -42.68943974 -21.92227628 -31.71546934 -73.40895447 -66.27166243 -45.60303990 -31.73049894 -73.41045833 -66.31814014 -45.60294302 -23.97221395 -43.33341796 -42.69367252 -21.92802518
-23.91217547 -43.13785728 -42.58929100 -21.78687325 -31.58074580 -72.75265683 -66.94972708 -45.39864829 -31.59097954 -72.75392792 -66.99527989 -45.39846535 -23.90913463 -43.12762061 -42.59250346 -21.79222759
-23.84993204 -42.93825091 -42.49038925 -21.64933610 -31.43544214 -72.46891702 -67.61558981 -45.19448141 -31.43992371 -72.46929939 -67.66023846 -45.19423933 -23.84651143 -42.92746625 -42.49326738 -21.65457074
-23.78619757 -42.73525818 -42.39042560 -21.51076392 -31.29028253 -72.16718070 -68.24843853 -44.98969981 -31.28839278 -72.16634604 -68.29140365 -44.98938099 -23.78239450 -42.72355716 -42.39101525 -21.51559277
-23.71991908 -42.50915129 -41.98875210 -21.35917530 -31.11604501 -71.83825192 -68.82658310 -44.78098727 -31.10633627 -71.83799003 -68.86696502 -44.78080273 -23.71573056 -42.49710389 -41.99147465 -21.36408886
-23.65303010 -42.29660731 -41.90698274 -21.21529215 -30.92276059 -71.52168793 -69.36763008 -44.57340959 -30.90464432 -71.52091456 -69.40617660 -44.57312453 -23.64825017 -42.28366080 -41.90942515 -21.21991343
