0.00000000 0.00000000 0.00000000 0.00000000 0.00000000 0.00000000 0.00000000 0.00000000 0.00000000 0.00000000 0.00000000 0.00000000 0.00000000 0.00000000 0.00000000 0.00000000
2.44296975 4.03703420 4.57789114 2.60253259 -4.66883894 -10.25895976 -11.75550243 -19.45634393 -24.14692131 -1.17813121 1.28504198 -11.98071871 -11.03296904 -7.86835091 -8.08044234 -19.35566274
1.53482020 2.01915499 2.64399781 1.72184788 -17.33643724 -16.26223991 -17.37694452 -30.93580574 -31.72288457 -7.19820419 -4.43750139 -20.82805605 -17.18044183 -9.90436087 -10.02449009 -29.70188013
0.62499334 -0.01222255 0.71039652 0.82629589 -28.92909353 -21.83016293 -22.94940592 -41.59363190 -39.01270967 -13.05792615 -10.13144399 -29.30374470 -23.26006464 -11.96224517 -11.98068643 -39.64272837
-0.26203744 -2.01212092 -1.19860006 -0.05568072 -40.05725522 -27.36815816 -28.45149966 -51.77641558 -45.92575168 -18.85320010 -15.74305667 -37.41587206 -29.15223528 -14.00638826 -13.92580409 -49.12543852
-1.09924923 -4.02166803 -3.11942004 -0.90012229 -50.87676919 -32.46326026 -33.63522263 -61.51622525 -52.45869903 -24.64821023 -21.37708379 -45.21772472 -34.95437163 -16.07990935 -15.89479846 -58.25540406
-1.84502559 -5.61552385 -5.05559977 -1.67704465 -61.26452675 -37.02348916 -38.26380931 -70.82691955 -58.81178452 -30.12671733 -26.96330717 -52.71838715 -40.75187448 -18.13001462 -17.87295434 -67.08671162
-2.47451930 -7.25482609 -6.80872199 -2.34155835 -70.95526132 -41.23333736 -42.50811533 -79.76808671 -65.12386714 -35.24031776 -32.15683458 -59.91360861 -46.59406510 -20.13938494 -19.81898728 -75.66293769
-2.88920962 -8.94372723 -8.61498741 -2.78091283 -79.98539327 -45.16003578 -46.59175272 -88.33310932 -71.38932476 -39.73630640 -37.00808403 -66.71186966 -52.44398298 -21.98771877 -21.69806888 -83.94299370
-3.19590195 -10.59557213 -10.40570598 -3.11122240 -88.45077659 -49.00662794 -50.26995357 -96.54062142 -77.48189118 -44.12466377 -41.24718345 -73.12600350 -58.23622510 -23.81837121 -23.52043447 -91.90725139
-3.45935995 -12.21028222 -12.11981261 -3.38479834 -96.38428098 -52.53847265 -53.89635036 -104.33681008 -83.35487598 -48.12512845 -45.46654065 -79.10036785 -63.88685511 -25.54414957 -25.26448111 -99.45519369
-3.69486440 -13.74248377 -13.78263564 -3.62956813 -103.83831400 -55.91818672 -57.36291298 -111.71805098 -88.96073206 -52.16167067 -49.18290806 -84.66764381 -69.38225876 -27.25251021 -26.97368094 -106.58753458
-3.92662838 -15.17652652 -15.35285554 -3.86866250 -110.89046659 -59.34020337 -60.51085974 -118.68567533 -94.32018441 -55.86211585 -52.90456572 -89.72579236 -74.72694723 -28.90867620 -28.67476610 -113.22694367
-4.15939353 -16.56621872 -16.87786936 -4.11503415 -117.45280861 -62.62164774 -63.67459003 -125.21935211 -99.45026675 -59.41706066 -56.62169317 -94.37914556 -79.88891724 -30.48457057 -30.27943901 -119.39210073
-4.38875677 -17.86027751 -18.33123765 -4.36203656 -123.51000086 -65.66510096 -66.76928261 -131.33138438 -104.30296456 -62.99738744 -59.98485494 -98.62315795 -84.83046600 -32.04841731 -31.87274944 -125.08591208
-4.62057269 -19.09363842 -19.72729825 -4.61543857 -129.08389862 -68.65992104 -69.85565001 -137.00585517 -108.88921213 -66.52208064 -63.28327845 -102.46043335 -89.56972962 -33.59056322 -33.46033385 -130.27812378
-4.85957199 -20.32623906 -21.12986859 -4.87583824 -134.17540620 -71.57299957 -72.75130148 -142.23365033 -113.24042940 -69.97641558 -66.57084963 -105.87646403 -94.13239401 -35.10800066 -35.03861849 -134.96849162
-5.10184048 -21.52213123 -22.51047924 -5.15081076 -138.77747571 -74.50821166 -75.50620631 -147.01559212 -117.36215110 -73.23011635 -69.86375775 -108.87354044 -98.53005894 -36.56728452 -36.58879029 -139.14339630
-5.33899780 -22.65691027 -23.83360039 -5.42609545 -142.86166763 -77.44891587 -78.20919309 -151.32829956 -121.28799447 -76.43645968 -73.10840587 -111.42115565 -102.75298628 -37.99908135 -38.08990769 -142.77782225
-5.57779285 -23.78561789 -25.15501932 -5.70940018 -146.40793796 -80.27244930 -80.93775836 -155.14531424 -125.01400148 -79.55076934 -76.28477545 -113.51617427 -106.78972713 -39.41043112 -39.57397680 -145.84049897
-5.82206168 -24.89540357 -26.45541790 -6.00794780 -149.31987922 -83.00064058 -83.65167469 -158.43303285 -128.54137745 -82.62665828 -79.22710669 -115.13026363 -110.54584980 -40.79034496 -41.03222133 -148.31730733
-6.07159891 -25.97792768 -27.72587623 -6.32354682 -151.42185819 -85.69292445 -86.28775680 -161.25239193 -131.85063007 -85.68761973 -82.13472070 -115.40846019 -113.88668051 -42.13816776 -42.46688116 -150.21087566
-6.34206571 -27.09031962 -29.02058629 -6.67677404 -153.05327683 -88.13297257 -88.86751355 -163.58608199 -134.94974098 -88.59470505 -85.03544039 -114.65682076 -117.10105099 -43.50222246 -43.91961323 -151.54618418
-6.61659992 -27.95825678 -30.05572018 -7.03588045 -153.84712657 -89.95337023 -91.06487556 -165.10968549 -137.12759122 -90.90611979 -87.43715362 -113.93485328 -119.72123476 -44.71365300 -45.18061848 -151.79377672
-6.90925533 -28.66346142 -31.15794471 -7.48052378 -154.75726262 -91.77206405 -93.46813963 -164.84241172 -138.91509491 -93.37901709 -90.11805785 -113.22488589 -122.09273523 -45.97657553 -46.52986674 -149.70994211
-7.28361826 -29.32541122 -32.37356995 -7.97906523 -152.25665859 -93.80590654 -96.11063447 -163.32773430 -140.63506372 -96.19886709 -93.08774750 -112.50430381 -124.88204544 -47.30709748 -47.85223229 -147.52320899
-7.64031322 -29.89899375 -33.50908041 -8.45947044 -149.47799004 -95.71075277 -98.55716141 -161.83525526 -142.22934171 -98.85826328 -95.87402890 -111.77901523 -127.51275012 -48.51419483 -49.10884330 -145.38031112
-7.98610979 -30.47073028 -34.68906206 -8.95994533 -146.73667478 -97.57893260 -100.50241389 -160.18905499 -143.66032095 -101.48913512 -98.39492282 -110.97897629 -130.01281752 -49.70743415 -50.37335857 -143.19897598
-8.36797177 -31.15900951 -35.97009962 -9.49267361 -143.78093671 -98.70815951 -102.42463292 -158.40233144 -144.94086241 -103.58998191 -101.05418715 -110.11664904 -132.51572982 -50.95542845 -51.70838279 -140.94258095
-8.78071931 -31.96719409 -37.35197659 -10.06196453 -140.63286957 -99.47460403 -104.14264649 -156.57399592 -146.12806229 -105.48649461 -103.20200842 -109.24709798 -135.03966462 -52.28124491 -53.11471514 -138.57889850
-9.19862108 -32.78908637 -38.75043673 -10.63349064 -137.48249160 -100.23611485 -105.85646034 -154.73611333 -147.27784177 -107.29607334 -105.28974363 -108.36366990 -137.52472185 -53.60083212 -54.52005652 -136.17188863
-9.64156751 -33.67826482 -40.21741784 -11.22216981 -134.26877059 -101.05271100 -107.64331625 -152.87175951 -148.41933712 -108.19096458 -107.45911370 -107.46395979 -140.02973564 -54.94924917 -55.96081926 -133.70708034
-10.08612175 -34.54662501 -41.34878144 -11.80761448 -131.06423502 -101.85308905 -109.34492522 -150.97725334 -149.51238310 -108.89324619 -109.29238938 -106.52626352 -142.45744026 -56.30032823 -57.42318426 -131.15979395
-10.54308107 -35.43544211 -42.32125407 -12.41288550 -127.85284841 -102.59922682 -110.28709093 -148.94957004 -150.51383588 -109.57008501 -111.10560080 -105.47213911 -144.78033517 -57.66342747 -58.92024775 -128.32906535
-11.01292381 -36.36730872 -43.34667845 -13.03884856 -124.61273636 -103.36864401 -110.78809258 -146.68457842 -151.46499629 -110.27849612 -112.99889467 -104.34541738 -146.88547597 -59.02185148 -60.44477909 -125.42048892
-11.48787086 -37.26535124 -44.34815644 -13.64955054 -121.40972292 -104.11450593 -111.28943952 -144.34340211 -152.38080926 -110.85467906 -114.84639393 -103.21302261 -148.91539562 -60.33227286 -61.94217885 -122.51978506
-11.97699726 -38.22886601 -45.42919547 -14.18703849 -118.14142180 -104.92124722 -111.89640849 -141.61891167 -153.28832141 -111.16939137 -115.84530792 -101.93654077 -150.93021971 -61.57082350 -63.48186735 -119.52214862
-12.47386351 -39.18993219 -46.48118396 -14.61651978 -114.86012996 -105.74653727 -112.50578982 -138.81249084 -154.02770534 -111.45471670 -116.60309013 -100.24944049 -152.81282418 -62.81273274 -65.02982829 -116.48819874
-12.86378789 -40.19722950 -47.45123536 -14.96611384 -112.08594180 -106.64498664 -113.14504754 -135.91841573 -154.16060988 -111.77069773 -117.27189227 -98.16418184 -154.44008283 -64.08033110 -66.60683776 -113.40138619
-13.14781932 -41.12607754 -48.35429740 -15.21162500 -109.54668737 -107.36370148 -113.72718929 -133.07346215 -154.01832848 -112.00602544 -117.83690930 -96.09913310 -155.87797438 -65.30111536 -68.11494412 -110.36355351
-13.30040543 -42.00345327 -49.24661359 -15.44807102 -106.63958105 -107.78454835 -114.28947991 -130.24523742 -153.80562263 -112.28435770 -118.39411933 -94.05258424 -156.81366557 -66.52966947 -69.61336600 -107.34788464
-13.46671836 -42.89823324 -50.14466487 -15.68028172 -103.40172672 -108.16742151 -114.56266352 -127.39525419 -153.42585780 -112.53334231 -118.96993150 -92.00390848 -157.23637858 -67.77343352 -71.11664368 -104.33009034
-13.62395572 -43.75004599 -50.99990801 -15.90739911 -100.19232815 -108.49414182 -114.68880830 -124.37481441 -152.92270483 -112.72656549 -119.36553614 -89.93893222 -157.49518061 -68.95572147 -72.09524587 -101.28400869
-13.77348257 -44.55623190 -51.81508019 -16.12817624 -96.97545787 -108.78001842 -114.77017195 -121.28164917 -152.32483816 -112.90059271 -119.42036109 -87.75477884 -157.58701565 -69.98954342 -72.89270097 -98.21931554
-13.92231291 -45.32910511 -52.59243601 -16.33884459 -93.68093045 -109.03466485 -114.85024409 -118.20579846 -151.48315681 -113.07196194 -119.42260012 -85.50790897 -157.36988764 -70.61201363 -73.61042808 -95.16792504
-14.08845608 -46.17762640 -53.42976003 -16.56037977 -90.19069203 -109.35091185 -114.98066089 -115.09958224 -150.35833969 -113.31533131 -119.46597082 -83.22512628 -156.88336477 -71.02765150 -74.37544132 -92.06162791
-14.27135810 -46.80221124 -54.31714345 -16.79556484 -86.58259156 -109.71268551 -115.15328355 -111.93406255 -149.15807645 -113.59419064 -119.55604407 -80.91306836 -156.31708967 -71.23099122 -75.03637240 -88.88733766
-14.48305099 -47.35646583 -55.03662258 -17.06453905 -82.76910011 -110.09338344 -115.42571168 -108.62194791 -147.83550903 -113.98202112 -119.75542277 -78.51099382 -155.66110190 -71.34177860 -75.55092945 -85.41556416
-14.73455169 -47.70330862 -55.50272212 -17.36714204 -78.70296915 -110.43437540 -115.81016338 -105.16758199 -146.32337907 -114.49923999 -120.07880640 -76.02028582 -154.81730829 -71.50528174 -75.82916009 -81.69802456
-14.99472767 -47.92397272 -55.74256632 -17.67888288 -74.55365513 -110.79751506 -116.22267194 -101.66841421 -144.75924219 -115.05282124 -120.45497855 -73.49787594 -153.87592631 -71.67861141 -76.03195928 -77.93064078
-15.25480570 -48.13125946 -55.96699356 -17.98914085 -70.38210857 -111.16182834 -116.63132531 -98.15351641 -143.16054868 -115.61065283 -120.84235618 -70.96322331 -152.87542697 -71.84380929 -76.22906566 -74.14216887
-15.52479296 -48.34938662 -56.19965679 -18.30670330 -66.12434135 -111.56358200 -117.07200078 -94.58679720 -141.50685823 -116.08892428 -121.26750890 -68.39475690 -151.74601718 -72.02471641 -76.43065760 -70.27998513
-15.76876663 -48.47842924 -56.34123340 -18.58766638 -61.99552116 -111.82906434 -117.40401564 -91.13202409 -139.89740768 -116.35720848 -121.57848743 -65.90859922 -150.52368718 -72.16610405 -76.56618005 -66.56123872
-16.00778656 -48.59404440 -56.46221399 -18.85950635 -57.88424563 -112.06640462 -117.71531810 -87.68485357 -138.26602289 -116.60525428 -121.87037993 -63.42825324 -149.26068772 -72.28831601 -76.69316179 -62.85617626
-16.14236644 -48.48454781 -56.36542060 -19.04720584 -54.77867551 -111.94585106 -117.72961198 -84.50317730 -137.81356709 -116.46192774 -121.84506615 -61.10302881 -148.83115925 -72.26537585 -76.66584610 -59.49313419
-16.23669926 -48.28269770 -56.17967091 -19.20042610 -52.04425965 -111.69164617 -117.62580206 -81.42615487 -137.77329369 -116.16804670 -121.69019641 -58.83840760 -148.68751030 -72.18639555 -76.58057155 -56.26711362
-16.31673349 -48.04032763 -55.95255907 -19.33450154 -49.38511649 -111.36605064 -117.46900463 -78.40383526 -137.71752598 -115.81738360 -121.48004358 -56.60600608 -148.51738496 -72.07970859 -76.50085579 -53.11550550
-16.39086520 -47.78147194 -55.70991863 -19.45879043 -46.75584809 -111.00705394 -117.30295307 -75.40318326 -137.65055201 -115.43989277 -121.26679723 -54.38661772 -148.33267975 -71.96227434 -76.40597346 -49.99462288
-16.41070227 -47.33822701 -55.27459069 -19.48563952 -44.44601674 -110.37829456 -116.85016150 -72.72794317 -137.54308482 -114.72615245 -120.74818534 -53.81944544 -148.07104988 -71.74437169 -76.18964379 -47.33915006
-16.41415401 -46.84102776 -54.78981068 -19.48793390 -42.22123579 -109.67445746 -116.32422609 -70.12009888 -137.41141186 -113.92402811 -120.14713242 -53.63806206 -147.77406490 -71.50117798 -75.94073009 -44.80864489
-16.48059641 -46.51335315 -54.49155219 -19.56042539 -39.64162850 -109.23669832 -116.07309839 -67.19054361 -137.33333339 -113.42323739 -119.82691797 -53.65138016 -147.56241141 -71.34712248 -75.80300287 -41.93215581
-16.56569823 -46.24025448 -54.24990101 -19.65174992 -36.94001295 -108.88581786 -115.90329661 -64.16254619 -137.25011039 -113.02357954 -119.59338808 -53.71926088 -147.35388833 -71.22036147 -75.70103941 -38.94734782
-16.63924570 -45.96229779 -53.97375431 -19.72609175 -34.30327144 -108.48330129 -115.68423379 -61.18246414 -137.15501395 -112.57410177 -119.30961632 -53.75722886 -147.12629102 -71.07361849 -75.57390972 -36.03045357
-16.70855478 -45.67250664 -53.68225416 -19.79131832 -31.69766762 -108.05710143 -115.44116408 -58.22442011 -137.05198846 -112.10468699 -119.00337093 -53.78259412 -146.88688356 -70.91420547 -75.43518142 -33.14140335
-16.76502404 -45.36027412 -53.37149014 -19.83778216 -29.17430096 -107.56814282 -115.13888226 -55.31729863 -136.94004363 -111.57379826 -118.63639518 -53.77558310 -146.62720330 -70.73306420 -75.27103608 -30.33012171
-16.82550588 -45.08078935 -53.09497572 -19.82920034 -26.62484284 -107.03229117 -114.79177780 -53.29698288 -136.82468369 -110.99866606 -118.23048981 -53.72546577 -146.34163221 -70.54254427 -75.08907864 -28.68039622
-16.95069041 -44.92003299 -52.97445302 -19.80473257 -23.71212839 -106.66878443 -114.60059143 -53.20886267 -136.72660808 -110.61895242 -118.00623244 -53.65745046 -146.08714534 -70.41965750 -74.98565907 -28.66510001
-17.09843009 -44.92423400 -52.98133113 -19.80988733 -20.49096009 -106.55861810 -114.60514595 -53.19342620 -136.77583793 -110.52734301 -117.99690864 -53.66565304 -145.94754362 -70.38873620 -74.97336556 -28.68355647
-17.25110860 -44.97335019 -53.02289285 -19.82608009 -17.16815630 -106.52218871 -114.65955889 -53.19746544 -136.86134643 -110.52091116 -118.04598719 -53.65753509 -145.80926137 -70.38288464 -74.97846985 -28.70993149
-17.40806511 -45.03428948 -53.07308892 -19.84471757 -13.76015494 -106.50603782 -114.72027617 -53.20558630 -136.93255974 -110.54074137 -118.10896531 -53.64712895 -145.54858756 -70.38322157 -74.98963545 -28.73731549
-17.55609853 -45.08343243 -53.11437900 -19.86437998 -10.40769197 -106.47431515 -114.75595315 -53.20771623 -136.99551947 -110.53928797 -118.15735620 -53.63113119 -145.34276196 -70.37732827 -74.99409255 -28.76058851
-17.60335526 -45.03555779 -53.08084382 -19.86284245 -9.12542142 -106.29502361 -114.68089299 -53.17184417 -137.05167227 -110.37305277 -118.09035586 -53.57900296 -145.14065235 -70.31683208 -74.94532202 -28.76162143
-17.59327541 -44.92919531 -53.00140797 -19.84627414 -9.01488554 -106.03126741 -114.54212577 -53.11548474 -137.10506529 -110.11098407 -117.95527125 -53.50729746 -144.93454868 -70.22441491 -74.86481864 -28.74889976
-17.55551798 -44.81731573 -52.91696597 -19.82807883 -8.90603010 -105.76578496 -114.39699617 -53.06183289 -137.15537123 -109.84794131 -117.81379056 -53.43371347 -144.72759253 -70.13019524 -74.78150218 -28.73362148
-17.51754420 -44.70380150 -52.83118385 -19.80946511 -8.79872139 -105.49943842 -114.25046244 -53.00715876 -137.20276403 -109.58181524 -117.66956022 -53.35924233 -144.52057655 -70.03578141 -74.69758454 -28.71711129
-17.48890673 -44.64098813 -52.78260773 -19.80698871 -8.71380570 -105.34578197 -114.16683679 -52.97387178 -137.19744122 -109.43155029 -117.59086575 -53.30590961 -144.31299883 -69.97002817 -74.64156052 -28.70986949
-17.59028682 -44.96473832 -53.02349751 -19.89361083 -6.34794750 -105.78970021 -114.53694626 -53.08603775 -137.10670164 -110.02220627 -117.99543868 -53.39672352 -138.98168532 -70.12442594 -74.79855502 -28.78367971
-17.56280052 -44.91019189 -52.98030330 -19.85735951 -6.32230057 -105.65582103 -114.45545310 -53.05385860 -137.07809731 -109.87716967 -117.91821497 -53.34439197 -138.88802758 -70.06200645 -74.74393707 -28.77861447
-17.53510467 -44.85393845 -52.93703410 -19.82371582 -6.29497678 -105.52108402 -114.37187218 -53.02048964 -137.04598726 -109.69818318 -117.83896604 -53.29199212 -138.79035820 -69.99911649 -74.68858677 -28.77283319
-17.50694849 -44.79505718 -52.89218784 -19.79133078 -6.26638267 -105.38389262 -114.28977181 -52.98635381 -137.01142682 -109.51474405 -117.75471185 -53.23789189 -138.68957982 -69.93566252 -74.63319515 -28.76571553
-17.47751268 -44.73188326 -52.84209703 -19.75727659 -6.23651729 -105.24084308 -114.20490569 -52.94893481 -136.97538539 -109.32388297 -117.67052921 -53.18699057 -138.58593103 -69.87017146 -74.57490451 -28.75610817
-17.45141132 -44.66422560 -52.78926892 -19.72166019 -6.20571784 -105.09605503 -114.11527228 -52.90855450 -136.93703139 -109.13080186 -117.58023407 -53.13441459 -138.47884222 -69.80246283 -74.51429676 -28.74476596
-17.42597074 -44.59606183 -52.73643079 -19.68488854 -6.17433675 -104.94984985 -114.02392837 -52.86816722 -136.89709239 -108.91294116 -117.48774816 -53.08103582 -138.37029827 -69.73468036 -74.45391231 -28.73271270
-17.40027409 -44.52576636 -52.68346076 -19.64808678 -6.14200448 -104.80316607 -113.93154835 -52.82715294 -136.85652127 -108.68577269 -117.39366229 -53.02706546 -138.26066811 -69.66655036 -74.39319576 -28.71987529
-17.37549280 -44.45460440 -52.62979221 -19.61085340 -6.10891187 -104.65539097 -113.83761707 -52.78533023 -136.81324318 -108.45593845 -117.29725393 -52.97255537 -138.14860696 -69.59771454 -74.33184843 -28.70619944
-17.35190057 -44.38176146 -52.57435152 -19.57241357 -6.07532930 -104.50287404 -113.73835833 -52.74097693 -136.76670908 -108.21957354 -117.19446898 -52.91586085 -138.03368163 -69.52708618 -74.26853443 -28.69466873
-17.32795675 -44.30796270 -52.51866264 -19.53395376 -6.04060021 -104.34998084 -113.63810293 -52.69639216 -136.71992717 -107.98162624 -117.09016902 -52.85860895 -137.91107214 -69.45609042 -74.20504620 -28.67991012
-17.30387353 -44.23339703 -52.46272715 -19.49570590 -6.00467163 -104.19697904 -113.53733308 -52.65227951 -136.67332327 -107.74242016 -116.98526642 -52.80119270 -137.77442948 -69.38499752 -74.14140068 -28.64897766
-17.27923362 -44.15553739 -52.40371813 -19.45710530 -5.96758400 -104.04131711 -113.43425675 -52.60726308 -136.62638034 -107.49954057 -116.87728986 -52.74290887 -137.63982047 -69.31301591 -74.07681030 -28.61494330
-17.25732647 -44.07524242 -52.34332398 -19.41838296 -5.92938013 -103.88416056 -113.32953425 -52.56137834 -136.57993629 -107.25432563 -116.76677571 -52.68402456 -137.50524332 -69.24011083 -74.01192124 -28.56223968
-17.23727260 -43.99294794 -52.28161492 -19.37931276 -5.89018684 -103.72486714 -113.22261706 -52.51449448 -136.53380522 -107.00615299 -116.65325659 -52.62436272 -137.37053383 -69.16613777 -73.94610410 -28.50906724
-17.21650607 -43.90763265 -52.21767663 -19.34497663 -5.85019482 -103.56122238 -113.11129312 -52.46530819 -136.48857005 -106.75289247 -116.53459339 -52.56285458 -137.23610197 -69.09063325 -73.87853920 -28.45504156
-17.19603035 -43.82287699 -52.15401232 -19.31145854 -5.80480820 -103.39922357 -113.00062981 -52.41617504 -136.43426924 -106.50208655 -116.41608909 -52.50145516 -137.09193743 -69.01544686 -73.81135132 -28.40099383
-17.17710750 -43.74451315 -52.09387735 -19.27964880 -5.76249846 -103.24397773 -112.89805134 -52.36956452 -136.37352067 -106.25803581 -116.30552342 -52.44298996 -136.94881146 -68.94390290 -73.74821308 -28.34788902
-17.16382295 -43.68986761 -52.05154882 -19.25409585 -5.73249767 -103.11116608 -112.82394560 -52.33306267 -136.28689037 -106.03884850 -116.22456833 -52.39496631 -136.80604416 -68.88564055 -73.69826340 -28.29850056
-17.15032234 -43.63361521 -52.00875871 -19.22846274 -5.70151017 -102.97779135 -112.74923398 -52.29631463 -136.20064522 -105.81867320 -116.14250576 -52.34666674 -136.66341729 -68.82718600 -73.64804975 -28.24901258
-17.13682331 -43.57668375 -51.96550360 -19.20270971 -5.66948461 -102.84388004 -112.67376501 -52.25926168 -136.11501143 -105.59768806 -116.05920308 -52.29806971 -136.52101722 -68.76850938 -73.59752782 -28.19940955
-17.12315666 -43.51916129 -51.92161889 -19.17682613 -5.63644456 -102.70918028 -112.59753603 -52.22194746 -136.03012732 -105.37560671 -115.97466184 -52.24921908 -136.37890237 -68.70953784 -73.54589505 -28.14969425
-17.12267050 -43.52196243 -51.92150140 -19.16700888 -5.59031671 -102.70512211 -112.59904488 -52.21159019 -135.90432510 -105.28552765 -115.97210441 -52.22619788 -136.20834243 -68.68316028 -73.51221918 -28.11014464
-17.12386034 -43.53177606 -51.92672791 -19.15888141 -5.54171102 -102.71768765 -112.60971211 -52.20416283 -135.77437960 -105.21130206 -115.97867658 -52.20663561 -136.02756084 -68.66064012 -73.48178420 -28.07170995
-17.15083724 -43.61181541 -51.98200667 -19.16098950 -4.99286379 -102.83735527 -112.70481826 -52.22312441 -135.67327033 -105.29365439 -116.05556676 -52.21483712 -134.82880091 -68.67318397 -73.48930400 -28.04650266
-17.15098692 -43.61290159 -51.98054796 -19.14792625 -4.95968287 -102.83504461 -112.70024910 -52.21215961 -135.58762118 -105.22560438 -116.03644506 -52.19335600 -134.77786226 -68.62694440 -73.45545077 -28.00696326
-17.18717954 -43.71811351 -52.05521150 -19.15424791 -4.24521273 -102.99971912 -112.80860031 -52.24391953 -135.48618440 -105.36482649 -116.11704557 -52.21341447 -133.23617666 -68.63728657 -73.47538074 -27.98674548
-17.30842530 -44.06513766 -52.31047845 -19.20529045 -1.88992210 -103.55596362 -113.19689633 -52.37403260 -135.36691887 -105.98450333 -116.48096323 -52.32880873 -128.10164872 -68.78078381 -73.61941834 -28.01223334
-17.38140396 -44.23448455 -52.43924914 -19.22800741 -4.58486988 -103.96770583 -113.38295436 -52.43233292 -130.98916301 -106.21669918 -116.63879165 -52.37505427 -125.96244372 -68.82717371 -73.66968793 -28.00220999
-17.34705562 -44.14536701 -52.37058828 -19.19989928 -4.63293882 -103.83437671 -113.26955090 -52.38595949 -131.46117462 -105.97790876 -116.47960838 -52.31950182 -127.21137186 -68.72430947 -73.57973634 -27.94537343
-17.31648071 -44.07409005 -52.31602925 -19.17542583 -5.03033280 -103.72338034 -113.17970407 -52.34678594 -131.44066715 -105.77234878 -116.31555336 -52.27127828 -128.20458266 -68.63055338 -73.50008812 -27.89235471
-17.29247035 -44.00651082 -52.26274512 -19.15088030 -5.42940193 -103.62175589 -113.09548887 -52.30980297 -131.38658076 -105.57662146 -116.14531450 -52.22571868 -129.16990839 -68.53995281 -73.41539669 -27.84133227
-17.29007543 -44.00052732 -52.25645869 -19.13867839 -5.43349659 -103.62657628 -113.08368523 -52.29752913 -131.29272845 -105.49334760 -116.05395192 -52.20386110 -129.21343815 -68.48360236 -73.36287845 -27.80195156
-17.29358024 -44.01189463 -52.26374718 -19.13061067 -5.32826170 -103.66214650 -113.09224327 -52.29209116 -131.18290412 -105.44422012 -115.98204300 -52.18883449 -128.99789463 -68.43616782 -73.31969925 -27.76581762
-17.48898775 -44.56029006 -52.68000882 -19.23443346 -4.31720113 -104.71509760 -113.72346888 -52.50582456 -126.30571937 -106.69450116 -116.59286024 -52.39479646 -124.44919958 -68.70563876 -73.59004147 -27.84470266
-17.59693359 -44.80312494 -52.87848262 -19.27748472 -6.89378593 -105.34951324 -114.01711311 -52.60166703 -121.65263627 -107.10605773 -116.80767236 -52.47120605 -121.13977232 -68.78938426 -73.67978582 -27.84924995
-17.73640807 -45.21733331 -53.22986589 -19.37519970 -6.95064405 -106.24438915 -114.57275542 -52.80448056 -120.95343919 -99.93961454 -117.38617805 -52.64569488 -120.33924761 -68.96615605 -73.87289904 -27.89396249
-17.70608213 -45.13367915 -53.16155380 -19.34753745 -6.01707026 -106.12745937 -114.46502091 -52.75793361 -122.27123015 -100.41321575 -117.18355917 -52.57783185 -121.08815575 -68.86360444 -73.77959148 -27.83837411
-17.67818791 -45.05889089 -53.10167115 -19.32269828 -5.03375866 -106.01512527 -114.37038460 -52.71687623 -123.69256155 -100.37810580 -116.99633907 -52.51592139 -121.90726680 -68.75417300 -73.69240077 -27.78540089
-17.65826507 -45.01062682 -53.06297500 -19.30344336 -4.40175669 -105.95063920 -114.30799733 -52.68657542 -124.54114588 -100.39579144 -116.84325798 -52.46340907 -122.34930944 -68.65966171 -73.60818950 -27.73797914
-17.65149692 -45.00584257 -53.05832054 -19.29395587 -4.34756812 -105.96859906 -114.29973380 -52.67518927 -124.44472881 -100.50140484 -116.74885210 -52.41089687 -122.16770632 -68.58916848 -73.53987234 -27.69961426
-17.64550188 -44.99995238 -53.05371958 -19.28439243 -4.29359031 -105.98665998 -114.29138521 -52.66390918 -124.34739769 -100.60485977 -116.65390898 -52.35845521 -121.98664685 -68.51823822 -73.47160459 -27.66147747
-17.64797416 -45.01208575 -53.06380180 -19.27844816 -4.45972205 -106.04346909 -114.30478625 -52.66007847 -123.86869044 -100.74291444 -116.57969458 -52.31297974 -121.55813065 -68.45644925 -73.41266311 -27.62656501
-17.64256569 -45.00739187 -53.06068866 -19.26931342 -4.40257853 -106.06210065 -114.29869697 -52.64992743 -123.77622290 -100.81385306 -116.48268135 -52.26182380 -121.38230924 -68.38626874 -73.34551981 -27.58901713
-17.64185239 -45.00723192 -53.06114921 -19.26066521 -4.34612839 -106.08476639 -114.29914401 -52.64225366 -123.66761106 -100.82082812 -116.39148796 -52.21315237 -121.19432567 -68.31901390 -73.28113342 -27.55303622
-17.64306894 -45.00739777 -53.06177222 -19.25164105 -4.29034182 -106.10846727 -114.30000445 -52.63482703 -123.55104435 -100.82835164 -116.30064463 -52.16472855 -121.00321097 -68.25214233 -73.21715823 -27.51673818
-17.64410706 -45.00704887 -53.06229215 -19.24356701 -4.23481810 -106.13150596 -114.30021514 -52.62719342 -123.43437591 -100.83471627 -116.20895100 -52.11626934 -120.81295748 -68.18527596 -73.15310708 -27.47521027
-17.64513509 -45.00652935 -53.06266284 -19.23573181 -4.17951434 -106.15405059 -114.29994582 -52.61947620 -123.31792255 -100.84029451 -116.11633010 -52.06783969 -120.62372917 -68.11827026 -73.08879533 -27.43373535
-17.64613578 -45.00595084 -53.06303240 -19.22790904 -4.12441556 -106.17637118 -114.29948709 -52.61183871 -123.20163954 -100.84453123 -116.02351070 -52.01956094 -120.43553059 -68.05121788 -73.02404025 -27.39231970
-17.64708676 -45.00514312 -53.06342676 -19.22002631 -4.06957682 -106.19840313 -114.29869663 -52.60421589 -123.08556277 -100.84826045 -115.93036198 -51.97138688 -120.24838817 -67.98380704 -72.95930812 -27.35093985
-17.64801742 -45.00384958 -53.06374670 -19.21201546 -4.01496242 -106.22016924 -114.29763036 -52.59662725 -122.96969228 -100.85157671 -115.83698682 -51.92334926 -120.06227967 -67.91644304 -72.89416334 -27.30972192
-17.64903248 -45.00278437 -53.06420036 -19.20405448 -3.96051029 -106.24129504 -114.29686264 -52.58922658 -122.85388693 -100.85524378 -115.74390982 -51.87565965 -119.87710641 -67.84906636 -72.82978889 -27.26135347
-17.64997251 -45.00158676 -53.06438707 -19.19648506 -3.90630441 -106.26117887 -114.29594210 -52.58134403 -122.73824006 -100.85829330 -115.65078417 -51.82812395 -119.69314141 -67.78188205 -72.76523611 -27.21314173
-17.65076992 -45.00028860 -53.06449599 -19.18907998 -3.85234303 -106.28097422 -114.29480664 -52.57332318 -122.62256451 -100.86034586 -115.55766594 -51.78077239 -119.51033795 -67.71454561 -72.70051396 -27.16510151
-17.65244203 -44.99824176 -53.06418121 -19.18130600 -3.79855480 -106.29972011 -114.29267568 -52.56507073 -122.50727730 -100.86105911 -115.46377953 -51.73336102 -119.32852396 -67.64690311 -72.63562055 -27.11696138
-17.65417684 -44.99608331 -53.06382906 -19.17348378 -3.74493002 -106.31843244 -114.29096860 -52.55471444 -122.39224345 -100.86155184 -115.36999863 -51.68622761 -119.14768089 -67.57948414 -72.57072401 -27.06900992
-17.74395554 -45.30281102 -53.36053352 -19.26070398 -3.67106173 -106.92846274 -114.79745620 -52.73502243 -122.25678213 -101.50592569 -115.77870776 -51.82916309 -119.01173199 -67.83738897 -64.66835170 -27.19653337
-17.92795769 -45.80668776 -53.80429325 -19.37138311 -3.38678976 -108.06152787 -115.48686406 -52.96086032 -120.32140148 -102.56480574 -116.37025950 -52.01149090 -117.70609299 -60.18097302 -65.10309925 -27.24942686
-17.96761415 -45.89809957 -53.88456174 -19.38425608 -3.26021521 -108.36941140 -115.61658896 -52.98326477 -119.14936401 -102.77156300 -116.40442073 -52.00427068 -116.82301477 -60.37619876 -65.11671832 -27.21654099
-17.96109377 -45.87280783 -53.86236057 -19.36919590 -3.23599146 -108.33441521 -115.57898406 -52.94881910 -119.28957066 -102.72099136 -116.27604379 -51.94335556 -116.83621200 -60.31111705 -65.01747701 -27.16236525
-17.96264371 -45.87018028 -53.85941646 -19.35911675 -3.18557625 -108.35521485 -115.57288084 -52.92356651 -119.18261618 -102.71917530 -116.17816406 -51.89169705 -116.67468795 -60.16902316 -65.02907028 -27.11046092
-18.00648972 -46.04435706 -54.05804666 -19.42676858 -3.13276776 -108.76795783 -115.92435150 -53.03517417 -118.97719912 -103.11574714 -116.57510542 -46.65878523 -116.48272018 -60.18733295 -65.36344378 -27.10667724
-18.00283074 -46.01467623 -54.02491915 -19.40729089 -3.08169489 -108.73059942 -115.87233217 -52.99037987 -118.87706163 -103.05514346 -116.42482571 -46.98213426 -116.31888656 -60.21464703 -65.50416939 -27.04542443
-18.06004634 -46.12901274 -54.11995641 -19.42309971 -2.91381330 -109.14118540 -116.02485878 -52.94776435 -117.07789568 -103.30501229 -116.46949847 -47.39950275 -114.99507039 -60.43106911 -65.81937109 -27.00671784
-18.11022562 -46.24019156 -54.22369381 -19.44515943 -2.75863407 -109.46628184 -116.20613060 -52.89168669 -115.73278983 -103.58165414 -106.24826471 -47.70463497 -113.97386606 -60.74920495 -66.20352569 -26.97147171
-18.27097752 -46.70120271 -54.66302412 -19.57053984 0.02766618 -110.27073448 -116.95740208 -53.08555971 -117.14567292 -104.70656145 -109.12793653 -48.07500446 -108.44294005 -61.47421327 -66.40985454 -27.01458562
-18.33035478 -46.95253183 -54.98070648 -19.69059232 0.24042575 -110.82657475 -117.67715052 -48.10219999 -117.31834303 -105.32029892 -110.95273860 -48.31840668 -108.12539775 -61.55046995 -67.24724517 -21.94683122
-18.33761658 -46.95725825 -54.97268056 -19.67683839 0.80694530 -110.83528664 -117.65468685 -48.53092711 -117.21800967 -105.35579452 -110.95704701 -48.31627131 -106.89303156 -61.90975130 -67.62756218 -21.99960475
-18.36412588 -47.00267429 -54.99821235 -19.67235464 1.64760124 -110.91947533 -117.68757366 -48.94912757 -117.08865338 -105.48420651 -110.96393980 -48.33234738 -105.06049824 -62.30371922 -67.95799533 -22.01549196
-18.42349765 -47.14296448 -55.11062744 -19.69224105 2.70839106 -111.21830937 -117.86629264 -49.10407571 -116.55910479 -105.80631707 -111.12601873 -48.40364957 -102.29058141 -62.79188107 -68.03685402 -22.08910380
-18.46479867 -47.23460249 -55.18270413 -19.70172541 3.48200715 -111.39650201 -117.98306963 -49.19596977 -116.43594775 -106.01331416 -111.21856460 -48.44928263 -100.64783731 -62.48792348 -68.02934726 -22.14748823
-18.57574789 -47.50158174 -55.40888754 -19.75177508 5.64861046 -111.89878517 -118.34590300 -49.38279373 -116.26401668 -106.60636845 -111.58129433 -48.58146577 -96.02003319 -62.62457531 -67.73608198 -22.27157617
-18.81679066 -48.08247747 -55.91217342 -19.87004358 9.10431620 -112.99333185 -119.14172531 -49.72916606 -116.03020482 -107.84014173 -112.42327607 -48.86069070 -84.46105990 -62.99329018 -68.02628437 -22.52240772
-18.80063659 -48.02430376 -55.85731716 -19.84903111 8.75223480 -112.90447349 -119.05869871 -49.74550667 -115.92991334 -107.73809676 -112.29704954 -48.82865128 -85.27120250 -62.90860350 -67.93566213 -22.60937114
-18.78165371 -47.95593377 -55.79307256 -19.82452301 8.41092088 -112.78876352 -118.95993509 -49.75501197 -115.83996628 -107.59628262 -112.15287219 -48.78806549 -86.04562155 -62.81245265 -67.83771277 -22.69216179
-18.76251570 -47.88695360 -55.72803447 -19.79990111 8.07325157 -112.66893729 -118.86009385 -49.76354914 -115.75234494 -107.44911732 -112.00712287 -48.74408370 -86.81095489 -62.71588035 -67.73919884 -22.77403148
-18.74486074 -47.81784087 -55.66500600 -19.77503169 7.73770978 -112.54900396 -118.76106175 -49.77180559 -115.65846609 -107.30326355 -111.86195367 -48.69694192 -87.57446672 -62.61971143 -67.64107386 -22.84735235
-19.00780715 -48.62390448 -56.44252147 -20.00080196 7.08995836 -90.38451725 -120.41036550 -50.36675960 -115.73957389 -108.84902201 -113.18164180 -49.17269613 -89.59141651 -63.03638287 -68.11442209 -23.05074822
-18.99364929 -48.54093364 -56.39300529 -19.98196880 6.76383977 -90.62404638 -120.36299749 -50.37287366 -115.66062352 -108.74405886 -113.07451255 -49.12953100 -90.36029821 -62.95415337 -68.03504076 -23.02087681
-18.96830386 -48.44880522 -56.30717589 -19.94971789 6.45818016 -91.36424621 -120.22597033 -50.32279318 -115.57345148 -108.54016774 -112.88355853 -49.05262643 -91.05567769 -62.84300494 -67.92334527 -22.97966310
-18.94083809 -48.35075991 -56.21572388 -19.91610824 6.16048076 -92.23731603 -120.07430425 -50.26217146 -115.48523898 -108.32468574 -112.68351262 -48.96799445 -91.73815762 -62.72823766 -67.80797441 -22.93703640
-18.91666389 -48.26458661 -56.13608045 -19.88645096 5.87847162 -93.27836941 -119.94551768 -50.20960332 -115.18467175 -108.14237256 -112.50776810 -48.88536007 -92.25581312 -62.62312547 -67.70202094 -22.89786311
-18.88933839 -48.17219442 -56.05434722 -19.85750918 5.59488949 -94.31632812 -119.81012430 -50.15897849 -115.09438210 -107.94163292 -112.32795929 -48.79429939 -92.85114166 -62.51558804 -67.60161192 -22.56949890
-18.86460635 -48.08321711 -55.97231209 -19.82727632 5.31665118 -95.36876126 -119.67352154 -50.10492962 -115.00179111 -107.74754968 -112.14806127 -48.69194652 -93.42077657 -62.41033822 -67.49832704 -22.24704313
-18.83724495 -47.98583688 -55.88202024 -19.79476194 5.05312237 -96.38597629 -119.52044700 -50.04518476 -114.91597960 -107.53396779 -111.95217993 -48.58010385 -93.95778999 -62.29905222 -67.38360497 -22.20952965
-18.81065692 -47.89052758 -55.79377409 -19.76294683 4.80277159 -97.40600978 -119.37082353 -49.98660273 -114.82890302 -107.32451943 -111.76013268 -48.45993960 -94.46653415 -62.18899347 -67.27010579 -22.17226621
-18.79551076 -47.83951347 -55.75510643 -19.74841793 4.56208758 -98.59461472 -119.30967798 -49.96620599 -114.73458575 -107.21945174 -111.70282929 -47.31661310 -94.63796730 -62.11453195 -67.19132551 -22.14571402
-18.77778225 -47.78286569 -55.71435214 -19.73444642 4.34252497 -99.75076994 -119.23758170 -49.94506960 -114.64361984 -107.09946609 -111.63607200 -46.04423470 -95.10742855 -62.02974280 -67.10956902 -22.11808217
-18.75406741 -47.69613262 -55.63484570 -19.70578364 4.14919349 -100.78003522 -119.09349584 -49.89199341 -114.56599512 -106.90649111 -111.46280574 -45.86796525 -95.50057318 -61.92468087 -67.00110431 -22.08045081
-18.73701736 -47.62884207 -55.57467268 -19.68386904 3.99338013 -101.51216238 -118.98529008 -49.85062009 -114.46008212 -106.75613575 -111.32439843 -45.68281031 -95.81460590 -61.83165401 -66.90549426 -22.04678342
-18.73093818 -47.59367929 -55.54684480 -19.67137095 3.87103230 -101.58509496 -118.93340042 -49.82906898 -114.36146630 -106.67431531 -111.24245758 -45.49670117 -96.06625699 -61.75834880 -66.83113545 -22.01993245
-18.76654423 -47.68071492 -55.64138724 -19.69280241 3.84122673 -101.92729222 -119.07190349 -49.88036869 -114.26906851 -103.88432648 -111.40488896 -45.48050384 -96.15658828 -61.75557994 -66.83606704 -22.01967839
-18.76725082 -47.65929529 -55.62338191 -19.68177809 3.87306091 -102.02755862 -119.03104787 -49.86135347 -114.17307805 -103.72062140 -111.32904058 -45.60195064 -96.07589293 -61.68708757 -66.76687789 -21.99393145
-18.76983152 -47.64151308 -55.60762284 -19.67139723 4.00172146 -102.13266299 -118.98955854 -49.82532567 -114.07606445 -103.30314770 -111.25402245 -45.79320701 -95.78922485 -61.61927632 -66.70249997 -22.01317914
-18.78851120 -47.66747709 -55.63329222 -19.67229730 4.26663043 -102.33448250 -119.01565497 -49.81450302 -113.97737087 -102.65385134 -111.25255675 -46.06567181 -95.22348542 -61.57740548 -66.66083706 -21.99443643
-18.76002002 -47.56238621 -55.51500606 -19.62390639 4.58368255 -102.24312629 -118.79027007 -49.69658641 -113.87768357 -101.59273863 -110.98560444 -45.99303183 -94.50420833 -61.46470834 -66.60396620 -22.35407829
-18.78191820 -47.64070201 -55.59697886 -19.62613269 5.05275656 -102.57589332 -118.92306932 -49.72415356 -113.77358980 -100.45456396 -111.09401641 -46.02990675 -93.51420819 -61.45752724 -66.60169503 -22.35677524
-18.80364468 -47.71483193 -55.67300754 -19.62683986 5.54472980 -102.90117640 -119.03596044 -49.74653402 -113.67404565 -99.13605600 -111.18450378 -46.06170312 -92.51266787 -61.45390745 -66.59494300 -22.34742061
-18.83022057 -47.79897534 -55.75819301 -19.62825943 6.03372976 -103.28064555 -119.16269490 -49.77422222 -113.51114109 -97.75602949 -111.27008896 -46.09950841 -91.12440268 -61.45300107 -66.59395684 -22.34063239
-18.85694742 -47.89084274 -55.85364382 -19.63652942 6.46036542 -103.64824341 -119.30840220 -49.81092285 -113.39777036 -96.40353877 -111.29769036 -46.14426492 -90.22617575 -61.45511533 -66.60001939 -22.33746328
-19.13597075 -48.62142909 -56.57414629 -19.79895035 12.76974370 -105.47613830 -119.60942076 -50.20266274 -113.12705675 -96.16871965 -111.27599984 -46.53126308 -77.75599498 -61.82873907 -66.99534258 -22.43635461
-20.24724356 -43.76464108 -48.35401564 -21.19285150 11.95850408 -110.87675613 -0.00000000 -43.91519544 -110.44323661 -108.01513841 -101.99834689 -49.10496769 -77.98359398 -63.98513750 -69.53816750 -23.53493534
-20.27839115 -44.61489134 -49.32731773 -21.28161191 12.08887931 -110.98533878 -0.00000000 -43.99595109 -110.35204041 -108.80645454 -103.20772747 -49.18796326 -77.80242432 -64.00793968 -69.56593199 -23.54090429
-20.32040753 -45.50128716 -50.33435971 -21.38132226 12.21761172 -110.55795462 -0.00000000 -44.07351121 -110.26200648 -109.19297592 -104.51151665 -49.28909138 -77.64121403 -64.05208902 -69.61654948 -23.55428351
-20.35694328 -46.35960419 -51.28420693 -21.41931356 12.20018865 -109.66496980 -0.00000000 -44.16024796 -110.18768213 -109.54740673 -105.77087407 -49.38283049 -77.75014038 -64.08708491 -69.66593665 -23.56464901
-20.38033517 -47.16118790 -52.14904574 -21.17039323 11.92787931 -108.42761915 0.00000000 -44.25153658 -110.12828603 -109.83276734 -106.92260235 -49.45404043 -78.31815782 -64.11889086 -69.72351230 -23.57622824
-20.38354937 -47.83770789 -52.86762195 -21.21064286 11.66820040 -106.99353340 0.00000000 -44.32376258 -110.05965848 -110.01985579 -107.83153026 -49.45998354 -78.85940164 -64.12997111 -69.73877010 -23.57493721
-20.39353706 -48.46105120 -53.51513260 -21.23150329 11.40691011 -105.52209512 -0.00000000 -44.40515505 -109.96993392 -110.16413409 -108.63112900 -49.46963221 -79.37545286 -64.13009423 -69.74150513 -23.57388746
-20.40950113 -48.68983574 -54.12121979 -21.23322730 11.14615496 -104.08913542 -0.00000000 -44.50279545 -109.87114353 -110.24849829 -109.40790905 -49.47633312 -79.89961553 -64.12773797 -69.73988225 -23.57163749
-20.40806453 -48.66011181 -54.62784839 -21.20854179 10.90533770 -102.81608753 -0.00000000 -44.59856376 -109.80064343 -110.23788930 -110.03063176 -49.45280068 -80.40893885 -64.08952550 -69.69753533 -23.55610845
-20.41577192 -48.67681856 -55.15929264 -21.19261901 10.67124923 -101.57985939 -0.00000000 -44.67547301 -109.72862546 -110.23564937 -110.70155831 -49.44506457 -80.93922133 -64.06523762 -69.67029521 -23.54531691
-20.41917751 -48.68485218 -55.65899897 -21.17557086 10.44452680 -100.44600318 -0.00000000 -44.78047336 -109.65765827 -110.19537627 -111.33591577 -49.43188599 -81.45796179 -64.03386258 -69.63482160 -23.53184134
-20.42407765 -48.72011467 -56.19093018 -19.84750668 10.21143074 -100.38582789 0.00000000 -44.87871255 -109.57827621 -110.17612965 -112.06007346 -49.43944984 -81.96612320 -64.01969305 -69.62682644 -23.53325774
-20.63736360 -49.23177715 -57.33969050 -17.62944901 9.83124618 -90.06745329 0.00000000 -44.60613694 -109.51020262 -110.63575846 -114.25414717 -49.73958554 -83.05583892 -64.38061880 -70.02463996 -23.67861872
-20.73596459 -49.45334357 -57.88063748 -17.87010803 9.57996344 -91.33304757 -0.00000000 -44.84154427 -109.42949985 -101.13874545 -115.38715358 -49.83829385 -83.66575619 -64.48055138 -70.14297662 -23.70863359
-20.70952991 -49.39087863 -57.80655873 -17.95739197 9.38429960 -91.99219415 -0.00000000 -44.89886472 -109.30885004 -101.05909931 -115.58864216 -49.77977333 -84.03830033 -64.39193780 -70.04924773 -23.67630470
-20.69829542 -49.37612407 -57.78257794 -18.07558172 9.18300000 -92.75798028 0.00000000 -44.96130184 -109.22577804 -101.08520329 -115.50030179 -49.74497904 -84.47836351 -64.34295898 -69.99634178 -23.65855369
-20.69284259 -49.39054012 -57.30501079 -18.20201087 8.97650724 -93.54537069 -0.00000000 -44.65228459 -109.12617648 -101.17238271 -115.46120952 -49.72156908 -84.92014879 -64.31093052 -69.96333311 -23.64937355
-20.67741199 -49.36035321 -57.47531804 -18.30349591 8.78020685 -94.24835991 0.00000000 -44.71424578 -109.02426783 -101.16126084 -115.33777516 -49.67488378 -85.30362211 -64.24432081 -69.89596067 -23.62694158
-20.65362040 -49.31365085 -57.42031289 -18.42248371 8.60097949 -94.24057595 -0.00000000 -44.76535081 -108.92827606 -101.09652882 -115.19142950 -49.62535209 -85.73011437 -64.19282340 -69.81944572 -23.60021658
-20.64651903 -49.30679650 -57.40464937 -18.52470588 8.41014746 -94.95005515 -0.00000000 -44.46377213 -108.83060080 -101.15640310 -115.12822253 -49.59671067 -86.11216229 -64.14370898 -69.77424502 -23.58611672
-20.62867107 -49.27136040 -57.35419553 -18.52857451 8.23510178 -95.63027938 -0.00000000 -44.52016107 -108.75068299 -101.10421245 -114.99064267 -49.54629219 -86.47249036 -64.07128844 -69.70001826 -23.56107707
-20.62917013 -49.27644398 -57.35358426 -18.55035866 8.05183217 -96.31086812 0.00000000 -44.58998024 -108.64648644 -101.06237826 -114.95412299 -49.52140382 -86.84909744 -64.03011220 -69.20332524 -23.54072754
-20.62003519 -49.24417853 -57.32621426 -18.56486197 7.87993247 -96.93770511 0.00000000 -44.63688305 -108.54268495 -100.99926861 -114.86955410 -49.48205027 -87.19629913 -63.96840734 -69.30877847 -23.54629845
-20.62416564 -49.23829766 -57.33064810 -18.59472226 7.76904534 -97.51857855 0.00000000 -44.69334891 -108.43384275 -100.95434634 -114.84897184 -49.46290575 -87.41499489 -63.93116985 -69.35353150 -23.52711983
-20.62714142 -49.22877147 -57.32792331 -18.62095324 7.80463113 -97.96313757 0.00000000 -44.73620997 -108.31908129 -100.90255020 -114.81502027 -49.43925095 -87.30725250 -63.89283408 -69.31519918 -23.50025441
-21.07980522 -50.33354881 -58.60954030 -19.20458656 7.87255691 -99.57388660 -0.00000000 -44.27132053 -108.10056496 -101.84529444 -87.98638449 -49.99210541 -87.47331281 -64.47809459 -70.31318140 -23.81486852
-21.22455101 -50.67175342 -59.03061681 -19.40951540 7.92674960 -100.18711667 0.00000000 -44.20312058 -107.94830654 -102.05904891 -85.76237514 -50.04626797 -87.44053290 -64.49522541 -69.83006835 -23.83692914
-21.31436978 -50.87106271 -59.28865862 -19.55086247 7.97459863 -100.57822141 0.00000000 -44.17299815 -107.79594483 -102.15453984 -84.80593384 -50.06071249 -87.35593568 -64.41314634 -69.98326786 -23.82209766
-21.96599709 -52.26210897 -59.42507204 -20.13390068 -11.49150856 -100.68524765 0.00000000 -43.85778745 -76.03248500 -102.91873373 -87.89240939 -50.34022026 -67.24640850 -63.61604760 -70.55718021 -23.89139162
-22.12134479 -52.61894031 -59.61975949 -20.34151762 -11.36191543 -100.64708997 -0.00000000 -43.79837228 -75.97591486 -103.06312976 -88.79895827 -50.39283521 -67.21502891 -63.36325738 -70.30882175 -23.85836779
-22.41207269 -53.32356024 -59.87373427 -20.64459086 -11.28109826 -100.64745956 0.00000000 -43.72709451 -75.81575117 -103.36259994 -81.75542695 -50.52400035 -67.17122868 -62.92056037 -69.75159357 -23.87519258
-22.59137956 -53.73747325 -59.84053261 -20.82119982 -11.24665320 -100.59105055 -0.00000000 -43.65982506 -75.59912395 -103.46795441 -82.52811762 -50.57147233 -67.02408993 -62.36100602 -69.06388138 -23.84671727
-22.75956344 -54.16760333 -59.75410262 -20.99998337 -11.21048263 -100.52826561 -0.00000000 -43.23739773 -75.38328983 -103.54370296 -83.27063657 -50.38533827 -66.87792579 -61.67985185 -68.33687433 -23.81173457
-22.90002706 -54.36039803 -59.79230160 -21.16414363 -11.17340475 -100.44846982 0.00000000 -43.15919739 -75.17406334 -103.56492691 -83.96352406 -50.42206790 -66.72476526 -60.92782310 -67.63254957 -23.77311320
-23.00663041 -54.65817616 -60.27897807 -21.29358519 -11.13747336 -100.34683339 -0.00000000 -43.07438257 -74.97318118 -103.51433620 -84.57581585 -50.43216045 -66.56213844 -60.17267395 -66.97995624 -23.72494518
-23.10947434 -54.94469630 -60.94716508 -21.42028223 -11.10263410 -100.24209276 0.00000000 -42.98357338 -74.76733954 -103.39920653 -85.15939388 -50.43724022 -66.38823224 -59.41968419 -66.65569722 -23.06892793
-23.22338380 -55.52133086 -62.17293715 -21.63991197 -11.05149437 -100.12572423 0.00000000 -42.89179962 -74.54982320 -103.03671025 -85.91277628 -50.49266556 -66.23258513 -58.31165544 -61.88590187 -23.06554399
-23.35572605 -56.19005556 -63.61170244 -21.88485170 -10.99261654 -99.97395124 0.00000000 -42.44207126 -74.32582011 -102.02091689 -85.29334746 -50.54269777 -66.04974638 -52.86511702 -62.28762882 -23.11815134
-23.22631207 -56.50155263 -64.35627982 -21.81678718 -10.95288459 -99.79688020 0.00000000 -42.11181242 -74.12765941 -101.09165566 -85.77175817 -50.53012230 -65.87855474 -53.10379171 -62.61426405 -23.08132339
-23.24348041 -56.51369107 -64.56094065 -21.84326861 -10.92100276 -99.60625135 0.00000000 -41.95462395 -73.96260467 -100.35084571 -86.02086404 -50.32825588 -65.69772729 -53.26062711 -62.41396547 -23.00245200
-23.57757589 -58.18802346 -66.28244223 -22.29306427 -8.58843678 -99.16861742 0.00000000 -41.25825384 -73.91204651 -73.99110062 -86.75474076 -50.41088373 -61.35665634 -53.36142806 -63.13032314 -23.03461402
-23.65646963 -58.63537082 -66.81466322 -22.35578469 -8.49285984 -98.17148979 0.00000000 -41.18079543 -73.73265152 -74.92815934 -87.03485887 -50.35854208 -61.12444907 -53.58535828 -63.36736045 -22.98634583
-23.73899852 -59.09777373 -67.36093073 -22.41940348 -8.32388158 -97.26826196 0.00000000 -41.09644915 -73.55510271 -75.89612257 -87.20922958 -50.30157397 -60.74668252 -53.78662734 -63.12478995 -22.92037517
-21.31096538 -59.67616484 -67.97456272 -22.49398810 -8.09088731 -96.93648156 0.00000000 -41.01919928 -73.37313463 -76.93147189 -87.25134114 -50.24327849 -60.24039765 -53.59252247 -63.26824271 -22.85476769
-21.70066199 -60.10073774 -68.48915152 -22.55200957 -7.88047582 -95.95279482 0.00000000 -40.92094498 -73.19878265 -77.86203661 -87.10253485 -50.17714988 -59.76432446 -53.75793881 -63.38214714 -22.78438048
-22.13968467 -60.46955431 -68.90953818 -22.62893610 -9.32748835 -95.07516107 0.00000000 -40.78790958 -70.31158067 -78.90954817 -86.64858721 -50.10596932 -57.44563611 -53.91780317 -63.46534429 -22.71127205
-22.79876573 -62.04578402 -69.67475663 -22.98056356 -8.13122425 -60.46883389 -0.00000000 -40.15760352 -70.34624104 -81.17914561 -83.59283324 -49.92858653 -55.55018345 -54.20340763 -63.52201361 -22.66684889
-23.00420769 -62.09088562 -69.68127224 -23.08550580 -8.00850089 -60.93247472 0.00000000 -40.01094171 -70.20235878 -82.07235035 -81.26787007 -49.75738240 -55.33817914 -54.25383620 -63.41343749 -22.57761496
-23.19695695 -62.09766281 -69.64402426 -23.18549327 -7.89059285 -61.96115439 -0.00000000 -39.85727494 -70.04708763 -82.87710593 -78.80277633 -49.58237446 -55.11400276 -54.24786045 -63.22134729 -22.47777703
