0.00000000
122.71677497
221.08241020
313.42345443
399.28366681
478.53691384
551.42547571
618.19911906
679.20455449
734.39498384
783.45512917
826.23688084
862.50732397
888.79810780
901.71881269
902.53067003
901.41777947
899.03999690
894.75157266
889.10854878
878.37143486
864.83905750
849.32339981
831.91479530
812.11731787
790.50873822
766.50381954
743.32473394
722.35821675
699.76917269
676.08748176
652.93852789
633.76542222
614.14698584
596.96056857
590.32082806
584.46973907
583.40457767
582.27937609
581.09404283
579.86562059
578.20390283
576.90332449
572.32507286
569.97557868
562.70975579
556.83553323
558.24349858
556.56464636
549.37579496
549.84040733
548.99386884
547.58047984
546.17529052
544.45571864
543.01663612
541.57948366
540.12212854
538.35898596
536.87341000
535.12487417
533.59529526
531.79998921
529.98404733
528.16855611
526.33921995
524.51477310
522.92723752
521.33410670
519.73074715
518.12196361
511.22242894
510.40937313
509.14622300
507.83321972
500.76792786
494.63293229
494.34121720
493.70912873
487.02319081
486.71870427
485.82020237
485.14325986
483.69864105
482.41275714
480.78437613
479.29885248
477.64346768
476.04905430
473.67101879
470.74483159
469.38837831
467.90698773
466.28027408
462.72373283
457.16592194
454.85371208
451.98984067
444.46312160
437.60484071
434.33746118
431.66811911
428.64257286
426.97560298
420.47798002
421.16093704
421.03163813
419.71633372
419.92434655
419.74922224
418.05050659
370.82645364
368.82787244
362.59036089
