0.00000000
110.88757885
196.46507691
277.44755877
352.80076161
422.20296634
486.15177045
544.50437137
597.34036075
644.83880342
687.01990821
723.71836527
754.55066709
778.98530714
788.24486583
785.21653023
781.61589246
777.67801736
773.42696394
768.85743630
763.78883333
758.26384343
750.53545052
740.64640110
728.56695349
712.59381665
694.89942271
674.76941974
651.82669247
628.23116700
603.36879410
577.97010532
552.39141936
526.63793627
502.76564382
486.05717643
485.58393783
484.97562102
484.26872429
483.47814440
482.62922376
481.72739369
480.77536686
479.77732732
478.73965854
477.66283850
476.55261737
475.41651977
474.24627794
473.04862174
471.82976062
470.59157770
469.33611000
468.06457880
466.77893815
465.48163652
464.17346106
462.85576849
461.52950161
460.18577157
458.78348209
457.34000507
455.87777911
454.40996158
452.91631778
451.38792026
449.85469721
448.31761031
446.77726967
445.23408892
443.68839719
442.14038461
440.59011643
428.54440402
428.48491220
427.50534248
426.45751738
425.44247759
413.59812519
413.83052387
413.41648662
412.97134827
411.07125947
410.54190613
409.63370103
408.04409645
406.38575273
405.24158691
403.87785943
402.51729216
401.16037491
399.80720723
395.70897102
391.20300671
390.50295678
389.78237622
382.63111797
381.65801025
380.55271539
379.52863166
371.72427376
372.14725647
372.03692245
371.39624411
352.35028880
353.11639199
353.31717938
353.37819092
353.23482981
337.23851534
335.79411169
336.53470665
332.68485065
333.07111614
333.96173603
334.81363697
334.51839427
333.80570448
332.86454538
331.91973478
330.98257850
329.82409262
328.61137380
326.74713188
325.63996979
324.03798253
322.42177538
321.27128091
320.08502197
318.89830444
317.70907434
316.52509376
315.34019609
