0.00000000
0.00102003
0.00202003
0.00302003
0.00402003
0.00502003
0.00602003
0.00702003
0.00802003
0.00902003
0.01002003
0.01102003
0.01202003
0.01302003
0.01402003
0.01502003
0.01602003
0.01702003
0.01802003
0.01902003
0.02002003
0.02102003
0.02202003
0.02302003
0.02402003
0.02502003
0.02602003
0.02702003
0.02802003
0.02902003
0.03002003
0.03102003
0.03202003
0.03302003
0.03402003
0.03502003
0.03602003
0.03702003
0.03802003
0.03902003
0.04002003
0.04102003
0.04202003
0.04302003
0.04402003
0.04502003
0.04602003
0.04702003
0.04802003
0.04902003
0.05002003
0.05102003
0.05202003
0.05302003
0.05402003
0.05502003
0.05602003
0.05702003
0.05802003
0.05902003
0.06002003
0.06102003
0.06202003
0.06302003
0.06402003
0.06502003
0.06602003
0.06702003
0.06802003
0.06902003
0.07002003
0.07102003
0.07202003
0.07302003
0.07402003
0.07502003
0.07602003
0.07702003
0.07802003
0.07902003
0.08002003
0.08102003
0.08202003
0.08302003
0.08402003
0.08502003
0.08602003
0.08702003
0.08802003
0.08902003
0.09002003
0.09102003
0.09202003
0.09302003
0.09402003
0.09502003
0.09602003
0.09702003
0.09802003
0.09902003
0.10002003
0.10102003
0.10202003
0.10302003
0.10402003
0.10502003
0.10602003
0.10702003
0.10802003
0.10902003
0.11002003
0.11102003
0.11202003
0.11302003
