0.00000000
0.00100575
0.00200575
0.00300575
0.00400575
0.00500575
0.00600575
0.00700575
0.00800575
0.00900575
0.01000575
0.01100575
0.01200575
0.01300575
0.01400575
0.01500575
0.01600575
0.01700575
0.01800575
0.01900575
0.02000575
0.02100575
0.02200575
0.02300575
0.02400575
0.02500575
0.02600575
0.02700575
0.02800575
0.02900575
0.03000575
0.03100575
0.03200575
0.03300575
0.03400575
0.03500575
0.03600575
0.03700575
0.03800575
0.03900575
0.04000575
0.04100575
0.04200575
0.04300575
0.04400575
0.04500575
0.04600575
0.04700575
0.04800575
0.04900575
0.05000575
0.05100575
0.05200575
0.05300575
0.05400575
0.05500575
0.05600575
0.05700575
0.05800575
0.05900575
0.06000575
0.06100575
0.06200575
0.06300575
0.06400575
0.06500575
0.06600575
0.06700575
0.06800575
0.06900575
0.07000575
0.07100575
0.07200575
0.07300575
0.07400575
0.07500575
0.07600575
0.07700575
0.07800575
0.07900575
0.08000575
0.08100575
0.08200575
0.08300575
0.08400575
0.08500575
0.08600575
0.08700575
0.08800575
0.08900575
0.09000575
0.09100575
0.09200575
0.09300575
0.09400575
0.09500575
0.09600575
0.09700575
0.09800575
0.09900575
0.10000575
0.10100575
0.10200575
0.10300575
0.10400575
0.10500575
0.10600575
0.10700575
0.10800575
0.10900575
0.11000575
0.11100575
0.11200575
0.11300575
0.11400575
0.11500575
0.11600575
0.11700575
0.11800575
0.11900575
0.12000575
0.12100575
0.12200575
0.12300575
0.12400575
0.12500575
0.12600575
0.12700575
0.12800575
0.12900575
0.13000575
0.13100575
0.13200575
