0.00000000 0.00000000
0.00054483 0.00102003
0.00112038 0.00202003
0.00170344 0.00302003
0.00229645 0.00402003
0.00290176 0.00502003
0.00351975 0.00602003
0.00415156 0.00702003
0.00479900 0.00802003
0.00546431 0.00902003
0.00615093 0.01002003
0.00686327 0.01102003
0.00760608 0.01202003
0.00840429 0.01302003
0.00928937 0.01402003
0.01025490 0.01502003
0.01123319 0.01602003
0.01222090 0.01702003
0.01322505 0.01802003
0.01423618 0.01902003
0.01527441 0.02002003
0.01632614 0.02102003
0.01738529 0.02202003
0.01845159 0.02302003
0.01953007 0.02402003
0.02061778 0.02502003
0.02171663 0.02602003
0.02281306 0.02702003
0.02390207 0.02802003
0.02499983 0.02902003
0.02610397 0.03002003
0.02720667 0.03102003
0.02829249 0.03202003
0.02938067 0.03302003
0.03045842 0.03402003
0.03148962 0.03502003
0.03251749 0.03602003
0.03352392 0.03702003
0.03453081 0.03802003
0.03553817 0.03902003
0.03654584 0.04002003
0.03755417 0.04102003
0.03856238 0.04202003
0.03957439 0.04302003
0.04057979 0.04402003
0.04161842 0.04502003
0.04262681 0.04602003
0.04361841 0.04702003
0.04462717 0.04802003
0.04566230 0.04902003
0.04666184 0.05002003
0.04766693 0.05102003
0.04867447 0.05202003
0.04968197 0.05302003
0.05068909 0.05402003
0.05169689 0.05502003
0.05270469 0.05602003
0.05371259 0.05702003
0.05472210 0.05802003
0.05573014 0.05902003
0.05673715 0.06002003
0.05774540 0.06102003
0.05875288 0.06202003
0.05976269 0.06302003
0.06077262 0.06402003
0.06177988 0.06502003
0.06278963 0.06602003
0.06379820 0.06702003
0.06480677 0.06802003
0.06581542 0.06902003
0.06682408 0.07002003
0.06785334 0.07102003
0.06885781 0.07202003
0.06986458 0.07302003
0.07087184 0.07402003
0.07190659 0.07502003
0.07293808 0.07602003
0.07394072 0.07702003
0.07494417 0.07802003
0.07598513 0.07902003
0.07698687 0.08002003
0.07799100 0.08102003
0.07899448 0.08202003
0.08000118 0.08302003
0.08100742 0.08402003
0.08201531 0.08502003
0.08302320 0.08602003
0.08403208 0.08702003
0.08503938 0.08802003
0.08604753 0.08902003
0.08705740 0.09002003
0.08806201 0.09102003
0.08906839 0.09202003
0.09006840 0.09302003
0.09107451 0.09402003
0.09208755 0.09502003
0.09308772 0.09602003
0.09409224 0.09702003
0.09512419 0.09802003
0.09614748 0.09902003
0.09715519 0.10002003
0.09816474 0.10102003
0.09917684 0.10202003
0.10018145 0.10302003
0.10118223 0.10402003
0.10217478 0.10502003
0.10317222 0.10602003
0.10417052 0.10702003
0.10515727 0.10802003
0.10614497 0.10902003
0.10713151 0.11002003
0.10851239 0.11102003
0.10952533 0.11202003
0.11057442 0.11302003
