0.00000000 0.00000000
0.00052957 0.00100575
0.00110730 0.00200575
0.00169078 0.00300575
0.00228435 0.00400575
0.00289103 0.00500575
0.00351139 0.00600575
0.00414719 0.00700575
0.00480058 0.00800575
0.00547279 0.00900575
0.00616589 0.01000575
0.00688385 0.01100575
0.00763185 0.01200575
0.00841851 0.01300575
0.00931563 0.01400575
0.01030681 0.01500575
0.01130331 0.01600575
0.01230235 0.01700575
0.01330375 0.01800575
0.01430763 0.01900575
0.01531468 0.02000575
0.01632472 0.02100575
0.01734355 0.02200575
0.01837138 0.02300575
0.01941290 0.02400575
0.02047715 0.02500575
0.02155352 0.02600575
0.02264525 0.02700575
0.02375399 0.02800575
0.02486554 0.02900575
0.02598341 0.03000575
0.02710401 0.03100575
0.02822562 0.03200575
0.02934807 0.03300575
0.03046120 0.03400575
0.03153820 0.03500575
0.03253650 0.03600575
0.03353579 0.03700575
0.03453583 0.03800575
0.03553638 0.03900575
0.03653757 0.04000575
0.03753911 0.04100575
0.03854104 0.04200575
0.03954325 0.04300575
0.04054577 0.04400575
0.04154845 0.04500575
0.04255142 0.04600575
0.04355459 0.04700575
0.04455810 0.04800575
0.04556181 0.04900575
0.04656572 0.05000575
0.04756980 0.05100575
0.04857402 0.05200575
0.04957834 0.05300575
0.05058276 0.05400575
0.05158727 0.05500575
0.05259185 0.05600575
0.05359651 0.05700575
0.05460124 0.05800575
0.05560603 0.05900575
0.05661105 0.06000575
0.05761651 0.06100575
0.05862206 0.06200575
0.05962765 0.06300575
0.06063340 0.06400575
0.06163951 0.06500575
0.06264564 0.06600575
0.06365180 0.06700575
0.06465800 0.06800575
0.06566425 0.06900575
0.06667053 0.07000575
0.06767686 0.07100575
0.06868322 0.07200575
0.06974251 0.07300575
0.07074002 0.07400575
0.07174295 0.07500575
0.07274704 0.07600575
0.07375108 0.07700575
0.07482633 0.07800575
0.07582350 0.07900575
0.07682357 0.08000575
0.07782358 0.08100575
0.07883083 0.08200575
0.07983119 0.08300575
0.08083365 0.08400575
0.08184069 0.08500575
0.08284833 0.08600575
0.08385267 0.08700575
0.08485822 0.08800575
0.08586394 0.08900575
0.08686965 0.09000575
0.08787535 0.09100575
0.08889630 0.09200575
0.08992251 0.09300575
0.09092387 0.09400575
0.09192534 0.09500575
0.09297010 0.09600575
0.09397600 0.09700575
0.09498286 0.09800575
0.09598954 0.09900575
0.09702685 0.10000575
0.09802457 0.10100575
0.09902459 0.10200575
0.10002673 0.10300575
0.10110163 0.10400575
0.10209209 0.10500575
0.10308462 0.10600575
0.10407855 0.10700575
0.10507327 0.10800575
0.10607879 0.10900575
0.10707182 0.11000575
0.10805132 0.11100575
0.10902808 0.11200575
0.11001163 0.11300575
0.11099399 0.11400575
0.11197109 0.11500575
0.11296827 0.11600575
0.11396738 0.11700575
0.11496646 0.11800575
0.11596725 0.11900575
0.11696775 0.12000575
0.11797008 0.12100575
0.11897210 0.12200575
0.11997787 0.12300575
0.12098063 0.12400575
0.12198466 0.12500575
0.12298939 0.12600575
0.12399152 0.12700575
0.12499334 0.12800575
0.12599544 0.12900575
0.12699749 0.13000575
0.12799952 0.13100575
0.12900156 0.13200575
