0.00000000 0.00000000 0.00000000 0.00000000 0.00000000 0.00000000 0.00000000 0.00000000 0.00000000 0.00000000 0.00000000 0.00000000
1.22238863 2.39471241 1.51254843 -11.53871066 -3.92338597 -22.40446455 -23.33345896 -0.70100504 -17.99137549 -15.70601368 -6.26201803 -25.98599207
-0.65903026 0.31865554 -0.42406165 -29.81193756 -6.43503630 -39.31691399 -33.14377386 -3.17498580 -30.80637822 -26.62788466 -8.36907414 -42.63198930
-2.32051995 -1.79087945 -2.09372228 -46.85778636 -9.00097971 -55.13432154 -42.14348681 -5.68137511 -42.74276191 -36.92947508 -10.48001311 -58.24813312
-3.59547309 -3.95560460 -3.38685258 -62.59111694 -11.63117698 -69.76617765 -50.59012249 -8.23001316 -53.74124031 -46.63065747 -12.34574906 -72.81948247
-4.54453163 -6.10722612 -4.32981525 -76.80633367 -14.27109626 -83.19123062 -58.56832677 -10.83538206 -63.68530429 -55.84827316 -13.99524342 -86.35415058
-5.36401216 -8.15716812 -5.13923991 -89.62007079 -16.62778240 -95.51184983 -66.01603979 -13.46284768 -72.56092862 -64.63677339 -15.49941813 -98.82934490
-6.11662797 -10.01338583 -5.88430510 -101.15014160 -18.70174332 -106.82277999 -72.97550431 -15.90517360 -80.44754304 -72.99788728 -16.92736204 -110.25666497
-6.82507437 -11.72761125 -6.58983413 -111.49462860 -20.57331041 -117.12843593 -79.49161467 -18.12007003 -87.35773094 -81.03728611 -18.24484196 -120.61411610
-7.55259255 -13.30459202 -7.31474654 -120.50410778 -22.27333027 -126.38540997 -85.63232576 -20.12490246 -93.28442334 -88.64712286 -19.52978696 -129.84164332
-8.33223759 -14.80202370 -8.09642706 -128.14002150 -23.87003167 -134.53332817 -91.24334551 -21.93476613 -98.18171760 -95.68694442 -20.78777274 -137.84651309
-9.18544730 -16.19910810 -8.95486677 -134.48185992 -25.36753662 -141.48043079 -96.09231903 -23.66906901 -101.97145117 -102.24047526 -22.03984779 -144.55446911
-10.13063239 -17.55507438 -9.92290821 -139.21490861 -26.85579600 -147.07115708 -100.43017486 -25.27734407 -104.51314529 -108.46230441 -23.27612474 -149.79775392
-11.22588860 -18.98785864 -11.06054539 -141.90187799 -28.32226341 -151.21175132 -103.60889716 -26.93451728 -103.62738716 -113.98669549 -24.60535898 -153.32506639
-12.56917783 -20.54004846 -12.50014993 -140.90263614 -29.80174449 -151.78160589 -106.18796863 -28.59629473 -101.28367816 -119.29951562 -26.05564808 -152.20034471
-14.15989984 -22.15882551 -14.23894181 -135.49550582 -31.35829436 -147.69115976 -108.47782829 -30.24685712 -98.75859089 -124.61802975 -27.53018138 -147.79655548
-15.76458135 -23.74164408 -16.00386491 -129.88841691 -32.87985734 -143.45647968 -110.02179362 -31.84420687 -96.14519083 -129.37063923 -28.99379099 -143.30731366
-17.33759176 -25.27213944 -17.80343178 -124.26247188 -34.38488528 -139.08224419 -111.23707380 -33.39220165 -93.38336788 -133.76745747 -30.42449794 -138.69263383
-18.94046852 -26.74242306 -19.62746073 -118.23432168 -35.88166816 -134.62914983 -111.82835259 -34.90852474 -90.56130266 -137.59653173 -31.81981294 -133.98155601
-20.56336189 -28.17857455 -21.44235907 -111.94762028 -37.31406112 -130.13573121 -111.97707428 -36.39942290 -87.70223147 -141.00567266 -33.20614782 -129.23629155
-22.24544423 -29.65662991 -23.20200704 -105.02474866 -38.72581023 -125.58351879 -110.48650283 -37.87594401 -84.80198978 -141.69706320 -34.62660745 -124.44516872
-23.93343465 -31.14203020 -24.69449572 -98.06340176 -40.11267027 -120.99361017 -108.10907804 -39.30701413 -81.85884341 -140.96684594 -36.04968744 -119.60794576
-25.06349811 -32.61474066 -25.81276438 -91.08364320 -41.47012555 -115.95008612 -105.56072197 -40.69443045 -78.86807559 -140.02860342 -37.45980931 -114.71690107
-25.87616531 -34.07301152 -26.71423308 -84.11027658 -42.79895888 -110.44935046 -102.82961007 -42.04535689 -75.51014427 -138.87356432 -38.85559257 -109.77853135
-26.69078596 -35.52687142 -27.62623927 -77.10552904 -44.10727192 -104.60481924 -99.93321105 -43.36899100 -71.43325155 -137.19560985 -40.24013999 -104.28459759
-27.51335128 -36.85576180 -28.51764504 -70.02042407 -45.38931910 -98.66879349 -96.91793619 -44.66188094 -67.24182956 -134.89361988 -41.49731802 -98.33085884
-28.31855796 -37.57505691 -29.25550038 -62.87773333 -46.64230010 -92.35812441 -93.78618737 -45.92531599 -62.98547280 -132.37933013 -42.16830783 -92.23193233
-28.94098827 -38.14051636 -29.98255248 -56.22169166 -47.22256378 -85.95511576 -91.91479746 -47.00154107 -58.51087008 -130.82883673 -42.71565519 -85.88960509
-29.43782375 -38.66471190 -30.69381261 -50.25072449 -47.60895227 -79.44584276 -91.78738294 -47.47690030 -53.78167464 -130.90886777 -43.15487169 -79.14665163
-29.69864440 -39.18631941 -31.16368299 -44.27381314 -47.66800055 -72.86254600 -91.61304756 -47.92645221 -48.98025011 -130.87914586 -43.29543706 -72.22183341
-29.96091495 -39.70426351 -31.56526431 -38.25807610 -47.63049359 -66.23299893 -91.41008490 -48.16736028 -44.13865176 -130.54988465 -43.22060104 -65.24888773
-30.21766662 -40.17902918 -31.95030776 -32.23475228 -47.57834993 -59.57340731 -91.19008759 -48.16949622 -40.22565768 -130.19120128 -43.12592753 -58.30264452
-30.47284791 -40.47396282 -32.29178955 -26.19738697 -47.50942958 -52.95506826 -90.96069687 -48.08171348 -40.37493658 -129.82086816 -43.03565828 -51.59106376
-30.72176794 -40.46659712 -32.62473182 -20.15286691 -47.42393232 -46.31240040 -90.72528072 -47.98230952 -40.51126031 -129.43273593 -42.93664390 -44.85645894
-30.96989526 -40.45832835 -32.91794665 -14.09692507 -47.32810984 -40.33740000 -90.47604611 -47.87268782 -40.59039497 -129.03639235 -42.83775824 -40.03868390
-31.22584019 -40.46598326 -32.98452300 -8.02725737 -47.22468214 -40.30914223 -90.25404609 -47.75863367 -40.55636887 -128.69621563 -42.78226797 -40.03586763
-31.43814093 -40.45936984 -33.04463033 -2.89148858 -47.09362711 -40.27363136 -90.02400268 -47.63573307 -40.51672704 -128.35222431 -42.71704817 -40.02311565
-31.44617850 -40.41495925 -33.08103060 -2.85459032 -46.94957949 -40.22930122 -89.79910450 -47.50599842 -40.47156085 -128.02815659 -42.62849991 -39.99561800
-31.45367032 -40.36515156 -33.11252968 -2.81868304 -46.79000953 -40.18021273 -89.57506881 -47.36512142 -40.41995812 -127.70448764 -42.53445002 -39.96003320
-31.46055718 -40.30992290 -33.14139058 -2.78343277 -46.61594532 -40.12621291 -89.35373686 -47.20891077 -40.36263756 -127.38195889 -42.43417377 -39.91516332
-31.46634807 -40.24955824 -33.16787928 -2.74874439 -46.43367788 -40.06799756 -89.13648564 -47.04045566 -40.30006545 -127.06183742 -42.32881783 -39.86375319
-31.47652877 -40.18758461 -33.19088363 -2.64954699 -46.24817641 -40.00471907 -88.78587256 -46.86791739 -40.23126514 -126.53902849 -42.21754358 -39.80483619
-31.47983648 -40.11708969 -33.20933622 -2.61419508 -46.06001513 -39.93670770 -88.57422471 -46.68434358 -40.15756869 -126.22417131 -42.10353977 -39.74229612
-31.53320838 -40.06350751 -33.22701528 -2.11148776 -45.87977254 -39.86494789 -87.10445038 -46.51804948 -40.07659360 -124.27671246 -41.99041624 -39.67891136
-31.53604633 -39.98214958 -33.23447671 -1.87981776 -45.68302215 -39.78852819 -86.57540795 -46.32624612 -39.99385605 -123.47354257 -41.87985365 -39.62263161
-31.72705699 -39.92819981 -33.26755475 -1.62783251 -45.50356375 -39.70777959 -83.05704496 -46.11760453 -39.90419678 -120.55024658 -41.76929739 -39.54937816
-31.77921064 -39.85433591 -33.26960073 0.18351752 -45.30879727 -39.62490944 -84.20894926 -45.94227990 -39.81084863 -116.07140949 -41.65784704 -39.49086243
-31.75542240 -39.74907282 -33.25755300 -0.45116155 -45.11357295 -39.53824168 -84.16762514 -45.74828353 -39.71747455 -117.81594287 -41.52033441 -39.40881368
-31.76418651 -39.65258732 -33.25915114 -0.58016005 -44.91834831 -39.45071041 -83.69014819 -45.54475625 -39.62173549 -117.36806506 -41.38783647 -39.32696115
-31.94389852 -39.58370910 -33.27742822 -3.21992991 -44.74112012 -39.35889915 -78.34537231 -45.33361215 -39.52169277 -113.54342043 -41.26321251 -39.24349976
-31.94415962 -39.47535929 -33.26514021 -2.34139534 -44.54836674 -39.26626099 -79.72097901 -45.13278315 -39.42206799 -114.45156167 -41.11980650 -39.15252681
-31.93698149 -39.36836475 -33.25585119 -2.13899463 -44.35151666 -39.17313563 -79.96103762 -44.93036233 -39.32052929 -114.51643182 -40.97835203 -39.06231139
-31.92929396 -39.26064772 -33.24465822 -2.09608747 -44.15367897 -39.07858190 -79.79899308 -44.72467065 -39.21702074 -114.26877859 -40.83685056 -38.97121798
-31.91964010 -39.15040015 -33.23088604 -2.05442865 -43.95602497 -38.98204992 -79.64903324 -44.51845471 -39.11180608 -114.03020691 -40.69402855 -38.87833119
-31.91327123 -39.04153268 -33.21452173 -1.95861328 -43.75978968 -38.88412113 -79.39782146 -44.32101450 -39.00419574 -113.63402679 -40.54719152 -38.77961889
-31.89993226 -38.92720144 -33.19603632 -1.91666561 -43.56285589 -38.78499637 -79.24346928 -44.11558884 -38.89626449 -113.38868782 -40.40205374 -38.68288405
-31.88461183 -38.81103017 -33.17523354 -1.87633214 -43.36643555 -38.68476912 -79.09415665 -43.91086869 -38.78726914 -113.14763020 -40.25624899 -38.58489764
-31.86768024 -38.69382813 -33.15218145 -1.83520310 -43.17078572 -38.58293864 -78.94282916 -43.70243500 -38.67671301 -112.90244937 -40.10979839 -38.48528632
-31.86584873 -38.58129227 -33.12863233 -1.78599148 -42.98298147 -38.47964000 -78.62289892 -43.47455104 -38.56549024 -112.52838267 -39.96134954 -38.38192728
-31.84517922 -38.46176800 -33.10134960 -1.74458867 -42.78951964 -38.37599061 -78.47587679 -43.24731798 -38.45380667 -112.28405562 -39.81419571 -38.27976148
-31.82608339 -38.34304213 -33.07085486 -1.61687310 -42.59679186 -38.27150811 -78.36801146 -43.02295594 -38.34113146 -111.82634857 -39.66580118 -38.17547210
-31.80227473 -38.22197141 -33.03958881 -1.57339206 -42.40513861 -38.16625968 -78.20767255 -42.79015423 -38.22831008 -111.57003006 -39.51872830 -38.07177476
-31.77658767 -38.10003554 -33.00568014 -1.44715354 -42.21572148 -38.06057635 -78.08394393 -42.54338599 -38.11552585 -111.10518974 -39.37499828 -37.97119069
-31.75683622 -37.97686758 -32.97118719 -1.54484486 -42.02159992 -37.95408944 -77.67567125 -42.29046970 -38.00221669 -110.69297094 -39.23000184 -37.86729168
-31.73569819 -37.85244826 -32.93458277 -1.49559943 -41.80953162 -37.84774812 -77.37644118 -42.03762874 -37.88843731 -110.34188019 -39.08557442 -37.76298589
-31.70496451 -37.72940564 -32.89480593 -1.40629438 -41.58824942 -37.74166440 -77.13578588 -41.78575823 -37.77497198 -109.97425028 -38.94240111 -37.66066819
-31.68590573 -37.60971106 -32.85552319 -1.49751562 -41.36120917 -37.63529464 -76.75238462 -41.53296613 -37.66100678 -109.57443734 -38.79609471 -37.55272410
-31.65243782 -37.48712470 -32.81401295 -1.45278676 -41.13397867 -37.52895247 -76.60711352 -41.27370270 -37.54726302 -109.33330478 -38.65096714 -37.44559298
-31.61739681 -37.36414192 -32.77088476 -1.40915322 -40.90367310 -37.42256600 -76.47132883 -40.99601721 -37.43382767 -109.10001981 -38.50676536 -37.33833201
-31.58107774 -37.24138417 -32.72636626 -1.36610046 -40.65898292 -37.31626976 -76.33938763 -40.71665717 -37.32047601 -108.86994914 -38.36318638 -37.23090952
-31.54368045 -37.11887310 -32.68053238 -1.32298780 -40.41230004 -37.21010742 -76.20783073 -40.43491634 -37.20733119 -108.63975744 -38.22027356 -37.12337316
-31.51439560 -36.99125784 -32.64283455 -1.28032256 -40.16306396 -37.10565066 -76.08369387 -34.81678324 -37.11272387 -108.41458374 -38.09160848 -37.00551057
-31.47254274 -36.86964346 -32.59236695 -1.23723922 -39.90854143 -36.99981530 -75.95242972 -35.33818959 -37.00034050 -108.18580820 -37.95203412 -36.90042191
-31.43113031 -36.74838078 -32.54203376 -1.19389945 -39.65356232 -36.89424409 -75.82121674 -35.41438274 -36.88725504 -107.95529662 -37.81089896 -36.79392220
-31.38893182 -36.62716311 -32.49085158 -1.14990699 -39.39816627 -36.78889302 -75.68898633 -35.44459651 -36.77465501 -107.72305696 -37.67068671 -36.68732540
-31.36696032 -36.53746080 -32.45444146 -1.09330554 -33.39222499 -36.70912083 -75.58767078 -35.39957576 -36.65852839 -107.48438837 -37.51988097 -36.56436964
-31.33156271 -36.40588119 -32.41022359 -1.04691785 -33.93303596 -36.60517146 -75.45961109 -29.80007811 -36.56210896 -107.24894438 -37.38335204 -36.44604493
-31.28445998 -36.28560455 -32.35396874 -1.00380169 -34.00377254 -36.50018007 -75.32849604 -30.51931681 -36.45140906 -107.02009069 -37.24755345 -36.34256359
-31.23752861 -36.16621663 -32.29747391 -0.95966085 -34.04277359 -36.39607087 -75.19723954 -30.92932544 -36.34183637 -106.78966951 -37.11272047 -36.23861294
-31.21747051 -36.09130144 -32.26074818 -0.90019297 -28.16935397 -36.31664275 -75.08764069 -31.13672056 -36.22314403 -106.53890946 -36.96609134 -36.11497491
-31.16831012 -35.97111708 -32.20197364 -0.85526389 -28.91382646 -36.21270016 -74.95485675 -31.18060494 -36.11364903 -106.30709410 -36.82641982 -36.01288829
-31.12175179 -35.85291799 -32.14385774 -0.80898327 -29.33492897 -36.10992804 -74.82070093 -30.95905240 -36.00659304 -106.07242401 -36.68095933 -35.90810489
-31.07311450 -35.73500028 -32.08506030 -0.76282516 -29.72702243 -36.00752108 -74.68779463 -30.98673605 -35.89745227 -105.83856833 -36.53625120 -35.80591363
-31.02517327 -35.61642495 -32.02719468 -0.71541631 -30.05740407 -35.90578212 -74.55219275 -30.30988544 -35.79307226 -105.60034499 -36.39293964 -35.70281056
-30.97575891 -35.49983810 -31.96861810 -0.66750718 -29.98778293 -35.80480164 -74.42039461 -30.20038471 -35.68366105 -105.36421263 -36.23861118 -35.60118609
-30.93122798 -35.38678266 -31.91106275 -0.61870261 -29.89307041 -35.70482543 -74.28265121 -30.00283261 -35.57408669 -105.12737714 -35.84992419 -35.50183245
-30.88616824 -35.27458304 -31.85355079 -0.57018503 -29.70989940 -35.60566994 -74.14370736 -29.80855632 -35.46453826 -104.88434406 -35.69919137 -35.39845867
-30.83861207 -35.15968947 -31.79483109 -0.52084216 -29.36090462 -35.50343011 -74.00636899 -29.61526798 -35.35467811 -104.64207466 -35.55045728 -35.29631113
-30.79030234 -35.04245088 -31.73518580 -0.47142690 -29.33483308 -35.40108857 -73.86678537 -29.15977372 -35.24722427 -104.39995170 -35.40442069 -35.19561100
-30.74277464 -34.92658371 -31.67653883 -0.41730715 -29.15730853 -35.29843021 -73.72403071 -28.98639539 -35.13995362 -104.17544266 -34.31358659 -35.11266675
-30.69518239 -34.81107987 -31.61937651 -0.36026782 -28.97994018 -35.19735355 -73.57881082 -28.79445092 -35.03546131 -103.95829826 -32.66623374 -35.04837623
-30.64674301 -34.69633955 -31.55913068 -0.30200929 -28.80317386 -35.09542816 -73.44047698 -28.60609613 -34.92882815 -103.72525953 -32.62671236 -34.95818059
-30.59764594 -34.58139688 -31.50504624 -0.23885807 -28.62257220 -34.80620963 -73.29356902 -28.41887625 -34.82709401 -103.47687900 -32.67702413 -34.86181636
-30.55457716 -34.46835631 -31.44150079 -0.12753140 -28.44560810 -34.70744576 -73.12477893 -28.22830109 -34.71982821 -103.14785656 -32.55114419 -34.76334558
-30.52362004 -34.16437573 -31.38777901 0.08864641 -28.26541422 -34.61797044 -72.69325079 -28.02247710 -34.42366403 -102.51091968 -31.51535934 -34.68754885
-30.50094090 -34.05781242 -31.33035315 0.61297327 -28.08358069 -34.52035303 -71.52119206 -27.80669280 -34.32399800 -100.97683797 -30.03928821 -34.61784597
-30.46951730 -33.94183085 -31.26791774 0.86524490 -27.90450237 -34.42216171 -70.94178631 -27.61408454 -34.22122925 -100.18477230 -30.22403056 -34.52712406
-30.45627001 -33.82710189 -31.20643274 1.11557216 -27.72050860 -34.32348607 -70.17765587 -27.41917683 -34.11799109 -99.26525132 -30.16023763 -34.43130078
-30.52998506 -30.61676108 -31.21508387 1.47405766 -27.51051077 -33.84117553 -68.80146424 -27.22626890 -34.02756251 -97.78404190 -30.04959980 -34.33472558
-30.51569499 -30.91964259 -31.18272770 1.59611808 -27.31000337 -33.08228428 -67.84920409 -27.00904745 -30.22100128 -96.90441553 -29.93747101 -34.26946648
-30.52435453 -31.19257532 -31.13430447 1.73245041 -27.11361408 -33.04186042 -66.25154217 -26.81563299 -30.57228526 -95.59044101 -29.83094106 -34.00236029
-30.52613738 -31.45786909 -31.08289617 1.79452534 -26.92239077 -32.91194655 -64.89411701 -26.62355323 -30.87574657 -94.53182137 -29.72205520 -33.91411110
-30.50053831 -31.45324545 -31.05289271 1.69555110 -26.72639320 -31.76199230 -64.69178392 -26.40983394 -29.84344315 -94.45361059 -29.61099610 -33.83339430
-30.47482408 -31.35232529 -30.99672781 1.55426808 -26.53904493 -31.85291885 -64.63209484 -26.21317489 -28.69219276 -94.52534826 -29.49957301 -33.75164635
-30.41472339 -31.24645906 -30.99488799 1.37877143 -26.33497999 -28.40739240 -64.86123442 -26.00830017 -29.15299495 -94.82210060 -29.39886827 -30.21481018
-30.38540373 -30.96159670 -30.93776282 1.24847846 -26.14636477 -28.78373367 -65.07985449 -25.79224510 -29.46685336 -95.07863738 -29.28966990 -30.48729359
-30.34948657 -30.86396970 -30.87758430 1.22613567 -25.95519254 -29.08514439 -65.02207507 -25.52492760 -29.66037108 -95.00026034 -29.17951023 -30.73925197
-30.30573499 -30.76469727 -30.81672989 1.20716724 -25.73371170 -29.39890400 -65.37560195 -23.67286162 -29.59096357 -95.18819889 -29.06867180 -31.00742529
-30.25846632 -30.66686139 -30.75260807 1.23971252 -25.54147345 -29.70756879 -65.99389647 -23.24795303 -29.50274511 -95.24732806 -28.95897733 -31.28618105
-30.21028252 -30.56944138 -30.68834389 1.45870501 -25.35212935 -29.82270068 -66.73093304 -22.96556989 -29.41385310 -95.06480403 -28.84870349 -31.54116589
-30.15955419 -30.47206167 -30.62370370 1.81304317 -25.17040068 -29.74033530 -67.34802130 -22.85515270 -29.32591545 -94.32304692 -28.73794095 -31.10741689
-29.33666823 -0.00000000 -27.53109490 3.52304194 -21.11690657 -29.33202051 -67.80078450 -23.03751116 -29.09544146 -90.59096158 -28.57301921 -27.93508746
-29.55595932 -0.00000000 -27.58052928 3.71937939 -20.04598346 -29.59037013 -67.43202516 -22.95274028 -29.17788591 -89.51133884 -28.45773068 -28.24268876
-30.05027417 0.00000000 -24.74765981 3.47335466 -18.78159130 -29.52517376 -66.26631742 -22.88586228 -29.10094711 -87.78263210 -28.33862926 -28.58462835
