0.00000000 0.00000000 0.00000000 0.00000000 0.00000000 0.00000000 0.00000000 0.00000000 0.00000000 0.00000000 0.00000000 0.00000000
3.09245264 -20.73012355 -29.67943989 2.48119554 -0.27496835 -9.60444071 2.44862551 -0.30019553 -9.62431490 3.00745770 -21.39124432 -30.31258296
1.00191670 -38.34277688 -46.31651536 0.23082105 -2.84519215 -11.26685553 0.18870436 -2.87041340 -11.28560111 0.91826227 -38.96614909 -46.91127776
-1.06210867 -54.99677210 -61.79656080 -2.05379120 -5.43565989 -12.72915915 -2.09700905 -5.46116898 -12.74758130 -1.12316777 -55.58155584 -62.36302402
-2.67190052 -70.52145838 -76.23103732 -4.24416671 -8.06046609 -14.07006624 -4.29817613 -8.08638266 -14.08936844 -2.70075805 -71.05835380 -76.76862728
-3.74105066 -84.74443827 -89.65348057 -6.32997460 -10.74384543 -15.32745155 -6.40934058 -10.77020571 -15.34687123 -3.75296890 -85.22844050 -90.15489832
-4.64023511 -97.67679219 -102.03359595 -8.18305472 -13.45947119 -16.55815280 -8.29607111 -13.48754984 -16.57867774 -4.63840342 -98.10672441 -102.49304196
-5.43657104 -109.37387462 -113.31008498 -9.85072676 -15.97213031 -17.74787933 -10.00217398 -16.00348105 -17.76683439 -5.42148637 -109.82096556 -113.79816299
-6.15020509 -119.91408368 -123.47933502 -11.36706640 -18.22175705 -18.93642387 -11.55783179 -18.25348165 -18.95204332 -6.12543526 -120.38557248 -123.99712514
-6.87476145 -129.32083482 -132.51187102 -12.77642848 -20.24986214 -20.13410354 -12.98707450 -20.28007250 -20.14878610 -6.84351661 -129.74026364 -132.97122864
-7.65242381 -137.52071784 -140.28896896 -14.13185113 -22.10989709 -21.33685846 -14.35581719 -22.13815306 -21.34988490 -7.61945569 -137.85904321 -140.65683687
-8.51373373 -144.41830337 -146.68484918 -15.48266311 -23.84164998 -22.53306701 -15.72094007 -23.86769409 -22.54431521 -8.47848439 -144.67395122 -146.95871390
-9.48319032 -149.88297285 -151.51011183 -16.84976871 -25.50007289 -23.76373526 -17.07160668 -25.52456851 -23.77363251 -9.44419307 -150.05838986 -151.68842459
-10.58022874 -153.72056555 -154.59612992 -18.28088251 -27.13362473 -24.98719555 -18.49209533 -27.15561285 -24.99598854 -10.53836565 -153.81864183 -154.68597594
-12.00761022 -154.16637343 -152.80958255 -19.95803324 -28.80178827 -26.38362771 -20.16523547 -28.82206322 -26.39162010 -11.96888834 -154.07236761 -152.69767568
-13.74820354 -150.11806496 -148.45908952 -21.83233216 -30.52493165 -27.91925770 -22.02079000 -30.54039116 -27.92510617 -13.69649683 -150.05210473 -148.37976179
-15.48950500 -145.93398079 -144.06311472 -23.69099255 -32.16608334 -29.44382071 -23.86085815 -32.17734103 -29.44745917 -15.42601011 -145.89939429 -144.01733260
-17.22991799 -141.71353398 -139.63695468 -25.52771270 -33.74707969 -30.95047680 -25.67852590 -33.75439393 -30.95201381 -17.15382067 -141.70996314 -139.62362406
-18.95754470 -137.47678635 -135.20017544 -27.32633016 -35.28647993 -32.43828956 -27.47811890 -35.29412077 -32.44107433 -18.88734525 -137.46366106 -135.17703749
-20.68444386 -133.19206202 -130.72297109 -29.10505584 -36.78503273 -33.90680016 -29.25289790 -36.79122180 -33.90928050 -20.61155886 -133.18738553 -130.70872601
-22.36791196 -128.82368818 -126.16794562 -30.87736541 -38.22155887 -35.35112982 -31.00444768 -38.22063842 -35.34620160 -22.26849568 -128.90129523 -126.23815486
-24.01598152 -124.36294688 -121.52406236 -32.64352525 -39.61498992 -36.76416984 -32.73173809 -39.60004761 -36.74787044 -23.86146423 -124.61857008 -121.77847721
-25.08517903 -119.80868331 -116.76633719 -34.00533870 -40.97114721 -38.17115893 -34.14671234 -40.93757185 -38.13484266 -24.88079651 -120.33076163 -117.29692116
-25.91857801 -115.22200778 -111.97127195 -34.73217003 -42.28290774 -39.56782400 -34.83838910 -42.23490712 -39.51749029 -25.67813460 -115.95853375 -112.72418674
-26.78969385 -110.12872953 -106.57362866 -35.50628089 -43.58511826 -40.49413282 -35.53291974 -43.50482172 -40.45915583 -26.47070460 -111.47652139 -108.04524620
-27.68863174 -104.20701362 -100.58893482 -36.28509033 -44.87810203 -40.84623712 -36.22218633 -44.76551440 -40.84009784 -27.29029382 -106.30623395 -102.67548064
-28.59793243 -98.13663154 -94.37436928 -36.99664943 -46.13990189 -40.88992245 -36.84968504 -45.99971081 -40.88015377 -28.12540392 -100.81997092 -97.08909124
-29.44043788 -91.55637448 -87.55370638 -37.29384455 -47.10871901 -40.91005857 -37.14977906 -47.03417156 -40.89524107 -28.95631921 -95.37251386 -91.49825411
-30.20411122 -84.86603596 -80.62533031 -37.42213555 -47.61282322 -40.90621544 -37.22139799 -47.52743772 -40.89603069 -29.72350941 -89.45540014 -85.36626484
-30.70971774 -78.13062688 -73.65519393 -37.53487351 -48.04705728 -40.89288791 -37.28536292 -47.99108779 -40.87634950 -30.35912390 -83.52396475 -79.22492088
-31.13101339 -71.35227447 -66.65207406 -37.63510645 -48.11337672 -40.86538144 -37.32790384 -48.12818260 -40.84229543 -30.76158614 -77.53622401 -73.02337554
-31.54589246 -64.53271009 -59.61569083 -37.72086247 -48.04816102 -40.82495036 -37.33778178 -48.06950330 -40.79278631 -31.15638082 -71.52151162 -66.80387425
-31.94829888 -57.68508806 -52.55339350 -37.79192139 -47.96151623 -40.77633505 -37.33936388 -47.98913964 -40.73589082 -31.54139670 -65.49231355 -60.57676166
-32.33897281 -50.80680425 -45.46919987 -37.83378283 -47.86120380 -40.71928936 -37.32567091 -47.89547637 -40.67219448 -31.91548189 -59.45326604 -54.34659365
-32.69641748 -44.15021453 -40.43975611 -37.86948909 -47.75038255 -40.65911471 -37.33216656 -47.79052273 -40.62138042 -32.27573746 -53.23471869 -47.94574348
-32.77032313 -43.91638734 -40.41167986 -37.57363584 -47.65086054 -40.61400932 -37.70905042 -47.65802229 -40.64399934 -32.71424582 -43.92787794 -40.46708457
-32.80898808 -43.83001568 -40.41989631 -37.56299724 -47.53253043 -40.57834677 -37.69289837 -47.53803034 -40.59448671 -32.74006258 -43.83821391 -40.44747140
-32.84016035 -43.73832776 -40.39214869 -37.53245812 -47.40558037 -40.52539803 -37.66164838 -47.41058553 -40.54001800 -32.76473867 -43.74512293 -40.41943420
-32.86374825 -43.64131741 -40.35502677 -37.49601581 -47.25820856 -40.46639254 -37.62695957 -47.26346099 -40.47833161 -32.78819188 -43.64770873 -40.38336217
-32.88561053 -43.53946222 -40.30959560 -37.45447707 -47.09726181 -40.39917577 -37.58554882 -47.10231592 -40.41105503 -32.81018717 -43.54580184 -40.33765261
-32.90620059 -43.43317260 -40.25541343 -37.41092136 -46.92892177 -40.32655719 -37.54147260 -46.93391719 -40.33854336 -32.83090736 -43.43942342 -40.28377289
-32.92524005 -43.32294619 -40.19602328 -37.36408438 -46.75293626 -40.24931713 -37.49405619 -46.75795318 -40.26132183 -32.85000408 -43.32906355 -40.22444757
-32.94261732 -43.20894724 -40.13222777 -37.31473933 -46.56914195 -40.16764597 -37.44241777 -46.57439593 -40.17971724 -32.86750573 -43.21499235 -40.16101826
-32.95818648 -43.09149629 -40.06494652 -37.26233315 -46.37800847 -40.08190398 -37.38867742 -46.38341782 -40.09398237 -32.88321973 -43.09737508 -40.09378001
-32.97186977 -42.96991931 -39.99341076 -37.20694185 -46.18502805 -39.99195410 -37.33136773 -46.19037618 -40.00408008 -32.89646396 -42.97568314 -40.02256359
-32.98177879 -42.84441671 -39.91872379 -37.14680208 -45.99084009 -39.89822070 -37.27097891 -45.99620179 -39.91040686 -32.90621227 -42.85020267 -39.94805384
-32.98949350 -42.71631404 -39.84018067 -37.08379037 -45.79575543 -39.80081579 -37.20620635 -45.80109489 -39.81306713 -32.91398104 -42.72210516 -39.86981300
-32.99508570 -42.58601674 -39.75886715 -37.01899153 -45.59997861 -39.69962039 -37.14081807 -45.60526978 -39.71189942 -32.91978183 -42.59163944 -39.78855110
-32.99879963 -42.45347330 -39.67346958 -36.94944578 -45.40360448 -39.59400547 -37.07225067 -45.40886808 -39.60626791 -32.92369785 -42.45902190 -39.70337328
-33.00049939 -42.31911685 -39.58539697 -36.87868369 -45.20682603 -39.48406376 -37.00029953 -45.21203329 -39.49627947 -32.92556632 -42.32452878 -39.61532767
-33.00015904 -42.18303703 -39.49460393 -36.80596107 -45.00989875 -39.37163729 -36.92712605 -45.01502054 -39.38383354 -32.92541695 -42.18833037 -39.52473605
-32.99774486 -42.04549753 -39.40179688 -36.73135107 -44.81295643 -39.25723852 -36.85180279 -44.81802407 -39.26939922 -32.92317905 -42.05068605 -39.43190124
-32.99312305 -41.90657741 -39.30704793 -36.65509620 -44.61614496 -39.14112276 -36.77488625 -44.62117637 -39.15325195 -32.91878250 -41.91171732 -39.33718331
-32.98632621 -41.76660875 -39.21053679 -36.57727793 -44.41959062 -39.02343647 -36.69619744 -44.42457563 -39.03551527 -32.91221529 -41.77162306 -39.24067534
-32.97737036 -41.62575244 -39.11244990 -36.49779412 -44.22338237 -38.90448218 -36.61606845 -44.22833751 -38.91653039 -32.90349779 -41.63070905 -39.14256359
-32.96624851 -41.48420043 -39.01299669 -36.41714333 -44.02763730 -38.78469569 -36.53463890 -44.03256290 -38.79671107 -32.89262915 -41.48909421 -39.04307833
-32.95297611 -41.34208536 -38.91228567 -36.33509220 -43.83243442 -38.66418169 -36.45203197 -43.83733632 -38.67616344 -32.87961102 -41.34693358 -38.94232927
-32.93755884 -41.19955114 -38.81042003 -36.25204996 -43.63784440 -38.54304103 -36.36836655 -43.64272565 -38.55498839 -32.86443428 -41.20436775 -38.84042045
-32.92000153 -41.05669899 -38.70748766 -36.16807722 -43.44393252 -38.42137102 -36.28377691 -43.44879237 -38.43328068 -32.84713739 -41.06150018 -38.73744514
-32.90028848 -40.91367702 -38.60356265 -36.08336604 -43.24594397 -38.29933918 -36.19853019 -43.25033488 -38.31120478 -32.82768808 -40.91840826 -38.63342806
-32.87853441 -40.77091970 -38.49858661 -35.99873302 -43.02177271 -38.17741781 -36.11333480 -43.02459009 -38.18927840 -32.80627132 -40.77564593 -38.52839728
-32.85494866 -40.62850640 -38.39260239 -35.91409463 -42.77940343 -38.05542037 -36.02822557 -42.78114757 -38.06723064 -32.78299327 -40.63314147 -38.42229065
-32.82936134 -40.48640786 -38.28591648 -35.82931791 -42.52982842 -37.93333909 -35.94291512 -42.53138898 -37.94510069 -32.75773949 -40.49097430 -38.31548944
-32.80173832 -40.34450764 -38.17866853 -35.74426485 -42.28023196 -37.81114764 -35.85722854 -42.28162102 -37.82285913 -32.73053932 -40.34902860 -38.20812603
-32.77223640 -40.20296737 -38.07085441 -35.65921011 -42.02011619 -37.68899241 -35.77179887 -42.02050068 -37.70067352 -32.70146816 -40.20737050 -38.10012916
-32.74108862 -40.06186717 -37.96241993 -35.57460781 -41.74358640 -37.56699452 -35.68684823 -41.74362759 -37.57860177 -32.67073884 -40.06608257 -37.99145681
-32.70803410 -39.92103475 -37.85356406 -35.49013607 -41.46642862 -37.44506375 -35.60168952 -41.46621177 -37.45662914 -32.63816270 -39.92524411 -37.88249861
-32.67323736 -39.78069424 -37.74447613 -35.40572175 -41.18867499 -37.32328378 -35.51660436 -41.18816687 -37.33479403 -32.60385166 -39.78484341 -37.77326173
-32.63676472 -39.64087984 -37.63520863 -35.32145709 -40.91026443 -37.20170134 -35.43165621 -40.90945488 -37.21314967 -32.56791849 -39.64498185 -37.66383251
-32.59868313 -39.50163085 -37.52581986 -35.23743678 -40.63111465 -37.08036194 -35.34689921 -40.62999393 -37.09174742 -32.53041958 -39.50569982 -37.55428172
-32.55910729 -39.36300055 -37.41638049 -35.15367065 -40.35111794 -36.95931408 -35.26245015 -40.34965435 -36.97062955 -32.49139882 -39.36701803 -37.44465529
-32.51811175 -39.22501305 -37.30693196 -35.07024906 -40.07010681 -36.83859564 -35.17834480 -40.06827377 -36.84984104 -32.45092055 -39.22898138 -37.33501480
-32.47577963 -39.08770258 -37.19753513 -34.98714794 -39.78786880 -36.71825056 -35.09472812 -39.78563154 -36.72941674 -32.40904105 -39.09161836 -37.22539598
-32.45924659 -38.95811122 -37.05655130 -34.94144395 -34.20873107 -36.60421533 -35.04845739 -34.21328280 -36.61529456 -32.39272790 -38.96199377 -37.08434815
-32.40892869 -38.82353635 -36.95246899 -34.85621066 -34.66978141 -36.48864386 -34.96260154 -34.67249274 -36.49965659 -32.34300979 -38.82746522 -36.98011635
-32.36037545 -38.68843610 -36.84546713 -34.77428005 -34.67125728 -36.37034707 -34.87981714 -34.67322919 -36.38136360 -32.29515841 -38.69255287 -36.87305819
-32.31139647 -38.55442028 -36.73800709 -34.69374498 -34.63623328 -36.25267444 -34.79868529 -34.63794418 -36.26360660 -32.24685377 -38.55854005 -36.76541094
-32.26141444 -38.42103596 -36.63082468 -34.61350847 -34.61682143 -36.13531215 -34.71795974 -34.61890187 -36.14613058 -32.19753953 -38.42506547 -36.65796328
-32.24567901 -38.29103133 -36.48412387 -34.59524083 -29.13437034 -36.00349739 -34.69989173 -29.14141666 -36.01436379 -32.18199321 -38.29504561 -36.51147142
-32.19005231 -38.16002818 -36.38139102 -34.51350669 -29.73600475 -35.89015217 -34.61767454 -29.74153789 -35.90060391 -32.12708683 -38.16397934 -36.40850625
-32.13502785 -38.02996912 -36.27725511 -34.43417144 -30.01107500 -35.77766258 -34.53786301 -30.01537702 -35.78717760 -32.07286922 -38.03388076 -36.30415791
-32.07936911 -37.90047407 -36.17337479 -34.35545226 -30.26887713 -35.66553021 -34.45852544 -30.27303949 -35.67413645 -32.01804880 -37.90440892 -36.20011160
-32.02622132 -37.77207655 -36.06598417 -34.28117786 -29.79477985 -35.55416740 -34.38373743 -29.79714421 -35.56169517 -31.96576957 -37.77598599 -36.09251993
-31.96963816 -37.64384038 -35.96254881 -34.20368037 -30.00810786 -35.44276386 -34.30574828 -30.00958000 -35.44940034 -31.90998124 -37.64774058 -35.98887626
-31.91347766 -37.51490509 -35.85865589 -34.12463412 -30.03659072 -35.32970905 -34.22605475 -30.03587753 -35.33568458 -31.85463667 -37.51875690 -35.88471806
-31.85928525 -37.38325654 -35.75304287 -34.04963583 -29.72288611 -35.21594530 -34.15043783 -29.72136928 -35.22131035 -31.80132066 -37.38669840 -35.77890802
-31.80521030 -37.24418875 -35.64776446 -33.97568450 -29.38025249 -35.10270746 -34.07591884 -29.37758751 -35.10745462 -31.74802021 -37.24761915 -35.67334444
-31.74928382 -37.10597325 -35.54458876 -33.89839644 -29.29660057 -34.98984096 -33.99783571 -29.29266206 -34.99408348 -31.69296795 -37.10943894 -35.56991497
-31.69345560 -36.96764627 -35.44130092 -33.82091773 -29.10384498 -34.87597852 -33.91945688 -29.09975600 -34.87989105 -31.63802861 -36.97120226 -35.46638060
-31.63742296 -36.82994461 -35.33837415 -33.74388110 -28.91114933 -34.76253761 -33.84162802 -28.90689144 -34.76610944 -31.58281261 -36.83342707 -35.36311381
-31.58115432 -36.69291712 -35.23586828 -33.66737148 -28.71842332 -34.64955179 -33.76426427 -28.71400548 -34.65279897 -31.52736954 -36.69635695 -35.26029339
-31.52469800 -36.55657561 -35.13380094 -33.59135894 -28.52569656 -34.53701955 -33.68737873 -28.52111459 -34.53994902 -31.47173630 -36.55997195 -35.15790704
-31.50822031 -35.01418252 -35.04140466 -33.52050029 -28.31313116 -34.42389984 -33.61332826 -28.30846381 -34.42651588 -31.45754313 -35.01740067 -35.06438049
-31.50123312 -33.24366714 -34.95462348 -33.44803218 -28.11384359 -34.30883864 -33.53718955 -28.10913850 -34.31126204 -31.45322151 -33.24575079 -34.97620618
-31.44494865 -33.42293833 -34.86004947 -33.37333144 -27.92044317 -34.19882298 -33.46168004 -27.91557642 -34.20086857 -31.39773382 -33.42532448 -34.88123941
-31.38887646 -33.59096556 -34.76581054 -33.29909740 -27.72701611 -34.08918679 -33.38651939 -27.72199437 -34.09087991 -31.34251434 -33.59286448 -34.78665086
-31.38919499 -33.64327409 -34.64820425 -30.20683019 -27.51129301 -33.96951215 -30.14628200 -27.50221087 -33.97225836 -31.32104606 -33.64334424 -34.67766776
-31.33869650 -33.53064666 -34.54738351 -30.31359779 -27.31362907 -33.85923012 -30.21439079 -27.30345572 -33.86186715 -31.26705002 -33.52988777 -34.57817515
-31.28925750 -33.41461237 -34.44682615 -30.35590116 -27.11509826 -33.74918895 -30.22006363 -27.10369076 -33.75175774 -31.21407396 -33.41314045 -34.47910446
-31.23930903 -33.29643831 -34.34535729 -30.35730792 -26.91514887 -33.63915941 -30.34662217 -26.90484308 -33.64261542 -31.16127265 -33.29853252 -34.38202498
-31.25136088 -29.46340843 -34.27610358 -30.63041229 -26.69033525 -33.52742789 -30.72618758 -26.68010770 -33.53085056 -31.17353952 -29.46257361 -34.31196647
-31.19709808 -29.76400692 -34.18395702 -30.99944333 -26.49145334 -33.42084590 -31.08348672 -26.48060570 -33.42403266 -31.11857782 -29.76355455 -34.22019442
-31.14232906 -29.99043123 -34.09140611 -31.15999798 -26.29228277 -33.31431365 -31.26725251 -26.28084708 -33.31725335 -31.06413205 -29.98900385 -34.12767281
-31.08724502 -30.19043822 -33.99918587 -31.09409484 -26.09270490 -33.20796727 -31.19995901 -26.08081829 -33.21057595 -31.01017579 -30.18820847 -34.03487049
-31.04891097 -30.37127659 -33.95457742 -31.02667579 -24.75265467 -24.99007475 -31.13042124 -24.72807109 -25.01515329 -30.97579689 -30.36735014 -33.98932596
-30.98927691 -30.45069117 -33.87283831 -30.96377690 -24.52443800 -25.72660243 -31.06581287 -24.49573381 -25.75156083 -30.91732334 -30.45090112 -33.90743631
-30.92701794 -30.34670549 -33.78791639 -30.89972490 -24.21414640 -26.45583644 -31.00111602 -24.17908870 -26.48148484 -30.85571217 -30.34659152 -33.82183857
-30.86536748 -30.24234787 -33.70255783 -30.83583782 -23.84870026 -27.17057841 -30.93682259 -23.80671918 -27.19699168 -30.79471736 -30.24181107 -33.73573938
-30.80406695 -30.13782581 -33.61714530 -30.77241436 -23.42547633 -27.84029767 -30.87243113 -23.37681244 -27.86742413 -30.73420473 -30.13701814 -33.64971281
-30.80630196 -30.05666568 -29.51524804 -28.11149585 -22.30157243 -28.26131930 -30.91692643 -22.18333926 -28.30525665 -30.65408991 -29.96852694 -26.15777288
-30.76316490 -30.01219218 -29.88686693 -28.34362806 -22.10054670 -28.48030955 -28.61057054 -22.05159579 -28.50974071 -30.59195517 -29.82200293 -26.62153824
-30.70838506 -29.91402675 -30.06033325 -28.61143000 -21.89744954 -28.51975912 -28.97024183 -21.81830226 -28.47385910 -30.52643649 -29.70453535 -27.32994790
-30.61880964 -29.72531835 -26.88358456 -29.11317441 -21.59818142 -28.40481889 -28.89970805 -21.55213580 -28.36248273 -30.49399278 -29.65787368 -27.37477033
-30.55050587 -29.59881040 -27.64931453 -29.10796523 -21.26378951 -28.30858790 -28.96820277 -21.20745442 -28.28499670 -30.45292128 -29.57665348 -28.10191405
-30.48792138 -29.48650731 -28.39193905 -29.12458459 -21.14532898 -28.21403187 -29.07253823 -21.14244262 -28.20582505 -30.39788229 -29.47260550 -28.82012916
-30.42418372 -29.37508914 -29.05346119 -29.06509665 -21.22106630 -28.11959120 -29.10478240 -21.20595053 -28.11349925 -30.34125211 -29.36732856 -29.42233593
-30.36611935 -29.26521482 -29.21309257 -29.01429025 -21.32256247 -28.02353848 -29.06219180 -21.30805650 -28.01755759 -30.28389536 -29.25707733 -29.38479775
-30.30883852 -29.15613335 -29.30984784 -28.95337415 -21.29180983 -27.92591260 -29.00002872 -21.26190297 -27.92124411 -30.22633484 -29.14617391 -29.30410364
-30.25085531 -29.04682559 -29.23150288 -28.89578932 -21.22647145 -27.82781104 -28.93622623 -21.19471772 -27.82492346 -30.16944968 -29.03614877 -29.22382391
-30.19247576 -28.93593511 -29.15188034 -28.83849185 -21.15904737 -27.72901294 -28.87012798 -21.12949617 -27.72763449 -30.11384112 -28.92746565 -29.14432600
-30.13469566 -28.82615801 -29.07286792 -28.77923817 -21.09877121 -27.63029727 -28.80476358 -21.06674370 -27.62930617 -30.05780353 -28.81793820 -29.06399509
-30.07762307 -28.71700874 -28.99406329 -28.71881264 -20.93266393 -27.53167094 -28.73968245 -20.88885960 -27.53079117 -30.00192643 -28.70796008 -28.98303028
-30.02030028 -28.60749991 -28.91483571 -28.65901646 -20.73524115 -27.43289556 -28.67185583 -20.68991607 -27.43234977 -29.94647933 -28.59864073 -28.90234302
-29.96413952 -28.49696653 -28.83559676 -28.59782829 -20.21765424 -27.33292726 -28.60018999 -20.16846727 -27.33251274 -29.89211034 -28.48764673 -28.82109220
-29.90739956 -28.38780045 -28.75652618 -28.53670895 -20.07584940 -27.23381685 -28.52808310 -20.02539979 -27.23345103 -29.83718797 -28.37789882 -28.73984769
-29.86072508 -28.14820157 -28.68177103 -28.45480766 -19.87153678 -27.13623406 -28.48237952 -19.69071512 -27.13141092 -29.78341705 -28.14633505 -28.65044869
-29.80025444 -28.06045128 -28.59671307 -28.40835690 -19.37052856 -27.03444739 -28.40154188 -19.36258340 -27.03371034 -29.73133922 -28.04733910 -28.57450980
-29.74249048 -27.95240613 -28.51693752 -28.34760495 -19.22496368 -26.93481653 -28.33317785 -19.17363339 -26.93486225 -29.67537379 -27.94099488 -28.49401947
-29.68594803 -27.84656709 -28.43835215 -28.28205635 -19.03820395 -26.83567125 -28.27515550 -18.98589709 -26.83516074 -29.61842426 -27.83215281 -28.41143275
-29.62900202 -27.73923779 -28.35885739 -28.21798161 -18.85171164 -26.73617152 -28.21462066 -18.79915590 -26.73568426 -29.56226978 -27.72410357 -28.32950832
-29.57206706 -27.63206933 -28.27928848 -28.15377080 -18.66581117 -26.63658464 -28.15038449 -18.61312756 -26.63612363 -29.50616028 -27.61619444 -28.24749247
-29.51513301 -27.52497367 -28.19961058 -28.08956047 -18.48045424 -26.53690352 -28.09017137 -18.42778094 -26.53649595 -29.45012650 -27.50847163 -28.16541187
-29.45824165 -27.41802410 -28.11987663 -28.02486786 -18.29564265 -26.43714686 -28.02829192 -18.24311941 -26.43678283 -29.39412169 -27.40086107 -28.08321942
