0.00000000
114.57975161
203.12411409
287.91926317
370.09804231
449.64855164
525.75033542
598.40327998
667.70256756
733.58628455
796.34688464
855.93039586
912.44788836
966.11663922
1016.77571486
1064.80151193
1110.14266583
1152.76318046
1192.69327923
1229.89838231
1264.31412693
1294.15581346
1321.02003100
1340.69701657
1356.71107438
1369.03528980
1380.30543249
1390.46230623
1399.48772328
1407.83531357
1415.88285311
1423.01789636
1429.19161818
1433.63879988
1437.02761701
1439.52195605
1440.89401342
1440.84155684
1439.50849889
1437.28780157
1433.44289786
1428.45249701
1422.68864132
1416.40089522
1408.87933455
1399.97434677
1390.78433703
1381.28667348
1370.78441562
1359.32097249
1346.55911585
1333.03106133
1319.11708422
1304.98751021
1291.90982456
1279.37084198
1266.70130022
1253.76036273
1240.67745772
1228.28490664
1217.76942258
1207.16172585
1196.42819501
1185.58099581
1174.91752981
1166.42929718
1161.73500871
1159.17448516
1156.44080349
1153.63631791
1150.78587988
1148.68518377
1147.38107157
1146.03688370
1144.67187267
1143.43659054
1142.72972303
1141.97899112
1141.19469407
1133.85138320
1133.99134558
1133.64802763
1130.14308763
1128.98196005
1128.06392886
1127.11607252
1126.14775487
1125.16502857
1124.16577517
1123.15010162
1122.10529922
1121.00299931
1120.13115287
1119.26041480
1118.38184717
1117.48673953
1116.57484069
1114.52618622
1105.88052392
1106.02771209
1106.55847509
1107.07856542
1107.58092537
1106.42435652
1107.02959610
1102.87480989
1102.33618862
1102.23569779
1100.30184840
1095.44998793
1089.48452222
1090.02621942
1090.58698230
1091.06269410
1091.46242894
1091.55805346
1091.01832542
1086.37238338
1084.74537202
1077.30316074
1069.14379428
1068.53184109
1066.69255428
1067.19953695
1061.14947665
1058.39781916
1059.05745253
1057.44571616
1057.98054338
1058.07382602
1058.33867726
1058.58176973
1058.77970232
1058.23421400
1057.88611203
1057.59022354
1056.73735878
1054.68922906
1030.86104809
1033.03598907
1033.70737732
1033.58205657
1033.52441808
1033.40865107
1033.31963988
903.30046353
906.84777839
910.29001355
912.66849916
915.57861266
917.95140929
912.14109509
814.34328953
829.16184153
835.73097972
826.20446532
829.75629931
832.09922743
831.55755186
830.88939932
831.00715603
831.79930922
832.23674136
832.85677894
833.01226014
832.50329753
832.06644313
830.35674427
828.88197456
823.09348782
821.33103665
