0.00000000
0.00102544
0.00202544
0.00302544
0.00402544
0.00502544
0.00602544
0.00702544
0.00802544
0.00902544
0.01002544
0.01102544
0.01202544
0.01302544
0.01402544
0.01502544
0.01602544
0.01702544
0.01802544
0.01902544
0.02002544
0.02102544
0.02202544
0.02302544
0.02402544
0.02502544
0.02602544
0.02702544
0.02802544
0.02902544
0.03002544
0.03102544
0.03202544
0.03302544
0.03402544
0.03502544
0.03602544
0.03702544
0.03802544
0.03902544
0.04002544
0.04052544
0.04152544
0.04252544
0.04352544
0.04452544
0.04552544
0.04652544
0.04752544
0.04852544
0.04952544
0.05052544
0.05152544
0.05252544
0.05352544
0.05452544
0.05552544
0.05652544
0.05752544
0.05852544
0.05952544
0.06052544
0.06152544
0.06252544
0.06352544
0.06452544
0.06552544
0.06652544
0.06752544
0.06852544
0.06952544
0.07052544
0.07152544
0.07252544
0.07352544
0.07452544
0.07552544
0.07652544
0.07752544
0.07852544
0.07952544
0.08052544
0.08152544
0.08252544
0.08352544
0.08452544
0.08552544
0.08652544
0.08752544
0.08802544
0.08902544
0.09002544
0.09102544
0.09202544
0.09302544
0.09402544
0.09502544
0.09602544
0.09702544
0.09802544
0.09902544
0.10002544
0.10102544
0.10202544
0.10302544
0.10402544
0.10502544
0.10602544
0.10702544
0.10802544
0.10902544
0.11002544
0.11102544
