0.00000000
0.00102936
0.00202936
0.00302936
0.00402936
0.00502936
0.00602936
0.00702936
0.00802936
0.00902936
0.01002936
0.01102936
0.01202936
0.01302936
0.01402936
0.01502936
0.01602936
0.01702936
0.01802936
0.01902936
0.02002936
0.02102936
0.02202936
0.02302936
0.02402936
0.02502936
0.02602936
0.02702936
0.02802936
0.02902936
0.03002936
0.03102936
0.03202936
0.03302936
0.03402936
0.03502936
0.03602936
0.03702936
0.03802936
0.03902936
0.04002936
0.04102936
0.04202936
0.04302936
0.04402936
0.04502936
0.04602936
0.04702936
0.04802936
0.04902936
0.05002936
0.05102936
0.05202936
0.05302936
0.05402936
0.05502936
0.05602936
0.05702936
0.05802936
0.05902936
0.06002936
0.06102936
0.06202936
0.06302936
0.06402936
0.06502936
0.06602936
0.06702936
0.06802936
0.06902936
0.07002936
0.07102936
0.07202936
0.07302936
0.07402936
0.07502936
0.07602936
0.07702936
0.07802936
0.07902936
0.08002936
0.08102936
0.08202936
0.08302936
0.08402936
0.08502936
0.08602936
0.08702936
0.08802936
0.08902936
0.09002936
0.09102936
0.09202936
0.09302936
0.09402936
0.09502936
0.09602936
0.09702936
0.09802936
0.09902936
0.10002936
0.10102936
0.10202936
0.10302936
0.10402936
0.10502936
0.10602936
0.10702936
