0.00000000 0.00000000 0.00000000
0.00034528 0.00074955 0.00105302
0.00069661 0.00149560 0.00205302
0.00104991 0.00224613 0.00305302
0.00140159 0.00299691 0.00405302
0.00175408 0.00374950 0.00505302
0.00211007 0.00450488 0.00605302
0.00247248 0.00526511 0.00705302
0.00284134 0.00603069 0.00805302
0.00321713 0.00680241 0.00905302
0.00359821 0.00757973 0.01005302
0.00398335 0.00836222 0.01105302
0.00437223 0.00915010 0.01205302
0.00476384 0.00994275 0.01305302
0.00515695 0.01073913 0.01405302
0.00555158 0.01154052 0.01505302
0.00594936 0.01234710 0.01605302
0.00634975 0.01316027 0.01705302
0.00675206 0.01397960 0.01805302
0.00715757 0.01480527 0.01905302
0.00756432 0.01563792 0.02005302
0.00797075 0.01648310 0.02105302
0.00838127 0.01733686 0.02205302
0.00876442 0.01820959 0.02305302
0.00916844 0.01909701 0.02405302
0.00960434 0.02000082 0.02505302
0.01003560 0.02090720 0.02605302
0.01046727 0.02181712 0.02705302
0.01091048 0.02273225 0.02805302
0.01135856 0.02364981 0.02905302
0.01181067 0.02456815 0.03005302
0.01227110 0.02549026 0.03105302
0.01272847 0.02641616 0.03205302
0.01319954 0.02735047 0.03305302
0.01367837 0.02828991 0.03405302
0.01417347 0.02923498 0.03505302
0.01468896 0.03018617 0.03605302
0.01520903 0.03114404 0.03705302
0.01571991 0.03210829 0.03805302
0.01622618 0.03307988 0.03905302
0.01674175 0.03406247 0.04005302
0.01725353 0.03505103 0.04105302
0.01776348 0.03604330 0.04205302
0.01827793 0.03703824 0.04305302
0.01880286 0.03803893 0.04405302
0.01934787 0.03904647 0.04505302
0.01989814 0.04005550 0.04605302
0.02046517 0.04106822 0.04705302
0.02102949 0.04208528 0.04805302
0.02161616 0.04310764 0.04905302
0.02223047 0.04413616 0.05005302
0.02283051 0.04516827 0.05105302
0.02343430 0.04620282 0.05205302
0.02403599 0.04723895 0.05305302
0.02453679 0.04827037 0.05405302
0.02498459 0.04929939 0.05505302
0.02542834 0.05032915 0.05605302
0.02584732 0.05136048 0.05705302
0.02625259 0.05239268 0.05805302
0.02660835 0.05342240 0.05905302
0.02703837 0.05444837 0.06005302
0.02747686 0.05547493 0.06105302
0.02790775 0.05650193 0.06205302
0.02833201 0.05752963 0.06305302
0.02877163 0.05855716 0.06405302
0.02936323 0.05958098 0.06505302
0.02988469 0.06059272 0.06605302
0.03041434 0.06159627 0.06705302
0.03093767 0.06259995 0.06805302
0.03146111 0.06360380 0.06905302
0.03198487 0.06460782 0.07005302
0.03248207 0.06560947 0.07105302
0.03295239 0.06660852 0.07205302
0.03342289 0.06760754 0.07305302
0.03389262 0.06860664 0.07405302
0.03436677 0.06960517 0.07505302
0.03485923 0.07060133 0.07605302
0.03535174 0.07159764 0.07705302
0.03584499 0.07259400 0.07805302
0.03656587 0.07358737 0.07905302
0.03703171 0.07457900 0.08005302
0.03750718 0.07557302 0.08105302
0.03812193 0.07657589 0.08205302
0.03862707 0.07757295 0.08305302
0.03912003 0.07856961 0.08405302
0.03961114 0.07956647 0.08505302
0.04010138 0.08056347 0.08605302
0.04059116 0.08156054 0.08705302
0.04108035 0.08255770 0.08805302
0.04156887 0.08355495 0.08905302
0.04205605 0.08455220 0.09005302
0.04254162 0.08554996 0.09105302
0.04303890 0.08654655 0.09205302
0.04353659 0.08754307 0.09305302
0.04403409 0.08853956 0.09405302
0.04453141 0.08953580 0.09505302
0.04502894 0.09053204 0.09605302
0.04556120 0.09152315 0.09705302
0.04629839 0.09250640 0.09805302
0.04678035 0.09349816 0.09905302
0.04727340 0.09448849 0.10005302
0.04776619 0.09547892 0.10105302
0.04825907 0.09646942 0.10205302
0.04881539 0.09747301 0.10305302
0.04930713 0.09846845 0.10405302
0.04999474 0.09947818 0.10505302
0.05052001 0.10047133 0.10605302
0.05103178 0.10146548 0.10705302
0.05161828 0.10246256 0.10805302
0.05238359 0.10346470 0.10905302
0.05311552 0.10448945 0.11005302
0.05362826 0.10548796 0.11105302
0.05413261 0.10648632 0.11205302
0.05462894 0.10748451 0.11305302
0.05512761 0.10848279 0.11405302
0.05563477 0.10948192 0.11505302
0.05616353 0.11048299 0.11605302
0.05682622 0.11148063 0.11705302
0.05738866 0.11247461 0.11805302
0.05812066 0.11345610 0.11905302
0.05892332 0.11445646 0.12005302
0.05949031 0.11545161 0.12105302
0.06012544 0.11645720 0.12205302
0.06062857 0.11745286 0.12305302
0.06137371 0.11844764 0.12405302
0.06199708 0.11944663 0.12505302
0.06247697 0.12044007 0.12605302
0.06303878 0.12143306 0.12705302
0.06352144 0.12242516 0.12805302
0.06402038 0.12341583 0.12905302
0.06451016 0.12440398 0.13005302
0.06500044 0.12539201 0.13105302
0.06549192 0.12637999 0.13205302
0.06601410 0.12736436 0.13305302
0.06652487 0.12835199 0.13405302
0.06703140 0.12933854 0.13505302
0.06755769 0.13032447 0.13605302
0.06812569 0.13130894 0.13705302
0.06918461 0.13231024 0.13805302
0.06978042 0.13327300 0.13905302
0.07029017 0.13426167 0.14005302
0.07080676 0.13525425 0.14105302
0.07131474 0.13624680 0.14205302
0.07182186 0.13724006 0.14305302
0.07232938 0.13822921 0.14405302
0.07497970 0.13966985 0.14505302
0.07560661 0.14063940 0.14605302
0.07622230 0.14160948 0.14705302
0.07681552 0.14258886 0.14805302
0.07742789 0.14356162 0.14905302
0.07802786 0.14453953 0.15005302
0.07902608 0.14554854 0.15105302
0.07958796 0.14652147 0.15205302
0.08073836 0.14666858 0.15205402
0.08131489 0.14676910 0.15206402
0.08158584 0.14690020 0.15216402
0.08210968 0.14719379 0.15241402
0.08266962 0.14770867 0.15291402
0.08363192 0.14870590 0.15391402
0.08456385 0.14970436 0.15491402
0.08542828 0.15068217 0.15591402
0.08626383 0.15165293 0.15691402
0.08710085 0.15262363 0.15791402
0.08792313 0.15359317 0.15891402
0.08874227 0.15456311 0.15991402
0.08960937 0.15554283 0.16091402
0.09044318 0.15652069 0.16191402
0.09135908 0.15750928 0.16291402
0.09226363 0.15849773 0.16391402
0.09327477 0.15948130 0.16491402
0.09416755 0.16045389 0.16591402
