0.00000000 0.00000000 0.00000000
0.00034625 0.00073771 0.00102936
0.00072455 0.00150093 0.00202936
0.00110305 0.00226556 0.00302936
0.00148284 0.00303257 0.00402936
0.00186691 0.00380303 0.00502936
0.00225877 0.00458045 0.00602936
0.00266069 0.00536574 0.00702936
0.00307166 0.00615850 0.00802936
0.00348772 0.00695523 0.00902936
0.00391140 0.00776034 0.01002936
0.00434174 0.00857196 0.01102936
0.00477839 0.00938999 0.01202936
0.00522035 0.01021413 0.01302936
0.00566874 0.01104509 0.01402936
0.00612459 0.01188328 0.01502936
0.00658758 0.01272884 0.01602936
0.00705866 0.01358214 0.01702936
0.00754196 0.01444403 0.01802936
0.00803782 0.01531476 0.01902936
0.00855802 0.01619783 0.02002936
0.00920391 0.01712073 0.02102936
0.00992264 0.01806722 0.02202936
0.01064960 0.01901759 0.02302936
0.01138935 0.01997284 0.02402936
0.01216072 0.02093733 0.02502936
0.01290505 0.02190567 0.02602936
0.01366293 0.02288151 0.02702936
0.01445726 0.02386599 0.02802936
0.01528215 0.02485807 0.02902936
0.01617460 0.02585810 0.03002936
0.01716762 0.02686944 0.03102936
0.01821714 0.02789351 0.03202936
0.01928440 0.02892271 0.03302936
0.02039154 0.02996404 0.03402936
0.02156142 0.03102295 0.03502936
0.02277255 0.03209421 0.03602936
0.02400934 0.03317271 0.03702936
0.02526917 0.03425824 0.03802936
0.02654213 0.03534810 0.03902936
0.02782889 0.03644234 0.04002936
0.02912438 0.03753897 0.04102936
0.03043036 0.03863908 0.04202936
0.03156106 0.03968167 0.04302936
0.03256056 0.04068106 0.04402936
0.03356298 0.04168132 0.04502936
0.03456877 0.04268252 0.04602936
0.03557661 0.04368437 0.04702936
0.03662406 0.04469899 0.04802936
0.03763358 0.04570130 0.04902936
0.03871034 0.04672543 0.05002936
0.03970838 0.04772413 0.05102936
0.04072007 0.04872710 0.05202936
0.04174064 0.04973288 0.05302936
0.04281023 0.05075179 0.05402936
0.04385159 0.05176477 0.05502936
0.04486797 0.05276922 0.05602936
0.04599479 0.05380473 0.05702936
0.04703207 0.05481704 0.05802936
0.04804817 0.05582137 0.05902936
0.04913185 0.05684667 0.06002936
0.05015877 0.05785427 0.06102936
0.05117994 0.05885978 0.06202936
0.05223799 0.05987687 0.06302936
0.05325775 0.06088228 0.06402936
0.05431822 0.06189761 0.06502936
0.05534604 0.06290553 0.06602936
0.05642267 0.06392549 0.06702936
0.05744265 0.06493045 0.06802936
0.05846242 0.06593569 0.06902936
0.05948880 0.06694338 0.07002936
0.06057266 0.06797105 0.07102936
0.06159291 0.06897619 0.07202936
0.06272012 0.07001568 0.07302936
0.06374943 0.07102188 0.07402936
0.06479242 0.07203308 0.07502936
0.06585934 0.07305230 0.07602936
0.06686203 0.07405112 0.07702936
0.06790010 0.07505750 0.07802936
0.06892923 0.07605059 0.07902936
0.07119697 0.07739635 0.08002936
0.07219422 0.07839404 0.08102936
0.07326267 0.07941307 0.08202936
0.07427072 0.08041441 0.08302936
0.07527835 0.08141559 0.08402936
0.07636459 0.08244013 0.08502936
0.07737278 0.08344131 0.08602936
0.07840337 0.08444410 0.08702936
0.07942307 0.08544607 0.08802936
0.08046061 0.08645430 0.08902936
0.08146993 0.08745378 0.09002936
0.08246389 0.08844854 0.09102936
0.08346483 0.08943971 0.09202936
0.08460317 0.09048401 0.09302936
0.08559110 0.09147705 0.09402936
0.08661732 0.09248022 0.09502936
0.08764224 0.09348420 0.09602936
0.08868328 0.09449230 0.09702936
0.08972476 0.09549999 0.09802936
0.09071197 0.09649335 0.09902936
0.09184323 0.09753678 0.10002936
0.09283430 0.09853470 0.10102936
0.09383257 0.09953500 0.10202936
0.09510979 0.10061836 0.10302936
0.09611365 0.10162016 0.10402936
0.09711887 0.10262149 0.10502936
0.09814728 0.10362949 0.10602936
0.09938246 0.10469802 0.10702936
