0.00000000 0.00000000 0.00000000 0.00000000 0.00000000 0.00000000 0.00000000 0.00000000 0.00000000 0.00000000 0.00000000 0.00000000 0.00000000 0.00000000 0.00000000 0.00000000
4.30527285 -18.38505455 -19.93053608 -24.88066485 2.56097262 -3.77980329 -5.75185434 -10.20184532 2.52704631 -4.36115304 -5.07343798 -9.75768423 3.99012425 -19.17709356 -21.34316163 -24.65032595
2.96322205 -30.91016289 -32.80543296 -36.39692686 -0.13153480 -10.06584592 -13.85026773 -13.15197498 -0.29162798 -10.66902970 -13.24175724 -12.38676644 2.76227988 -31.45498015 -34.04924715 -36.01808119
1.61395559 -43.01798685 -45.22916714 -47.41451183 -2.81628642 -16.32490569 -21.91628375 -15.98802715 -3.09831588 -16.94533424 -21.37945161 -14.93618961 1.53109250 -43.32696493 -46.29841052 -46.89504716
0.25992300 -54.74217250 -57.23242586 -57.94700621 -5.29253285 -22.53070858 -29.91562830 -18.58531603 -5.69491340 -23.16508841 -29.46265342 -17.30003088 0.29400374 -54.81201993 -58.12394623 -57.29888262
-1.07534186 -66.10506580 -68.84095171 -68.04608917 -7.73566381 -28.70000232 -37.41050810 -20.98034082 -8.23804721 -29.35064481 -36.98422290 -19.48728368 -0.93157825 -65.96625827 -69.57877556 -67.28574938
-2.27687033 -77.06592506 -80.03266560 -77.77553140 -10.11355602 -34.11951075 -43.99319372 -23.23931241 -10.69643172 -34.76965783 -43.57070289 -21.55735536 -2.04957729 -76.76550320 -80.64497078 -76.90070386
-3.07953379 -87.52166790 -90.72386529 -87.15121976 -12.25378734 -39.29341020 -50.02408029 -25.39095051 -12.89457516 -39.94533628 -49.57699726 -23.53363229 -2.81600014 -87.11579660 -91.24583185 -86.13960359
-3.70870488 -97.45357063 -100.84827852 -96.11703703 -14.17032757 -44.16947396 -55.60117612 -27.46913607 -14.84619616 -44.83585472 -55.11752427 -25.43042423 -3.39832939 -96.95347396 -101.29192365 -94.97088107
-4.23327300 -106.74588990 -110.29404489 -104.55474622 -15.88425517 -48.72332315 -60.76023852 -29.47523253 -16.58375558 -49.39285830 -60.26372092 -27.24857457 -3.87398575 -106.18574920 -110.67528301 -103.26726372
-4.71147056 -115.50709585 -119.15247209 -112.51158316 -17.47611893 -53.08613627 -65.39126192 -31.33081155 -18.18259835 -53.72920824 -64.86822719 -28.95637539 -4.29818213 -114.87953320 -119.48127652 -111.07822232
-5.16957464 -123.68321604 -127.36499015 -119.90244412 -18.96931829 -57.32066623 -69.72260807 -33.14514200 -19.67956995 -57.98739691 -69.17002343 -30.62182409 -4.69462168 -123.04330671 -127.69463168 -118.37027578
-5.62515770 -131.30545032 -134.97640263 -126.74694694 -20.37468553 -61.22530297 -73.88907926 -34.94696843 -21.06988468 -61.92218211 -73.35907418 -32.25444439 -5.08778197 -130.64975170 -135.30398487 -125.10437534
-6.06044483 -138.36142848 -141.96943931 -133.00657322 -21.68985691 -65.04207241 -78.03586686 -36.74320879 -22.40019937 -65.72617037 -77.49946474 -33.85727936 -5.45658704 -137.68869655 -142.28666474 -131.24126516
-6.48431678 -144.82805103 -148.36982867 -138.70011083 -22.99099938 -68.78456390 -82.14201650 -38.53244219 -23.68336382 -69.42854906 -81.53576331 -35.45146379 -5.81726473 -144.15209153 -148.63336542 -136.74801384
-6.91457232 -150.74994880 -154.17248666 -143.78960854 -24.28615256 -72.46661442 -86.13010547 -40.31400095 -24.93786616 -73.09966402 -85.38177904 -37.04490236 -6.18919753 -149.99884123 -154.35587548 -141.65104049
-7.37127964 -156.10502471 -159.35147609 -148.24121877 -25.57084214 -76.14692515 -89.99557597 -42.08017423 -26.16085435 -76.76711769 -89.16021333 -38.63371205 -6.58529961 -155.27279615 -159.44032239 -145.91149435
-7.85629891 -160.86608482 -163.80768860 -152.00781479 -26.84804614 -79.74010072 -93.82132740 -43.84158851 -27.38804250 -80.39005292 -92.95092802 -40.20804341 -7.01139088 -159.97145878 -163.80451389 -149.46238563
-8.38781583 -165.03017794 -167.60625016 -155.08429922 -28.13795486 -83.26794125 -97.68808086 -45.50477059 -28.63835409 -83.96797923 -96.77607989 -41.65185267 -7.48174122 -164.07436856 -167.51368020 -152.30360048
-8.96098881 -168.52163050 -170.69285328 -157.37673557 -29.44188094 -86.79040371 -101.59882884 -47.13554458 -29.92274840 -87.50259623 -100.64588561 -43.12225927 -8.00000557 -167.54205862 -170.52796278 -154.41270373
-9.60792101 -171.36325072 -173.09386726 -158.91530760 -30.80651231 -90.20843634 -105.19319607 -48.83869774 -31.26515717 -90.75913438 -104.33352748 -44.65523157 -8.58826154 -170.34626952 -172.81483946 -155.73918839
-10.53787961 -172.96620915 -172.41369198 -157.15354247 -32.57484718 -94.21284369 -108.97414187 -50.99283525 -33.03096944 -94.85008275 -108.03405438 -46.56732609 -9.46356969 -171.58911464 -171.56078154 -153.29463044
-11.70022984 -171.13301816 -170.73598572 -154.06897073 -34.58935202 -98.71298425 -113.21932105 -53.38858249 -35.01457967 -99.41955106 -112.16544844 -48.68346280 -10.52930835 -169.65441817 -169.83995603 -149.97491481
-12.88542827 -169.10691044 -168.79291671 -150.90680304 -36.55154214 -103.18065131 -117.46752648 -55.78130196 -36.66538243 -103.96444110 -116.29297118 -50.79499748 -11.62226999 -167.52523416 -167.87508798 -146.57970397
-14.10491660 -166.95047845 -166.70037864 -147.66736434 -37.80697741 -107.62332376 -121.75384668 -58.19586846 -37.87796186 -108.50121580 -120.44250663 -52.91461082 -12.74366936 -165.28931116 -165.75736185 -143.09131812
-15.39646143 -164.67577289 -164.49677879 -144.27303002 -39.02585302 -110.53571519 -126.15765195 -60.70052400 -39.11667609 -111.90268320 -124.71350018 -55.10093091 -13.92948124 -162.93259426 -163.52834298 -139.42638453
-16.63440514 -162.44577917 -162.30575312 -140.96050143 -40.18740216 -112.94277487 -130.31655414 -63.07635111 -40.26437141 -114.33482383 -128.74737291 -57.16560815 -15.06936759 -160.62286911 -161.31054733 -135.85206860
-17.62382251 -160.13886580 -160.04985241 -137.55885683 -41.35765263 -115.35497453 -133.44606713 -65.46318534 -41.43406454 -116.77113109 -131.84174570 -59.22502562 -16.22883248 -158.24328692 -159.03571050 -132.17617232
-18.22441606 -157.69264680 -157.66231585 -133.97798278 -42.41206042 -117.84014622 -135.90676561 -67.91161923 -42.65428423 -119.29677728 -134.04325237 -61.35061973 -17.39521107 -155.72190226 -156.63133500 -128.31526651
-18.86286863 -155.01096972 -155.15151494 -130.23544028 -43.32028340 -120.38333846 -138.25158316 -69.41604385 -43.69751911 -121.87012040 -136.32521480 -63.52588030 -18.19837945 -153.08137567 -154.11411650 -124.29194885
-19.56560349 -151.51097018 -152.29791168 -126.17727432 -44.08399706 -123.12029211 -140.73065602 -70.74514271 -44.47908905 -124.63398782 -138.81989691 -65.85995622 -18.86159821 -150.13512513 -151.30077958 -119.93799202
-20.35645828 -147.45419892 -148.59539922 -121.71841833 -44.90652237 -126.04557066 -143.51947905 -72.13756622 -45.24420202 -127.56723686 -141.62667295 -67.57386647 -19.61283126 -146.25408663 -147.60325394 -115.03874768
-21.22049565 -143.12882751 -144.50880280 -116.99916471 -45.75217140 -127.67840677 -146.38346217 -73.54847236 -45.80549749 -129.09404077 -144.47497983 -68.89432290 -20.43518993 -141.76339443 -143.42032103 -109.80912499
-22.11279697 -138.47960309 -140.24150218 -112.07972937 -46.49330321 -128.83384287 -149.24110978 -74.71040852 -46.29919578 -130.33737898 -147.28779683 -70.18112313 -21.27001340 -137.18495738 -139.12857132 -104.48581999
-23.00607695 -133.41459274 -135.69827063 -106.22012425 -46.98810115 -129.97867156 -151.46294818 -75.11107090 -46.79686483 -131.48625521 -149.62519344 -71.34035462 -22.14664531 -132.18685267 -134.64487799 -98.96158882
-23.85878049 -127.59416893 -130.49367921 -99.90224921 -47.43551550 -131.13454504 -152.14171716 -75.28132235 -47.32785528 -132.44390221 -150.24886715 -71.82844898 -23.02414899 -126.76840650 -129.67612568 -92.93082106
-24.50817088 -121.64038977 -124.69454570 -93.43792999 -47.76484578 -132.12502986 -152.64789829 -75.33537694 -47.79603222 -133.21712504 -150.67321917 -71.89866236 -23.85270627 -120.56840906 -123.91892006 -86.05454654
-25.04205743 -115.43758740 -118.48283638 -86.60083762 -47.98412378 -132.79001378 -152.96625816 -75.34222538 -48.13700157 -133.92266987 -151.02919508 -71.92661430 -24.50371162 -114.19316144 -117.50637812 -78.95989280
-25.58063672 -108.76513093 -111.99587959 -79.15252402 -48.09369607 -133.15928927 -153.23637141 -75.29731457 -48.29621305 -134.51024338 -151.33827491 -71.89753154 -25.02917458 -107.74850434 -110.97917656 -71.62608162
-26.10839532 -102.07736679 -105.47312264 -71.67775048 -48.21007452 -133.43554723 -153.48090904 -75.21398112 -48.44301320 -134.92703696 -151.59961007 -71.81199907 -25.55770929 -100.88104613 -104.19616792 -63.77274296
-26.64908774 -95.30015074 -98.70723309 -64.14426308 -48.27162286 -133.67391993 -153.69330934 -75.10155327 -48.56487444 -135.00161303 -151.78898310 -71.68190990 -26.08062586 -93.64979607 -97.19025371 -55.74324393
-27.16941563 -88.40065595 -91.86750149 -56.61819318 -48.35135011 -133.75195210 -153.87810992 -74.95207906 -48.69169756 -134.85661225 -151.93706818 -71.50680405 -26.58527058 -86.13146777 -89.88490328 -47.55676634
-27.68297618 -81.51126609 -84.86216406 -49.11714900 -48.40891224 -133.64693373 -154.01708281 -74.77879181 -48.80456647 -134.65189573 -152.03943570 -71.31180031 -27.08688477 -78.24499358 -82.33775133 -39.17873957
-28.07502780 -74.12190297 -80.64311223 -44.50182276 -48.55901322 -133.38581637 -154.11982837 -74.64179217 -48.68601084 -134.39603022 -152.07726608 -71.19896325 -27.29770646 -74.99711295 -82.47222822 -38.72814271
-28.11387817 -74.01193448 -80.65373482 -44.41005189 -48.52383147 -133.03771571 -154.17640821 -74.54436148 -48.59810848 -134.11300420 -152.09196824 -71.10764032 -27.33546817 -74.93980755 -82.52601150 -38.57084581
-28.15235023 -73.86080910 -80.64592909 -44.30133291 -48.48367693 -132.68272424 -154.21864790 -74.43676470 -48.49959872 -133.80246616 -152.08089345 -71.01201969 -27.37347964 -74.85758937 -82.45974662 -38.40792940
-28.19377051 -73.65732755 -80.62158563 -44.18018070 -48.43860636 -132.31782338 -154.24632780 -74.32025937 -48.38929900 -133.40854683 -152.03820311 -70.91243734 -27.41176722 -74.64540730 -82.36542491 -38.23794610
-28.23553662 -73.44351083 -80.54176019 -44.04544152 -48.39115370 -131.94690226 -154.25925703 -74.19537479 -48.26773200 -132.99208296 -151.96973486 -70.80914728 -27.45044446 -74.40107238 -82.24923266 -38.06341775
-28.29863999 -73.22213083 -80.41974498 -43.87685071 -48.34347453 -131.63777708 -154.26995532 -74.04702694 -48.20031136 -127.09900751 -151.95395308 -70.68143527 -27.52277058 -74.13894911 -82.10775201 -37.85972861
-28.33982855 -72.99099285 -80.24211006 -43.72269068 -48.28969145 -131.23740990 -154.25491032 -73.90884873 -48.04957333 -126.87851155 -151.83351690 -70.57441892 -27.55619237 -73.87979354 -81.93243333 -37.67925551
-28.45733862 -72.73168842 -80.01846330 -43.51485321 -48.37614825 -121.60322505 -154.41003623 -73.72369539 -47.89446154 -126.73359274 -151.72473684 -70.44069436 -27.61921823 -73.61723669 -81.71345976 -37.47096697
-28.48866227 -72.48481626 -79.74763860 -43.35590433 -48.31374831 -123.07033531 -154.39140601 -73.58086736 -47.73133441 -126.46657758 -151.58830299 -70.33425553 -27.63849545 -73.34929059 -81.48921116 -37.29087753
-28.53135477 -72.16522432 -79.42175249 -43.17811007 -48.25570107 -123.00013744 -154.34847875 -73.42809152 -47.55723186 -126.18100574 -151.43756021 -70.22127723 -27.66357143 -73.07896723 -81.25141564 -37.10475297
-28.57813209 -71.83607277 -79.07986913 -42.98812715 -48.19798235 -122.71717905 -154.29931331 -73.26656422 -47.38667519 -125.09661799 -151.28632535 -70.09995937 -27.69282617 -72.80245518 -80.91566048 -36.91210665
-28.65132483 -71.50082604 -78.69182948 -42.76848017 -48.15047721 -122.04776497 -154.25070290 -73.07967694 -47.32709299 -119.04251919 -151.13266213 -69.95354962 -27.76249168 -72.50066536 -80.48459701 -36.68717166
-28.70202467 -71.17930988 -78.29459662 -42.56873339 -48.06340938 -121.29150336 -154.19288199 -72.91038293 -47.18618553 -118.81983504 -150.94072521 -69.81603919 -27.86111722 -69.23997769 -80.04977297 -36.46847220
-28.74232543 -70.82035906 -77.87169457 -42.36725430 -48.00306650 -120.98891898 -153.99970461 -72.74782530 -46.99672557 -118.58448011 -150.75798195 -69.68997362 -27.87988262 -69.11407200 -79.64038436 -36.28059700
-28.88138700 -70.42309046 -77.38953203 -42.10751319 -48.08863984 -112.14592574 -153.80681877 -72.54064383 -46.87407160 -118.43195947 -150.59376298 -69.48312655 -27.95317786 -68.91309967 -74.46759737 -36.05553749
-29.01562672 -65.77750683 -76.87797439 -41.87343028 -48.08759225 -113.29989726 -153.58638160 -72.36284593 -46.63802754 -117.80856219 -150.40699269 -69.32439890 -27.96779195 -68.69164793 -74.33657828 -35.88822773
-29.04338275 -65.63564163 -76.38220818 -41.66257302 -48.02433081 -113.10363840 -153.32947687 -72.20432572 -46.45104591 -117.56212306 -150.21145232 -69.14471128 -27.97206791 -68.44202886 -74.04953550 -35.70272372
-29.13373021 -65.42232552 -68.93275219 -41.44510972 -48.05005407 -112.45202774 -152.97330904 -71.99458803 -46.23432671 -116.92160174 -150.00910280 -68.98739525 -28.03665716 -66.77623825 -73.77907722 -35.51213419
-29.15702168 -65.14698162 -69.06355237 -41.22994118 -47.96657440 -112.24704867 -152.63206063 -71.85251058 -46.07414638 -116.59073356 -149.79237760 -68.77618309 -28.08017731 -65.12388922 -73.44689933 -35.32305939
-29.17809051 -64.84563257 -68.81810051 -41.00584695 -47.90530498 -111.53653099 -152.27201022 -71.69413023 -45.88970015 -116.26758900 -149.58015078 -68.55292734 -28.07895973 -64.98149078 -73.13028625 -35.14234524
-29.33508578 -60.05441408 -68.51569951 -40.73158290 -47.92010689 -111.25376974 -151.84108062 -71.49626036 -45.65987597 -115.93896285 -149.36512208 -68.34253179 -28.09489952 -64.60498928 -72.84467106 -34.96670356
-29.34657238 -59.95447009 -68.17896410 -40.50973730 -47.84993724 -110.97996466 -151.45851217 -71.33990372 -45.48796679 -115.60951367 -149.14689694 -68.12092176 -28.09301295 -64.19644283 -72.50603974 -34.78941309
-29.37363423 -59.86807605 -67.85595627 -40.30096031 -47.70848031 -110.70809861 -150.98318119 -71.16133941 -45.37840872 -115.25392656 -148.90156025 -67.84889154 -28.10211954 -63.95130749 -67.46633365 -34.57623057
-29.37761769 -59.69051022 -67.47525659 -40.08752843 -47.62946656 -110.43304860 -150.60322296 -71.01026800 -45.21583203 -114.95243050 -147.43685601 -67.64401342 -28.09884931 -63.53385705 -67.26943066 -34.39027040
-29.42981518 -59.14457305 -60.29086288 -39.81708159 -47.66558908 -110.12186763 -150.12720103 -70.69182190 -44.94354905 -114.63658514 -147.20853596 -67.43313064 -28.10909649 -63.38668706 -66.81571418 -34.22970725
-29.43575830 -58.65714768 -60.26585370 -39.61830344 -47.59044668 -109.84279325 -149.67061047 -70.23091602 -44.79343559 -114.31021861 -146.76864398 -67.27354302 -28.08901351 -63.17745907 -66.31851023 -34.07530211
-29.43669233 -58.43154039 -60.18422580 -39.40585834 -47.45239394 -109.51083069 -149.19886415 -69.93074852 -44.65371692 -113.98584512 -146.26363338 -67.04823298 -28.06797024 -62.96754764 -66.10880329 -33.90457505
-29.46722552 -57.94133992 -60.03488834 -39.18586103 -47.03822984 -109.16867742 -148.72072860 -69.64198742 -44.56951688 -113.66224018 -145.74540469 -66.81890382 -28.04982242 -62.76126576 -65.88743609 -33.73207771
-29.64232367 -57.67444745 -59.08278044 -38.92488829 -40.51406436 -108.81102741 -148.19395138 -69.30659134 -45.08617646 -113.33428357 -145.22929772 -66.57284270 -28.07618518 -62.37544792 -65.68058903 -33.55534627
-29.63294193 -57.45266701 -58.87003987 -38.71378900 -41.28505498 -108.47046494 -147.75375117 -69.03248330 -44.89184901 -113.02373457 -144.38077505 -66.35156185 -28.05216754 -62.16792616 -65.15604959 -33.38648440
-29.68094702 -57.25032991 -58.67607394 -38.50241350 -42.69995115 -107.48966949 -147.29597368 -68.82367825 -35.85167057 -112.16675310 -143.64170419 -60.63403250 -28.23966043 -61.89796585 -64.85001624 -33.21220339
-29.66922968 -57.01341293 -58.44729172 -38.32706537 -42.74791784 -107.18573153 -146.89050298 -64.48695113 -36.35534334 -111.88252990 -142.97738883 -60.95625095 -28.21842655 -61.70032788 -64.61368857 -33.04985468
-29.66861582 -56.50740407 -57.86224295 -38.09935508 -42.79354262 -106.86158032 -141.44103869 -65.01942525 -36.90995794 -111.57352532 -142.41992500 -61.15269272 -28.20054246 -61.51098754 -64.38739847 -32.87822664
-29.66269096 -56.30692605 -57.67460602 -37.90231267 -42.77563495 -106.53002668 -141.52233536 -64.79209273 -37.56275442 -111.01721467 -133.86847756 -61.21782603 -28.19073364 -61.26913956 -63.82088597 -32.67776884
-29.62822215 -56.08778422 -57.45863281 -37.70480541 -42.80398169 -105.90585831 -141.15216846 -64.56524630 -37.79398781 -110.72397162 -134.82704373 -61.16701517 -28.15373642 -61.07171277 -63.60178161 -32.49401413
-29.60455457 -55.87236495 -56.90116242 -37.51208219 -42.82966450 -105.57996837 -140.76296181 -64.41525175 -37.80933730 -110.40000331 -134.46603861 -56.79136677 -28.12627894 -60.85769511 -63.35330962 -32.29573994
-29.55069188 -55.71257277 -56.75353189 -37.38546817 -42.76280081 -105.26933357 -140.50368580 -60.38539134 -37.89447761 -109.81553690 -134.01769258 -55.37090345 -28.10996343 -60.59471880 -63.05204565 -25.71455665
-29.96726375 -54.92740746 -55.89549970 -36.38838114 -42.91613640 -104.12002183 17.78175526 -60.38734782 -37.59820568 -109.31125188 -127.14987829 -56.67598119 -28.35344482 -60.39247432 -62.78593393 -20.48413468
-29.90736222 -54.70443911 -55.66822229 -36.22960953 -42.88804283 -103.83440946 17.99763199 -60.25328703 -37.63977174 -109.04637349 -127.16878399 -56.65320406 -28.47510717 -60.21342322 -62.59311270 -20.95040165
-29.88599632 -54.46955773 -55.43086922 -36.02967074 -42.94041586 -103.52523325 18.21685980 -60.07768058 -32.19300550 -108.73422673 -126.76649002 -56.47831750 -28.57855653 -60.01369530 -62.36746850 -21.46557032
-29.83465723 -54.25043185 -55.20530589 -35.85505292 -42.93644579 -103.21735563 18.42766033 -59.91532659 -32.23117370 -108.43722910 -126.37320794 -56.31375250 -28.56551199 -59.68246085 -62.13959353 -21.90381549
-29.78390726 -54.03497906 -54.97854148 -35.67999438 -42.91951983 -102.89891804 18.63843225 -59.75001596 -32.32327055 -108.13971153 -125.95689617 -56.14826831 -28.55153967 -59.34874597 -61.90722489 -22.32441629
-29.91888659 -53.79339388 -54.71758405 -35.46855943 -36.28109306 -102.54795291 18.86617053 -59.55554685 -32.40226158 -107.81937967 -125.45873449 -55.96850835 -28.54552265 -59.14849893 -61.65695110 -22.75619804
-29.89826047 -53.39667920 -54.48058539 -35.27475092 -36.45637445 -102.21501697 19.08365633 -59.38680708 -32.52593219 -107.52142056 -124.96208951 -55.79999719 -28.50442128 -58.95719353 -61.17696172 -23.05385354
-29.91085258 -52.99156460 -54.21450682 -31.44670663 -36.40510641 -101.85537054 19.36111405 -59.25705382 -32.58483756 -107.22368598 -120.97502099 -55.62369183 -28.46215017 -58.62748597 -60.93223990 -23.31987642
-29.88055639 -52.60598165 -53.98359739 -31.63488856 -36.80855654 -101.50783965 19.63156342 -58.86869119 -32.38732189 -106.91902484 -118.72836199 -54.29111858 -28.42606230 -58.42459865 -60.32527545 -23.15544955
-29.83710785 -52.40032536 -53.44376434 -31.77181597 -37.02909077 -101.14299623 19.94170345 -58.68652455 -32.45541348 -106.60706774 -112.78435012 -54.00595454 -28.39541424 -58.07748177 -60.01858451 -22.94610342
-29.78648611 -52.19721494 -52.86075541 -31.86285836 -37.05709513 -100.78079577 20.19729001 -58.49467522 -32.50408280 -106.29583279 -111.59819083 -53.61828389 -28.34416384 -57.88061592 -59.50046872 -22.90888380
-29.72957997 -51.98925320 -52.35094052 -31.92877803 -37.09259397 -100.41043440 20.44225547 -58.07613337 -32.31284541 -105.99028444 -112.50371997 -53.74543137 -28.29001536 -57.69685996 -59.24674761 -22.85757724
-29.69967124 -51.77410524 -51.98850205 -28.29556307 -36.94661168 -100.01478569 20.70314561 -57.11683636 -32.34174067 -105.68241850 -113.40118249 -53.98949867 -28.22681612 -57.51722551 -58.99657936 -22.75062092
-29.73043904 -51.50308449 -51.68522161 -28.53911664 -37.00214737 -79.93602553 21.13525684 -57.00717941 -32.37062118 -105.19920600 -114.38157546 -53.79355792 -28.20514763 -57.31466552 -58.70953125 -22.63810049
-29.67245824 -51.30335490 -51.42875737 -28.65597420 -37.04836074 -80.00344300 21.39075278 -56.65599321 -32.38781087 -104.89048989 -115.21027726 -53.61336916 -28.14452260 -57.12713663 -58.40214941 -22.32094447
-29.62590335 -51.09567196 -51.15187227 -28.75255185 -37.07941329 -79.79394832 21.69794217 -56.02086017 -32.41080756 -104.50345155 -112.48779640 -53.42217507 -28.09321963 -56.92892336 -58.05118954 -22.20330880
-29.58378737 -50.88462278 -50.51498627 -28.71468839 -37.12405547 -79.58320932 21.98230142 -55.06808870 -32.16495992 -104.12018888 -111.04193275 -53.22959658 -28.04707385 -56.72400217 -57.39961192 -22.06485505
-29.55437949 -50.48082873 -50.23333282 -28.56888981 -36.95526440 -80.02923989 22.28646582 -54.77693470 -32.24037053 -103.69555428 -106.57676010 -53.03331607 -28.00073559 -56.51471629 -57.00544188 -21.92654267
-29.50955182 -50.28907978 -49.92677446 -28.42024004 -36.96851793 -80.87067614 22.59263131 -54.50758648 -32.28564553 -103.23795209 -101.40608079 -52.83625505 -27.95378097 -56.30525701 -56.56299940 -21.78774719
-29.44512932 -50.09153246 -49.61513202 -28.27193987 -36.97529747 -81.80337355 22.83690846 -54.83778239 -32.30447611 -102.54691761 -101.74240590 -52.48631934 -27.89611383 -56.11038835 -56.13035651 -21.44480308
-29.41741765 -49.88244192 -49.29471646 -28.12142687 -36.92632614 -82.61203561 23.11015333 -54.66206725 -32.31292065 -82.74362636 -102.71309726 -52.28460146 -27.88250341 -55.84079139 -55.61243888 -21.33136388
-29.36020738 -49.67702611 -48.94297951 -27.97088295 -36.88055013 -83.50153354 23.35180585 -54.45078558 -32.27400161 -82.94464532 -103.48748544 -52.10704626 -27.82513463 -55.64542838 -55.19291974 -21.19663561
-29.30408177 -49.47063317 -48.56737389 -27.81758876 -36.79933879 -84.35504327 23.59658457 -54.23302484 -32.20725027 -82.86222412 -104.25814912 -51.92643348 -27.77077512 -55.44043349 -54.23276649 -21.05339836
-29.32695166 -49.13061229 -48.01897396 -27.62732739 -36.35008635 -66.11483163 24.06399710 -53.70115348 -31.91449548 -81.94631547 -94.85792137 -51.68011951 -27.77130630 -55.17928117 -53.32493513 -20.93145014
-29.28563251 -48.90682855 -47.57195335 -27.46373723 -35.70387699 -66.32114772 24.34725976 -53.45970481 -31.82659241 -82.36062568 -95.56502116 -51.49615424 -27.71349414 -54.98667346 -53.19033371 -20.80401437
-29.22999261 -48.67690764 -46.44721329 -27.28597594 -35.49887164 -66.18058883 24.62739631 -53.17993600 -31.68699653 -83.14041794 -95.68927808 -51.30616706 -27.65430046 -54.79258980 -52.92740273 -20.67319764
-29.18127126 -48.40268598 -41.93046180 -26.69716351 -35.19003070 -66.02784852 24.93827532 -52.57960455 -31.55623051 -84.04085948 -95.48078441 -50.94585788 -27.59931810 -54.60453855 -52.66847580 -20.54947796
-29.16806555 -48.15714895 -42.08753076 -26.65056987 -34.14697440 -65.14104126 25.28887448 -52.10348477 -31.09448774 -64.79432951 -94.14953977 -50.37384041 -27.59761452 -54.26374497 -48.81845597 -20.37171027
