0.00000000 0.00000000 0.00000000 0.00000000 0.00000000 0.00000000 0.00000000 0.00000000 0.00000000 0.00000000 0.00000000 0.00000000 0.00000000 0.00000000 0.00000000 0.00000000
2.66906373 4.23922819 5.22472141 2.81100397 -4.77507170 -8.68587957 -13.11092164 -19.04493345 -25.25944666 -0.99409549 1.52819200 -12.15875113 -11.26048300 -7.25283030 -8.28186837 -20.22767958
1.71319388 2.38272767 3.24811364 1.84493328 -17.64063031 -13.61133112 -18.76481253 -31.14303553 -33.05812335 -5.86726188 -4.26655651 -20.84089704 -17.44940933 -9.02400535 -10.17600091 -30.47101870
0.75534816 0.50604833 1.25741606 0.85641180 -29.45387014 -18.19042841 -24.40879155 -41.96515245 -40.52628645 -10.61852627 -10.07354628 -29.20796239 -23.57577261 -10.82038134 -12.09143249 -40.36233713
-0.17281858 -1.34688892 -0.71724545 -0.10598662 -40.83576022 -22.78055977 -29.99422452 -52.28422666 -47.55080356 -15.32240214 -15.81959762 -37.21433153 -29.53169501 -12.60620063 -14.00029334 -49.81500773
-1.04131142 -3.20235143 -2.69410474 -1.01049742 -51.85401629 -27.33345419 -35.18535736 -62.13765237 -54.11273477 -20.00353275 -21.56152126 -44.90602810 -35.38452025 -14.40847514 -15.92290925 -58.89008488
-1.80907481 -4.66954447 -4.67632432 -1.82265317 -62.31194186 -31.52024917 -39.83646535 -71.51756812 -60.46415559 -24.72733775 -27.16444971 -52.28764958 -41.20524409 -16.24050121 -17.85343777 -67.64373846
-2.45305202 -6.17478131 -6.47678064 -2.48278183 -72.00269400 -35.49908078 -43.98836760 -80.51005946 -66.77827436 -29.32345454 -32.32136667 -59.38450510 -47.05505569 -18.07234241 -19.74680582 -76.13387774
-2.88241384 -7.71948455 -8.32128468 -2.90526519 -81.02464971 -39.19823339 -48.06298738 -89.10556368 -72.97695267 -33.56062004 -37.15050133 -66.10989974 -52.89582549 -19.88499270 -21.58900296 -84.31489022
-3.21113243 -9.30609665 -10.13215866 -3.22432614 -89.47491112 -42.90435424 -51.65792965 -97.33922961 -79.03431256 -37.55415214 -41.45768063 -72.45670031 -58.68171555 -21.56919565 -23.40147706 -92.18091216
-3.48844482 -10.82455930 -11.86181028 -3.48683036 -97.45124290 -46.23754101 -55.28448051 -105.18955482 -84.88655105 -41.25841697 -45.59967755 -78.39505200 -64.36694920 -23.24602430 -25.12642383 -99.64332574
-3.74552682 -12.29563182 -13.49266452 -3.73547405 -104.93400504 -49.56321609 -58.72263704 -112.60115891 -90.47505690 -44.97520465 -49.29398400 -83.89264103 -69.88952377 -24.84638361 -26.79572863 -106.67155899
-3.99506271 -13.73275849 -15.07313303 -3.97735256 -111.98872111 -52.76022124 -61.89334205 -119.62302361 -95.82071882 -48.34327523 -53.01808674 -88.90397914 -75.23575667 -26.39348905 -28.46140650 -113.22756142
-4.25036318 -15.05468182 -16.60604565 -4.23022012 -118.56143767 -55.71754116 -65.06334641 -126.21221722 -100.92425632 -51.66142265 -56.63161525 -93.50398172 -80.40015122 -27.92988197 -30.06657326 -119.30290363
-4.50608323 -16.34652972 -18.05101828 -4.48180895 -124.61872475 -58.59516927 -68.16249832 -132.36020001 -105.74096448 -54.95394706 -59.95078044 -97.69307360 -85.35165507 -29.44919705 -31.62202661 -124.89203799
-4.76254709 -17.56358499 -19.45117964 -4.73930555 -130.17569016 -61.40771809 -71.27171229 -138.06298251 -110.28274747 -58.21643771 -63.27021519 -101.45941194 -90.08994393 -30.89006626 -33.17581297 -129.98215614
-5.02704670 -18.72545875 -20.85884197 -5.00803414 -135.24571961 -64.22898503 -74.28356177 -143.33252685 -114.64243317 -61.19921135 -66.55616376 -104.80568658 -94.64989911 -32.29423113 -34.72520230 -134.55966360
-5.30213005 -19.88602379 -22.20723504 -5.29450118 -139.82167257 -67.00143531 -77.06808324 -148.15108047 -118.79021097 -64.10079004 -69.82508316 -107.72427169 -99.03295852 -33.67747312 -36.26415878 -138.61607253
-5.57727211 -21.03736943 -23.52047718 -5.58254515 -143.86783576 -69.59917756 -79.84117762 -152.49151296 -122.73723321 -66.98316411 -73.06737306 -110.20168041 -103.23495252 -35.05221444 -37.76481441 -142.13447934
-5.85077801 -22.14251980 -24.85201375 -5.88043465 -147.38180311 -72.11614654 -82.63214348 -156.35620804 -126.48612946 -69.86175624 -76.07417514 -112.23210815 -107.27722516 -36.42468651 -39.23110962 -145.09914463
-6.12715636 -23.21603998 -26.18119876 -6.19168931 -150.35819332 -74.61589919 -85.41244127 -159.69576980 -130.01505784 -72.63987606 -79.00789973 -113.78635856 -111.12807004 -37.78616488 -40.68762302 -147.46468880
-6.40730519 -24.26180715 -27.47629564 -6.52230842 -152.37273678 -77.06795672 -88.14270130 -162.56107003 -133.35175354 -75.33213949 -81.91095546 -113.84275088 -114.45562987 -39.11134214 -42.11464773 -149.22441311
-6.69978359 -25.31127572 -28.77385044 -6.88227136 -153.87987264 -79.46742931 -90.81972787 -164.90452034 -136.46428603 -78.01698469 -84.81438903 -113.02119420 -117.62349641 -40.39357475 -43.54533345 -150.40204117
-6.99520140 -26.14162975 -29.77994756 -7.25411258 -154.52342207 -81.47741101 -93.14291305 -166.44776583 -138.60387373 -80.34075107 -87.21393624 -112.23549483 -120.17731485 -41.51235048 -44.78983289 -150.06105925
-7.32595604 -27.32593385 -30.93080475 -7.72165804 -155.13555967 -83.25047371 -95.65428302 -165.94542219 -140.30439278 -82.62442837 -89.85241510 -111.45250933 -122.44804469 -42.69672087 -46.13676079 -147.90571117
-7.73971350 -28.02698861 -32.19212644 -8.24435518 -152.12947538 -85.09439919 -98.41747081 -164.47505748 -141.84804504 -85.20514996 -92.84031928 -110.63777672 -125.14091523 -43.96097856 -47.44693131 -145.63558712
-8.14588193 -28.69031386 -33.39189117 -8.75799119 -149.10705173 -86.89062926 -101.10298159 -162.95670452 -143.16808909 -87.60106480 -95.79476763 -109.79522259 -127.67407994 -45.14839147 -48.70083963 -143.37953208
-8.54476945 -29.33987289 -34.59074789 -9.28025358 -146.02415501 -88.66964694 -103.74226249 -161.28726285 -144.29254152 -89.63967433 -98.71011484 -108.87807161 -130.07021046 -46.32504758 -49.94765914 -141.12001565
-8.95408969 -30.03488819 -35.86460235 -9.83163808 -142.92215867 -90.25931736 -105.50481124 -159.57189059 -145.40090664 -91.71930770 -101.48282183 -107.93323662 -132.45332961 -47.53258742 -51.24661119 -138.77552610
-9.36521378 -30.74712315 -37.15408228 -10.39609048 -139.83463041 -91.86262987 -107.17933108 -157.81855771 -146.47412757 -93.82226872 -103.73681949 -106.97229476 -134.79692560 -48.74613312 -52.56097290 -136.36811266
-9.78269543 -31.47704453 -38.46001875 -10.97250360 -136.74031411 -93.48772467 -108.88533120 -156.05209994 -147.52129108 -95.94651122 -105.68635559 -105.99873401 -137.10776003 -49.96617920 -53.87532741 -133.92296234
-10.21872900 -32.24752655 -39.81756091 -11.56069834 -133.59201252 -94.36776642 -110.63664013 -154.26773628 -148.55276282 -97.77589054 -107.67959693 -105.01137336 -139.40459190 -51.23331778 -55.21190489 -131.43978798
-10.65049899 -32.98816788 -41.14791812 -12.14248686 -130.48511669 -95.02120961 -112.45590628 -152.40091073 -149.52749078 -99.38151996 -109.62655937 -103.97637274 -141.62101106 -52.48869286 -56.49824998 -128.77950627
-11.09799772 -33.73918413 -41.98245584 -12.73055480 -127.32903153 -95.69538093 -113.41155746 -150.24691168 -150.43371992 -101.04932665 -111.65713201 -102.82517011 -143.80796269 -53.78010960 -57.84250598 -126.00979884
-11.56124310 -34.51839274 -42.84838522 -13.33039848 -124.15932925 -96.37731597 -113.89769040 -147.86267472 -151.29862255 -102.70552435 -113.34920111 -101.64515609 -145.95818202 -55.09063540 -59.23505832 -123.18980729
-12.04456722 -35.36721962 -43.79265805 -13.95989264 -121.11767121 -97.10645758 -114.42419839 -145.27962625 -151.98698739 -103.46285667 -115.12091766 -100.43534283 -148.03437607 -56.43710561 -60.67833972 -120.27373913
-12.48773743 -36.31190430 -44.83474647 -14.52480598 -118.58148943 -97.90832631 -115.01463973 -142.61703044 -152.04929809 -104.20699425 -116.14513456 -99.09714708 -149.86298448 -57.82699112 -62.18361074 -117.24117302
-12.79275866 -37.26305509 -45.88616964 -15.08766567 -116.04205728 -98.71434892 -115.60984207 -139.92966161 -151.96977781 -104.82561069 -116.77201608 -97.55151054 -151.42592371 -59.12023397 -63.68392919 -114.16699592
-13.08281237 -38.14356812 -46.76375501 -15.49727903 -113.55845247 -99.47310391 -116.16305375 -137.22514553 -151.73442335 -105.16315792 -117.33777374 -96.01354202 -152.82307137 -60.28766464 -65.11956890 -111.12212679
-13.36653653 -38.97449613 -47.54063092 -15.74383274 -111.12685102 -100.18955674 -116.68265933 -134.48462947 -151.42352922 -105.44924328 -117.86304795 -94.28442057 -154.11745673 -61.42589934 -66.52405971 -108.09095189
-13.57919388 -39.79512559 -48.33269714 -15.98974343 -108.25858991 -100.54218096 -117.19700722 -131.73139440 -151.04802635 -105.76775484 -118.39207912 -92.41289702 -154.80609346 -62.59089331 -67.94343002 -105.05579120
-13.73471483 -40.55791797 -49.09149682 -16.22196374 -105.15791884 -100.80379517 -117.68296232 -129.00866369 -150.59845894 -106.04856367 -118.88716440 -90.40264837 -155.11754990 -63.73696277 -69.33169916 -102.07001643
-13.89130271 -41.29601709 -49.82198102 -16.44872097 -102.02668179 -101.01455064 -117.76408096 -126.26610206 -150.05553915 -106.29978989 -119.37256291 -88.41049547 -155.35424444 -64.86846424 -70.70178738 -99.09632060
-14.04997707 -42.04971622 -50.56541946 -16.67838411 -98.84478134 -101.23846945 -117.85016493 -123.49667415 -149.44947981 -106.56253898 -119.82709627 -86.24459881 -155.49541344 -66.00067113 -71.98217198 -96.06533806
-14.21803512 -42.84749008 -51.34222282 -16.91740664 -95.54455293 -101.49721234 -117.95122184 -120.63846683 -148.65983350 -106.85935494 -120.22478802 -84.00958000 -155.43225630 -66.98417714 -72.81057006 -92.94216600
-14.40809635 -43.74014168 -52.19143786 -17.17632369 -92.01091542 -101.83132998 -118.07756707 -117.52672547 -147.53254679 -107.23021547 -120.46148924 -81.69399090 -155.01441333 -67.70557480 -73.64507443 -89.72850429
-14.60478800 -44.60358750 -53.05999757 -17.43793997 -88.41323148 -102.18720940 -118.21773322 -114.39182874 -146.34570212 -107.61299222 -120.63034782 -79.35272982 -154.51209893 -68.43938188 -74.48514380 -86.48962455
-14.81659532 -45.46066000 -53.77575678 -17.71692565 -84.68988477 -102.60340975 -118.38885859 -111.17771931 -145.09284772 -108.05683318 -120.86362958 -76.95440170 -153.93011124 -69.21917117 -75.38054375 -83.15932497
-15.02148298 -46.07782254 -54.15013685 -17.99347610 -80.98231861 -102.98826819 -118.62328824 -107.95390369 -143.80065714 -108.47288182 -121.05700659 -74.55497633 -153.26132730 -69.98351482 -76.03835323 -79.82500119
-15.25364193 -46.59701751 -54.27077171 -18.29205404 -77.09566475 -103.39759209 -118.93020587 -104.63708998 -142.34811146 -108.91887560 -121.32011162 -72.09355174 -152.43670542 -70.81432189 -76.53140266 -76.38385424
-15.51654184 -46.83329004 -54.44344267 -18.61886809 -72.98771240 -103.89239801 -119.32375811 -101.20401895 -140.81922212 -109.28614991 -121.68308214 -69.55474035 -151.44163066 -71.53554786 -76.72611576 -72.69259694
-15.76518264 -46.99083358 -54.56584998 -18.92529178 -68.92443089 -104.31570186 -119.65773044 -97.82442396 -139.30916707 -109.51389250 -122.00144798 -67.04861522 -150.35035491 -71.93463241 -76.89634809 -69.00715802
-16.01703486 -47.14553974 -54.68254536 -19.23390794 -64.81014122 -104.75143508 -119.99825512 -94.42690569 -137.74735833 -109.74820096 -122.34410108 -64.52970289 -149.18733367 -72.11368100 -77.07497490 -65.30596638
-16.26557309 -47.28311866 -54.78898140 -19.53614775 -60.69528738 -105.17521235 -120.32429870 -91.03302172 -136.15196081 -109.96617582 -122.66991219 -62.01248342 -147.94957901 -72.27268207 -77.25070472 -61.61237112
-16.39298618 -47.14378920 -54.64063189 -19.72824935 -57.61032360 -105.15009075 -120.29401170 -87.99078309 -135.55595216 -109.79153644 -122.61060975 -59.74483005 -147.34888986 -72.28282887 -77.24701536 -58.37729632
-16.45619539 -46.85696503 -54.35565638 -19.86126995 -55.07248313 -104.86782000 -120.07188379 -85.10496581 -135.49343044 -109.39192985 -122.36059149 -57.59902432 -147.12513335 -72.20805992 -77.16400945 -55.38142368
-16.51521925 -46.55348212 -54.06055648 -19.98596024 -52.55576835 -104.51272872 -119.85062441 -82.22596462 -135.41835924 -108.97337012 -122.09002524 -55.46462066 -146.88728272 -72.12648708 -77.07096078 -52.40989017
-16.54988725 -46.17988858 -53.70375624 -20.08556375 -50.17054863 -104.07837665 -119.52949132 -79.45412060 -135.32105337 -108.45463476 -121.71021563 -53.39805662 -146.61542264 -72.00474371 -76.92782836 -49.57677461
-16.57046635 -45.76335836 -53.31459659 -20.16674987 -47.85949780 -103.59075042 -119.15968788 -76.74118220 -135.21151773 -107.88527712 -121.27296306 -51.36968189 -146.32590562 -71.86135434 -76.75925740 -46.82521109
-16.55657133 -45.22772566 -52.80970396 -20.17651658 -45.72570904 -102.92745825 -118.61722287 -74.25719375 -135.01022675 -107.13273813 -120.64115910 -50.70216189 -145.93290314 -71.65289978 -76.50531618 -44.40940021
-16.61951038 -44.87868462 -52.50206204 -20.26174894 -43.21887884 -102.53486189 -118.36893550 -71.41141916 -134.97739956 -106.66552042 -120.32582736 -50.72449505 -145.73049087 -71.55839957 -76.38952936 -41.60165902
-16.68933841 -44.54571715 -52.21511776 -20.35427770 -40.63962811 -102.17362608 -118.15036643 -68.50204726 -134.88012351 -106.23415239 -120.04257304 -50.75504576 -145.46866420 -71.47820763 -76.28293485 -38.74990557
-16.75147975 -44.21599472 -51.90817935 -20.43662585 -38.10337256 -101.77863916 -117.90356837 -65.61445853 -134.77248642 -105.76798100 -119.72704690 -50.76726806 -145.19353551 -71.38691135 -76.16192960 -35.93871787
-16.80796954 -43.88011873 -51.58545405 -20.50890988 -35.60532425 -101.34255935 -117.63016449 -62.75470683 -134.65811805 -105.26948218 -119.38420566 -50.76583130 -144.90866170 -71.28683596 -76.02359367 -33.16906019
-16.88015487 -43.58828533 -51.30289573 -20.58468258 -33.02525801 -100.94357179 -117.41337991 -59.83896508 -134.54674474 -104.82944928 -119.10288038 -50.78908417 -144.63236167 -71.21019616 -75.91178435 -30.31783574
-17.10008770 -43.72196396 -51.38926510 -20.75701303 -29.60360827 -101.14662393 -117.78420664 -56.32378194 -134.48862217 -105.02332579 -119.46146841 -51.05837295 -144.46057677 -71.35821438 -76.06207115 -26.69009500
-17.27356700 -43.73233965 -51.35068884 -20.80894349 -26.38499910 -101.09838103 -117.87539942 -54.91879523 -134.47388889 -104.95311189 -119.52174343 -51.14018261 -144.29192652 -71.42548120 -76.10426770 -26.38129270
-17.40698634 -43.79194475 -51.35265080 -20.84308744 -23.07676393 -101.09500385 -118.00121712 -54.94893640 -134.56410392 -104.95730165 -119.62078716 -51.21983492 -144.21341832 -71.52181383 -76.16564359 -26.39499116
-17.51262669 -43.83602505 -51.38569753 -20.87387398 -19.80849658 -101.05375003 -118.10231025 -54.96851360 -134.63936397 -104.93041495 -119.69652800 -51.28902430 -144.12662205 -71.60616098 -76.20839209 -26.40300344
-17.59407922 -43.87932888 -51.41990673 -20.90931568 -16.54363457 -101.01202620 -118.20209950 -54.98673695 -134.70665185 -104.90158514 -119.76938927 -51.35733089 -144.03503035 -71.66520986 -76.24473859 -26.40925421
-17.67678684 -43.92264217 -51.45307037 -20.94484364 -13.27674782 -100.97064829 -118.30007850 -55.00433843 -134.76385727 -104.87143740 -119.84029778 -51.42519629 -143.93642473 -71.70695453 -76.27895455 -26.41360128
-17.70282675 -43.89359958 -51.42979434 -20.95950494 -11.58424803 -100.81552555 -118.30449388 -54.99518110 -134.81578084 -104.71966393 -119.81400474 -51.46161871 -143.81997670 -71.70470776 -76.26299893 -26.40125800
-17.66638836 -43.79175510 -51.35038141 -20.95310174 -11.50919925 -100.55187871 -118.21789367 -54.95929372 -134.86725616 -104.44526473 -119.69130512 -51.46738213 -143.69087644 -71.64912158 -76.19662598 -26.37334747
-17.63025826 -43.69007666 -51.27000029 -20.90899914 -11.43502644 -100.29237881 -118.13304606 -54.92309485 -134.91664154 -104.17346000 -119.56888626 -51.47427994 -143.56214284 -71.58492195 -76.12894382 -26.34472682
-17.59338938 -43.58615028 -51.18805271 -20.86340835 -11.36164375 -100.02958298 -118.04337354 -54.88548184 -134.96406576 -103.90595885 -119.44319383 -51.48017191 -143.43320684 -71.51926803 -76.06022642 -26.31469820
-17.55914655 -43.49426049 -51.11466084 -20.82343770 -11.29561225 -99.79617076 -117.96880403 -54.85290815 -134.99592668 -103.66270970 -119.33440212 -51.48802330 -143.30557000 -71.46034363 -75.99862652 -26.28598782
-17.53591137 -43.45330838 -51.07753113 -20.80342560 -11.25510006 -99.68055418 -117.95956348 -54.84191118 -134.97110143 -103.51618913 -119.29811957 -51.49295149 -143.18138062 -71.42949126 -75.96782227 -26.26536188
-17.51295940 -43.41142435 -51.03804224 -20.78115801 -11.21400685 -99.56536180 -117.94484217 -54.82979396 -134.94143918 -103.36951915 -119.25960693 -51.49962734 -143.05527848 -71.37469493 -75.93766874 -26.24356760
-17.49076951 -43.37103444 -50.99883298 -20.75939073 -11.17107088 -99.45354236 -117.92323630 -54.81768524 -134.90853425 -103.22550472 -119.22174145 -51.49349677 -142.92613380 -71.30357520 -75.90898847 -26.22115697
-17.71572047 -43.96879648 -51.43744624 -20.88171639 -7.02264504 -100.34944583 -118.64902452 -55.06439759 -134.87567010 -104.19849393 -119.99188412 -51.70900642 -133.84534006 -71.55461153 -76.26215693 -26.32502755
-17.66545143 -43.85439179 -51.33755701 -20.84139815 -7.52478618 -100.11510867 -118.51365952 -55.01774894 -134.85053512 -103.90942936 -119.83203945 -51.64785726 -134.97265781 -71.43774649 -76.18621202 -26.28476636
-17.62605653 -43.76550263 -51.25512738 -20.80681231 -7.80751119 -99.91306109 -118.39924341 -54.97939298 -134.82235967 -103.65511259 -119.70441908 -51.59648758 -135.60618063 -71.33404704 -76.12497467 -26.25173886
-17.70417880 -44.02245340 -51.44775046 -20.87362196 -7.74869500 -100.30334296 -118.75130591 -55.11550620 -134.76192995 -98.02651947 -120.17276416 -51.70733184 -135.53122141 -71.40562830 -76.27769527 -26.29314252
-17.69580269 -44.00802932 -51.41887322 -20.85848637 -7.69951149 -100.23097137 -118.73162398 -55.10857933 -134.71505623 -97.39267489 -120.15243694 -51.68541011 -135.40733230 -71.33963087 -76.26414835 -26.27339262
-17.67874448 -43.96467412 -51.36629271 -20.83494248 -7.64911647 -100.10531371 -118.67143147 -55.08616682 -134.66670119 -97.30418961 -120.07991245 -51.65110744 -135.27369422 -71.25609435 -76.22955846 -26.24598889
-17.66046916 -43.91705388 -51.30922308 -20.80982387 -7.59784756 -99.97255361 -118.61089752 -55.06058567 -134.61865013 -97.20849156 -120.01161438 -51.61866305 -135.13965800 -71.16987352 -76.19374687 -26.21692065
-17.64132316 -43.86703425 -51.24980270 -20.78397966 -7.54549871 -99.83678146 -118.55152353 -55.03501446 -134.57043828 -97.10866684 -119.93952800 -51.58683636 -135.00578941 -71.08231078 -76.15647797 -26.18674929
-17.62181255 -43.81579295 -51.18907708 -20.75785873 -7.49209604 -99.69929246 -118.49049642 -55.00871826 -134.52217847 -97.00609599 -119.86563255 -51.55447587 -134.87197752 -70.99503509 -76.11852001 -26.15596858
-17.60177592 -43.76250162 -51.12701518 -20.73141248 -7.43775218 -99.55976766 -118.42919111 -54.98161371 -134.47408325 -96.90027628 -119.78968936 -51.52148397 -134.73793968 -70.90680630 -76.08000923 -26.12445723
-17.58130267 -43.70754232 -51.06341409 -20.70449646 -7.38244510 -99.42128319 -118.36711182 -54.95193557 -134.42647391 -96.79078517 -119.71172466 -51.48753867 -134.60396854 -70.81733943 -76.04055263 -26.09218741
-17.56011790 -43.64980952 -50.99728397 -20.68195478 -7.32641100 -99.28038113 -118.30068731 -54.91904463 -134.37963570 -96.67519387 -119.62841090 -51.45190507 -134.47040863 -70.72599947 -75.99924877 -26.05880656
-17.54443535 -43.58817538 -50.92734895 -20.65975584 -7.26958672 -99.13253239 -118.22812317 -54.88331861 -134.33216619 -96.53647627 -119.53750260 -51.41388909 -134.33600889 -70.63225924 -75.95485281 -26.02656782
-17.53697471 -43.55766255 -50.87845915 -20.64644800 -7.22771688 -99.01770015 -118.19110141 -54.86135461 -134.25372022 -96.41520682 -119.48329777 -51.38870748 -134.20205598 -70.55354116 -75.91637956 -26.00082642
-17.52964452 -43.52769990 -50.83003991 -20.63327967 -7.18555313 -98.90376288 -118.15523083 -54.83990229 -134.17460130 -96.29488338 -119.42939631 -51.36408650 -134.06859114 -70.47490629 -75.87380911 -25.97502763
-17.52193722 -43.49715538 -50.78089645 -20.61967484 -7.14232374 -98.78907721 -118.11868143 -54.81822321 -134.09635343 -96.17367003 -119.37391546 -51.33934721 -133.93565810 -70.39541884 -75.83083345 -25.94868116
-17.51550981 -43.46754702 -50.73172319 -20.60566007 -7.09864263 -98.67431199 -118.08201362 -54.79660018 -134.01537991 -96.05194772 -119.31730718 -51.31479277 -133.79022471 -70.31566693 -75.78758260 -25.92182921
-17.50901907 -43.43876044 -50.68218441 -20.59157326 -7.05368781 -98.56003088 -118.04588443 -54.77550042 -133.93494718 -95.93093375 -119.26084511 -51.28218943 -133.63886511 -70.23590889 -75.73967907 -25.89483144
-17.54206003 -43.51164175 -50.70380875 -20.59645255 -6.30307884 -98.59946252 -118.11992250 -54.79271158 -133.88916731 -96.00513950 -119.31751499 -51.28250121 -132.03323158 -70.20056851 -75.74424727 -25.88467735
-17.79292024 -44.14871179 -51.14022265 -20.71923345 -1.60332582 -99.52708435 -118.86774159 -55.03855572 -133.90319031 -97.14343312 -120.07924335 -51.49207977 -121.95494669 -70.42387346 -76.07699893 -25.96896270
-17.76803835 -44.08158560 -51.05826772 -20.69664367 -2.01368447 -99.35685387 -118.77822419 -55.00136314 -133.81361890 -96.97121938 -119.96494440 -51.44237605 -122.82756109 -70.32334178 -75.99655123 -25.93343825
-17.75000847 -44.04339782 -50.99830779 -20.68291659 -2.42344142 -99.25887244 -118.73351629 -54.97802096 -133.71283169 -96.85438376 -119.89053261 -51.40534454 -123.75845119 -70.23750651 -75.92783128 -25.90311172
-17.73163497 -44.00529293 -50.93799699 -20.66843542 -2.83270675 -99.16043493 -118.68840913 -54.95425779 -133.61312805 -96.73664711 -119.81424137 -51.36808338 -124.69062244 -70.15124717 -75.85824974 -25.86717725
-17.71343110 -43.96731234 -50.87817971 -20.65371071 -3.23802689 -99.06326754 -118.64347961 -54.93097145 -133.51504799 -96.61902071 -119.73773130 -51.32513772 -125.61684215 -70.06501751 -75.78842379 -25.82532485
-17.76070040 -44.07787087 -50.93096775 -20.67417503 -5.84509755 -99.29049925 -118.77681925 -54.97156362 -129.84701108 -96.75423483 -119.85156726 -51.32736916 -124.66869920 -70.04845119 -75.80452881 -25.79480129
-17.73198546 -44.02956667 -50.86474271 -20.65804587 -6.07284000 -99.17631117 -118.71893827 -54.94489749 -130.03096886 -96.61808589 -119.76107872 -51.27153492 -125.72463310 -69.95723563 -75.72915593 -25.73957543
-17.86153648 -44.43483234 -51.16366784 -20.76822125 -6.00927290 -91.09101507 -119.46436445 -55.15452004 -130.09682627 -97.30151096 -120.33039131 -51.42104788 -125.99156669 -70.08761934 -75.93100977 -25.76740729
-17.87668508 -44.47685593 -51.16716898 -20.76872676 -5.56924606 -91.81894295 -119.52817912 -55.16175630 -130.06657368 -97.34660912 -120.32832951 -51.39692611 -125.15386441 -70.03997313 -75.90840315 -25.72794832
-17.87693426 -44.48303174 -51.14335697 -20.76145798 -5.44727741 -92.37862726 -119.54861033 -55.15405177 -130.01148174 -97.31768477 -120.27426684 -51.35946782 -124.97578727 -69.97509461 -75.84558475 -25.68298226
-17.93777476 -44.65873740 -51.26053433 -20.80002297 -5.29971636 -93.23564559 -119.81443819 -55.23597340 -129.95987269 -97.15056955 -120.45284094 -51.40032043 -124.87447509 -66.59333835 -75.95428526 -25.67330308
-18.16984895 -45.26326482 -51.70824766 -20.93627505 -3.15771184 -94.47347256 -120.63584090 -55.50611952 -125.41656876 -98.05394540 -121.19293006 -51.60736830 -120.10422461 -67.25528831 -76.23819960 -25.73068159
-18.41573111 -45.75735421 -52.06994907 -21.04601698 -9.40075486 -95.34832649 -121.31138650 -55.72610112 -115.12177342 -98.87458245 -121.75035601 -51.76676144 -113.48408476 -67.17927463 -76.46354883 -25.76852034
-18.40561713 -45.75154198 -52.04049529 -21.03856582 -8.58822685 -95.31392194 -121.32687446 -55.72084623 -116.24811023 -98.87163846 -121.64484979 -51.72948623 -114.09860715 -67.13340681 -76.39112937 -25.72290169
-18.38852553 -45.72578676 -51.99588027 -21.02531356 -7.61166678 -95.20843482 -121.31413002 -55.70629436 -117.64373114 -98.82408753 -121.51087154 -51.68382524 -114.89132842 -67.07640833 -76.30635057 -25.67434742
-18.36511482 -45.68156110 -51.93786249 -21.00630470 -6.55068247 -95.04724891 -121.27529576 -55.68294900 -119.20088204 -98.70850617 -121.34594076 -51.63024543 -115.78898671 -67.00835594 -76.20963502 -25.62312278
-18.34306720 -45.64257537 -51.88491222 -20.98867397 -5.56435066 -94.88190820 -121.24518803 -55.66271322 -120.63949539 -98.60172658 -121.18852168 -51.57909367 -116.60797510 -66.94328349 -76.11539595 -25.57354821
-18.32739987 -45.62263118 -51.84297938 -20.95834007 -4.84845212 -94.73773302 -121.23934302 -55.63546822 -121.63975695 -98.52862710 -121.05850473 -51.53361901 -117.13766997 -66.88881953 -76.03166794 -25.52704134
-18.33270261 -45.65184267 -51.83725679 -20.93048457 -4.77056614 -94.66340693 -121.30002477 -55.62101793 -121.58154157 -98.54068036 -120.99432448 -51.50691641 -116.96825323 -66.86105437 -75.97580305 -25.48244953
-18.46330588 -46.00228303 -52.08633797 -20.97861276 -2.32034695 -95.06007552 -121.80145531 -55.75650486 -121.54882695 -99.17080658 -121.36388660 -51.61148684 -111.63286193 -67.00713766 -76.10625212 -25.46220244
-18.50110853 -46.11660736 -52.15086808 -20.96946318 -1.59745511 -95.12093393 -121.98113151 -55.78337165 -121.50270442 -99.36321656 -121.41464828 -51.62167089 -110.08868790 -67.02593984 -76.10111434 -25.40645045
-18.71651855 -46.63640861 -52.55112889 -21.05434221 2.32031933 -95.46063278 -122.72720839 -56.00590145 -121.52946764 -100.32468889 -122.02042868 -51.80379887 -101.80582286 -67.26882078 -76.33533961 -25.38297184
-19.00328470 -47.30031968 -53.08389763 -21.17554097 6.25299950 -96.31283554 -123.65538134 -56.29131984 -119.92487041 -101.53656596 -122.78428835 -52.04027547 -92.68514775 -67.59166762 -76.63921765 -25.37218090
-19.03417328 -47.38860820 -53.15512064 -21.17541570 5.88923942 -96.63853777 -123.84416097 -56.33881204 -119.02861165 -101.71291487 -122.84295947 -52.06619058 -92.97107703 -67.61256518 -76.67437238 -23.93756074
-19.14836816 -47.62800255 -53.34852872 -21.20521139 5.67807602 -97.41066769 -124.23166726 -56.44460254 -115.40581305 -102.16145627 -123.08983982 -52.14169141 -91.68555386 -67.71503359 -76.74209942 -24.01209458
-19.12967218 -47.58606918 -53.29659232 -21.16038422 5.32617113 -97.42444609 -124.20587638 -56.40619026 -115.45481752 -102.08242436 -122.94152209 -52.09343392 -92.44065804 -67.65457935 -76.64264691 -24.00639525
-19.24714004 -47.97521439 -53.69330377 -21.28813097 4.76880369 -98.27566400 -124.99996709 -56.71642311 -115.91738566 -102.81202558 -123.59458111 -52.34142034 -93.96700935 -67.97737702 -66.77634955 -20.33628837
-19.27267094 -48.11826890 -53.86209607 -21.34152822 4.35593087 -98.62488458 -125.38319221 -56.92898587 -116.28939778 -103.09944717 -124.05302999 -44.95464527 -94.53813867 -68.05283160 -67.72445047 -20.51018230
-19.24002290 -48.03516513 -53.76846507 -21.28122302 4.04001680 -98.49902163 -125.27857971 -56.86134723 -116.46954534 -102.90426286 -123.83990347 -45.06428603 -95.31514227 -67.95460656 -68.05093386 -20.53496425
-19.29062007 -48.14196679 -53.83206104 -21.26033902 3.66001338 -98.71966063 -125.42494954 -56.87534603 -116.72155043 -103.03563530 -123.87340384 -45.17674370 -92.03223436 -67.56466048 -68.56105113 -20.59550717
-19.26039130 -48.06789169 -53.74477868 -21.20262208 3.37412586 -98.62584082 -125.33132222 -56.81233452 -116.73743111 -102.85403979 -123.66099782 -45.17565686 -92.80073503 -67.59789104 -68.86856732 -20.61416896
-19.24674916 -48.03241066 -53.69111564 -21.15388195 3.09592854 -98.61482128 -125.29234080 -56.76829850 -116.62978317 -102.74090621 -123.50801007 -45.17404046 -93.48482740 -66.99567150 -69.20438849 -20.63250925
-19.22883047 -47.97718700 -53.62324330 -21.10100165 2.84274370 -98.57076368 -125.22955860 -56.71685284 -116.51403158 -102.59166851 -123.33053438 -45.15957207 -94.08854254 -66.94817154 -69.51572346 -20.58573932
-19.21280706 -47.92040276 -53.55742157 -21.04792104 2.61161122 -98.52966596 -125.16799029 -56.66431305 -116.39807123 -102.44125341 -123.15117427 -45.23617881 -94.64459803 -66.86630810 -69.81661991 -20.53865547
-19.19589581 -47.86634751 -53.49421360 -20.99480218 2.41028449 -98.49406170 -125.11029052 -56.60970205 -116.28254214 -102.29209905 -122.97657093 -45.38581866 -95.13751067 -66.74987366 -70.10844526 -20.49181306
-19.18268991 -47.86975565 -53.49623499 -20.96429372 2.25906624 -98.59717029 -125.15700631 -56.59283026 -115.93250567 -102.25830775 -122.91915577 -45.62913496 -95.39846459 -66.62573682 -70.46304744 -19.40694612
-19.16151952 -47.84888481 -53.47079258 -20.92338026 2.17381547 -98.63159170 -125.15715689 -56.55724173 -115.81575710 -102.16961326 -122.81424816 -45.89498019 -95.59958238 -66.45147317 -70.12894240 -19.43476336
-19.14207049 -47.82506434 -53.43843946 -20.87835681 2.21481648 -98.65791080 -125.14164795 -56.51180132 -115.70091372 -102.06735519 -122.69062464 -46.16764258 -95.49996319 -66.23972529 -70.39412886 -19.44939537
-19.13906276 -47.84122357 -53.44548342 -20.84560231 2.52247750 -98.75783712 -125.19234937 -56.49152478 -115.58539494 -102.03113832 -122.63303136 -46.43203114 -94.84496392 -66.04769986 -70.49778531 -19.47470809
-19.17261705 -47.94409078 -53.53438820 -20.83704651 3.48937086 -99.01668116 -125.37979472 -56.52076320 -115.47366209 -102.13519723 -122.71605508 -46.49115299 -92.81145605 -66.17069246 -70.50670139 -19.46830099
-19.64652132 -49.08105337 -54.61649133 -21.11557594 11.86319937 -101.13847840 -127.24993899 -57.13952649 -115.10887211 -101.84739031 -115.48485282 -46.77896680 -76.01892196 -67.06406363 -70.81243176 -19.62116222
-19.67869083 -49.17981830 -54.71451888 -21.12233121 11.89328011 -101.46200414 -127.48576857 -57.19866846 -114.92749284 -102.01852929 -116.83525378 -46.86039764 -75.91050901 -67.07615366 -70.84687041 -19.61226216
-19.65338313 -49.14650860 -54.68092385 -21.08031771 11.68535686 -101.50570406 -127.48115656 -57.15740808 -114.78850695 -101.93100842 -117.55825710 -46.84360212 -76.19607359 -67.01088052 -70.77801442 -19.58098908
-19.62997000 -49.12541884 -54.66286533 -21.04473427 11.46334285 -101.55500315 -127.49444875 -57.12905125 -114.66335068 -101.86865994 -117.64611954 -46.46066457 -76.54418853 -66.94931568 -70.71823162 -19.55337725
-19.60096351 -49.08037949 -54.62718707 -21.00243671 11.23668434 -101.57009378 -127.47600736 -57.08625523 -114.54262425 -101.77546852 -117.59443143 -46.45202276 -76.90931746 -66.87713535 -70.64533065 -19.52144886
-19.56994013 -49.02364637 -54.58854589 -20.95937318 11.01149512 -101.56736759 -127.45289995 -57.04153446 -114.42464116 -101.67411035 -117.53731250 -46.44123018 -77.27728008 -66.80324810 -70.57035576 -19.48866051
-19.54669907 -48.93146085 -54.55968035 -20.91727828 10.78779957 -101.54957787 -127.42743828 -56.99906914 -114.31541109 -101.58815213 -117.48631045 -46.43146593 -77.66852217 -66.73295314 -70.49804555 -19.45537513
-20.81711254 -49.38101488 -49.57020105 -22.66871023 8.88505051 -98.63747998 0.00000000 -49.70547911 -111.26087379 -108.20188129 -109.79257316 -49.15901903 -79.95811344 -68.94312046 -73.54177192 -20.54816317
-20.87107639 -49.24527107 -50.50433856 -22.73533039 8.62225433 -98.76724258 0.00000000 -49.84672463 -111.17335819 -108.46700389 -110.89756602 -49.26269582 -80.55785281 -68.99136473 -73.60374352 -20.54646412
-20.90269379 -49.38685677 -51.38006511 -22.79409222 8.37114540 -98.84657010 0.00000000 -49.91788118 -111.07849017 -108.69122417 -112.00363206 -49.35815045 -81.10670360 -69.01611161 -73.64398874 -20.53469899
-20.91830566 -49.43981640 -52.11888541 -22.80834451 8.13550177 -98.90660992 -0.00000000 -49.91960513 -110.97518495 -108.82740664 -112.95049903 -49.41914430 -81.59003489 -68.79104445 -73.63400440 -20.50511524
-20.94185697 -49.53082052 -52.84619978 -22.82521168 7.89130441 -98.89737147 -0.00000000 -49.88987236 -110.88016621 -109.01341069 -114.04536768 -49.50814294 -82.12848251 -68.81560019 -73.65737926 -20.49003480
-20.95758079 -49.59437565 -53.50290491 -22.83122570 7.65605785 -98.80866035 0.00000000 -49.81739086 -110.78594748 -109.00423283 -115.05810619 -49.56868592 -82.64739236 -68.84467902 -73.70500503 -20.48128004
-21.29144364 -50.32758894 -54.96557429 -23.11418717 7.22006506 -83.20465200 -0.00000000 -49.89838991 -110.69219748 -109.31742355 -118.39451526 -49.96355771 -83.91376913 -69.35601016 -74.29382412 -20.62802678
-21.27976023 -50.31923209 -55.07722312 -23.09452961 7.01664948 15.65323320 0.00000000 -49.87740046 -110.59000357 -109.23834980 -119.04161812 -49.95501534 -84.32853483 -69.33990271 -74.27226273 -20.59933961
-22.14504786 -51.98995406 -56.96728809 -23.84795379 6.45327599 19.37217407 -0.00000000 -49.63861793 -110.59103943 -110.11656873 -124.77156061 -50.92046735 -86.37200164 -70.71817900 -75.84870218 -21.05991092
-22.52618819 -52.70756547 -57.75914524 -24.20138175 6.18345185 21.33586188 -0.00000000 -49.70048167 -110.53448149 -110.50510022 -127.57666974 -51.19295691 -87.26274157 -71.38827125 -76.61514061 -21.28016935
-22.68466680 -53.02819991 -58.08476895 -24.33984082 6.10204456 21.33592606 -0.00000000 -49.72736454 -110.51945705 -98.43525411 -128.11438052 -51.26250223 -87.53860371 -71.64735182 -76.90100011 -21.35904537
-22.93727295 -53.53235524 -58.64543520 -24.58965585 5.96829502 22.45226015 -0.00000000 -48.66133865 -110.45947258 -99.90135771 -129.02522688 -51.38584139 -88.01710234 -72.11757750 -77.40736631 -21.49685189
-23.13161341 -53.92751513 -59.07929048 -24.77674039 6.02168980 23.12176085 -0.00000000 -48.76886422 -110.38325650 -100.77952336 -129.23429822 -51.46927934 -88.03204406 -72.41626622 -77.66350299 -21.58048376
-23.38179335 -54.53612685 -59.75177302 -25.06238100 6.10939480 23.64187207 -0.00000000 -48.94764041 -110.23314895 -101.18160707 -129.26472720 -51.58934666 -87.99412424 -72.39020836 -76.35846487 -20.61747675
-23.60785277 -55.09770391 -60.36054054 -25.30150668 6.19487139 24.03763992 -0.00000000 -48.73396164 -110.08563226 -101.44282267 -129.07584654 -51.68729794 -87.86172403 -72.32371908 -74.82700192 -20.71630066
-23.77035974 -55.57824643 -60.87835432 -25.47084886 6.26582179 24.34383647 -0.00000000 -48.56086669 -109.91086736 -101.64810135 -128.87627514 -51.76020419 -87.70953130 -72.25258933 -74.37184103 -20.82872855
-23.91852718 -56.02291704 -61.36434964 -25.58586804 6.33271505 24.59419930 0.00000000 -48.71913259 -109.73793903 -101.71990747 -128.66751757 -51.82200115 -87.54962725 -72.18024318 -74.46103781 -20.97715561
-24.06610664 -56.46812536 -61.84829866 -25.70038345 6.40070809 24.82806010 -0.00000000 -48.54205792 -109.55741964 -101.62008998 -128.45292501 -51.87932974 -87.38024418 -72.10789539 -74.77195612 -21.07067746
-24.19364456 -56.89502036 -62.31046538 -25.80624650 6.46758689 25.04568668 -0.00000000 -48.70809221 -109.38456448 -101.49840705 -128.22507874 -51.92494367 -87.20971054 -72.03376186 -75.13844096 -21.04167621
-24.26751930 -57.28095040 -62.76015992 -25.90979666 6.53495908 25.26753774 -0.00000000 -48.76916776 -109.22066560 -101.15789000 -127.99077193 -51.95502491 -87.03318712 -71.95717687 -75.50515687 -21.00728959
-24.35594211 -57.74942838 -62.39767484 -26.05789073 6.61107321 25.49993139 -0.00000000 -48.65290502 -109.04447194 -101.00819385 -127.73986511 -51.99437392 -86.85308827 -71.88450815 -75.89843783 -20.97752198
-24.43532576 -58.15286066 -62.80430771 -26.17400109 6.68310141 25.73033930 -0.00000000 -48.20410598 -108.87887057 -100.64066334 -127.49412958 -52.02146863 -86.67189062 -71.80700533 -76.25431538 -20.94093920
-24.54660588 -58.71135517 -61.25551320 -26.35720188 6.76653112 25.97807606 0.00000000 -48.08756795 -108.71548649 -100.45920502 -127.22344656 -52.06351998 -86.50124417 -71.73752838 -76.53201408 -20.91066270
-24.64183330 -59.22046657 -61.07487896 -26.24063385 6.85014740 26.21996475 -0.00000000 -47.95032899 -108.55523843 -100.26626803 -126.94309526 -52.09547402 -85.94338217 -71.66395999 -76.47532892 -20.88119820
-24.80278311 -59.89561788 -61.34824928 -26.46952467 8.91802301 26.49216909 0.00000000 -47.82138782 -108.47954105 -100.01813226 -126.63280740 -52.14873704 -82.06949347 -71.59903138 -76.37239476 -20.84597978
-24.90806008 -60.38023552 -61.98936176 -26.55475387 9.29611604 26.73427293 0.00000000 -47.35852778 -108.35154913 -99.79049259 -126.33582591 -52.17223056 -80.97409665 -71.49361305 -76.24919910 -20.80347962
