0.00000000
0.00102006
0.00202006
0.00302006
0.00402006
0.00502006
0.00602006
0.00702006
0.00802006
0.00902006
0.01002006
0.01102006
0.01202006
0.01302006
0.01402006
0.01502006
0.01602006
0.01702006
0.01802006
0.01902006
0.02002006
0.02102006
0.02202006
0.02302006
0.02402006
0.02502006
0.02602006
0.02702006
0.02802006
0.02902006
0.03002006
0.03102006
0.03202006
0.03302006
0.03402006
0.03502006
0.03602006
0.03702006
0.03802006
0.03902006
0.04002006
0.04102006
0.04202006
0.04302006
0.04402006
0.04502006
0.04602006
0.04702006
0.04802006
0.04902006
0.05002006
0.05102006
0.05202006
0.05302006
0.05402006
0.05502006
0.05602006
0.05702006
0.05802006
0.05902006
0.06002006
0.06102006
0.06202006
0.06302006
0.06402006
0.06502006
0.06602006
0.06702006
0.06802006
0.06902006
0.07002006
0.07102006
0.07202006
0.07302006
0.07402006
0.07502006
0.07602006
0.07702006
0.07802006
0.07902006
0.08002006
0.08102006
0.08202006
0.08302006
0.08402006
0.08502006
0.08602006
0.08702006
0.08802006
0.08902006
0.09002006
0.09102006
0.09202006
0.09302006
0.09402006
0.09502006
0.09602006
0.09702006
0.09802006
0.09902006
0.10002006
0.10102006
0.10202006
0.10302006
0.10402006
0.10502006
0.10602006
0.10702006
0.10802006
0.10902006
0.11002006
0.11102006
0.11202006
0.11302006
0.11402006
0.11502006
0.11602006
0.11702006
0.11802006
0.11902006
0.12002006
0.12102006
0.12202006
0.12302006
