0.00000000
0.00101507
0.00201507
0.00301507
0.00401507
0.00501507
0.00601507
0.00701507
0.00801507
0.00901507
0.01001507
0.01101507
0.01201507
0.01301507
0.01401507
0.01501507
0.01601507
0.01701507
0.01801507
0.01901507
0.02001507
0.02101507
0.02201507
0.02301507
0.02401507
0.02501507
0.02601507
0.02701507
0.02801507
0.02901507
0.03001507
0.03101507
0.03201507
0.03301507
0.03401507
0.03501507
0.03601507
0.03701507
0.03801507
0.03901507
0.04001507
0.04101507
0.04201507
0.04301507
0.04401507
0.04501507
0.04601507
0.04701507
0.04801507
0.04901507
0.05001507
0.05101507
0.05201507
0.05301507
0.05401507
0.05501507
0.05601507
0.05701507
0.05801507
0.05901507
0.06001507
0.06101507
0.06201507
0.06301507
0.06401507
0.06501507
0.06601507
0.06701507
0.06801507
0.06901507
0.07001507
0.07101507
0.07201507
0.07301507
0.07401507
0.07501507
0.07601507
0.07701507
0.07801507
0.07901507
0.08001507
0.08101507
0.08201507
0.08301507
0.08401507
0.08501507
0.08601507
0.08701507
0.08801507
0.08901507
0.09001507
0.09101507
0.09201507
0.09301507
0.09401507
0.09501507
0.09601507
0.09701507
0.09801507
0.09901507
0.10001507
0.10101507
0.10201507
0.10301507
0.10401507
0.10501507
0.10601507
0.10701507
0.10801507
0.10901507
0.11001507
0.11101507
0.11201507
0.11301507
0.11401507
0.11501507
0.11601507
0.11701507
0.11801507
0.11901507
0.12001507
0.12101507
0.12201507
0.12301507
0.12401507
0.12501507
0.12601507
0.12701507
0.12801507
0.12901507
0.13001507
0.13101507
