0.00000000 0.00000000
0.00054467 0.00102006
0.00111689 0.00202006
0.00169724 0.00302006
0.00228861 0.00402006
0.00289227 0.00502006
0.00350949 0.00602006
0.00414109 0.00702006
0.00478790 0.00802006
0.00545159 0.00902006
0.00613710 0.01002006
0.00684745 0.01102006
0.00758580 0.01202006
0.00837891 0.01302006
0.00925170 0.01402006
0.01021007 0.01502006
0.01118125 0.01602006
0.01216118 0.01702006
0.01315568 0.01802006
0.01416082 0.01902006
0.01518823 0.02002006
0.01623592 0.02102006
0.01729370 0.02202006
0.01835974 0.02302006
0.01943875 0.02402006
0.02052932 0.02502006
0.02163055 0.02602006
0.02272851 0.02702006
0.02381899 0.02802006
0.02491769 0.02902006
0.02602118 0.03002006
0.02712574 0.03102006
0.02821118 0.03202006
0.02929767 0.03302006
0.03038140 0.03402006
0.03141239 0.03502006
0.03244321 0.03602006
0.03345177 0.03702006
0.03445843 0.03802006
0.03546529 0.03902006
0.03647237 0.04002006
0.03747958 0.04102006
0.03848761 0.04202006
0.03949518 0.04302006
0.04050282 0.04402006
0.04152385 0.04502006
0.04255051 0.04602006
0.04355302 0.04702006
0.04454749 0.04802006
0.04555552 0.04902006
0.04659259 0.05002006
0.04758976 0.05102006
0.04859342 0.05202006
0.04960037 0.05302006
0.05060737 0.05402006
0.05161419 0.05502006
0.05262141 0.05602006
0.05362866 0.05702006
0.05463596 0.05802006
0.05564482 0.05902006
0.05665157 0.06002006
0.05765924 0.06102006
0.05866648 0.06202006
0.05967427 0.06302006
0.06068139 0.06402006
0.06169221 0.06502006
0.06270010 0.06602006
0.06370811 0.06702006
0.06471742 0.06802006
0.06572569 0.06902006
0.06673397 0.07002006
0.06774234 0.07102006
0.06875083 0.07202006
0.06975962 0.07302006
0.07076849 0.07402006
0.07177905 0.07502006
0.07278988 0.07602006
0.07380130 0.07702006
0.07481277 0.07802006
0.07582250 0.07902006
0.07685671 0.08002006
0.07786481 0.08102006
0.07887441 0.08202006
0.07989811 0.08302006
0.08090906 0.08402006
0.08194877 0.08502006
0.08295799 0.08602006
0.08398897 0.08702006
0.08499781 0.08802006
0.08600453 0.08902006
0.08701148 0.09002006
0.08801913 0.09102006
0.08902453 0.09202006
0.09003230 0.09302006
0.09103716 0.09402006
0.09204516 0.09502006
0.09305289 0.09602006
0.09405795 0.09702006
0.09506555 0.09802006
0.09607521 0.09902006
0.09708380 0.10002006
0.09810410 0.10102006
0.09910229 0.10202006
0.10011067 0.10302006
0.10112398 0.10402006
0.10214481 0.10502006
0.10318522 0.10602006
0.10420184 0.10702006
0.10520753 0.10802006
0.10620086 0.10902006
0.10720378 0.11002006
0.10820520 0.11102006
0.10920247 0.11202006
0.11018566 0.11302006
0.11117081 0.11402006
0.11218045 0.11502006
0.11317341 0.11602006
0.11417123 0.11702006
0.11518074 0.11802006
0.11617704 0.11902006
0.11716829 0.12002006
0.11816791 0.12102006
0.11917756 0.12202006
0.12019068 0.12302006
