0.00000000 0.00000000 0.00000000 0.00000000 0.00000000 0.00000000 0.00000000 0.00000000 0.00000000 0.00000000 0.00000000 0.00000000
3.21174192 -20.52911315 -29.21721323 2.28158187 -0.40569159 -9.70993094 2.21847799 -0.50105024 -10.28727660 3.05448589 -21.27362591 -29.54033401
0.84196507 -38.39968693 -45.92644462 -0.04350436 -3.05662401 -11.45013420 -0.27960750 -3.36521285 -12.07826873 0.79690395 -39.06007418 -46.17066406
-1.41990413 -55.27689129 -61.47529976 -2.39545992 -5.73507296 -12.97471588 -2.79319431 -6.26045244 -13.63896594 -1.37092956 -55.85232707 -61.64529964
-2.92750959 -70.93704407 -76.03031687 -4.63697597 -8.46319868 -14.38451603 -5.17142142 -9.20950860 -15.06040451 -2.95541742 -71.42775590 -76.09046439
-4.00626631 -85.21108883 -89.57155425 -6.73831880 -11.26040439 -15.71430653 -7.35955960 -12.23573456 -16.42322024 -4.02269097 -85.63970584 -89.52569897
-4.93186147 -98.17889368 -102.07458250 -8.59024780 -14.05636431 -17.00672092 -9.27704539 -15.14789814 -17.72142613 -4.93660070 -98.55949443 -101.92663389
-5.74442611 -109.91487307 -113.48844366 -10.25018587 -16.52894572 -18.25736469 -10.99572158 -17.77769007 -19.01571236 -5.73613402 -110.33357155 -113.31624459
-6.47131569 -120.52735244 -123.83200480 -11.77381227 -18.70202472 -19.51178322 -12.56859893 -20.10775799 -20.31255492 -6.46406288 -120.94646776 -123.58167815
-7.20100543 -129.99932562 -133.03885066 -13.18744215 -20.63658328 -20.77451945 -14.02154641 -22.20445078 -21.57594688 -7.20630522 -130.35103456 -132.63444498
-7.99022548 -138.25549589 -140.97142787 -14.55862047 -22.41994511 -22.02543157 -15.42701540 -24.11454062 -22.84752529 -8.01188981 -138.54171449 -140.40882480
-8.86767244 -145.20221610 -147.53656973 -15.91272451 -24.03296877 -23.27867880 -16.79903630 -25.93877946 -24.15574051 -8.90367829 -145.42873586 -146.80945421
-9.84952930 -150.73308786 -152.60366999 -17.29609547 -25.60716216 -24.57304563 -18.21920783 -27.70025281 -25.50803469 -9.90140029 -150.89970079 -151.69374561
-10.96995335 -154.69742925 -155.92318514 -18.74683427 -27.11017873 -25.87251708 -19.70492813 -29.38679170 -26.89820087 -11.03284699 -154.81191057 -154.86116303
-12.40550824 -155.63952536 -154.85793160 -20.41936949 -28.61119530 -27.31312464 -21.41669870 -31.14076463 -28.40192648 -12.48102780 -155.64235181 -153.55686314
-14.21186888 -151.75343741 -150.71013042 -22.32076785 -30.21440759 -28.92574172 -23.36365122 -32.98874887 -30.07995425 -14.28493255 -151.79468457 -149.32931560
-16.02112881 -147.77084951 -146.51925435 -24.20608392 -31.75100849 -30.52770727 -25.29252606 -34.78770136 -31.73549216 -16.08892494 -147.84599698 -145.05997483
-17.84250882 -143.69379238 -142.27224153 -26.07903926 -33.22868143 -32.11937105 -27.20381774 -36.50713529 -33.36020155 -17.88910736 -143.84298476 -140.77069331
-19.64504460 -139.63509035 -138.04048377 -27.91535406 -34.63525402 -33.68911163 -29.11760231 -38.18624856 -34.96849162 -19.71328461 -139.76056610 -136.39498068
-21.49670084 -135.44510006 -133.67260183 -29.75905041 -36.00941315 -35.22913299 -31.00176594 -39.80880023 -36.56167223 -21.49253033 -135.74962684 -132.09193569
-23.35462515 -131.20614917 -129.26372379 -31.58474849 -37.33240217 -36.74916101 -32.87602080 -41.38860285 -38.14705406 -23.26835861 -131.70417917 -127.76006975
-24.63271044 -127.52069363 -125.42738244 -33.32673901 -38.58673658 -38.21557886 -34.45097415 -43.01038825 -39.79246188 -24.57096151 -127.01491116 -122.73402409
-25.48367833 -123.37393960 -121.10102945 -34.46286243 -39.84942734 -39.71245846 -35.23074169 -44.57470694 -41.25905570 -25.44878461 -122.67402717 -118.06913791
-26.35122860 -118.94816897 -116.27340079 -35.20858498 -41.09122159 -40.99669116 -36.04564883 -46.13156800 -41.95414850 -26.35002414 -117.93006984 -113.31890224
-27.24950064 -113.75204958 -110.92315493 -35.96180393 -42.31590586 -41.57962255 -36.86528270 -47.68694195 -42.24953657 -27.28100328 -112.42921395 -107.92537418
-28.14162254 -108.45090869 -105.51130932 -36.69895141 -43.50361595 -41.71202239 -37.68120532 -49.23169911 -42.38087215 -28.24448041 -106.55717398 -102.02421259
-29.04570565 -102.97215565 -99.89161354 -37.35026595 -44.65681072 -41.76891693 -38.41904883 -50.21859411 -42.49695982 -29.17497433 -100.32056703 -95.82432207
-29.94791546 -97.26188108 -93.95218658 -37.64513978 -45.77016927 -41.79103132 -38.66651926 -50.91951800 -42.59026264 -29.99214958 -93.76411699 -89.04569487
-30.70782194 -91.48500530 -87.94020657 -37.70141691 -46.47261874 -41.80023244 -38.80190219 -51.45228452 -42.67320513 -30.55806112 -87.16989324 -82.18060310
-31.19402933 -85.66792025 -81.87569645 -37.74992040 -46.90901561 -41.79345569 -38.92848885 -51.50945406 -42.73456503 -31.01386454 -80.52658406 -75.26085007
-31.61812011 -79.81621780 -75.76789620 -37.78026962 -47.21473610 -41.77432016 -39.03355722 -51.49279698 -42.77009749 -31.46278244 -73.86099974 -68.32184209
-32.04147868 -73.92889467 -69.61587927 -37.80148812 -47.16481013 -41.73978405 -39.11459235 -51.42809769 -42.78094476 -31.90362580 -67.15519039 -61.34283894
-32.46098207 -68.03031488 -63.45046321 -37.81142836 -47.04058528 -41.69486944 -39.19408487 -51.32003191 -42.76802839 -32.33885332 -60.40566270 -54.30265191
-32.87539315 -62.10609626 -57.26636865 -37.80929995 -46.88374706 -41.64191680 -39.26277762 -51.19583419 -42.74124153 -32.76671478 -53.62399806 -47.24145004
-33.28259214 -56.08686093 -50.98779594 -37.80839724 -46.70247127 -41.58744186 -39.31608640 -51.05872835 -42.70203503 -33.17845492 -46.90721808 -40.83559953
-33.88033171 -45.55670019 -41.91488851 -38.22176642 -46.47491898 -41.62179222 -38.99093978 -50.94004914 -42.67307925 -33.31102676 -45.72073015 -40.77670424
-33.94282356 -45.49702645 -41.89907950 -38.21208678 -46.28088874 -41.58714300 -39.00495242 -50.80042664 -42.66678776 -33.36414480 -45.66526703 -40.77976904
-34.00359505 -45.42491845 -41.86903552 -38.18572057 -46.07581454 -41.54186878 -39.00997240 -50.65073232 -42.64048524 -33.41390206 -45.60078533 -40.75907478
-34.06251776 -45.34392630 -41.83512907 -38.15225473 -45.86028052 -41.48891737 -39.00197811 -50.48931172 -42.59833778 -33.45611367 -45.52623104 -40.71713736
-34.12094513 -45.25543769 -41.79698575 -38.11512808 -45.63409215 -41.42444893 -38.98594157 -50.31659081 -42.54942693 -33.49480282 -45.44228665 -40.66878738
-34.17867156 -45.15950416 -41.75332773 -38.07513572 -45.39805697 -41.34795959 -38.96613780 -50.13355719 -42.49261643 -33.53233162 -45.34920387 -40.61625612
-34.23562744 -45.05632586 -41.70477732 -38.03213362 -45.15306423 -41.26605469 -38.94195118 -49.94274099 -42.43120066 -33.56841855 -45.24708706 -40.55977542
-34.29178646 -44.94734709 -41.65285815 -37.98590731 -44.90002166 -41.17963691 -38.91361521 -49.74451042 -42.36516508 -33.60318062 -45.13778215 -40.49951072
-34.34691380 -44.83201716 -41.59744415 -37.93589506 -44.63952317 -41.08867219 -38.88108756 -49.53925767 -42.29394237 -33.63671128 -45.02195861 -40.43446722
-34.40104002 -44.71060085 -41.53876407 -37.88276098 -44.37212797 -40.99446773 -38.84322024 -49.32736466 -42.21695609 -33.66893474 -44.90134242 -40.36555186
-34.45414940 -44.58350085 -41.47691864 -37.82707167 -44.09923406 -40.89792809 -38.80080457 -49.10831416 -42.13563712 -33.69976746 -44.77522006 -40.29315211
-34.50589806 -44.44990466 -41.41169961 -37.76867788 -43.82128658 -40.79906943 -38.75332885 -48.88412686 -42.04996830 -33.72911751 -44.64427298 -40.21741039
-34.55589165 -44.31121820 -41.34360477 -37.70483894 -43.53958936 -40.69817768 -38.69939300 -48.65552817 -41.95991846 -33.75647598 -44.50865402 -40.13836077
-34.60412986 -44.16704001 -41.27189329 -37.64168946 -43.25458215 -40.59509827 -38.64195626 -48.42283391 -41.86524104 -33.78235798 -44.36831697 -40.05583213
-34.65062616 -44.01798574 -41.19698270 -37.57537421 -42.96725822 -40.49013079 -38.57958650 -48.18659396 -41.76590098 -33.80651692 -44.22392662 -39.96992946
-34.69506535 -43.86357633 -41.11796545 -37.50526648 -42.67801801 -40.38314859 -38.50987678 -47.94766545 -41.66188942 -33.82834503 -44.07639798 -39.88148133
-34.73739211 -43.70445569 -41.03572401 -37.43384040 -42.38767103 -40.27447658 -38.43641894 -47.70604160 -41.55300565 -33.84829666 -43.92463084 -39.78934754
-34.77754414 -43.54087253 -40.95045244 -37.36002568 -42.09679711 -40.16432606 -38.35795174 -47.46248547 -41.43919678 -33.86609663 -43.76970382 -39.69419606
-34.81586097 -43.37313891 -40.86218205 -37.28434753 -41.80563670 -40.05281457 -38.27541203 -47.21738843 -41.32014664 -33.88188667 -43.61167400 -39.59580467
-34.85152239 -43.20137488 -40.77105067 -37.20673995 -41.51498306 -39.94007552 -38.18784682 -46.97120603 -41.19603106 -33.89533409 -43.45081978 -39.49416751
-34.88483419 -43.02594417 -40.67691077 -37.12775497 -41.22513836 -39.82619121 -38.09658410 -46.72427688 -41.06698102 -33.90655178 -43.28734638 -39.38951297
-34.91583873 -42.84721437 -40.57977994 -37.04710785 -40.93649436 -39.71139182 -38.00031747 -46.47704916 -40.93302523 -33.91521802 -43.12155088 -39.28220814
-34.94462528 -42.66552189 -40.47972396 -36.96522963 -40.64933131 -39.59569715 -37.90061008 -46.22979215 -40.79440384 -33.92136340 -42.95359495 -39.17220451
-34.97070827 -42.48093867 -40.37654222 -36.88247877 -40.36382904 -39.47918317 -37.79713094 -45.98284981 -40.65123646 -33.92491226 -42.78386993 -39.05971624
-34.99410189 -42.29396429 -40.27066269 -36.79878654 -40.08032722 -39.36198177 -37.69056854 -45.73649551 -40.50395895 -33.92563554 -42.61258539 -38.94492060
-35.01481021 -42.10496116 -40.16210907 -36.71443867 -39.79905654 -39.24414547 -37.58116896 -45.49089663 -40.35278740 -33.92357767 -42.43991179 -38.82777804
-35.03251643 -41.91431221 -40.05098859 -36.62950044 -39.52020459 -39.12579111 -37.46934525 -45.24625881 -40.19800989 -33.91861757 -42.26606189 -38.70851751
-35.04692916 -41.72228686 -39.93748903 -36.54414812 -39.24384464 -39.00696055 -37.35538807 -45.00275624 -40.03994148 -33.91070167 -42.09129763 -38.58730392
-35.05745203 -41.52915575 -39.82179116 -36.45849260 -38.97008137 -38.88772979 -37.23960136 -44.76055120 -39.87892328 -33.89976165 -41.91585636 -38.46433119
-35.06398587 -41.33533698 -39.70407119 -36.37265148 -38.69902644 -38.76818423 -37.12251141 -44.51975994 -39.71528080 -33.88574617 -41.73991136 -38.33971019
-35.06606708 -41.14103848 -39.58443158 -36.28685157 -38.43069549 -38.64837039 -37.00434276 -44.28051060 -39.54938348 -33.86864566 -41.56374600 -38.21364787
-35.06315851 -40.94656284 -39.46303785 -36.20123879 -38.16512207 -38.52835237 -36.88537548 -44.04288247 -39.38158353 -33.84843994 -41.38753850 -38.08629899
-35.05465544 -40.75206142 -39.33995268 -36.11602698 -37.90226912 -38.40815297 -36.76548062 -43.80696219 -39.21224076 -33.82517974 -41.21154773 -37.95785363
-35.04060763 -40.55800844 -39.21560766 -36.03085009 -37.64228221 -38.28792020 -36.64601746 -43.57276517 -39.04168616 -33.79871880 -41.03571761 -37.82842235
-35.02085107 -40.36446466 -39.08991284 -35.94599278 -37.38504059 -38.16766662 -36.52651067 -43.34037903 -38.87023853 -33.76918257 -40.86038927 -37.69825751
-34.99550919 -40.17172699 -38.96312103 -35.86129536 -37.13057120 -38.04745943 -36.40719526 -43.10980507 -38.69820582 -33.73657407 -40.68560157 -37.56746122
-34.96482300 -39.97988183 -38.83547540 -35.77677060 -36.87886776 -37.92733404 -36.28841581 -42.88106055 -38.52591573 -33.70091629 -40.51145887 -37.43618352
-34.92888917 -39.78887824 -38.70699566 -35.69280557 -36.62982507 -37.80729311 -36.17005038 -42.65420900 -38.35368058 -33.66229285 -40.33824256 -37.30468534
-34.88784132 -39.59890645 -38.57787923 -35.60936213 -36.38342292 -37.68738714 -36.05225754 -42.42923785 -38.18173649 -33.62078976 -40.16599994 -37.17306905
-34.84176729 -39.41037526 -38.44847834 -35.52615216 -36.14012998 -37.56772433 -35.93602602 -42.18090768 -38.01047107 -33.57640552 -39.99480137 -37.04125462
-34.78995756 -39.22336103 -38.31868042 -35.44318521 -35.89962948 -37.44822139 -35.82118483 -41.91762996 -37.83988159 -33.52949347 -39.82453510 -36.90911938
-34.73191528 -39.03820507 -38.18893981 -35.36054673 -35.66181616 -37.32908281 -35.70832642 -41.64539486 -37.67006402 -33.47979287 -39.65523972 -36.77693098
-34.66764150 -38.85493096 -38.05932515 -35.27826238 -35.42653297 -37.21024542 -35.59689822 -41.37043479 -37.50113955 -33.42754288 -39.48681512 -36.64466809
-34.59659112 -38.67287235 -37.92935494 -35.19777094 -35.17781056 -37.09191659 -35.48613740 -41.08804463 -37.33355189 -33.37310061 -39.32014319 -36.51308390
-34.51919840 -38.49211642 -37.79867725 -35.12014075 -34.88952724 -36.97452015 -35.37598301 -40.79075816 -37.16734135 -33.31687425 -39.15531578 -36.38206719
-34.42138196 -38.26531830 -37.59997673 -35.18458939 -27.66234120 -36.86352434 -35.17573148 -40.50832555 -37.00007334 -33.29414207 -39.03956816 -36.26215769
-34.32847131 -38.09180882 -37.47781517 -35.10207004 -28.15253471 -36.75423450 -35.07340567 -40.20915510 -36.84268946 -33.23129707 -38.87515479 -36.14291021
-34.23022515 -37.91736001 -37.35145290 -35.02462403 -28.17533337 -36.63807446 -34.96862365 -39.91045773 -36.68207947 -33.16853939 -38.71334545 -36.01651012
-34.12881426 -37.74513100 -37.22429576 -34.94814253 -28.14030940 -36.52282001 -34.86561388 -39.61269002 -36.52175059 -33.10400115 -38.55266507 -35.88808039
-34.05126652 -37.60711140 -37.10987768 -34.81471121 -28.02703570 -36.40928277 -34.85277896 -35.02875799 -36.36212300 -33.03236159 -38.36843950 -35.72163886
-33.94188614 -37.43694468 -36.98632288 -34.74178592 -27.95013814 -36.29699523 -34.75156665 -35.03449564 -36.20658281 -32.96431251 -38.21266404 -35.59788947
-33.80878517 -37.21908036 -36.78739124 -34.83266568 -20.95156111 -36.16249078 -34.56994661 -34.64958416 -36.04584711 -32.93645963 -38.10168973 -35.47778753
-33.69196170 -37.05390152 -36.66801001 -34.75570607 -21.45703760 -36.05616656 -34.47857956 -34.29890034 -35.90021013 -32.86546890 -37.94761225 -35.36247211
-33.60580569 -36.92049729 -36.55546203 -34.62787995 -21.66329045 -35.94462105 -34.48728015 -29.84962952 -35.73718626 -32.79134060 -37.76588154 -35.20050674
-33.48580586 -36.75862266 -36.43735903 -34.55616130 -21.79326105 -35.83698739 -34.39413806 -30.06295924 -35.59080721 -32.71778258 -37.61575604 -35.08169452
-33.36602721 -36.59902340 -36.31740304 -34.48338407 -21.90122806 -35.72791191 -34.30678289 -29.91127198 -35.44526541 -32.64383489 -37.46651187 -34.95943774
-33.24493499 -36.43909028 -36.19669955 -34.41377350 -22.02752708 -35.61875006 -34.21684765 -29.90870834 -35.30091819 -32.56992096 -37.31960455 -34.83960685
-33.12447297 -36.28172656 -36.07712941 -34.34274516 -22.12570729 -35.50991241 -34.13215107 -29.73527894 -35.15758106 -32.49552825 -37.17274819 -34.71907553
-33.00129276 -36.12199274 -35.95295046 -34.28346672 -21.48452592 -35.40203813 -34.03918473 -29.29390273 -35.01578658 -32.42425962 -37.03003938 -34.60073877
-32.87735985 -35.96466597 -35.83421936 -34.21882118 -21.58813676 -35.29396068 -33.94438790 -29.57229790 -34.87580598 -32.34968176 -36.88733040 -34.48572717
-32.74823026 -35.80107088 -35.70887072 -34.17004751 -21.32007222 -35.18428109 -33.83924448 -29.82305871 -34.73800471 -32.28000472 -36.75310689 -34.37617410
-32.63192455 -35.65219966 -35.59369826 -34.10040058 -21.04472842 -35.07683350 -33.76093233 -29.50591838 -34.59789116 -32.20432716 -36.60558382 -34.25546111
-32.51152451 -35.50048482 -35.47825609 -34.03416972 -21.11808262 -34.96982973 -33.67067401 -29.53185422 -34.46039352 -32.12939777 -36.46339350 -34.14110787
-32.39267816 -35.35051137 -35.36390095 -33.96774464 -21.16847789 -34.86323127 -33.58198397 -29.50849794 -34.32382204 -32.05446414 -36.32154136 -34.02709967
-32.27541386 -35.20177616 -35.25012363 -33.90140632 -21.19195686 -34.75674069 -33.49425160 -29.38423201 -34.18776761 -31.97997566 -36.18000941 -33.91338425
-32.16008541 -35.05404913 -35.13718696 -33.83306350 -21.13553031 -34.64929898 -33.40803475 -29.15344638 -34.05208633 -31.90586751 -36.03843567 -33.79971217
-32.06176825 -31.55927132 -34.95385965 -31.11356918 -20.96426378 -34.48545241 -33.50765021 -28.95248708 -33.89222920 -31.87739018 -35.99488985 -33.53505314
-31.94956154 -31.80120134 -34.84663879 -31.52170319 -20.85683528 -34.39075952 -33.38006026 -28.72491677 -33.78125401 -31.82477526 -35.86990075 -33.61739422
-31.90327262 -31.88623730 -34.76589301 -31.74505002 -20.76069227 -34.29572725 -33.41452612 -28.43123992 -33.62287123 -31.79322042 -32.30363584 -33.48672895
-31.81303658 -32.09601146 -34.68744953 -31.88109099 -20.59674003 -34.20074940 -33.34016654 -28.19759419 -33.50152914 -31.71666432 -32.55974796 -33.37988965
-31.71198296 -32.26316101 -34.59191818 -31.91841377 -20.39840269 -34.09927980 -33.25977399 -27.96594787 -33.37783572 -31.64367212 -32.79351873 -33.27664908
-31.59214459 -28.67763450 -34.47542206 -31.84320086 -18.84174450 -30.35050137 -30.22403943 -27.73395501 -33.32242155 -31.65479460 -32.84553752 -33.04804431
-31.48633642 -28.98669940 -34.36792985 -31.86078121 -18.50801216 -30.60558520 -30.55593280 -27.49539479 -33.21049264 -31.59416636 -33.04761399 -33.10694722
-31.44679445 -29.06618652 -34.22100618 -31.85349078 -18.22364577 -30.83448810 -29.25237323 -27.16696556 -33.04412924 -31.55460954 -29.48901255 -32.98553765
-31.36572113 -29.31544096 -34.21468506 -31.75508002 -18.11630074 -31.12971817 -30.26950550 -26.92411229 -32.93301637 -31.48299470 -29.79305611 -32.88450217
-31.27445702 -29.55653870 -34.13206705 -31.66667519 -18.02443995 -31.41491101 -30.34659681 -26.68955247 -32.81703098 -31.41011803 -30.07650468 -32.78171384
-31.17709674 -29.66372959 -34.03635452 -31.60214880 -17.93062477 -31.59863184 -30.30054591 -26.45922802 -32.70235265 -31.34195284 -30.33703761 -32.68394419
-31.07329563 -29.54111076 -33.92907009 -31.55001359 -17.83345959 -31.50208127 -30.23598201 -26.23076538 -32.58026218 -31.27962463 -30.55890530 -32.58927735
-30.98958237 -29.43572972 -33.83104473 -31.46813739 -16.74780064 -31.45590396 -30.22225247 -25.93588095 -29.29375987 -31.20632622 -30.47249054 -32.49540576
-30.89381473 -29.28111241 -33.73037977 -29.38866537 -16.49162630 -27.51190602 -30.08979839 -25.70189649 -29.03187274 -31.16420964 -30.39345968 -32.41533701
-30.84164411 -29.23457424 -33.60012552 -29.54537021 -16.26768468 -27.37233786 -30.23293686 -25.36687473 -26.01450845 -31.05140520 -30.20768038 -29.28882157
-30.76938984 -29.13054134 -33.58757015 -29.83779182 -16.03201821 -27.61746205 -30.21009651 -25.11449536 -26.26877921 -30.97757094 -30.08967302 -29.49305133
-30.68596013 -29.02369835 -33.50189325 -29.94998363 -15.98891241 -27.89481721 -30.17978330 -24.86690142 -26.27045842 -30.90432539 -29.97076185 -29.48231634
-30.62873963 -28.97159143 -33.43478890 -29.74938751 -15.87863246 -28.11787759 -30.27043165 -24.20985655 -26.72223341 -30.79735808 -29.79058126 -26.67721498
-30.53975205 -28.85399932 -33.34976353 -29.71829026 -15.77801964 -28.41926698 -30.19742097 -24.09937116 -27.39265714 -30.73328680 -29.68319084 -27.03224337
-30.41826725 -28.67822533 -30.81295762 -29.76715567 -15.66673361 -28.69617529 -30.01432121 -23.91597037 -27.95390714 -30.68643844 -29.62281724 -27.20648441
-30.33870276 -28.57352787 -30.99183951 -29.69073291 -15.58572181 -28.89214248 -29.97527599 -23.69038292 -28.16782396 -30.61686041 -29.49865815 -27.48132615
-30.26395100 -28.47289961 -31.14369441 -29.60381148 -15.47195878 -28.92438826 -29.94718685 -23.06398508 -28.20531447 -30.54346303 -29.36736399 -27.68078609
-30.18130846 -28.35815645 -31.14769120 -29.54351617 -15.39129915 -28.82595423 -29.88861194 -22.96633596 -28.09275412 -30.47673074 -29.24992024 -27.66187802
-30.09720616 -28.23808150 -31.12071234 -29.49256567 -15.31816611 -28.72545632 -29.81792331 -22.75371844 -27.98197638 -30.41297717 -29.13782560 -27.83475448
-30.01416311 -28.11665758 -31.04872539 -29.44293045 -15.22078009 -28.62402374 -29.74357693 -22.53412175 -27.87149077 -30.35016004 -29.02676219 -28.04724374
-29.89728248 -27.93064633 -28.91544074 -29.50637439 -15.06941195 -28.49822556 -29.54785388 -22.34159790 -27.74938323 -30.31261533 -28.96860968 -27.98387661
-29.82255755 -27.81337593 -29.30070152 -29.44188835 -14.89018082 -28.39903095 -29.48875383 -22.12367064 -27.65986841 -30.24890760 -28.85379878 -27.92703490
-29.74668055 -27.69346233 -29.37237879 -29.38213534 -14.70882107 -28.29701569 -29.41913301 -21.90338648 -27.55045486 -30.18547347 -28.73969711 -27.85775383
-29.67390041 -27.57795550 -29.41623721 -29.31504700 -14.52639386 -28.19456596 -29.34860061 -21.67702141 -27.44026644 -30.12121169 -28.62092177 -27.77597994
-29.60159976 -27.46192258 -29.43221351 -29.24770906 -14.34124825 -28.09138442 -29.28644050 -21.44773999 -27.32834525 -30.05651409 -28.50233569 -27.69434815
-29.52889945 -27.34415137 -29.41619605 -29.18302656 -14.14967777 -27.98719014 -29.23257418 -21.18857603 -27.21577470 -29.99256292 -28.38494795 -27.61342570
