0.00000000
0.00098480
0.00198480
0.00298480
0.00398480
0.00498480
0.00598480
0.00698480
0.00798480
0.00898480
0.00998480
0.01098480
0.01198480
0.01298480
0.01398480
0.01498480
0.01598480
0.01698480
0.01798480
0.01898480
0.01998480
0.02098480
0.02198480
0.02298480
0.02398480
0.02498480
0.02598480
0.02698480
0.02798480
0.02898480
0.02998480
0.03098480
0.03198480
0.03298480
0.03398480
0.03498480
0.03598480
0.03698480
0.03798480
0.03898480
0.03998480
0.04098480
0.04198480
0.04298480
0.04398480
0.04498480
0.04598480
0.04698480
0.04798480
0.04898480
0.04998480
0.05098480
0.05198480
0.05298480
0.05398480
0.05498480
0.05598480
0.05698480
0.05798480
0.05898480
0.05998480
0.06098480
0.06198480
0.06298480
0.06398480
0.06498480
0.06598480
0.06698480
0.06798480
0.06898480
0.06998480
0.07098480
0.07198480
0.07298480
0.07398480
0.07498480
0.07598480
0.07698480
0.07798480
0.07898480
0.07998480
0.08098480
0.08198480
0.08298480
0.08398480
0.08498480
0.08598480
0.08698480
0.08798480
0.08898480
0.08998480
0.09098480
0.09198480
0.09298480
0.09398480
0.09498480
0.09598480
0.09698480
0.09798480
0.09898480
0.09998480
0.10098480
0.10198480
0.10298480
0.10398480
0.10498480
0.10598480
0.10698480
0.10798480
0.10898480
0.10998480
0.11098480
0.11198480
0.11298480
0.11398480
0.11498480
0.11598480
0.11698480
0.11798480
0.11898480
0.11998480
0.12098480
0.12198480
0.12298480
0.12398480
0.12498480
0.12598480
0.12698480
0.12798480
0.12898480
0.12998480
0.13098480
0.13198480
0.13298480
0.13398480
0.13498480
0.13598480
0.13698480
0.13798480
0.13898480
0.13998480
0.14098480
0.14198480
