0.00000000 0.00000000 0.00000000 0.00000000 0.00000000 0.00000000 0.00000000 0.00000000 0.00000000 0.00000000 0.00000000 0.00000000 0.00000000 0.00000000 0.00000000 0.00000000
2.75336570 3.09051262 3.64294417 4.13112069 -3.49700026 -9.85643963 -11.15779905 -14.70789590 -21.78713394 -0.95732932 1.05427128 -12.16554943 -9.82511007 -7.22768601 -6.29685332 -18.10396049
1.92691567 1.29603765 2.02025702 2.29674356 -12.97842540 -15.42962670 -15.80179768 -24.53724206 -28.21606295 -5.72328989 -3.54642446 -18.91168803 -14.03706634 -9.06268842 -7.72049488 -25.23614548
1.07189423 -0.61179031 0.28000275 1.40414079 -21.59492128 -20.73500861 -20.83619896 -32.29558771 -34.17674651 -10.54251351 -8.49843643 -25.42305245 -18.36487811 -10.99605825 -9.24716533 -32.59997223
0.22788469 -2.47751473 -1.43117831 0.52004037 -29.92420041 -26.06436540 -25.79262399 -39.82260235 -39.97809851 -15.30713985 -13.36517934 -31.72022631 -22.57912173 -12.89109516 -10.74638369 -39.70796816
-0.61082574 -4.32346004 -3.12758105 -0.36341765 -38.00717015 -31.33413311 -30.68431236 -47.14895139 -45.65014109 -20.01487905 -18.17776535 -37.83434055 -26.70446966 -14.76340174 -12.22884811 -46.58769443
-1.44320971 -5.86423664 -4.80169126 -1.24239152 -45.89705408 -36.46220020 -35.53815196 -54.29370899 -51.22714420 -24.69582702 -22.95033872 -43.78457523 -30.76798396 -16.62306918 -13.69810844 -53.26167485
-2.25457796 -7.39344609 -6.46629238 -2.09720171 -53.58233014 -41.33423327 -40.35618267 -61.22566982 -56.67408647 -29.33592286 -27.68800798 -49.55611532 -34.76479548 -18.47046098 -15.15697055 -59.72583841
-3.02498743 -8.98883375 -8.01390123 -2.89384670 -60.99933881 -45.89053854 -44.82931356 -67.95176791 -61.97809314 -33.94864640 -32.41220926 -55.14674423 -38.72187345 -20.31741278 -16.61415392 -66.00714806
-3.72513189 -10.60088498 -9.57865398 -3.60815131 -68.06011951 -50.12687058 -49.08939808 -74.47931123 -67.26380256 -38.36055633 -37.17076756 -60.56375013 -42.69636703 -22.10288247 -18.08618220 -72.13573652
-4.30927068 -12.24437590 -11.17651640 -4.19023911 -74.73867762 -54.20978816 -53.14660234 -80.81159859 -72.53643418 -42.56032195 -41.69800773 -65.81479702 -46.70746026 -23.92005110 -19.58525207 -78.13982733
-4.67707675 -13.90689473 -12.85460693 -4.63695942 -81.03745176 -58.04829262 -57.05693308 -86.91939436 -77.73518195 -46.71594636 -46.09288677 -70.82503173 -50.73438245 -25.64602693 -21.07219783 -83.98418060
-4.97153649 -15.55366232 -14.52587364 -4.93947354 -86.97038985 -61.90464853 -60.71777046 -92.82621538 -82.85652888 -50.63375765 -50.12879181 -75.62926602 -54.71134249 -27.36018787 -22.57691459 -89.67946750
-5.20668668 -17.10651075 -16.08878964 -5.19310307 -92.65173728 -65.40808884 -64.44386066 -98.51859527 -87.84598387 -54.45682662 -54.15630766 -80.15217743 -58.65219603 -29.08205477 -24.02503748 -95.17551824
-5.40087070 -18.63344033 -17.63815858 -5.40603072 -98.08190904 -68.93500299 -67.88588004 -104.01412119 -92.65838928 -58.26574867 -58.02710328 -84.44883191 -62.53940676 -30.68537811 -25.43844299 -100.48300794
-5.56926345 -20.04123127 -19.05979488 -5.60027469 -103.34410420 -72.48547494 -71.24647372 -109.32463537 -97.28360974 -61.78916775 -61.67376404 -88.54895881 -66.37825422 -32.29034257 -26.86518919 -105.59990451
-5.72707795 -21.43106623 -20.46126754 -5.77749774 -108.35041166 -75.84574448 -74.62815200 -114.38802507 -101.73714494 -65.23960362 -65.27950673 -92.41845862 -70.11808274 -33.88655657 -28.23938209 -110.47476016
-5.87279700 -22.71670521 -21.75352132 -5.95172704 -113.15697344 -79.01491068 -78.00466365 -119.23719267 -106.05163891 -68.68904440 -68.87388044 -96.05753613 -73.76603359 -35.40878637 -29.53897779 -115.13336785
-6.02155102 -23.93725119 -22.99390274 -6.13068944 -117.78643854 -82.15206435 -81.19862103 -123.92146206 -110.19585530 -72.14911157 -72.14591855 -99.52216265 -77.31281432 -36.85552706 -30.83878009 -119.60000797
-6.17171362 -25.14382413 -24.22503544 -6.31085113 -122.22524427 -85.25264199 -84.26798207 -128.39792095 -114.12963652 -75.38405148 -75.31422048 -102.78899878 -80.75886062 -38.28927883 -32.13245071 -123.83611903
-6.31851955 -26.30148716 -25.38855585 -6.49291065 -126.43601945 -88.33139477 -87.30607102 -132.63629262 -117.86785666 -78.49135115 -78.41958332 -105.83581899 -84.09308551 -39.70212092 -33.39818011 -127.80759023
-6.46600517 -27.34182762 -26.44221718 -6.67921634 -130.40684554 -91.37216548 -90.27594776 -136.63608233 -121.44831824 -81.56581751 -81.47893606 -108.66074237 -87.32738576 -41.09665679 -34.57531016 -131.53717855
-6.61904515 -28.34551523 -27.46843078 -6.87354784 -134.17873564 -94.28925870 -93.17072485 -140.41159513 -124.84905974 -84.57692914 -84.49844389 -111.26072824 -90.44431228 -42.42735501 -35.70389769 -135.00743487
-6.77432298 -29.31968418 -28.46539719 -7.06659088 -137.74989820 -97.06199895 -96.06060038 -143.94754941 -128.08896221 -87.50505163 -87.45285873 -113.65843467 -93.43300037 -43.63022160 -36.80716943 -138.22034484
-6.93074726 -30.26620723 -29.43667192 -7.27087164 -141.10538525 -99.67841703 -98.89442001 -147.25921170 -131.18713595 -90.34881466 -90.22552520 -115.85857139 -96.30696512 -44.80191939 -37.88703903 -141.18517533
-7.08645255 -31.16006661 -30.36071194 -7.47885453 -144.21645061 -102.24298539 -101.62028089 -150.34035314 -134.12966567 -93.08373463 -92.80074717 -117.83602755 -99.04293236 -45.93205558 -38.92426752 -143.88549838
-7.23707870 -31.96517597 -31.15105734 -7.69140114 -147.07372877 -104.70770791 -104.18003049 -153.19132544 -136.90702997 -95.71721749 -95.27085412 -119.59001807 -101.63600417 -47.01286854 -39.91335523 -146.31184761
-7.39884055 -32.70309286 -31.89864113 -7.91267835 -149.70886697 -107.05478418 -106.57835435 -155.81793242 -139.54919674 -98.22792185 -97.64771659 -121.16066426 -104.11255289 -48.06042088 -40.86839340 -148.50987610
-7.55385442 -33.36963228 -32.58456445 -8.14147104 -152.04798250 -109.19514098 -108.82388412 -158.16751331 -141.94644302 -100.50181701 -99.84521032 -122.48523402 -106.38575468 -49.03595799 -41.72805977 -150.40620456
-7.69367132 -33.94232145 -33.13080618 -8.37027685 -154.08802578 -111.13140426 -110.82426238 -160.22060848 -144.11795924 -102.54933181 -101.83099821 -123.56664503 -108.46596530 -49.92391753 -42.45797233 -152.01022522
-7.84653866 -34.36576253 -33.53399439 -8.58133937 -155.71747116 -112.96206075 -112.51526522 -161.90400492 -145.93911403 -104.34723430 -103.45953646 -124.38674666 -110.24316162 -50.66767259 -43.04808198 -153.30061087
-7.97121458 -34.70380010 -33.82322376 -8.78004621 -156.86497479 -113.74954608 -113.73693109 -163.10622173 -147.24533654 -105.44922569 -104.62938999 -124.96034128 -111.57295976 -51.22925138 -43.47452408 -154.19523511
-8.08081156 -34.99592977 -34.07479476 -8.97708172 -158.35272891 -114.44092363 -114.84035693 -164.16154081 -148.45953109 -106.43254794 -105.68801984 -125.43884227 -112.71365102 -51.73008773 -43.85829092 -154.96413199
-8.27475521 -35.54679664 -34.51028762 -9.20424443 -156.35608506 -115.62584683 -116.31677769 -165.28586896 -148.21248734 -107.92480201 -107.26829996 -125.95885787 -114.73520817 -52.46675154 -44.40426061 -155.76846259
-8.39250510 -35.86493419 -34.77998244 -9.40190023 -157.22768034 -116.36316912 -117.40396317 -166.19529975 -149.25678250 -108.92405398 -108.40451835 -126.06128982 -115.89286902 -52.96779342 -44.79382672 -156.39079001
-8.50383300 -36.18849942 -35.05720726 -9.59990186 -158.02603799 -117.08458714 -118.52697501 -167.04699809 -150.25807358 -109.91176025 -109.53426230 -125.86836546 -116.99744504 -53.45632866 -45.18018172 -156.95105643
-8.60651001 -36.49127222 -35.30421780 -9.78973317 -158.76844985 -117.75306962 -119.63326032 -167.80959748 -151.22348215 -110.85192450 -110.59914871 -125.67114411 -118.05194324 -53.91026721 -45.53841626 -157.43868814
-8.70218213 -36.76412193 -35.51021441 -9.96967167 -159.43789807 -118.35722294 -120.74103720 -168.48075216 -152.10663576 -111.73352361 -111.59254058 -125.46621288 -119.03547955 -54.31962286 -45.86432436 -157.84586367
-8.79724256 -37.03782204 -35.71685814 -10.14757059 -160.05132801 -118.93550875 -121.80488762 -169.08316378 -152.93955323 -112.58954594 -112.54445346 -125.27087268 -119.97483122 -54.70674748 -46.18238903 -158.19249605
-8.88488283 -37.27207072 -35.89327550 -10.30615768 -160.55267747 -119.41018031 -122.71329608 -169.55761134 -153.66005459 -113.31104954 -113.37483362 -125.08816180 -120.78504361 -55.03913058 -46.45025461 -158.45278049
-8.95897291 -37.42646345 -35.99108271 -10.43187688 -160.90800425 -119.73782940 -123.40532696 -169.94233509 -154.21614791 -113.83563760 -113.98550887 -124.90322733 -121.41541524 -55.28780576 -46.62984981 -158.60435497
-9.02122131 -37.46560747 -35.99052204 -10.51126812 -161.05104176 -119.90562065 -123.79178912 -170.15536825 -154.41320283 -114.10054753 -114.27684769 -124.73396909 -121.73988724 -55.41535731 -46.69555485 -158.65208679
-9.05977599 -37.31846216 -35.90807022 -10.55397628 -161.03246458 -119.81970677 -123.89109741 -170.22416238 -154.37792502 -114.11135821 -114.26147532 -124.58083742 -121.82020574 -55.43236026 -46.65904990 -158.62237560
-9.07946665 -37.11897332 -35.75477784 -10.56322964 -160.88044062 -119.54401949 -123.69202601 -170.15703648 -154.07165348 -113.86651152 -113.93428478 -124.43842122 -121.58676636 -55.33947324 -46.52293492 -158.49153225
-9.10004114 -37.06837938 -35.57979669 -10.56324844 -160.51053914 -119.18779768 -123.36496370 -169.88356967 -153.61703737 -113.48161529 -113.45174404 -124.12422088 -121.17636519 -55.18857393 -46.34047222 -158.12568231
-9.12035882 -36.97892345 -35.38148630 -10.56041505 -159.59647559 -118.64074192 -122.84651072 -169.09660609 -152.84229306 -112.88346774 -112.77431722 -123.46971097 -120.45058502 -54.96598045 -46.10966532 -157.25602988
-9.14806915 -36.84051772 -35.16063955 -10.55720994 -157.95516524 -117.71913404 -122.04094684 -167.61709914 -151.57131699 -112.01414530 -111.81674310 -122.35728071 -119.27334752 -54.63979363 -45.81233911 -155.70864949
-9.17338916 -36.59529456 -34.87339604 -10.55151736 -155.48399578 -116.40066019 -120.68116420 -165.31676427 -149.71370976 -110.65611990 -110.49132463 -120.69057610 -117.54574106 -54.15366713 -45.38966908 -153.38349577
-9.18900685 -36.25179227 -34.50570940 -10.53891940 -152.34668098 -114.77101883 -118.97116272 -162.35785081 -147.37575772 -108.93137510 -108.79009767 -118.55329716 -115.36474463 -53.52464687 -44.86233630 -150.43643235
-9.19230253 -35.91428885 -34.16026412 -10.55671508 -149.12756289 -113.13076818 -117.25514505 -159.32434315 -144.96903712 -107.16211540 -106.87525997 -116.37280204 -113.15870187 -52.89533247 -44.36455218 -147.43278351
-9.18911299 -35.70245268 -33.94181712 -10.62466105 -146.66606527 -111.87144852 -115.95347364 -157.07947009 -143.09112655 -105.78986234 -105.37877672 -114.65374330 -111.50270123 -52.43460012 -44.01589332 -145.19352377
-9.17379790 -35.41845696 -33.66504371 -10.69098742 -143.73625076 -110.37406341 -114.42023544 -154.37910797 -140.87453450 -104.16167416 -103.61651658 -112.60440773 -109.51758962 -51.87346105 -43.58742527 -142.49599820
-9.15205973 -35.08948276 -33.34744579 -10.74484153 -140.48451974 -108.70766751 -112.72702822 -151.35998699 -138.41861415 -102.35862094 -101.68353607 -110.32772139 -107.31097965 -51.24270369 -43.10212422 -139.49008138
-9.16407304 -34.87563429 -33.14428573 -10.79672119 -137.92778514 -107.36507481 -111.37049141 -148.88107496 -136.44865563 -100.92561403 -100.13826087 -108.50977411 -105.53074131 -50.73410868 -42.72424187 -137.14211110
-9.16780180 -34.54731274 -32.87529464 -10.83907047 -134.79044450 -105.71424906 -109.69485646 -145.81638867 -134.03944818 -99.18327558 -98.28206102 -106.26668521 -103.33246275 -50.08173602 -42.21530686 -134.21115295
-9.21951239 -34.51839645 -32.86646735 -10.82341916 -133.34490952 -104.89906059 -108.85195957 -144.33743239 -132.85049522 -98.36131972 -97.39174601 -105.23109170 -102.27835639 -49.73090594 -41.98954548 -132.85310534
-9.24399856 -34.76798050 -33.13395620 -10.86261311 -133.68831554 -104.98659963 -108.93804341 -144.65340489 -133.08257537 -98.51407091 -97.52367123 -105.46459656 -102.49477219 -49.78539927 -42.05642108 -133.19967969
-9.25710903 -34.90460787 -33.37506772 -10.90197563 -133.89361574 -105.03476928 -108.97168667 -144.84304890 -133.22475864 -98.60405006 -97.60873909 -105.61013989 -102.63013729 -49.81563525 -42.07651146 -133.41352081
-9.26376660 -34.97085713 -33.56496771 -10.93430261 -133.98762820 -105.04572868 -108.96420942 -144.92480702 -133.29653803 -98.63448168 -97.64356712 -105.68219557 -102.69679955 -49.82831547 -42.08220429 -133.52184359
-9.26860865 -34.99465994 -33.60532911 -10.95171578 -133.91274701 -104.99155666 -108.90858070 -144.84728068 -133.25300811 -98.58895364 -97.59129111 -105.64644033 -102.65348511 -49.81209330 -42.06838259 -133.47263152
-9.27219422 -34.99667156 -33.60890781 -10.96457058 -133.76092786 -104.90596256 -108.82444783 -144.69626566 -133.15530158 -98.50750446 -97.49295376 -105.55778725 -102.55757911 -49.78125856 -42.04427174 -133.35075779
-9.27350940 -34.97818247 -33.59315769 -10.97475027 -133.54161084 -104.79257803 -108.71152110 -144.47981455 -133.01013084 -98.39006454 -97.35783359 -105.42209679 -102.41657503 -49.73737512 -42.00980286 -133.16515335
-9.27208940 -34.94432881 -33.55920730 -10.98075309 -133.25113499 -104.64834722 -108.56958592 -144.19452074 -132.81600654 -98.23483362 -97.18006924 -105.23735593 -102.22805201 -49.67950749 -41.96440369 -132.91332855
-9.26720983 -34.89074536 -33.50474990 -10.98135205 -132.84355128 -104.45092035 -108.37952935 -143.79615206 -132.54023088 -98.01862400 -96.92281408 -104.97305953 -101.96127388 -49.59825436 -41.90013195 -132.55292168
-9.25991547 -34.82404395 -33.43736286 -10.97810823 -132.35650479 -104.21636506 -108.15541514 -143.31878644 -132.20858277 -97.76194411 -96.61361274 -104.65296271 -101.64027138 -49.50061336 -41.82159432 -132.11831394
-9.25217284 -34.75814699 -33.36738654 -10.96654609 -131.86528231 -103.97742740 -107.92731313 -142.83880896 -131.87501912 -97.50232204 -96.30920034 -104.32862456 -101.31656450 -49.40236999 -41.74354563 -131.67837775
-9.24335901 -34.68683829 -33.29087933 -10.95156598 -131.32735863 -103.71089153 -107.67738700 -142.31357521 -131.50787533 -97.21904007 -95.97842362 -103.97138414 -100.96069093 -49.29307391 -41.65616877 -131.19360036
-9.22984092 -34.60429429 -33.20521675 -10.93450647 -130.71063791 -103.40877455 -107.39942784 -141.71133915 -131.08340599 -96.89709063 -95.56791992 -103.56094886 -100.55172192 -49.16780760 -41.55769489 -130.63476151
-9.21471205 -34.51543975 -33.11493056 -10.91649534 -130.03226860 -103.08245394 -107.09887006 -141.05063296 -130.61513054 -96.54191457 -95.07864863 -103.10781526 -100.10205188 -49.03189187 -41.45421967 -130.01798895
-9.19918723 -34.42868136 -33.02630082 -10.89707791 -129.37735342 -102.76473525 -106.79256744 -140.41080951 -130.16351912 -96.19113244 -94.64704096 -102.66684445 -99.66645696 -48.89809569 -41.34768791 -129.41870780
-9.18217868 -34.33682782 -32.93305240 -10.87558186 -128.68998149 -102.43175829 -106.46752745 -139.73781268 -129.68873801 -95.81721169 -94.20311601 -102.20245406 -99.20613869 -48.75652802 -41.23374425 -128.78596907
-9.16451384 -34.24305128 -32.83681446 -10.85418099 -127.99774909 -102.09441822 -106.12686293 -139.05770588 -129.21022879 -95.43251768 -93.79686770 -101.73464608 -98.73979788 -48.61225172 -41.11146512 -128.14271387
-9.14429148 -34.13426015 -32.72753243 -10.82630416 -127.21992099 -101.71644344 -105.72340230 -138.29360386 -128.67070437 -94.98712728 -93.37088431 -101.20582420 -98.21436525 -48.45084698 -40.97156945 -127.41462598
-9.12253067 -34.01798716 -32.61069169 -10.79541599 -126.38308110 -101.30248475 -105.28648073 -137.46891461 -128.09043382 -94.50039011 -92.91611998 -100.63568376 -97.64797093 -48.27759644 -40.82000408 -126.62817547
-9.10192898 -33.90649403 -32.49776689 -10.76498706 -125.56479835 -100.88958839 -104.85918605 -136.66155595 -127.52239018 -94.02221573 -92.47050171 -100.07775998 -97.09180973 -48.10940506 -40.67119875 -125.85818360
-9.08220214 -33.79718394 -32.38973220 -10.73618364 -124.76817862 -100.50231887 -104.43942138 -135.87755712 -126.96770669 -93.54856586 -92.03888993 -99.53743630 -96.54993013 -47.94788770 -40.52508295 -125.10453369
-9.06419516 -33.69105010 -32.28204198 -10.70733349 -123.96616368 -100.08248058 -104.00943134 -135.08720799 -126.40719222 -93.10142739 -91.60609192 -98.99372043 -96.00203494 -47.78041923 -40.37533541 -124.34246593
-9.04736880 -33.58634809 -32.17442247 -10.67794216 -123.16069987 -99.63763497 -103.57149925 -134.28910794 -125.84091037 -92.67020093 -91.16929671 -98.44652877 -95.44779898 -47.60866928 -40.22098140 -123.57433024
-9.03100166 -33.45484252 -32.04242285 -10.63388233 -122.23388872 -99.15239611 -103.05325377 -133.33562690 -125.18035483 -92.14448158 -90.64681653 -97.79512439 -94.78468341 -47.40322067 -40.03510839 -122.66935680
-9.00901424 -33.22409860 -31.81121576 -10.55610933 -120.63016872 -98.34720127 -102.13830322 -131.68383554 -124.04086313 -91.22057698 -89.75344539 -96.65763370 -93.63277385 -47.04862806 -39.71660692 -121.11097098
-8.99511561 -33.10635611 -31.70234893 -10.52342629 -119.82944074 -97.95590684 -101.65473517 -130.87764944 -123.47374518 -90.77075776 -89.31332611 -96.11336669 -93.06919145 -46.87114036 -39.55932295 -120.34075552
-9.53207295 -30.47134538 -29.26991799 -9.64823641 -102.72692584 -89.55016961 -92.40462961 -113.42307791 -109.90648846 -81.02689552 -79.90882257 -83.85893530 -80.87200169 -42.89561764 -36.18927028 -103.94468006
-9.52642068 -30.39239591 -29.19004882 -9.62643204 -102.18907610 -89.30271544 -92.14244108 -112.88615023 -109.51901445 -80.72140571 -79.57420141 -83.50574827 -80.49724200 -42.74156275 -36.07724217 -103.44315451
-10.80707886 -30.01783657 -28.70229476 -9.25803532 -99.79837167 -88.64924535 -90.77961722 -110.17607982 -103.95078110 -79.58659969 -78.19979632 -81.75288267 -78.51066745 -42.20177729 -35.58126486 -101.12836386
-10.83993076 -29.74969926 -28.39961189 -9.20349918 -97.83944877 -87.74624526 -89.82170555 -108.28902559 -102.64094671 -78.25006500 -77.13176618 -80.44497069 -77.22483368 -41.77472460 -35.11053458 -99.29225202
-10.84309730 -29.56153601 -28.17607644 -9.15663122 -96.50491755 -87.00762171 -89.14311721 -106.99947680 -101.73506188 -77.57615138 -76.36336300 -79.55449297 -76.32920295 -41.44883375 -34.82562081 -98.03754381
-10.81656420 -29.36797483 -27.94834685 -9.11470927 -95.07875755 -86.19362873 -88.43595960 -105.62235732 -100.75728312 -76.79325705 -75.54425516 -78.59951187 -75.38203838 -41.11476840 -34.53963600 -96.69311106
-10.79524218 -29.27657637 -27.82450448 -9.08612610 -94.26631743 -85.66488131 -88.04910524 -104.83345653 -100.19953740 -76.36063729 -75.06960253 -78.06527536 -74.84796719 -40.93006079 -34.39061555 -95.92638473
-10.76062083 -29.21839616 -27.73224663 -9.06393552 -93.58219338 -85.14285306 -87.72789317 -104.17051376 -99.72369159 -76.02234802 -74.67399596 -77.61959620 -74.40723000 -40.77759715 -34.27089422 -95.28507049
-10.72407124 -29.18770584 -27.69709506 -9.04615767 -93.31404805 -85.02146205 -87.61637055 -103.91152009 -99.52372276 -75.86405633 -74.48808685 -77.45943416 -74.23864273 -40.71970400 -34.22525304 -95.04416752
-10.68828645 -29.16682232 -27.66969411 -9.02955865 -93.07778176 -84.89659187 -87.52256049 -103.68377114 -99.34049148 -75.73021962 -74.32058110 -77.32129110 -74.09349261 -40.67054774 -34.18781664 -94.83786838
-10.65668040 -29.13680380 -27.64039183 -9.01314524 -92.82244544 -84.76258096 -87.42085294 -103.43916350 -99.14178449 -75.58533817 -74.13999737 -77.16741349 -73.93470724 -40.61709670 -34.14726955 -94.61173406
-10.62419272 -29.09262712 -27.59659983 -8.99449080 -92.47744332 -84.58472372 -87.27430691 -103.10888212 -98.88109743 -75.39072264 -73.90538847 -76.94895159 -73.71441681 -40.54250639 -34.08980824 -94.29995815
-10.59243629 -29.03259544 -27.53650370 -8.97298937 -92.03331555 -84.35482745 -87.07901965 -102.68454304 -98.55225091 -75.14172825 -73.61007892 -76.66004340 -73.42709190 -40.44430006 -34.01393609 -93.89450971
-10.56253041 -28.95786771 -27.46390544 -8.94947615 -91.50485809 -84.08066891 -86.84411683 -102.18156468 -98.16546701 -74.84608576 -73.26093321 -76.30997230 -73.08279780 -40.32574466 -33.92270227 -93.40610746
-10.53863971 -28.88330618 -27.39164769 -8.92716094 -90.97795238 -83.80716825 -86.60868191 -101.68417637 -97.78078151 -74.54886862 -72.91012177 -75.95181858 -72.73849598 -40.20726847 -33.83402709 -92.91012937
-10.52012903 -28.77689790 -27.28813582 -8.90148310 -90.29314092 -83.45057505 -86.29504106 -101.02550520 -97.28434010 -74.16415677 -72.44815238 -75.48946850 -72.28634654 -40.05152071 -33.71543986 -92.27121682
-10.50415187 -28.63336260 -27.15323522 -8.87167246 -89.46606768 -83.01337266 -85.89295657 -100.21720987 -96.68716267 -73.69702719 -71.93790768 -74.92800849 -71.73236231 -39.85902936 -33.56260025 -91.49709772
-10.49989561 -28.47670082 -27.00773725 -8.83629958 -88.62442523 -82.55284622 -85.46495524 -99.37576785 -96.07243386 -73.21100595 -71.44560159 -74.34472922 -71.15649313 -39.65937068 -33.39908694 -90.69666563
-10.50837678 -28.30719582 -26.84650276 -8.79219597 -87.74182137 -82.05143861 -85.00335372 -98.47080018 -95.41993965 -72.70681042 -70.92009863 -73.72119908 -70.53930971 -39.44294522 -33.22162600 -89.84584003
-10.51301092 -28.11043669 -26.65625605 -8.74136295 -86.70383273 -81.45364131 -84.46342373 -97.40782967 -94.65891522 -72.14870673 -70.29056199 -72.99299114 -69.81216435 -39.18375053 -33.00699235 -88.84957830
-10.50696975 -27.89054118 -26.43867545 -8.68501748 -85.47680503 -80.75356297 -83.83708032 -96.16345216 -93.76490515 -71.48803811 -69.53636420 -72.13831896 -68.95802964 -38.88300287 -32.75213760 -87.68106091
-10.50857350 -27.75043235 -26.29398928 -8.64182256 -84.68961150 -80.29700254 -83.42314507 -95.35349369 -93.18198407 -71.05617640 -69.05899186 -71.58337469 -68.40090061 -38.68685407 -32.58531041 -86.91870729
-10.51162255 -27.63263503 -26.16901090 -8.60351870 -84.02856458 -79.93240761 -83.07289366 -94.67500439 -92.68959000 -70.68644812 -68.65284796 -71.10747921 -67.92900108 -38.52149269 -32.44473544 -86.26844491
-10.50902246 -27.52889260 -26.05267939 -8.56471368 -83.39511256 -79.59179582 -82.74635620 -94.02712180 -92.21885823 -70.33306830 -68.24572031 -70.65230726 -67.47993330 -38.36506039 -32.31284991 -85.65016549
-10.49832618 -27.38205799 -25.88232613 -8.52279276 -82.33774105 -79.06101724 -82.29082900 -92.98971123 -91.46088647 -69.75832654 -67.32528429 -69.91000282 -66.76063165 -38.12715785 -32.13904892 -84.65088198
-10.47156144 -27.19550025 -25.68809317 -8.48616339 -80.88794659 -78.35776794 -81.70062832 -91.66052323 -90.43605575 -68.97741253 -66.15482601 -68.62739595 -65.78798370 -37.81373615 -31.91946958 -83.30967930
-10.45796635 -27.11920676 -25.59905518 -8.45226628 -80.40814981 -78.10460434 -81.43994763 -91.18787121 -90.08247799 -68.68649698 -65.92417979 -68.27579624 -65.44951836 -37.69096938 -31.80768872 -82.83326740
-10.43714167 -26.98135194 -25.44385181 -8.40546739 -79.61553267 -77.69408935 -80.99089183 -90.38212562 -89.50565243 -68.17149855 -65.52854810 -67.80056062 -64.89774139 -37.48718619 -31.61931287 -82.04897318
-10.41273659 -26.84113613 -25.29196617 -8.35924394 -78.81292436 -77.28760443 -80.53974340 -89.56987522 -88.92048318 -67.64586386 -65.13182918 -67.31823297 -64.34353944 -37.28190237 -31.43069242 -81.26235680
-10.39821463 -26.80403475 -25.25190862 -8.33293434 -78.57060028 -77.17059160 -80.41427514 -89.33255641 -88.73412576 -67.49500965 -65.01212908 -67.15798753 -64.17437419 -37.21722378 -31.37321085 -81.02985980
-10.38526183 -26.78429401 -25.23082661 -8.30511079 -78.41825394 -77.10020943 -80.34141853 -89.18502656 -88.61285256 -67.39764848 -64.93269827 -67.06388399 -64.06770775 -37.17607868 -31.33742110 -80.88393335
-10.37463931 -26.77622133 -25.22387864 -8.28084578 -78.32038933 -77.06597583 -80.30026621 -89.09121593 -88.53247030 -67.31759746 -64.88692492 -67.01048047 -64.00116877 -37.14937402 -31.31414195 -80.79264468
-10.36282863 -26.68519602 -25.13394492 -8.24945288 -77.60111271 -76.81030793 -79.97286140 -88.38869259 -88.03226847 -66.54857554 -64.51707572 -66.52384729 -63.53987860 -37.03097606 -31.18562062 -80.11428163
-10.34947934 -26.57265712 -25.02437024 -8.21698600 -76.75577346 -76.49380357 -79.58038623 -87.56039645 -87.44417248 -65.67578138 -64.07800106 -65.94925207 -62.99445637 -36.88604946 -31.03279837 -79.31622395
-10.33409037 -26.52080894 -24.97330896 -8.19422382 -76.40454587 -76.31755629 -79.40430831 -87.21698591 -87.19066926 -65.44474734 -63.89273034 -65.71524770 -62.75570996 -36.79442433 -30.95599332 -78.98606625
-10.31454412 -26.44143786 -24.89590777 -8.16791866 -75.89877849 -76.04990972 -79.14191824 -86.72083961 -86.83222143 -65.13414581 -63.62118198 -65.37055854 -62.41075414 -36.65816985 -30.84525988 -78.51022266
-10.29469056 -26.38016391 -24.83578777 -8.14763455 -75.52881902 -75.81601581 -78.93386505 -86.35767299 -86.56694418 -64.98844844 -63.41766361 -65.11960078 -62.14871154 -36.54928291 -30.75623242 -78.16105490
-10.27330098 -26.30832419 -24.76599667 -8.12618075 -75.09830429 -75.53645178 -78.68616148 -85.93437469 -86.26381023 -64.81660534 -63.18118679 -64.82568534 -61.84647353 -36.42124556 -30.65319575 -77.75431554
