0.00000000
123.33906177
220.69881165
304.72973699
385.00964708
463.18400454
539.65794269
614.34376663
686.97343284
757.58881484
825.70022725
891.40094483
954.60721993
1015.16950990
1073.20598669
1128.57564203
1181.42039259
1231.66430235
1279.53284639
1324.93368663
1367.86688426
1408.33467377
1446.57083877
1482.49079184
1516.12725503
1547.45257496
1576.42660701
1602.85076007
1624.50254384
1640.49679838
1651.99189390
1661.83210596
1671.33125135
1680.46537564
1689.09455521
1697.44673408
1705.48980692
1713.15259831
1720.57705819
1727.78842757
1734.79062102
1741.47231371
1747.62857601
1752.92502844
1757.18541618
1760.84299330
1763.33709285
1765.00206109
1766.19423013
1766.77367123
1766.53808026
1764.34875106
1759.68172423
1753.35201899
1744.98184402
1731.17428676
1701.51532547
1657.39600490
1601.02822260
1537.78879497
1476.51528785
1471.93817200
1469.48961309
1466.38057118
1462.44745108
1457.84250309
1452.76208736
1439.33801909
1424.97593641
1403.06469788
1392.33495610
1379.56073057
1373.98421070
1357.01990188
1335.68933062
1313.52131604
1282.75053094
1257.80023309
1248.60694147
1237.58866945
1231.06879421
1224.42305645
1216.88943608
1210.19795744
1195.86525182
1181.58821646
1177.14746504
1167.74278378
1163.32954245
1156.85151444
1150.63168729
1145.53061286
1139.25629882
1127.80308884
1116.00781685
1110.47048756
1105.41839311
1099.42997035
1090.66507430
1085.94958854
1080.69194915
1073.34852575
1066.39853435
1060.51430554
1053.23522744
1045.76612341
1037.74533311
1032.21813861
1026.68548473
1020.58463640
1015.81319356
1009.91931151
1004.85349367
999.39290025
994.09320676
988.69242252
982.83448252
974.99332210
969.85074378
965.25658471
960.66483599
956.06957895
945.58202148
940.13781957
935.62725903
930.73523957
923.95345461
918.92668300
907.84916843
901.54566928
891.75920550
885.58840504
879.13490261
873.81753372
863.67533898
858.30393440
852.30365913
846.57386160
840.72079816
829.13433946
822.53389501
797.01871076
782.44901919
759.25641425
757.66241458
737.19509200
723.51486429
