0.00000000
0.00093265
0.00193265
0.00293265
0.00393265
0.00493265
0.00593265
0.00693265
0.00793265
0.00893265
0.00993265
0.01093265
0.01193265
0.01293265
0.01393265
0.01493265
0.01593265
0.01693265
0.01793265
0.01893265
0.01993265
0.02093265
0.02193265
0.02293265
0.02393265
0.02493265
0.02593265
0.02693265
0.02793265
0.02893265
0.02993265
0.03093265
0.03193265
0.03293265
0.03393265
0.03493265
0.03593265
0.03693265
0.03793265
0.03893265
0.03993265
0.04093265
0.04193265
0.04293265
0.04393265
0.04493265
0.04593265
0.04693265
0.04793265
0.04893265
0.04993265
0.05093265
0.05193265
0.05293265
0.05393265
0.05493265
0.05593265
0.05693265
0.05793265
0.05893265
0.05993265
0.06093265
0.06193265
0.06293265
0.06393265
0.06493265
0.06593265
0.06693265
0.06793265
0.06893265
0.06993265
0.07093265
0.07193265
0.07293265
0.07393265
0.07493265
0.07593265
0.07693265
0.07793265
0.07893265
0.07993265
0.08093265
0.08193265
0.08293265
0.08393265
0.08493265
0.08593265
0.08693265
0.08793265
0.08893265
0.08993265
0.09093265
0.09193265
0.09293265
0.09393265
0.09493265
0.09593265
0.09693265
0.09793265
0.09893265
0.09993265
0.10093265
0.10193265
0.10293265
0.10393265
0.10493265
0.10593265
0.10693265
0.10793265
0.10893265
0.10993265
0.11093265
0.11193265
0.11293265
0.11393265
0.11493265
0.11593265
0.11693265
0.11793265
0.11893265
0.11993265
0.12093265
0.12193265
0.12293265
0.12393265
0.12493265
0.12593265
0.12693265
0.12793265
0.12893265
0.12993265
0.13093265
0.13193265
0.13293265
0.13393265
0.13493265
0.13593265
0.13693265
0.13793265
0.13893265
0.13993265
0.14093265
0.14193265
0.14293265
0.14393265
0.14493265
0.14593265
