0.00000000 0.00000000 0.00000000 0.00000000
0.00027187 0.00057218 0.00083807 0.00103982
0.00052069 0.00112168 0.00166177 0.00203982
0.00079303 0.00169231 0.00249467 0.00303982
0.00106478 0.00226288 0.00332832 0.00403982
0.00133593 0.00283343 0.00416295 0.00503982
0.00160651 0.00340451 0.00499859 0.00603982
0.00187614 0.00397599 0.00583601 0.00703982
0.00214591 0.00454817 0.00667524 0.00803982
0.00241620 0.00512130 0.00751620 0.00903982
0.00268804 0.00569611 0.00835911 0.01003982
0.00296107 0.00627306 0.00920459 0.01103982
0.00323862 0.00685429 0.01005311 0.01203982
0.00351773 0.00743828 0.01090393 0.01303982
0.00380155 0.00802661 0.01175806 0.01403982
0.00408822 0.00861816 0.01261490 0.01503982
0.00437681 0.00921286 0.01347451 0.01603982
0.00466865 0.00981167 0.01433729 0.01703982
0.00496366 0.01041435 0.01520286 0.01803982
0.00526062 0.01102338 0.01607273 0.01903982
0.00555814 0.01163491 0.01694558 0.02003982
0.00585802 0.01224912 0.01782170 0.02103982
0.00616090 0.01286827 0.01870161 0.02203982
0.00646705 0.01349165 0.01958550 0.02303982
0.00677484 0.01411937 0.02047282 0.02403982
0.00708498 0.01475243 0.02136390 0.02503982
0.00739725 0.01539057 0.02225884 0.02603982
0.00770979 0.01604046 0.02315986 0.02703982
0.00803390 0.01669982 0.02406631 0.02803982
0.00836305 0.01736687 0.02497770 0.02903982
0.00869032 0.01806584 0.02590179 0.03003982
0.00903406 0.01878291 0.02683275 0.03103982
0.00940140 0.01952076 0.02777104 0.03203982
0.00976556 0.02025413 0.02871094 0.03303982
0.01012339 0.02097879 0.02965178 0.03403982
0.01047996 0.02170052 0.03059352 0.03503982
0.01082974 0.02240813 0.03153625 0.03603982
0.01117080 0.02310401 0.03248068 0.03703982
0.01148166 0.02375191 0.03342763 0.03803982
0.01179086 0.02439655 0.03437517 0.03903982
0.01209838 0.02503686 0.03532305 0.04003982
0.01239683 0.02566621 0.03627188 0.04103982
0.01269310 0.02629093 0.03722164 0.04203982
0.01299533 0.02691890 0.03817209 0.04303982
0.01331081 0.02755154 0.03912414 0.04403982
0.01363933 0.02819793 0.04007869 0.04503982
0.01397804 0.02885000 0.04103401 0.04603982
0.01432131 0.02950202 0.04199137 0.04703982
0.01466783 0.03015798 0.04295053 0.04803982
0.01501957 0.03082302 0.04391187 0.04903982
0.01537611 0.03149359 0.04487430 0.05003982
0.01576586 0.03218950 0.04584004 0.05103982
0.01617732 0.03289519 0.04680819 0.05203982
0.01660886 0.03361458 0.04777785 0.05303982
0.01705884 0.03434544 0.04874998 0.05403982
0.01754214 0.03509596 0.04972542 0.05503982
0.01807446 0.03588484 0.05070409 0.05603982
0.01863299 0.03670065 0.05168590 0.05703982
0.01925759 0.03757824 0.05267399 0.05803982
0.01999733 0.03854400 0.05366966 0.05903982
0.02080222 0.03954340 0.05466970 0.06003982
0.02177243 0.04058243 0.05567855 0.06103982
0.02287861 0.04167735 0.05670208 0.06203982
0.02409671 0.04282814 0.05774106 0.06303982
0.02542194 0.04403520 0.05879504 0.06403982
0.02681169 0.04527004 0.05985517 0.06503982
0.02840792 0.04659361 0.06093515 0.06603982
0.02997695 0.04790709 0.06201279 0.06703982
0.03106615 0.04895936 0.06302324 0.06803982
0.03216991 0.05001910 0.06403602 0.06903982
0.03325542 0.05106497 0.06504321 0.07003982
0.03438053 0.05213324 0.06605779 0.07103982
0.03540425 0.05314610 0.06705752 0.07203982
0.03660250 0.05425163 0.06808034 0.07303982
0.03793394 0.05542614 0.06912052 0.07403982
0.03911959 0.05651964 0.07013503 0.07503982
0.04015279 0.05753141 0.07113113 0.07603982
0.04139431 0.05864718 0.07215109 0.07703982
0.04244766 0.05967006 0.07315010 0.07803982
0.04361543 0.06075326 0.07416509 0.07903982
0.04479637 0.06184270 0.07518010 0.08003982
0.04587082 0.06287443 0.07618036 0.08103982
0.05169350 0.06586989 0.07728330 0.08203982
0.05404373 0.06752485 0.07842563 0.08303982
0.05528729 0.06864936 0.07945520 0.08403982
0.05853628 0.07078911 0.08076567 0.08503982
0.05962949 0.07183537 0.08177283 0.08603982
0.06074247 0.07289164 0.08278244 0.08703982
0.06199005 0.07401476 0.08380210 0.08803982
0.06308576 0.07505983 0.08480865 0.08903982
0.06416679 0.07609888 0.08581374 0.09003982
0.06523303 0.07712883 0.08681449 0.09103982
0.06630852 0.07816396 0.08781680 0.09203982
0.06750783 0.07926700 0.08884167 0.09303982
0.06857618 0.08029779 0.08984307 0.09403982
0.06966848 0.08134226 0.09084963 0.09503982
0.07078764 0.08239094 0.09184819 0.09603982
0.07183501 0.08341277 0.09284885 0.09703982
0.07289774 0.08444103 0.09384944 0.09803982
0.07396529 0.08547329 0.09485255 0.09903982
0.07509198 0.08654085 0.09586736 0.10003982
0.07619470 0.08759326 0.09687601 0.10103982
0.07724537 0.08861669 0.09787682 0.10203982
0.07831025 0.08964559 0.09887744 0.10303982
0.07938990 0.09068554 0.09988361 0.10403982
0.08046326 0.09172173 0.10088842 0.10503982
0.08164072 0.09281632 0.10191149 0.10603982
0.08284529 0.09393167 0.10294633 0.10703982
0.08393020 0.09497563 0.10395482 0.10803982
0.08500114 0.09601215 0.10496122 0.10903982
0.08607695 0.09704980 0.10596645 0.11003982
