0.00000000
100.44279041
175.19990783
246.85956254
316.77449518
385.23583652
452.09515692
517.25858876
580.34116215
641.68182887
701.12344361
758.24247109
813.31323190
866.49841460
917.85087497
967.47178005
1015.33569396
1061.24834800
1105.79630258
1148.67520318
1189.66954230
1229.04696858
1266.74341091
1302.65220533
1336.85120759
1369.25103655
1399.36693035
1427.79545882
1453.73623821
1476.14494381
1495.15434100
1509.21363879
1521.85794595
1533.96993768
1545.42359029
1556.01528502
1565.94805919
1575.27599833
1584.10218708
1590.87463421
1596.38144185
1600.26879316
1601.90962798
1601.71605467
1600.25673079
1595.61680472
1588.13185323
1578.51357479
1563.16338781
1542.78374593
1517.91028929
1502.18523013
1484.46007124
1460.74253167
1441.29594686
1420.22998646
1409.59016922
1408.61725152
1410.35498063
1410.72458448
1410.21008914
1409.13342150
1388.07382626
1391.64687368
1390.78383113
1389.64668227
1388.21938934
1386.41717353
1371.55612106
1372.68113560
1372.59220282
1369.41716161
1366.50120776
1362.94289547
1359.81650660
1356.05630718
1352.74865287
1348.88289867
1345.07524416
1340.84808405
1337.30309382
1333.37921830
1328.63713708
1324.08644973
1297.55171267
1294.88587169
1292.16907990
1289.07879161
1269.66447554
1259.02046381
1256.88294061
1254.20322976
1251.21868491
1248.18811256
1245.03493793
1207.88147932
1209.02138148
1210.15776313
1210.46268501
1207.81157225
1204.72962696
1202.11008037
1196.13570209
1193.17053356
1189.34433827
1185.86283896
1171.96897797
1168.29099646
1160.36291861
1150.90464021
1142.57191274
1132.16587429
1126.28318429
1118.31027883
1112.18904680
1104.09802808
1080.71277421
1077.16987657
987.90516002
985.67090785
986.40871755
981.41037039
979.81893500
979.19386730
977.23187444
971.57302316
969.82784797
964.65170124
958.72759068
953.65976795
947.66013228
941.98548620
912.11108638
905.43465233
901.45616374
898.05605248
894.43794435
886.19491108
883.38689628
876.46748869
875.93829145
875.39349108
873.76026112
871.46139897
865.82459898
857.23318848
854.53690513
840.05116855
837.52156516
834.12928562
806.33934149
788.59840258
785.49347609
761.48868124
755.08816577
749.81803015
744.16725626
718.87832307
715.02481445
665.95823999
658.98005210
665.49646978
668.08815297
668.50588403
663.41114150
650.58754684
650.96051939
650.67234601
