0.00000000
133.14434036
235.04380986
328.90294133
420.28568649
509.48472866
596.71449098
680.81993981
761.99598900
839.36582199
913.35025244
984.24815312
1051.87639305
1116.73912216
1178.69205497
1238.20608137
1295.22569735
1349.73095858
1401.70854095
1451.26119994
1498.36905572
1543.16218072
1585.71574096
1626.00884791
1664.02321924
1699.73581696
1733.11121821
1764.17707056
1791.97601604
1815.25217410
1831.70504574
1842.22640722
1847.85496451
1852.76893149
1857.09730224
1859.94698702
1861.42228020
1860.71913232
1854.58436414
1845.16105310
1829.27588447
1801.39385414
1763.67269864
1714.92289890
1650.89828135
1572.16242059
1475.98203496
1370.99917889
1289.35657821
1280.17912199
1280.68828978
1280.85885031
1280.64312598
1280.02767226
1279.02086567
1277.54298622
1275.52496992
1273.19817839
1270.53898122
1267.69919553
1264.72541294
1261.59592745
1258.30925231
1254.88492681
1251.26269829
1247.45939015
1243.46139915
1230.33378333
1227.42384346
1223.68227971
1219.55223997
1205.94318831
1203.17530967
1187.66746462
1184.52772036
1181.11758345
1177.45953120
1161.03857120
1152.82521440
1149.28134191
1146.06882145
1142.82972438
1133.81595232
1131.24018167
1127.85098210
1124.70871950
1121.53332070
1098.96130671
1097.16663206
1089.64031012
1082.92706982
1081.79659736
1054.33296525
1048.60317845
1047.94294801
1041.19687244
1016.48469063
1012.79457072
1012.95889976
1012.55573804
1012.08762568
1011.76544784
1008.88755410
987.49277899
983.05455100
976.98301274
976.07570497
975.42248771
749.36633200
