0.00000000
0.00100736
0.00200736
0.00300736
0.00400736
0.00500736
0.00600736
0.00700736
0.00800736
0.00900736
0.01000736
0.01100736
0.01200736
0.01300736
0.01400736
0.01500736
0.01600736
0.01700736
0.01800736
0.01900736
0.02000736
0.02100736
0.02200736
0.02300736
0.02400736
0.02500736
0.02600736
0.02700736
0.02800736
0.02900736
0.03000736
0.03100736
0.03200736
0.03300736
0.03400736
0.03500736
0.03600736
0.03700736
0.03800736
0.03900736
0.04000736
0.04100736
0.04200736
0.04300736
0.04400736
0.04500736
0.04600736
0.04700736
0.04800736
0.04900736
0.05000736
0.05100736
0.05200736
0.05300736
0.05400736
0.05500736
0.05600736
0.05700736
0.05800736
0.05900736
0.06000736
0.06100736
0.06200736
0.06300736
0.06400736
0.06500736
0.06600736
0.06700736
0.06800736
0.06900736
0.07000736
0.07100736
0.07200736
0.07300736
0.07400736
0.07500736
0.07600736
0.07700736
0.07800736
0.07900736
0.08000736
0.08100736
0.08200736
0.08300736
0.08400736
0.08450736
0.08550736
0.08650736
0.08750736
0.08850736
0.08950736
0.09050736
0.09150736
0.09250736
0.09350736
0.09450736
0.09550736
0.09650736
0.09750736
0.09850736
0.09950736
0.10050736
0.10150736
0.10250736
0.10350736
0.10450736
0.10550736
0.10650736
0.10750736
0.10850736
0.10950736
0.11050736
0.11150736
0.11250736
0.11350736
0.11450736
0.11550736
0.11650736
0.11750736
0.11850736
0.11950736
0.12050736
0.12150736
0.12250736
0.12350736
0.12450736
0.12550736
0.12650736
0.12750736
0.12850736
0.12950736
0.13050736
0.13150736
0.13250736
0.13350736
0.13450736
0.13550736
0.13650736
0.13750736
0.13850736
0.13950736
0.14050736
0.14150736
0.14250736
0.14350736
0.14450736
