0.00000000
0.00105865
0.00205865
0.00305865
0.00405865
0.00505865
0.00605865
0.00705865
0.00805865
0.00905865
0.01005865
0.01105865
0.01205865
0.01305865
0.01405865
0.01505865
0.01605865
0.01705865
0.01805865
0.01905865
0.02005865
0.02105865
0.02205865
0.02305865
0.02405865
0.02505865
0.02605865
0.02705865
0.02805865
0.02905865
0.03005865
0.03105865
0.03205865
0.03305865
0.03405865
0.03505865
0.03605865
0.03705865
0.03805865
0.03905865
0.04005865
0.04105865
0.04205865
0.04305865
0.04405865
0.04505865
0.04605865
0.04705865
0.04805865
0.04905865
0.05005865
0.05105865
0.05205865
0.05305865
0.05405865
0.05505865
0.05605865
0.05705865
0.05805865
0.05905865
0.06005865
0.06105865
0.06205865
0.06305865
0.06405865
0.06505865
0.06605865
0.06705865
0.06805865
0.06905865
0.07005865
0.07105865
0.07205865
0.07305865
0.07405865
0.07505865
0.07605865
0.07705865
0.07805865
0.07905865
0.08005865
0.08105865
0.08205865
0.08305865
0.08405865
0.08505865
0.08605865
0.08705865
0.08805865
0.08905865
0.09005865
0.09105865
0.09205865
0.09305865
0.09405865
0.09505865
0.09605865
0.09705865
0.09805865
0.09905865
0.10005865
0.10105865
0.10205865
0.10305865
0.10405865
0.10505865
0.10605865
0.10705865
0.10805865
0.10905865
0.11005865
0.11105865
0.11205865
0.11305865
0.11405865
0.11505865
0.11605865
0.11705865
0.11805865
0.11905865
0.12005865
0.12105865
0.12205865
0.12305865
0.12405865
0.12505865
0.12605865
0.12705865
0.12805865
0.12905865
0.13005865
0.13105865
0.13205865
0.13305865
0.13405865
0.13505865
0.13605865
0.13705865
0.13805865
0.13905865
0.14005865
0.14105865
0.14205865
0.14305865
0.14405865
0.14505865
0.14605865
0.14705865
0.14805865
0.14905865
0.15005865
0.15105865
0.15205865
0.15305865
0.15405865
0.15505865
0.15605865
0.15705865
0.15805865
0.15905865
0.16005865
0.16105865
0.16205865
0.16305865
0.16405865
0.16505865
0.16605865
0.16705865
