0.00000000 0.00000000 0.00000000 0.00000000
0.00024839 0.00056661 0.00082125 0.00100736
0.00050599 0.00114180 0.00166542 0.00200736
0.00076096 0.00170439 0.00251166 0.00300736
0.00101337 0.00226298 0.00335232 0.00400736
0.00126437 0.00282292 0.00419517 0.00500736
0.00151473 0.00338295 0.00503923 0.00600736
0.00176834 0.00394743 0.00588607 0.00700736
0.00202614 0.00451449 0.00673506 0.00800736
0.00228637 0.00508568 0.00758852 0.00900736
0.00255277 0.00566242 0.00844580 0.01000736
0.00282188 0.00624243 0.00930696 0.01100736
0.00309327 0.00682491 0.01017202 0.01200736
0.00336596 0.00740863 0.01103996 0.01300736
0.00364025 0.00799451 0.01191131 0.01400736
0.00391579 0.00858165 0.01278563 0.01500736
0.00419120 0.00916940 0.01366286 0.01600736
0.00446584 0.00975745 0.01454273 0.01700736
0.00473932 0.01034477 0.01542519 0.01800736
0.00501101 0.01093177 0.01631011 0.01900736
0.00528068 0.01151945 0.01719886 0.02000736
0.00554813 0.01210623 0.01809074 0.02100736
0.00581381 0.01269292 0.01898670 0.02200736
0.00607671 0.01327877 0.01988588 0.02300736
0.00633618 0.01386400 0.02078948 0.02400736
0.00659116 0.01444654 0.02169646 0.02500736
0.00684217 0.01502718 0.02260879 0.02600736
0.00708710 0.01560304 0.02352541 0.02700736
0.00732341 0.01617674 0.02444751 0.02800736
0.00754205 0.01677203 0.02538158 0.02900736
0.00773564 0.01734818 0.02632562 0.03000736
0.00787575 0.01780287 0.02727984 0.03100736
0.00795327 0.01810496 0.02824685 0.03200736
0.00802532 0.01839286 0.02921437 0.03300736
0.00808897 0.01865848 0.03018311 0.03400736
0.00814104 0.01889328 0.03115357 0.03500736
0.00818629 0.01911014 0.03212472 0.03600736
0.00821457 0.01928345 0.03309891 0.03700736
0.00819733 0.01931972 0.03408805 0.03800736
0.00815652 0.01928028 0.03509056 0.03900736
0.00809456 0.01919196 0.03610313 0.04000736
0.00797403 0.01896432 0.03713903 0.04100736
0.00781480 0.01864613 0.03819187 0.04200736
0.00761086 0.01822444 0.03926540 0.04300736
0.00735650 0.01768752 0.04036252 0.04400736
0.00702014 0.01696616 0.04149517 0.04500736
0.00660456 0.01606113 0.04265993 0.04600736
0.00613183 0.01502017 0.04384789 0.04700736
0.00571556 0.01410210 0.04501394 0.04800736
0.00565621 0.01397345 0.04603733 0.04900736
0.00565555 0.01397375 0.04703649 0.05000736
0.00565339 0.01397053 0.04803644 0.05100736
0.00564972 0.01396360 0.04903712 0.05200736
0.00564432 0.01395254 0.05003868 0.05300736
0.00563804 0.01393932 0.05104069 0.05400736
0.00563059 0.01392327 0.05204333 0.05500736
0.00562238 0.01390536 0.05304632 0.05600736
0.00561341 0.01388562 0.05404968 0.05700736
0.00560353 0.01386368 0.05505350 0.05800736
0.00559307 0.01384034 0.05605761 0.05900736
0.00558169 0.01381476 0.05706219 0.06000736
0.00556993 0.01378825 0.05806698 0.06100736
0.00555756 0.01376024 0.05907205 0.06200736
0.00554471 0.01373107 0.06007747 0.06300736
0.00553161 0.01370127 0.06108304 0.06400736
0.00551756 0.01366919 0.06208912 0.06500736
0.00550343 0.01363688 0.06309532 0.06600736
0.00548854 0.01360273 0.06410177 0.06700736
0.00547368 0.01356858 0.06510818 0.06800736
0.00545817 0.01353286 0.06611490 0.06900736
0.00544262 0.01349710 0.06712174 0.07000736
0.00542651 0.01346005 0.06812914 0.07100736
0.00541002 0.01342208 0.06913675 0.07200736
0.00532937 0.01323901 0.07018585 0.07300736
0.00528024 0.01312700 0.07121698 0.07400736
0.00526822 0.01309895 0.07222138 0.07500736
0.00522095 0.01298117 0.07324065 0.07600736
0.00513297 0.01277078 0.07428754 0.07700736
0.00509566 0.01267469 0.07530277 0.07800736
0.00506015 0.01259486 0.07631881 0.07900736
0.00505004 0.01257163 0.07732275 0.08000736
0.00496782 0.01237040 0.07835780 0.08100736
0.00496766 0.01237292 0.07935754 0.08200736
0.00493130 0.01228390 0.08037033 0.08300736
0.00492425 0.01226864 0.08137307 0.08400736
0.00489267 0.01219671 0.08189369 0.08450736
0.00485774 0.01211199 0.08290681 0.08550736
0.00477699 0.01192525 0.08395207 0.08650736
0.00474683 0.01185921 0.08496957 0.08750736
0.00474294 0.01185115 0.08597063 0.08850736
0.00473717 0.01183859 0.08697257 0.08950736
0.00472705 0.01181611 0.08797638 0.09050736
0.00471737 0.01179426 0.08897979 0.09150736
0.00467440 0.01169071 0.08999741 0.09250736
0.00466503 0.01166996 0.09100011 0.09350736
0.00465299 0.01164301 0.09200475 0.09450736
0.00463876 0.01161094 0.09301104 0.09550736
0.00461953 0.01156498 0.09401859 0.09650736
0.00460699 0.01153711 0.09502342 0.09750736
0.00459401 0.01150736 0.09602851 0.09850736
0.00457689 0.01146767 0.09703535 0.09950736
0.00454094 0.01137773 0.09805763 0.10050736
0.00452857 0.01135010 0.09906376 0.10150736
0.00451888 0.01132893 0.10006805 0.10250736
0.00450631 0.01130056 0.10107403 0.10350736
0.00447556 0.01122279 0.10209410 0.10450736
0.00446384 0.01119677 0.10310604 0.10550736
0.00445428 0.01117590 0.10411904 0.10650736
0.00441707 0.01109237 0.10514459 0.10750736
0.00435347 0.01094827 0.10615646 0.10850736
0.00434555 0.01093084 0.10715855 0.10950736
0.00433818 0.01091520 0.10816103 0.11050736
0.00432957 0.01089665 0.10916463 0.11150736
0.00422104 0.01063053 0.11016325 0.11250736
0.00421134 0.01060821 0.11115648 0.11350736
0.00420668 0.01059750 0.11214892 0.11450736
0.00420789 0.01060055 0.11314017 0.11550736
0.00420672 0.01059809 0.11413521 0.11650736
0.00417533 0.01052045 0.11512164 0.11750736
0.00417060 0.01051062 0.11611713 0.11850736
0.00416896 0.01050915 0.11711626 0.11950736
0.00416651 0.01050571 0.11811546 0.12050736
0.00415640 0.01048473 0.11912101 0.12150736
0.00413782 0.01044256 0.12013241 0.12250736
0.00412375 0.01041081 0.12114256 0.12350736
0.00410381 0.01036502 0.12215833 0.12450736
0.00408866 0.01033053 0.12316962 0.12550736
0.00407058 0.01028942 0.12418389 0.12650736
0.00405030 0.01024284 0.12519793 0.12750736
0.00402711 0.01018934 0.12621502 0.12850736
0.00399295 0.01010452 0.12723074 0.12950736
0.00397858 0.01007106 0.12825033 0.13050736
0.00389307 0.00985684 0.12934044 0.13150736
0.00387803 0.00982280 0.13035651 0.13250736
0.00385280 0.00976375 0.13138711 0.13350736
0.00383608 0.00972330 0.13240032 0.13450736
0.00381506 0.00967374 0.13341212 0.13550736
0.00375857 0.00954325 0.13444410 0.13650736
0.00374944 0.00952204 0.13544885 0.13750736
0.00373201 0.00948070 0.13645917 0.13850736
0.00368362 0.00936926 0.13749447 0.13950736
0.00359291 0.00916338 0.13855531 0.14050736
0.00352490 0.00898416 0.13958744 0.14150736
0.00352319 0.00898106 0.14059232 0.14250736
0.00351912 0.00897156 0.14159657 0.14350736
0.00351365 0.00895855 0.14260203 0.14450736
