0.00000000 0.00000000 0.00000000 0.00000000
0.00023397 0.00055092 0.00083517 0.00105865
0.00046094 0.00108712 0.00165760 0.00205865
0.00069574 0.00163315 0.00248498 0.00305865
0.00092798 0.00217774 0.00331411 0.00405865
0.00115865 0.00272067 0.00414344 0.00505865
0.00138900 0.00326419 0.00497407 0.00605865
0.00161851 0.00380583 0.00580488 0.00705865
0.00184985 0.00435034 0.00663829 0.00805865
0.00208313 0.00489606 0.00747361 0.00905865
0.00231923 0.00544411 0.00831142 0.01005865
0.00255768 0.00599574 0.00915297 0.01105865
0.00279790 0.00654933 0.00999738 0.01205865
0.00304013 0.00710454 0.01084386 0.01305865
0.00328351 0.00766076 0.01169255 0.01405865
0.00352777 0.00821809 0.01254390 0.01505865
0.00377276 0.00877606 0.01339793 0.01605865
0.00401700 0.00933455 0.01425450 0.01705865
0.00426117 0.00989335 0.01511400 0.01805865
0.00450495 0.01045211 0.01597631 0.01905865
0.00474613 0.01100976 0.01684141 0.02005865
0.00498557 0.01156662 0.01770992 0.02105865
0.00522416 0.01212328 0.01858164 0.02205865
0.00546039 0.01267709 0.01945649 0.02305865
0.00569276 0.01322846 0.02033460 0.02405865
0.00592058 0.01377786 0.02121661 0.02505865
0.00614270 0.01432716 0.02210358 0.02605865
0.00636009 0.01487150 0.02299418 0.02705865
0.00656744 0.01540436 0.02389028 0.02805865
0.00676537 0.01594285 0.02479680 0.02905865
0.00695076 0.01647063 0.02571226 0.03005865
0.00709851 0.01692357 0.02663623 0.03105865
0.00723616 0.01735302 0.02756273 0.03205865
0.00736806 0.01777185 0.02849019 0.03305865
0.00749989 0.01818387 0.02941897 0.03405865
0.00763006 0.01859290 0.03035023 0.03505865
0.00775912 0.01900339 0.03128346 0.03605865
0.00788481 0.01941087 0.03221840 0.03705865
0.00801255 0.01982538 0.03315521 0.03805865
0.00812302 0.02020475 0.03409745 0.03905865
0.00822008 0.02055145 0.03504322 0.04005865
0.00830058 0.02086333 0.03599308 0.04105865
0.00835582 0.02111913 0.03694882 0.04205865
0.00838888 0.02132194 0.03791123 0.04305865
0.00840864 0.02150027 0.03887882 0.04405865
0.00839776 0.02159742 0.03986166 0.04505865
0.00836862 0.02164050 0.04085525 0.04605865
0.00832534 0.02163643 0.04185407 0.04705865
0.00824748 0.02152223 0.04286917 0.04805865
0.00814304 0.02133596 0.04389806 0.04905865
0.00801517 0.02108728 0.04493898 0.05005865
0.00793560 0.02094795 0.04595859 0.05105865
0.00784566 0.02078277 0.04698525 0.05205865
0.00772415 0.02054109 0.04803406 0.05305865
0.00762489 0.02034627 0.04907498 0.05405865
0.00751726 0.02012668 0.05012215 0.05505865
0.00746337 0.02002367 0.05114097 0.05605865
0.00745905 0.02002998 0.05213356 0.05705865
0.00746838 0.02006435 0.05312057 0.05805865
0.00747052 0.02007963 0.05411064 0.05905865
0.00746798 0.02007938 0.05510223 0.06005865
0.00746264 0.02007153 0.05609802 0.06105865
0.00735296 0.01981016 0.05712120 0.06205865
0.00737173 0.01985919 0.05810783 0.06305865
0.00736732 0.01985145 0.05910688 0.06405865
0.00736149 0.01983994 0.06010668 0.06505865
0.00735412 0.01982432 0.06110739 0.06605865
0.00734481 0.01980357 0.06210749 0.06705865
0.00726875 0.01962232 0.06314470 0.06805865
0.00727485 0.01963782 0.06414150 0.06905865
0.00727454 0.01963741 0.06513987 0.07005865
0.00725822 0.01959810 0.06614684 0.07105865
0.00724313 0.01956139 0.06715289 0.07205865
0.00722466 0.01951619 0.06815899 0.07305865
0.00720848 0.01947640 0.06916568 0.07405865
0.00718895 0.01942812 0.07017207 0.07505865
0.00717185 0.01938576 0.07117906 0.07605865
0.00715193 0.01933663 0.07218710 0.07705865
0.00713225 0.01928786 0.07319503 0.07805865
0.00711046 0.01923386 0.07420500 0.07905865
0.00709215 0.01918828 0.07521282 0.08005865
0.00707187 0.01913751 0.07622169 0.08105865
0.00704735 0.01907550 0.07723309 0.08205865
0.00702394 0.01901756 0.07824701 0.08305865
0.00688811 0.01868716 0.07934472 0.08405865
0.00687434 0.01865217 0.08034971 0.08505865
0.00686032 0.01861649 0.08135521 0.08605865
0.00684441 0.01857608 0.08236291 0.08705865
0.00674318 0.01829265 0.08340753 0.08805865
0.00668806 0.01814631 0.08443737 0.08905865
0.00667720 0.01812107 0.08544244 0.09005865
0.00666353 0.01808804 0.08644904 0.09105865
0.00664829 0.01805065 0.08745675 0.09205865
0.00663282 0.01801262 0.08846460 0.09305865
0.00661671 0.01797302 0.08947333 0.09405865
0.00642481 0.01746530 0.09061249 0.09505865
0.00643086 0.01748425 0.09160713 0.09605865
0.00643689 0.01750319 0.09260174 0.09705865
0.00643870 0.01751166 0.09359932 0.09805865
0.00642520 0.01747866 0.09460545 0.09905865
0.00640953 0.01744033 0.09561238 0.10005865
0.00639619 0.01740769 0.09661802 0.10105865
0.00636580 0.01733389 0.09762479 0.10205865
0.00635068 0.01729606 0.09862849 0.10305865
0.00633127 0.01724878 0.09963392 0.10405865
0.00631359 0.01720563 0.10063826 0.10505865
0.00624290 0.01702677 0.10166151 0.10605865
0.00622411 0.01697838 0.10265656 0.10705865
0.00618323 0.01687518 0.10364452 0.10805865
0.00613444 0.01674372 0.10463290 0.10905865
0.00609142 0.01663203 0.10562022 0.11005865
0.00603826 0.01650415 0.10661485 0.11105865
0.00600841 0.01643093 0.10760886 0.11205865
0.00596828 0.01633399 0.10861232 0.11305865
0.00593737 0.01625899 0.10961107 0.11405865
0.00589651 0.01615813 0.11061728 0.11505865
0.00577905 0.01587452 0.11166671 0.11605865
0.00576101 0.01582824 0.11265665 0.11705865
0.00531197 0.01458218 0.11395132 0.11805865
0.00530112 0.01455542 0.11497348 0.11905865
0.00530471 0.01456329 0.11596814 0.12005865
0.00527970 0.01449135 0.11698421 0.12105865
0.00527177 0.01446392 0.11800344 0.12205865
0.00526876 0.01445787 0.11900591 0.12305865
0.00525905 0.01443531 0.12001064 0.12405865
0.00523061 0.01436069 0.12102846 0.12505865
0.00522210 0.01434263 0.12203463 0.12605865
0.00519633 0.01427676 0.12304309 0.12705865
0.00516705 0.01420233 0.12405318 0.12805865
0.00514195 0.01413800 0.12506016 0.12905865
0.00511277 0.01406734 0.12606501 0.13005865
0.00508537 0.01400256 0.12707933 0.13105865
0.00494062 0.01365669 0.12816175 0.13205865
0.00490833 0.01357745 0.12917396 0.13305865
0.00488924 0.01353103 0.13018304 0.13405865
0.00487308 0.01349250 0.13118805 0.13505865
0.00485583 0.01345134 0.13218968 0.13605865
0.00481645 0.01335576 0.13322976 0.13705865
0.00480287 0.01332213 0.13423359 0.13805865
0.00476909 0.01322618 0.13525642 0.13905865
0.00476662 0.01322009 0.13625122 0.14005865
0.00476399 0.01321226 0.13724454 0.14105865
0.00475597 0.01318898 0.13823789 0.14205865
0.00474467 0.01315706 0.13923141 0.14305865
0.00471712 0.01308457 0.14023426 0.14405865
0.00467539 0.01298132 0.14124978 0.14505865
0.00466204 0.01294518 0.14224462 0.14605865
0.00459140 0.01277029 0.14325623 0.14705865
0.00457874 0.01273873 0.14423647 0.14805865
0.00456189 0.01269678 0.14521820 0.14905865
0.00442696 0.01236623 0.14621594 0.15005865
0.00433902 0.01211349 0.14722657 0.15105865
0.00432418 0.01207859 0.14821830 0.15205865
0.00421020 0.01180391 0.14926885 0.15305865
0.00417963 0.01172999 0.15026902 0.15405865
0.00415426 0.01166567 0.15126699 0.15505865
0.00412700 0.01159574 0.15226837 0.15605865
0.00400408 0.01125749 0.15331101 0.15705865
0.00398583 0.01121163 0.15431798 0.15805865
0.00375558 0.01063795 0.15539961 0.15905865
0.00372396 0.01056884 0.15641671 0.16005865
0.00375454 0.01064912 0.15738891 0.16105865
0.00376647 0.01067760 0.15837862 0.16205865
0.00376823 0.01068022 0.15937574 0.16305865
0.00374367 0.01060995 0.16039336 0.16405865
0.00368224 0.01043723 0.16143489 0.16505865
0.00368440 0.01044815 0.16243714 0.16605865
0.00368345 0.01045077 0.16344252 0.16705865
