0.00000000 0.00000000 0.00000000 0.00000000 0.00000000 0.00000000 0.00000000 0.00000000 0.00000000 0.00000000 0.00000000 0.00000000 0.00000000 0.00000000 0.00000000 0.00000000
2.75642302 2.91851833 3.15722088 3.11398945 -2.34802638 -10.01473991 -10.84129265 -13.41027547 -23.15436267 -1.96617638 0.93831295 -9.95201149 -9.90066486 -6.73715659 -6.86133288 -18.14121577
1.87853370 1.01797193 1.39777364 2.22579471 -11.70889545 -15.81233542 -15.69878253 -24.40119444 -29.35919159 -7.68922931 -3.79200195 -16.66520914 -14.20640879 -8.63913712 -8.54549759 -25.20209848
0.98809364 -0.97519765 -0.47550265 1.24547547 -20.34300254 -21.24470455 -20.92881807 -32.48959021 -35.45763313 -13.40795648 -8.83737312 -22.97855967 -18.54824033 -10.61692385 -10.33465804 -32.45497138
0.11132080 -2.91654498 -2.30870600 0.28169397 -28.67864141 -26.70871683 -26.05989329 -40.35312417 -41.38514947 -19.05333008 -13.77878979 -29.07934532 -22.77205631 -12.54808739 -12.08464324 -39.44048165
-0.75961107 -4.83626582 -4.12457562 -0.67923252 -36.76844654 -32.11034267 -31.11839002 -47.99393664 -47.18180665 -24.63236735 -18.66169440 -34.99262002 -26.90480179 -14.45583386 -13.81405858 -46.20185295
-1.61625390 -6.42890585 -5.92151490 -1.62358580 -44.70982819 -37.32946017 -36.15009655 -55.41365888 -52.81309637 -30.18694917 -23.51561789 -40.74650435 -30.97934220 -16.35723264 -15.53400655 -52.76910349
-2.44337714 -8.01740374 -7.71366871 -2.51856364 -52.45982723 -42.20858276 -41.04391288 -62.56209142 -58.25287126 -35.70666999 -28.34817651 -46.34402738 -34.99762118 -18.25768089 -17.24729588 -59.13681815
-3.22671150 -9.70420138 -9.40027238 -3.33429738 -59.98778440 -46.70052539 -45.67311617 -69.47868729 -63.58843620 -40.75249909 -33.21811744 -51.82076976 -39.02670238 -20.08456289 -18.97561424 -65.36886426
-3.92111767 -11.41987923 -11.11660955 -4.02088318 -67.07363650 -51.03401491 -49.92881341 -76.14341448 -68.93470971 -45.61284788 -38.07261288 -57.17657186 -43.08108665 -21.94163031 -20.73307180 -71.47092885
-4.48128031 -13.17489623 -12.87514673 -4.54241068 -73.73582841 -55.07689311 -54.10640221 -82.58155709 -74.33726961 -50.21146134 -42.69240854 -62.38997856 -47.17581443 -23.80323357 -22.48575523 -77.45310757
-4.83183389 -14.94379754 -14.68682426 -4.88747423 -79.98829155 -59.07492855 -57.95326618 -88.77568632 -79.62343287 -54.75970040 -47.01586996 -67.42867740 -51.22074970 -25.60344224 -24.15306003 -83.29543599
-5.09637799 -16.61717057 -16.41800885 -5.15896809 -85.95548541 -62.71464493 -61.84620793 -94.73820744 -84.79823386 -58.95885684 -51.28802402 -72.22900268 -55.26588529 -27.43005750 -25.83237643 -88.96572408
-5.29785169 -18.24114681 -18.06688267 -5.38114175 -91.63913820 -66.44136886 -65.32150473 -100.51274235 -89.88178942 -63.18674531 -55.37991627 -76.79658710 -59.26343867 -29.14142239 -27.47504582 -94.47169256
-5.46559694 -19.76030959 -19.64838206 -5.57088594 -97.10813823 -70.13279872 -68.83700645 -106.09426096 -94.79307043 -67.19028649 -59.22862849 -81.15383343 -63.20719133 -30.83895753 -29.03799663 -99.78353175
-5.61792669 -21.25546683 -21.14967310 -5.74330776 -102.37060892 -73.47961542 -72.37532900 -111.46368162 -99.52197130 -70.96127381 -63.08616328 -85.29212428 -67.10584093 -32.54775383 -30.61169534 -104.88934796
-5.75183657 -22.60012683 -22.54348657 -5.91267667 -107.49651900 -76.85432682 -75.72052262 -116.63599564 -104.00817715 -74.75968938 -66.79029238 -89.23593193 -70.91998883 -34.14057211 -32.16537548 -109.80017598
-5.88701434 -23.91697553 -23.92712305 -6.07476394 -112.35029243 -80.21392961 -78.90847873 -121.61233013 -108.31349899 -78.54286898 -70.16153917 -92.97142881 -74.59866257 -35.68155475 -33.59034041 -114.49754656
-6.01759324 -25.19165334 -25.18529171 -6.25198067 -116.97796952 -83.53623077 -82.08884415 -126.38676631 -112.51080294 -82.25398217 -73.50807532 -96.49523199 -78.19315040 -37.22039853 -35.00961273 -118.96871880
-6.15336839 -26.33146512 -26.37549055 -6.42348991 -121.41024272 -86.82815748 -85.22530053 -130.96309199 -116.57871354 -85.67698213 -76.82952871 -99.80615519 -81.69845318 -38.74803826 -36.42248577 -123.20423972
-6.28561862 -27.43133473 -27.53652938 -6.59692636 -125.65932740 -89.89059721 -88.35013234 -135.29031329 -120.42058588 -89.03037593 -80.05617677 -102.88316663 -85.07737128 -40.18982208 -37.80739564 -127.16386877
-6.42585193 -28.51045956 -28.67626966 -6.78625351 -129.74788810 -92.83211404 -91.50161884 -139.38059954 -124.05608694 -92.33449937 -83.17580940 -105.75885085 -88.35293650 -41.52592050 -39.10084798 -130.88096187
-6.57409996 -29.56688331 -29.73944449 -6.98565960 -133.64152841 -95.72922837 -94.51673601 -143.27761710 -127.54886321 -95.60367502 -86.03351607 -108.43863461 -91.53489019 -42.84396062 -40.33089471 -134.37777922
-6.72695199 -30.53005499 -30.71062477 -7.19514226 -137.31533771 -98.56758783 -97.27433761 -146.96299518 -130.87118218 -98.82447750 -88.83377758 -110.92749417 -94.60774028 -44.13097981 -41.54433332 -137.62918816
-6.88378217 -31.41080884 -31.64451886 -7.41111637 -140.73844663 -101.32236418 -99.96098634 -150.40600275 -134.03551648 -101.97806499 -91.59033187 -113.19976928 -97.55400652 -45.38249993 -42.72035009 -140.61264229
-7.04189257 -32.24150567 -32.52690689 -7.63214958 -143.90506273 -103.95938350 -102.66206361 -153.59938462 -137.03113770 -105.03170188 -94.23411536 -115.26461897 -100.36421120 -46.58700843 -43.84762286 -143.32227098
-7.19720301 -33.01347306 -33.32850345 -7.85084205 -146.81022264 -106.44516897 -105.21807452 -156.56406325 -139.83824741 -107.92309885 -96.68957353 -117.07671751 -103.02733613 -47.72822690 -44.90717550 -145.74900357
-7.35031298 -33.75510296 -34.08988248 -8.08515173 -149.49538549 -108.84486870 -107.62208977 -159.29794845 -142.49623091 -110.68224933 -99.10190565 -118.70779912 -105.57292457 -48.82821002 -45.92742814 -147.93796850
-7.49946855 -34.42905676 -34.77499544 -8.31583551 -151.88396169 -111.11243042 -109.83738706 -161.76446017 -144.94381361 -113.21508595 -101.37464221 -120.11143430 -107.93116519 -49.83654606 -46.86743505 -149.83852022
-7.63137589 -35.00044845 -35.31218543 -8.56350976 -153.98683021 -112.93348819 -111.78496294 -163.92554940 -147.18468306 -115.34031760 -103.31965130 -121.26492210 -110.09272694 -50.68621502 -47.67305446 -151.44502308
-7.80177564 -35.49476744 -35.74074762 -8.79347222 -155.77108508 -114.19747416 -113.50319848 -165.78016105 -149.13320427 -117.10352923 -105.02997000 -122.19959046 -112.01509774 -51.44013908 -48.36522480 -152.78490374
-7.93198817 -35.83927797 -36.01915943 -9.00933774 -157.03822754 -115.09420441 -114.86649972 -167.12750199 -150.56609052 -118.43261783 -106.35980178 -122.84917144 -113.47619313 -52.02215928 -48.85499186 -153.72641600
-8.05599010 -36.16146390 -36.25596110 -9.22129481 -158.15853989 -115.90815173 -116.12059794 -168.30017350 -151.85422293 -119.64848590 -107.58015798 -123.38303485 -114.81268519 -52.56615714 -49.30535068 -154.52567832
-8.17272556 -36.45502260 -36.48369563 -9.42579767 -159.60728824 -116.64624297 -117.29771704 -169.36353528 -153.12976484 -120.77588090 -108.72454694 -123.84331063 -116.00929834 -53.07147251 -49.73161707 -155.23202145
-8.29312017 -36.78284073 -36.74139157 -9.62793639 -160.41705538 -117.42185558 -118.49240794 -170.35935073 -154.27346286 -121.94097731 -109.89969998 -124.26386184 -117.26976447 -53.58953672 -50.17362917 -155.87669944
-8.41101971 -37.10623503 -36.99016987 -9.82809808 -160.94696785 -118.18625376 -119.75121727 -171.29035297 -155.31344540 -123.08861031 -111.07610052 -124.36229611 -118.51265600 -54.09606510 -50.60268071 -156.45311633
-8.52195179 -37.40622644 -37.22994571 -10.02773701 -161.45121787 -118.91820181 -121.01219485 -172.16652531 -156.31766805 -124.20323034 -112.28263597 -124.12880240 -119.71798170 -54.58137043 -51.01755210 -156.96481741
-8.63286404 -37.67419806 -37.44976786 -10.22688880 -161.88919492 -119.65535155 -122.21176640 -172.96078728 -157.24455958 -125.27395346 -113.46769323 -123.89271859 -120.84841753 -55.03447040 -51.40899659 -157.40437005
-8.74873527 -37.76151078 -37.67451477 -10.42709417 -162.28723776 -120.35553955 -123.41328297 -173.70284528 -158.02158419 -126.37547289 -114.66458679 -123.65350503 -121.93853854 -55.48994232 -51.80315388 -157.78464289
-8.84991650 -37.64787775 -37.82823991 -10.59176417 -162.57617536 -120.83824531 -124.40261450 -174.32873326 -158.64659174 -127.27507643 -115.60222024 -123.42305027 -122.84910511 -55.85919139 -52.11518610 -158.04064617
-8.94275305 -37.53330942 -37.95089056 -10.73941934 -162.77693005 -121.22854494 -125.23515012 -174.83475242 -159.14016058 -128.03951097 -116.37019474 -123.21186613 -123.61490140 -56.17101828 -52.37570289 -158.21633697
-9.02556604 -37.50019179 -38.02097045 -10.86049880 -162.86352362 -121.49065933 -125.87211579 -175.20401516 -159.43513516 -128.60773757 -116.91672054 -123.01256007 -124.18331447 -56.40140724 -52.56084992 -158.31352720
-9.09042857 -37.48557655 -38.01325847 -10.93845760 -162.84089562 -121.55234909 -126.21951650 -175.41275170 -159.50896773 -128.88329550 -117.16533604 -122.82839361 -124.49496995 -56.51369705 -52.63346508 -158.32826892
-9.13670540 -37.45222518 -37.94434571 -10.98667212 -162.73740578 -121.45394275 -126.31565708 -175.50130682 -159.40311951 -128.92066264 -117.17236283 -122.65673139 -124.59827783 -56.52831612 -52.61855946 -158.28976404
-9.16819025 -37.38463331 -37.81255291 -11.00950735 -162.59023174 -121.23239467 -126.25183801 -175.50787254 -159.17697571 -128.78799872 -117.10051864 -122.48547476 -124.54971111 -56.46986064 -52.52001909 -158.20895134
-9.17995685 -37.30982927 -37.60434126 -11.00274572 -162.20527502 -120.82159922 -125.88208255 -175.22589419 -158.67065012 -128.31626565 -116.68758737 -122.16014293 -124.12284462 -56.28656560 -52.31038164 -157.83064272
-9.18887699 -37.20719384 -37.42258853 -10.99219598 -161.38670175 -120.22549661 -125.34119762 -174.54654860 -157.90856137 -127.65760388 -116.09363851 -121.59636454 -123.44608058 -56.03795447 -52.04464943 -157.03620052
-9.20091889 -37.09262208 -37.26826389 -11.00355972 -160.24040832 -119.43607439 -124.68026913 -173.54440240 -156.94843111 -126.86971347 -115.38346537 -120.82570363 -122.58698917 -55.74879647 -51.74790627 -155.93605048
-9.22112787 -36.92780137 -37.07690308 -11.02627645 -158.28347284 -118.32916821 -123.59392719 -171.73638175 -155.42653795 -125.59492551 -114.37411651 -119.52446749 -121.22069750 -55.36376782 -51.37161796 -154.09219829
-9.23494626 -36.69114995 -36.81633317 -11.05285168 -155.68697831 -116.93060619 -122.12323936 -169.27160150 -153.45218345 -123.97035087 -112.90302771 -117.77917677 -119.43221526 -54.86910397 -50.91386853 -151.65611296
-9.24521885 -36.38781785 -36.48908583 -11.08182640 -152.52399589 -115.27680871 -120.38468049 -166.22777319 -151.07112764 -122.03636344 -110.92929124 -115.61996408 -117.26921581 -54.27584524 -50.38669180 -148.70458284
-9.24437520 -36.24944794 -36.35132575 -11.17011837 -150.50297392 -114.19521740 -119.26125297 -164.36272662 -149.49975175 -120.77978790 -109.61240092 -114.18581799 -115.91516436 -53.91450899 -50.08035312 -146.86000692
-9.23231253 -36.07078335 -36.17669001 -11.24313088 -148.23050697 -112.98772016 -118.01406195 -162.24783797 -147.74720604 -119.38246226 -108.15751801 -112.57362093 -114.38938409 -53.50448655 -49.73055008 -144.77179947
-9.23678555 -35.73911102 -35.88726310 -11.31387616 -145.23113894 -111.39710698 -116.38570558 -159.40899951 -145.45256063 -117.56386431 -106.28340717 -110.42793393 -112.33159938 -52.91926981 -49.23110314 -141.93280648
-9.24367767 -35.50381253 -35.69255195 -11.38916673 -142.78526346 -110.07830263 -115.04805582 -156.99708900 -143.55717311 -116.05570684 -104.74445398 -108.65454153 -110.62964780 -52.44335343 -48.81375536 -139.65939501
-9.24429900 -35.24443978 -35.46908847 -11.43615178 -140.13467701 -108.65706379 -113.62375498 -154.37596513 -141.52317047 -114.44517844 -103.11855269 -106.73946048 -108.78627702 -51.87440555 -48.34713125 -137.21037062
-9.27870853 -35.21045377 -35.45618573 -11.43247546 -138.81666243 -107.89142015 -112.86912992 -153.02870782 -140.44137910 -113.61398961 -102.30483904 -105.79023617 -107.83456875 -51.56220107 -48.07094748 -135.98826419
-9.30814754 -35.28945722 -35.62400549 -11.44474133 -138.70486644 -107.76486622 -112.74239739 -152.87870673 -140.29263218 -113.49091283 -102.20684795 -105.69541249 -107.72687781 -51.52062956 -48.03039620 -135.89635412
-9.32447117 -35.36902332 -35.82041191 -11.48108329 -138.90955635 -107.82116455 -112.79363665 -153.07377640 -140.45049269 -113.57509625 -102.28953884 -105.84047395 -107.86960826 -51.55588083 -48.06223894 -136.11852724
-9.33763041 -35.41820254 -35.96734262 -11.50572472 -138.94362030 -107.79806736 -112.76803679 -153.09657214 -140.48890177 -113.56866447 -102.27185327 -105.86656582 -107.89515752 -51.55729059 -48.06207861 -136.17887554
-9.34823962 -35.43663871 -35.98661555 -11.51766161 -138.86871424 -107.73535419 -112.71768896 -153.01496938 -140.45993474 -113.50924131 -102.21281842 -105.82135400 -107.85203616 -51.54143965 -48.04876798 -136.13861462
-9.35892266 -35.44429784 -35.98244858 -11.52359346 -138.71884752 -107.65427385 -112.63667877 -152.86400431 -140.36142115 -113.41643621 -102.11834828 -105.72743705 -107.76101454 -51.51224346 -48.02135553 -136.03209830
-9.36542664 -35.09759999 -35.59284619 -11.38418047 -136.10641102 -106.34024686 -111.28600454 -150.15675454 -138.45997920 -111.88682637 -100.61990640 -103.85575979 -105.89097713 -50.96201818 -47.50314849 -133.56574046
-9.38475240 -35.16872591 -35.66597677 -11.41783198 -136.54569075 -106.54604294 -111.50222902 -150.60391343 -138.77515689 -112.13447702 -100.85398527 -104.17754351 -106.21628409 -51.05601981 -47.59280063 -134.00544324
-9.38219330 -35.16299457 -35.65518543 -11.42129806 -136.42623207 -106.47779278 -111.43950034 -150.48959662 -138.71456410 -112.05853419 -100.77905659 -104.10308341 -106.14904469 -51.03320702 -47.57163735 -133.91991062
-9.37824388 -35.15145661 -35.63877878 -11.42298134 -136.27227907 -106.39401706 -111.35923045 -150.34110837 -138.62927005 -111.96364765 -100.68525682 -104.00452053 -106.05771679 -51.00314976 -47.54340864 -133.80161649
-9.37366211 -35.13227206 -35.61643834 -11.42335003 -136.08310317 -106.29371571 -111.26154978 -150.15710324 -138.51847965 -111.84925884 -100.57230212 -103.88103089 -105.93842355 -50.96460796 -47.50741574 -133.64667615
-9.37024045 -35.10349457 -35.58562684 -11.42174542 -135.85043908 -106.17187345 -111.14143092 -149.92693716 -138.37022504 -111.70965664 -100.43475633 -103.72494282 -105.78548404 -50.91564174 -47.46086773 -133.44381130
-9.39451246 -34.84173355 -35.31009558 -11.32860756 -134.00005005 -105.30275784 -110.19090508 -148.04865149 -136.88806841 -110.63707326 -99.38923502 -102.42036545 -104.48786970 -50.51926612 -47.08521040 -131.71171909
-9.39968241 -34.85690222 -35.32978676 -11.33875500 -134.12574403 -105.37530988 -110.26370405 -148.19935861 -136.97009513 -110.72206221 -99.46230727 -102.52875156 -104.59409206 -50.54964925 -47.11259234 -131.85234280
-9.39720771 -34.84925259 -35.32609007 -11.34332472 -134.10115773 -105.37132728 -110.26066579 -148.19664811 -136.95665670 -110.71784159 -99.45112201 -102.52811488 -104.59443196 -50.54666395 -47.10788657 -131.84381116
-9.38739319 -34.78709244 -35.26434451 -11.32617476 -133.69289793 -105.18244307 -110.06115953 -147.80256521 -136.66748605 -110.48850681 -99.22338666 -102.25453679 -104.32359881 -50.45881442 -47.02489504 -131.47186638
-9.37416061 -34.72677933 -35.20656310 -11.31272101 -133.32021273 -105.00303469 -109.87868943 -147.44214900 -136.41831414 -110.27705296 -99.01234981 -102.00283358 -104.07268750 -50.37639011 -46.94821118 -131.12905859
-9.35983418 -34.65426632 -35.13636489 -11.29449825 -132.86988644 -104.78455853 -109.65617723 -146.99932320 -136.11718483 -110.01999913 -98.75316234 -101.69344545 -103.76268635 -50.27537894 -46.85581536 -130.71031402
-9.34605915 -34.58904461 -35.07500843 -11.27986190 -132.47086009 -104.59522646 -109.46333827 -146.61350907 -135.85006009 -109.79352907 -98.52114387 -101.42360446 -103.49217756 -50.18561671 -46.77453537 -130.34293147
-9.33128158 -34.51077715 -35.00103258 -11.26137392 -131.99731679 -104.36705665 -109.23139175 -146.14742164 -135.53245367 -109.51861241 -98.23907779 -101.09594034 -103.16590284 -50.07748728 -46.67847256 -129.90070824
-9.31700389 -34.44009767 -34.93601834 -11.24564107 -131.57746174 -104.17101375 -109.02968528 -145.74012851 -135.24932807 -109.27516947 -97.99104744 -100.80928613 -102.88038780 -49.98127446 -46.59289223 -129.51221703
-9.30388390 -34.35905930 -34.86057999 -11.22471890 -131.08717510 -103.95153176 -108.79293495 -145.26222344 -134.91079430 -108.98082756 -97.70799465 -100.47352442 -102.54723182 -49.86885135 -46.49296131 -129.05860588
-9.28823611 -34.27564797 -34.78529127 -11.20618378 -130.60494416 -103.73654675 -108.56075547 -144.79290046 -134.58720657 -108.68345950 -97.42866523 -100.14199705 -102.21935316 -49.75829643 -46.39505452 -128.61070574
-9.27709234 -34.18309843 -34.70261098 -11.18595501 -130.07321958 -103.48576312 -108.30296821 -144.27268751 -134.21601047 -108.36534361 -97.11870658 -99.77442655 -101.85254536 -49.63663391 -46.28636816 -128.11465424
-9.26167337 -34.10479873 -34.63364777 -11.16797847 -129.62594276 -103.27543622 -108.08939576 -143.83602216 -133.91422014 -108.09705151 -96.85627978 -99.46704638 -101.54711671 -49.53374305 -46.19436816 -127.69837287
-9.24637082 -34.02098823 -34.55887435 -11.14747352 -129.13338778 -103.03646562 -107.85957809 -143.35129251 -133.58607040 -107.77523266 -96.57384104 -99.12558237 -101.21101198 -49.42217017 -46.09398658 -127.23689217
-9.23045899 -33.92392326 -34.47111877 -11.12291314 -128.54127096 -102.75151915 -107.58547526 -142.76425340 -133.18882419 -107.35286618 -96.23882242 -98.71181787 -100.80758033 -49.29288808 -45.97473130 -126.67867378
-9.21526456 -33.83001222 -34.38524198 -11.09942408 -127.97850961 -102.43502667 -107.32258708 -142.20197751 -132.80778748 -107.00364740 -95.91218548 -98.31529759 -100.41775192 -49.16131368 -45.85555940 -126.14486309
-9.14839884 -33.30635225 -33.88695508 -10.99061196 -124.67878560 -100.77861391 -105.74983896 -138.93719201 -130.45139179 -104.92091650 -93.96633557 -95.99297686 -98.14457055 -48.39399469 -45.16231648 -123.04246161
-9.13614632 -33.24446563 -33.83474769 -10.97317927 -124.34789249 -100.61102930 -105.59716966 -138.60739763 -130.23153458 -104.70831108 -93.77164945 -95.76472313 -97.91557297 -48.31767775 -45.09364161 -122.73073315
-9.12403070 -33.18248730 -33.78204728 -10.95526078 -124.01234392 -100.43176753 -105.44340316 -138.27122418 -130.00794365 -104.49301338 -93.57432523 -95.53207265 -97.68222078 -48.24006451 -45.02375523 -122.41311962
-9.11168276 -33.11611752 -33.72279474 -10.93596581 -123.63287012 -100.21161809 -105.26968338 -137.88943334 -129.75272315 -104.25118439 -93.35271232 -95.26616999 -97.41749968 -48.15210383 -44.94449328 -122.05173921
-9.08996404 -32.81907630 -33.43729133 -10.88579213 -121.22314613 -99.16125762 -104.34972763 -135.51999566 -128.07021119 -102.28900220 -91.30598774 -93.57902842 -95.81578407 -47.72943410 -44.59566138 -119.79311561
-9.08113029 -32.74641126 -33.27101444 -10.84056946 -119.91963574 -97.88557357 -103.70463515 -134.19460634 -127.14945064 -101.66010495 -90.68103499 -92.65717556 -94.92290022 -47.43137204 -44.33599566 -118.53885350
-9.06723841 -32.68089524 -33.22007304 -10.82172119 -119.65865807 -97.77117495 -103.57431106 -133.93047389 -126.97240616 -101.49994667 -90.55246723 -92.47596322 -94.73415190 -47.36233470 -44.27189497 -118.28922992
-9.05300472 -32.60968705 -33.16196967 -10.80131199 -119.33056592 -97.61465755 -103.41223911 -133.60039488 -126.74635166 -101.29459671 -90.37661059 -92.24737101 -94.50055413 -47.28051105 -44.19734278 -117.97606092
-9.03847789 -32.53402627 -33.10019327 -10.78031660 -118.96494684 -97.44311086 -103.23029340 -133.23470502 -126.49245813 -101.05863236 -90.17034350 -91.99277864 -94.24171166 -47.19215110 -44.11747267 -117.62706669
-9.02365780 -32.45743444 -33.03823624 -10.75919710 -118.59336574 -97.26939139 -103.04274870 -132.86432092 -126.23401689 -100.82012698 -89.96148866 -91.73552832 -93.97871955 -47.10249520 -44.03644404 -117.27094060
-9.00847961 -32.37841666 -32.97571770 -10.73849667 -118.20649405 -97.09161911 -102.83442045 -132.48194780 -125.96385905 -100.57331911 -89.74511985 -91.46934696 -93.70524185 -47.00924155 -43.95262759 -116.90058992
-8.95555936 -31.74778195 -32.62699306 -10.70572690 -113.58976354 -94.93575576 -98.60861149 -127.98319878 -122.61063327 -97.90208550 -87.70437245 -88.36817795 -90.55221167 -45.98974152 -43.05772083 -112.54314530
-8.94578772 -31.74414477 -32.60842237 -10.68775033 -113.73737532 -95.00975954 -98.85869042 -128.13223928 -122.72589592 -97.97023008 -87.72262088 -88.46881632 -90.64146632 -46.01407990 -43.07806457 -112.67603775
-8.93637574 -31.74086972 -32.59056283 -10.66936934 -113.88477948 -95.08303941 -99.10614173 -128.28086528 -122.84082941 -98.03813473 -87.74106334 -88.56963058 -90.73047742 -46.03836262 -43.09839938 -112.80886211
-8.92547986 -31.72207900 -32.55940138 -10.64887845 -113.92985068 -95.10337022 -99.29143521 -128.32731761 -122.88073948 -98.04309033 -87.70470740 -88.59789824 -90.74781100 -46.03870165 -43.09743850 -112.84448601
-8.91169463 -31.65636967 -32.50441805 -10.62668400 -113.60741660 -94.93866302 -99.14381905 -128.00373879 -122.65478009 -97.83744068 -87.51603268 -88.37419698 -90.51571836 -45.95972316 -43.02723744 -112.53363904
-8.89771997 -31.58324552 -32.44193083 -10.60105658 -113.23397687 -94.74687819 -98.96717060 -127.62543004 -122.39237016 -97.59930448 -87.29875535 -88.11256109 -90.24050351 -45.87071113 -42.94575699 -112.17225562
-8.88409619 -31.51805884 -32.38840764 -10.57877253 -112.91645489 -94.58361203 -98.81969486 -127.30560623 -122.16891810 -97.39611708 -87.11263201 -87.89196427 -90.01101320 -45.79324242 -42.87638008 -111.86510998
-8.85454948 -31.37768061 -32.26834184 -10.55116206 -112.17042535 -94.20689739 -98.45722844 -126.58341557 -121.63815466 -96.93477108 -86.70062295 -87.40853720 -89.49143377 -45.61781553 -42.72806388 -111.14660229
-8.84081038 -31.31048123 -32.21149066 -10.52729192 -111.81077421 -94.02599336 -98.29062272 -126.21891762 -121.39110104 -96.71127507 -86.49527160 -87.15786738 -89.20082529 -45.52583111 -42.65149104 -110.80048892
-8.82393965 -31.22403904 -32.13584777 -10.49897432 -111.34433986 -93.78691080 -98.06513988 -125.74731494 -121.06371056 -96.41688441 -86.23017684 -86.83162908 -88.86017634 -45.41702443 -42.54228536 -110.35594499
-8.80883422 -31.14477577 -32.06716450 -10.47223627 -110.92038457 -93.56942453 -97.86169173 -125.31849883 -120.76450669 -96.15176503 -85.98682403 -86.53514152 -88.55176068 -45.30738142 -42.45185351 -109.95059565
-8.76447291 -30.87074520 -31.82406060 -10.41823740 -109.18546487 -92.71688903 -97.02596998 -123.63111131 -119.52428651 -95.13175280 -85.12087562 -85.43373183 -87.35826314 -44.86681050 -42.00486274 -108.09144354
-8.75525432 -30.80349186 -31.75862598 -10.38469580 -108.75245477 -92.50038358 -96.81628052 -123.16533092 -119.23267106 -94.86946766 -84.87129057 -85.11662607 -86.92766791 -44.74671720 -41.91708181 -107.67295642
-8.74290360 -30.66580755 -31.61467642 -10.32039375 -107.86502358 -92.00777522 -96.32722896 -122.16150243 -118.51700695 -94.29887414 -84.34738329 -84.43357625 -86.15862877 -44.47067696 -41.67296327 -106.75849747
-8.73698468 -30.51942274 -31.46949636 -10.26686451 -106.78602224 -91.46057745 -95.75053769 -120.97819220 -117.69873131 -93.65983832 -83.85624727 -83.63484048 -85.22880692 -44.18355861 -41.03259517 -105.64192426
-8.73222964 -30.38396076 -31.32734759 -10.20596299 -105.83067946 -90.95381523 -95.22605719 -119.92383533 -116.94941891 -93.14738583 -83.30559954 -82.91389098 -84.51659748 -43.59006139 -40.87935938 -104.68571102
-8.74016484 -30.16658757 -31.13706366 -10.11081939 -104.63884947 -90.28801085 -94.53475086 -118.60019751 -115.95734517 -92.34782434 -82.58064258 -82.00529771 -83.59929921 -43.34733326 -40.62470313 -103.48698475
-8.76528448 -29.98429708 -31.03048914 -10.06142071 -103.95601647 -89.93675350 -94.15208682 -117.86090662 -115.36869751 -91.91144320 -82.18200022 -81.49747001 -83.09197334 -43.19115481 -40.47857378 -102.81461660
-8.80052743 -29.84113674 -30.87821068 -9.99588343 -102.98473694 -89.45560277 -93.62872929 -116.85887002 -114.56053436 -91.31904287 -81.63851955 -80.80581205 -82.40109660 -42.96607568 -40.27554131 -101.89995910
-8.82237079 -29.72784992 -30.74372480 -9.95511889 -102.24884513 -89.08005017 -93.23535621 -116.10756842 -113.94574426 -90.86621022 -81.21214464 -80.27213928 -81.87259559 -42.79278666 -40.11922679 -101.18731500
-8.85893686 -29.57561155 -30.54634586 -9.85597513 -101.27255678 -88.58481676 -92.72882609 -115.10946149 -113.13578791 -90.27073630 -80.67739224 -79.57891767 -81.16102832 -42.56928284 -39.91808950 -100.25426278
-8.92316454 -29.14927928 -30.11714226 -9.72705024 -98.37377691 -87.14187814 -91.23293208 -112.31224325 -110.84012668 -88.51805233 -79.11201973 -77.44862075 -79.12907797 -41.90407621 -39.32924031 -97.45409352
-8.93093617 -29.01136417 -30.07374575 -9.68478946 -97.98233323 -86.93276025 -91.02311126 -111.87050803 -110.49701990 -88.27244052 -78.82601062 -77.14765107 -78.82463263 -41.81081371 -39.24792492 -97.03383489
-9.05081088 -26.68511117 -21.45646086 -9.40457813 -87.17349108 -82.13053355 -86.89337011 -101.72396713 -102.52638840 -82.32839535 -73.57393159 -69.71260517 -71.45720575 -39.58600988 -37.38235357 -86.81994741
-9.05063615 -26.65263546 -21.39291412 -9.34548804 -86.89476929 -81.99446205 -86.74915796 -101.50060003 -102.33046774 -82.16883569 -73.41742191 -69.50621822 -71.27407197 -39.51996347 -37.32629027 -86.54697547
-9.05331776 -26.66786813 -21.40034661 -9.35649251 -86.97235088 -82.05960801 -86.79950162 -101.60711945 -102.41740776 -82.17627183 -73.46815004 -69.57181338 -71.34765020 -39.54610406 -37.34588061 -86.61883469
-9.05060847 -26.58779177 -21.30281408 -9.33870918 -86.34009648 -81.75947198 -86.54520645 -101.14131443 -101.96362461 -81.85626083 -73.14534189 -68.73094368 -70.92377394 -39.41185526 -37.25803530 -86.05452202
-9.05804199 -26.57076568 -21.18023804 -8.89526763 -86.13277649 -81.69405211 -86.51216922 -101.04296265 -101.82460664 -81.77506277 -73.10745393 -68.74569901 -70.79587824 -39.37613071 -37.23593279 -85.87189710
-9.06374412 -26.57118013 -21.16213422 -8.91908332 -86.05633035 -81.57316858 -86.45989390 -100.96318491 -101.77848770 -81.74402619 -73.05346990 -68.75113116 -70.74832753 -39.35449468 -37.21267833 -85.78253228
-9.06067220 -26.52945720 -21.11138128 -8.93591767 -85.82211608 -81.46070354 -86.31655382 -100.72520027 -101.60113523 -81.59783980 -72.89347862 -68.59242949 -70.57746413 -39.29341271 -37.15655108 -85.55756133
-9.05303282 -26.42539229 -20.99888188 -9.00153235 -85.13713362 -81.11556572 -85.95131367 -99.76644415 -101.07545568 -81.20384475 -72.52784170 -68.14959661 -70.08649767 -39.12898576 -37.02094053 -84.93056398
-9.04728015 -26.38952945 -20.93876948 -8.99324428 -84.93942706 -80.99929088 -85.83557509 -99.64656425 -100.91785261 -81.07104098 -72.36574773 -67.97726480 -69.93426163 -39.07134638 -36.96744966 -84.73320355
-9.03685973 -26.29117090 -20.82518625 -8.99848752 -84.31512863 -80.68573012 -85.48280907 -99.03157683 -100.43595414 -80.71067427 -71.98457922 -67.48005915 -69.48739578 -38.91826166 -36.84286647 -84.12496151
-9.03136629 -26.18218737 -20.69116324 -8.97352643 -83.61517101 -80.33203248 -85.13115561 -98.36809860 -99.90830978 -80.30604894 -71.53848287 -66.86889750 -68.91760646 -38.73948405 -36.69911977 -83.42494028
-9.02496335 -26.09043106 -20.57932730 -8.97195478 -82.99918523 -80.02277695 -84.79631190 -97.82606951 -99.43848231 -79.95742637 -71.15860926 -66.31505742 -68.48435333 -38.59282197 -36.57714303 -82.82485417
-9.03638314 -25.97123369 -20.43301506 -8.95793930 -82.22509198 -79.64548203 -84.42094694 -97.14226813 -98.87156018 -79.53793398 -70.70771794 -65.78178152 -67.97998625 -38.40366269 -36.41690306 -82.12822640
-9.06314012 -25.86120028 -20.28997440 -8.95316609 -81.49847446 -79.28047794 -84.06197940 -96.43452137 -98.32723394 -79.13273357 -70.27696741 -65.31868482 -67.50365033 -38.23043395 -36.26362109 -81.48922702
-9.15693718 -25.30006734 -19.58957203 -8.82214006 -77.85007538 -77.30141765 -82.09884588 -92.70474680 -95.42041948 -76.97919063 -68.16266555 -62.86631688 -64.98141207 -37.32243782 -35.41940989 -78.13543172
-9.16752765 -25.16879622 -19.43593659 -8.84864128 -77.00018563 -76.86242592 -81.68479234 -91.85098318 -94.78985562 -76.50416580 -67.71878592 -62.34907616 -64.41932909 -37.07751040 -35.22904615 -77.32759440
-9.18583663 -25.09257709 -19.33060973 -8.79776929 -76.48366460 -76.60754883 -81.43556723 -91.36224270 -94.41190824 -76.20941784 -67.44926114 -62.01289753 -64.08858723 -36.95328786 -35.12777729 -76.90721051
-9.18825042 -25.03704773 -19.24787388 -8.78148482 -76.03540727 -76.39424955 -81.21361922 -90.94405546 -94.09152477 -75.95382096 -67.21516460 -61.72836252 -63.81027768 -36.83886773 -35.03658241 -76.53946349
-9.20422476 -24.96625268 -19.16112311 -8.76328268 -75.56745097 -76.16693014 -80.97666414 -90.50199967 -93.75038497 -75.67581884 -66.97052758 -61.42703805 -63.51296451 -36.72501628 -34.92340842 -76.14485753
-9.09948048 -24.84382957 -18.97809555 -8.71889595 -74.52634056 -75.65128492 -80.45508079 -89.51715874 -93.00204006 -75.05021320 -66.40164755 -60.70594251 -62.83575991 -36.47977546 -34.70384692 -75.22551893
-9.11262563 -24.72458196 -18.90309657 -8.73234548 -74.16823835 -75.49023133 -80.28218070 -89.18665579 -92.74306171 -74.81687988 -66.21750175 -60.47192835 -62.60333006 -36.39618717 -34.62164940 -74.91640214
-8.60134700 -24.55091238 -18.77564000 -8.71010194 -73.33941184 -75.16444708 -79.90332094 -88.35459370 -92.22393509 -74.38384467 -65.83791757 -59.90132954 -62.10872806 -36.13350362 -34.35378687 -74.12466838
-8.58492713 -24.56221751 -18.75222228 -8.72391800 -73.23280602 -75.14205216 -79.87510597 -88.31128724 -92.19424295 -74.32970210 -65.79199490 -59.87508671 -62.06986080 -36.09736734 -34.32731995 -74.06818040
-8.56637945 -24.57563213 -18.73080322 -8.73680532 -73.12719219 -75.12374245 -79.85532811 -88.26877926 -92.16745711 -74.28718663 -65.74338202 -59.84977899 -62.03125276 -36.03918380 -34.28277715 -74.00781046
-8.54851561 -24.56905053 -18.69185068 -8.74629017 -72.89569284 -75.04207248 -79.78328682 -88.10872820 -92.03850840 -74.17837097 -65.61457647 -59.69833076 -61.90204672 -35.92607135 -34.19343623 -73.82343289
-8.52299003 -24.54630650 -18.63910178 -8.75218765 -72.59142634 -74.92129121 -79.67380157 -87.86307457 -91.85161884 -74.03020845 -65.42393385 -59.52524730 -61.72134741 -35.77729581 -34.06365043 -73.55791723
-8.48951248 -24.46029338 -18.51583209 -8.74366247 -71.89766477 -74.60558248 -79.36574607 -87.20831090 -91.35759153 -73.58263839 -64.96996560 -59.07089731 -61.26511495 -35.54432344 -33.82857537 -72.91888778
-8.43833350 -24.30484530 -18.31010723 -8.72755747 -70.86587520 -74.05202390 -78.87481330 -86.20337830 -90.57264227 -72.95454382 -64.26309942 -58.36006809 -60.55558627 -35.24806386 -33.55053182 -71.95171872
-8.40800157 -24.25260462 -18.25407996 -8.71733221 -70.55352430 -73.88836389 -78.74305967 -85.88880900 -90.33346780 -72.77472138 -63.97310583 -58.14897660 -60.33447681 -35.16993452 -33.45027413 -71.64617283
-8.35569804 -23.92469605 -17.94529023 -8.61920944 -68.97124135 -72.98576925 -77.86193520 -84.12410872 -88.95331581 -71.56478844 -62.82688980 -56.91995844 -59.10613404 -34.79134440 -33.08419496 -70.01659438
-8.33869775 -23.88386238 -17.87872583 -8.60100653 -68.73877937 -72.80921286 -77.72328441 -83.81919281 -88.68820297 -71.36107639 -62.51742291 -56.71476332 -58.88002366 -34.76853925 -33.06518311 -69.73359161
-8.32187538 -23.82669808 -17.79543158 -8.57586172 -68.40973497 -72.57870586 -77.53184430 -83.40803169 -88.33936234 -71.07703643 -62.15558175 -56.43529400 -58.55769069 -34.72217545 -33.03982384 -69.35413755
-8.27275302 -23.29621162 -17.22074267 -8.33486934 -65.48060566 -70.75415234 -75.77958026 -79.96031389 -85.48609939 -68.88607383 -60.11014793 -54.04723639 -56.10395363 -33.98861423 -32.38810798 -66.22987931
-8.27772314 -23.05274122 -16.92554859 -8.32666005 -63.42602530 -69.79911748 -75.12397117 -77.91594392 -83.78520052 -67.52284407 -57.14300083 -52.56051992 -54.66154020 -33.60572118 -32.19960978 -64.27223522
-8.29644600 -22.99311181 -16.83732029 -8.24405662 -63.09191177 -69.58694552 -74.90850146 -77.53754984 -83.45652529 -67.18163668 -57.12030269 -52.31003991 -54.39974429 -33.51654873 -32.09563824 -63.91719695
-8.37060006 -22.48507181 -16.27890084 -8.02613588 -60.24242116 -68.03128978 -73.35220729 -74.56531747 -81.03827663 -65.19870344 -55.74464389 -50.26227588 -52.38638823 -32.82586465 -31.44376414 -61.23682010
-8.40164926 -22.35555152 -16.11913586 -7.97472275 -59.52604292 -67.58576817 -72.93557235 -73.77639895 -80.37763581 -64.59087558 -55.45496946 -49.71730769 -51.84548234 -32.64635715 -31.26368195 -60.51701401
-8.42529105 -22.25961194 -15.99578957 -7.95028014 -58.94667077 -67.21519047 -72.62473785 -73.12577285 -79.83363289 -64.09057085 -55.13866094 -49.26983512 -51.40237731 -32.50240110 -31.10277511 -59.93443218
-8.44885708 -22.15872692 -15.86799148 -7.94956232 -58.32165239 -66.81281974 -72.29044202 -72.35879009 -79.25227055 -63.58292629 -54.80078451 -48.78902268 -50.92483333 -32.32510422 -30.96031564 -59.32315701
-8.48871023 -21.75415586 -15.38167805 -7.91191427 -55.43155886 -65.55456973 -70.81522184 -69.08702074 -76.83365145 -60.03450211 -53.27721900 -46.66308065 -48.90794927 -31.82750707 -30.40678256 -56.50280138
-8.50271512 -21.68465080 -15.29739112 -7.95249197 -55.00122828 -65.21362957 -70.54665708 -68.38438352 -76.42917103 -59.90968427 -53.05780265 -46.36140776 -48.57560891 -31.69207227 -30.30261863 -56.11330147
-8.35189737 -20.62275036 -14.19169923 -7.60847108 -49.87313742 -61.91362355 -67.33114831 -62.46621647 -71.10904063 -56.75898145 -49.70305536 -42.11282069 -44.31289528 -30.08597391 -28.86941417 -50.64711471
-8.34904976 -20.46533815 -14.00839775 -7.54885839 -49.13978527 -61.25028525 -66.84712632 -61.68191896 -70.38410623 -56.41872211 -49.18882473 -41.58739946 -43.72238329 -29.82756118 -28.67092643 -49.88936885
-8.38610627 -20.59749614 -14.13605876 -7.58480475 -49.91360309 -61.58017087 -67.25607293 -62.49040999 -71.01924516 -56.94463508 -49.62183515 -42.18883315 -44.26612149 -30.01477460 -28.87653606 -50.61976628
-8.41035606 -20.67030901 -14.20720300 -7.67946962 -50.20857580 -61.69502927 -67.40612315 -62.58982776 -71.28321973 -57.15684431 -49.82969037 -42.43288097 -44.49064105 -30.09570213 -28.96316499 -50.96911577
-8.42678798 -20.69974173 -14.22947657 -7.75814445 -50.24151576 -61.68028697 -67.41009317 -62.45301422 -71.34028743 -57.21597259 -49.89127762 -42.47974511 -44.53728422 -30.10989745 -28.97683362 -51.05552514
-8.43951727 -20.67955060 -14.15540368 -7.82324395 -49.64399063 -60.99035493 -67.04383209 -61.58135294 -70.86589401 -56.97497011 -49.62976460 -42.08227561 -44.14084460 -29.96918750 -28.85765565 -50.53330333
-8.44354495 -20.63832652 -13.95408820 -7.79028005 -48.18746484 -58.82425197 -66.15895557 -60.17370778 -69.66463971 -56.41831952 -48.90302722 -41.00267159 -43.15087988 -29.61272658 -28.55140476 -49.11325770
-8.45063738 -20.60847524 -13.94212094 -7.78965958 -48.23482556 -58.96798230 -66.08764224 -60.35782150 -69.70839477 -56.40793724 -48.89816041 -41.00751614 -43.18008038 -29.61035853 -28.54193156 -49.16697563
-8.45844924 -20.55439298 -13.91878967 -7.78050302 -48.20942412 -59.07318660 -65.93095396 -60.48068884 -69.69107006 -56.35220797 -48.85479368 -40.95737851 -43.15758055 -29.58939218 -28.51537316 -49.14816148
