0.00000000 0.00000000 0.00000000 0.00000000 0.00000000 0.00000000 0.00000000 0.00000000 0.00000000 0.00000000 0.00000000 0.00000000 0.00000000 0.00000000 0.00000000 0.00000000
5.87178691 -15.00473237 -17.20927655 -22.89609474 2.26545306 -3.53978136 -4.86381275 -10.92452578 2.60769553 -3.57149559 -4.74598595 -9.89915605 5.85578068 -14.60660826 -17.76422709 -23.12434758
3.15804994 -25.55843422 -26.98228137 -31.44298339 -0.23839674 -10.33561036 -11.56963277 -13.61073526 -0.02227865 -10.19317368 -11.13031054 -12.36006523 3.22132385 -25.43574695 -27.43057568 -31.50990054
1.86105724 -34.69694942 -36.42467007 -39.67812528 -2.75138218 -17.17838291 -18.32710776 -16.32150702 -2.66039566 -16.86378589 -17.55378335 -14.83702373 1.81669188 -34.59957343 -36.77471293 -39.58701985
0.58065189 -43.56452917 -45.55837981 -47.62134672 -4.84933833 -23.78698237 -24.99908938 -19.00855848 -5.25034087 -23.43859695 -23.88364193 -17.29606839 0.42474061 -43.48222239 -45.79359707 -47.35956291
-0.68901740 -52.18084345 -54.41514846 -55.28421100 -7.00684847 -30.31825031 -31.56309643 -21.64414068 -7.52125824 -29.80346524 -30.12227004 -19.73396604 -0.95204450 -52.12304294 -54.54556179 -54.87225866
-1.95262407 -60.59297931 -63.04103323 -62.70155709 -9.14220657 -36.76375176 -38.06984756 -24.15951435 -9.75934481 -36.11984882 -36.31729443 -22.10572372 -2.30827302 -60.56050944 -63.07071985 -62.15388675
-3.18827431 -68.93544546 -71.58603822 -69.98094027 -11.26746257 -42.50145991 -44.24083707 -26.59127620 -11.96757395 -41.75954929 -42.30556613 -24.43014834 -3.59649138 -68.92147101 -71.51068601 -69.30558925
-4.30015307 -77.14390638 -80.00494474 -77.11297856 -13.29816598 -47.87510438 -50.10121923 -28.96362527 -14.05822926 -47.06330675 -48.10333853 -26.68248647 -4.39253762 -77.09356697 -79.87500084 -76.35812692
-4.93044222 -85.01870362 -88.16546280 -84.05463376 -15.13867065 -53.13214626 -55.72680769 -31.22312770 -15.96140315 -52.31291303 -53.53543294 -28.86597392 -4.99434638 -84.96015664 -87.96872346 -83.20080355
-5.42916594 -92.71910702 -96.13470498 -90.88649526 -16.87686344 -58.20979071 -60.69512199 -33.31216976 -17.75199832 -57.26413751 -58.54137301 -30.88889991 -5.45436434 -92.65797122 -95.87815116 -89.93496636
-5.88442110 -99.96314263 -103.73545015 -97.50177751 -18.48007525 -63.05476088 -65.59085358 -35.38798728 -19.42405936 -62.13242163 -63.21961110 -32.82940319 -5.87217306 -99.88966023 -103.40608365 -96.46040550
-6.26531859 -106.90621956 -110.99384537 -103.89106122 -19.97635264 -67.59575751 -70.23569747 -37.35904160 -20.98704760 -66.57272958 -67.94212126 -34.77680499 -6.22721168 -106.81390164 -110.62211122 -102.75113952
-6.60434505 -113.58151580 -117.96439634 -110.01048597 -21.37680668 -72.15580308 -74.69969563 -39.26959608 -22.44740602 -70.99626690 -72.29618526 -36.64147128 -6.54154992 -113.48106800 -117.51351273 -108.79009531
-6.90582622 -119.94789054 -124.43087221 -115.81226898 -22.69785892 -76.53447136 -79.16206954 -41.16483196 -23.83704191 -75.41691216 -76.56516736 -38.40772546 -6.83909460 -119.83795040 -123.95634956 -114.52331992
-7.19983432 -126.03534726 -130.58634499 -121.35410609 -23.99348968 -80.66112026 -83.47806884 -43.04008006 -25.20179770 -79.49082669 -80.83728922 -40.16244804 -7.12374515 -125.92101849 -130.08173221 -120.00436867
-7.47906361 -131.83709788 -136.45802016 -126.60694660 -25.24188970 -84.76095886 -87.49381279 -44.81751272 -26.51193620 -83.49464807 -84.97528355 -41.88176762 -7.39504093 -131.72356898 -135.91109375 -125.19320851
-7.74124490 -137.32879611 -141.97453526 -131.54765280 -26.41885216 -88.83048050 -91.42160164 -46.50914782 -27.74759493 -87.46733668 -88.81256675 -43.56643156 -7.66138359 -137.21877512 -141.42595529 -130.09045578
-8.00879650 -142.48219550 -147.13640926 -136.18424022 -27.55857874 -92.83930304 -95.30908060 -48.16967316 -28.94669897 -91.40467298 -92.54743157 -45.18309629 -7.92613419 -142.38025755 -146.59081677 -134.70065388
-8.26399286 -147.33566860 -151.97587928 -140.52163478 -28.66714070 -96.76329242 -99.13488849 -49.80228982 -30.11374090 -95.24965670 -96.21569570 -46.72253508 -8.18243727 -147.22423340 -151.40378898 -138.99995817
-8.50846721 -151.92576116 -156.54302623 -144.59137193 -29.77192426 -100.52251588 -102.88541275 -51.40207223 -31.26152235 -99.02671367 -99.81487530 -48.20936827 -8.42856088 -151.77505569 -155.87326998 -142.98069209
-8.74720668 -156.23461445 -160.83179098 -148.37278797 -30.84909443 -104.10616653 -106.54456267 -52.96244323 -32.38300200 -102.58572907 -103.34449558 -49.65559966 -8.65938687 -156.04151293 -160.06161162 -146.66154935
-8.98248441 -160.27400723 -164.82139283 -151.87469714 -31.93117055 -107.59805917 -110.03830847 -54.48832654 -33.48595146 -106.02339553 -106.79546492 -51.07247645 -8.90103494 -160.03823534 -163.97314700 -150.05807895
-9.22051689 -164.03822298 -168.50081486 -155.07834393 -32.96020240 -111.03959547 -113.35398192 -55.97097753 -34.54426365 -109.37472921 -110.15881515 -52.44661330 -9.14034367 -163.76013214 -167.57741510 -153.16726216
-9.46322410 -167.52392648 -171.87576083 -157.99646879 -33.97290816 -114.41167177 -116.57738012 -57.40207818 -35.57124445 -112.66712815 -113.36913242 -53.77776700 -9.39077727 -167.20356422 -170.88898007 -156.00114784
-9.71556183 -170.72526069 -174.94603053 -160.62088364 -34.90636383 -117.68769020 -119.70265982 -58.77400758 -36.54455990 -115.88101594 -116.41481106 -55.06062816 -9.65090097 -170.36835533 -173.90295872 -158.54918450
-9.97635769 -173.64589963 -177.71157947 -162.97308373 -35.84639126 -120.84235108 -122.75747099 -60.08662844 -37.48642711 -118.98837031 -119.35060745 -56.30355327 -9.92541879 -173.25439869 -176.63485453 -160.83170784
-10.24203070 -176.29139076 -180.18618724 -165.04833590 -36.72857673 -123.86427955 -125.69034970 -61.33726188 -38.38784852 -121.96026502 -122.16458839 -57.49297706 -10.20261111 -175.86117932 -179.06425031 -162.84440318
-10.50575599 -178.64862040 -182.35474792 -166.83548303 -37.54145382 -126.69171065 -128.42957455 -62.51354605 -39.21764998 -124.73967178 -124.79677020 -58.60861424 -10.47359704 -178.18914789 -181.16936098 -164.57263872
-10.71930810 -180.63329481 -184.12593624 -168.24599048 -38.18581466 -129.05952969 -130.70979888 -63.50844277 -39.87256673 -127.05751945 -127.00001502 -59.55307833 -10.70507746 -180.14467848 -182.88252523 -165.92984763
-10.91528239 -182.20586008 -185.49562532 -169.31643453 -38.67256352 -130.99261567 -132.55615229 -64.33085651 -40.37816239 -128.95589093 -128.80160344 -60.32952344 -10.92509778 -181.70211154 -184.21102812 -166.95464702
-11.04734158 -183.25517013 -186.38643162 -169.97851205 -39.10079492 -132.34616947 -133.79887940 -64.90053254 -40.51162931 -130.17489956 -130.02753099 -60.88963202 -11.07928240 -182.74689847 -185.08805915 -167.59358415
-11.15581647 -183.76552934 -186.80984955 -170.28292105 -38.94444938 -132.86001763 -134.37767071 -65.19177679 -40.34741588 -130.68488747 -130.59827283 -61.18890785 -11.20608170 -183.24832401 -185.49998697 -167.88634663
-11.25849615 -184.21729239 -187.18143599 -170.54401409 -38.78562163 -133.32268759 -134.90090195 -65.47623248 -40.17943986 -131.14823725 -131.11181629 -61.46591781 -11.32559076 -183.69165449 -185.85948243 -168.13594819
-11.35102695 -184.59554912 -187.48600426 -170.75335624 -38.62273884 -133.71240112 -135.33126680 -65.72987926 -40.00632413 -131.54436543 -131.53348697 -61.70751666 -11.43453078 -184.06168034 -186.15470545 -168.33491515
-11.43197708 -184.88461326 -187.71108268 -170.90292674 -38.45796868 -133.98738361 -135.64423055 -65.93109376 -39.83366959 -131.81951701 -131.84531816 -61.89925399 -11.53138610 -184.34256595 -186.37376880 -168.47737331
-11.50642943 -185.12084878 -187.88826243 -171.01563597 -38.29007255 -134.19394709 -135.89223412 -66.10374575 -39.65839762 -132.02854193 -132.09015058 -62.05940439 -11.62108339 -184.57117694 -186.54541797 -168.58676144
-11.56424680 -185.23866259 -187.96307905 -171.05842875 -38.11152861 -134.22730000 -135.95482648 -66.20102520 -39.47497979 -132.06708980 -132.15675747 -62.14144016 -11.69123808 -184.68409378 -186.61972088 -168.63060798
-11.59652936 -184.81960664 -187.47864473 -170.60169777 -37.92796422 -133.85061787 -135.56247954 -66.11678576 -39.28345493 -131.69737611 -131.77455913 -62.04551444 -11.72997748 -184.26454794 -186.13462332 -168.18095991
-11.63690391 -183.83951245 -186.42315508 -169.60124259 -37.75863018 -133.24015728 -134.95053914 -65.93583572 -39.10958332 -131.09634047 -131.17310298 -61.85365296 -11.76837580 -183.28635226 -185.08306610 -167.19423206
-11.67355491 -182.34345191 -184.83279756 -168.09290021 -37.54575444 -132.35286274 -134.04451448 -65.64482096 -38.88876427 -130.21915105 -130.28245159 -61.55179720 -11.80071228 -181.79355110 -183.50159165 -165.70404120
-11.70303765 -179.41469978 -181.76626362 -165.18091036 -37.12386832 -130.63716398 -132.32795297 -65.03575301 -38.44732141 -128.51951232 -128.60492698 -60.94407207 -11.82729267 -178.86961797 -180.44847659 -162.81954565
-11.73002833 -175.53932267 -177.72533413 -161.33523150 -36.52875328 -128.40875168 -130.13043747 -64.16166725 -37.83579969 -126.30376150 -126.46524097 -60.06206208 -11.85067907 -174.99683498 -176.42171856 -159.00032943
-11.74991401 -170.54875693 -172.54972166 -156.40461992 -35.68475604 -125.58729600 -127.32669626 -63.04305491 -36.96072246 -123.49568092 -123.74022270 -58.92837007 -11.86332842 -170.02092834 -171.27136659 -154.09978846
-11.74322739 -164.29122567 -166.07499628 -150.20113092 -34.62150464 -122.04349679 -123.83669108 -61.65821200 -35.86011241 -119.98082967 -120.34276236 -57.52618194 -11.88582054 -163.78945892 -164.84908813 -147.94760781
-11.76916167 -155.94617892 -157.47351501 -141.96032705 -33.19730520 -117.32050115 -119.24132049 -59.77860775 -34.38338863 -115.31808754 -115.85021715 -55.66060445 -11.93186179 -155.48711102 -156.27996062 -139.78822678
-11.75634903 -145.52739598 -146.75034776 -131.78689905 -31.41245979 -111.51521891 -113.52436972 -57.37745821 -32.53280286 -109.60499838 -110.17437331 -53.33995003 -11.94588066 -145.11484847 -145.58443723 -129.70095606
-11.71962235 -133.52007270 -134.45142388 -120.24377734 -29.34052629 -104.83793524 -106.88425509 -54.60778762 -30.39395719 -102.97897367 -103.33358722 -50.67640993 -11.92289919 -133.08825667 -133.26665187 -118.15556819
-11.63760851 -122.80264201 -123.47952520 -110.09655548 -27.45167355 -98.85184139 -100.67658926 -52.11392471 -28.52599083 -97.03227047 -97.22019972 -48.30669129 -11.88947907 -122.37721376 -122.33522908 -107.94447044
-11.61353115 -121.26069061 -121.91634587 -108.66792039 -27.16157115 -97.98669686 -99.77473715 -51.76680806 -28.27817987 -96.14043218 -96.32823421 -47.96149287 -11.94404954 -120.84726927 -120.73324294 -106.46415313
-11.62177172 -121.24521211 -121.89629375 -108.64365095 -27.15467120 -97.97182077 -99.76205393 -51.76718393 -28.26999786 -96.12917435 -96.31196306 -47.95892829 -11.94991453 -120.82918349 -120.71042574 -106.44226550
-11.62970016 -121.19088951 -121.83715930 -108.58343805 -27.14103199 -97.93609016 -99.72742058 -51.75890940 -28.25582184 -96.09526910 -96.27387181 -47.94765388 -11.95515124 -120.77217625 -120.64819659 -106.38482892
-11.63722481 -121.09702554 -121.73462067 -108.48707924 -27.12148902 -97.87969322 -99.67027400 -51.74196310 -28.23506022 -96.03883890 -96.21398033 -47.92772484 -11.95994298 -120.67581870 -120.54419162 -106.29110009
-11.64414976 -120.95813977 -121.58635271 -108.34909515 -27.09478364 -97.80019724 -99.58763734 -51.71485229 -28.20693289 -95.95746179 -96.12936409 -47.89790621 -11.96409461 -120.53573366 -120.39110247 -106.15697646
-11.65082581 -120.79605458 -121.41304052 -108.18968573 -27.06429644 -97.70827758 -99.49158735 -51.68247683 -28.17478242 -95.86302683 -96.03218303 -47.86306366 -11.96798254 -120.37238163 -120.21441293 -106.00112921
-11.65710084 -120.60416900 -121.20575314 -108.00351185 -27.02865326 -97.60076866 -99.37801647 -51.64329963 -28.13800223 -95.75199181 -95.91928221 -47.82159391 -11.97121192 -120.17890530 -120.00702905 -105.81653237
-11.66325687 -120.39136349 -120.97838531 -107.79862451 -26.98928766 -97.48286281 -99.25322395 -51.59954701 -28.09812125 -95.62935856 -95.79581667 -47.77569579 -11.97393988 -119.96548510 -119.77920946 -105.61286487
-11.66980248 -120.15775549 -120.73181586 -107.57517231 -26.94666217 -97.35452336 -99.11749783 -51.55134751 -28.05471334 -95.49533263 -95.66187328 -47.72523606 -11.97627980 -119.73271627 -119.53106019 -105.39054591
-11.67578989 -119.90040955 -120.46160045 -107.32888393 -26.89961555 -97.21221940 -98.96816029 -51.49770630 -28.00762203 -95.34804765 -95.51488967 -47.66950959 -11.97831527 -119.47492740 -119.25929371 -105.14552451
-11.68107262 -119.62754740 -120.17632173 -107.06830130 -26.84959868 -97.06135725 -98.80975834 -51.44065229 -27.95823543 -95.19238860 -95.35962972 -47.61014738 -11.98009103 -119.20122167 -118.97267769 -104.88606130
-11.68601469 -119.32827720 -119.86827575 -106.78508000 -26.79583501 -96.89471892 -98.63782438 -51.37833416 -27.90492634 -95.02314927 -95.19149505 -47.54487045 -11.98103811 -118.90406171 -118.66249237 -104.60374239
-11.69060888 -119.01904159 -119.55027502 -106.49247742 -26.74036114 -96.72129179 -98.46058310 -51.31384020 -27.85001463 -94.84855996 -95.01824071 -47.47720130 -11.98155320 -118.59640856 -118.34276177 -104.31218545
-11.69479035 -118.69304366 -119.21549655 -106.18408322 -26.68205889 -96.53776710 -98.27533695 -51.24600295 -27.79296316 -94.66593538 -94.83493466 -47.40618359 -11.98147144 -118.27161009 -118.00936806 -104.00649178
-11.69909756 -118.35442626 -118.86809656 -105.86380456 -26.62250403 -96.34197787 -98.08377455 -51.17536657 -27.73332477 -94.47753514 -94.64351178 -47.33234174 -11.98094777 -117.93413171 -117.66328543 -103.68887085
-11.70321278 -118.00945805 -118.51434929 -105.53737163 -26.56196982 -96.13963325 -97.88991207 -51.10340194 -27.67254148 -94.28708297 -94.44634059 -47.25728768 -11.98008817 -117.59030954 -117.31106118 -103.36555005
-11.70693636 -117.64003845 -118.13595629 -105.18754252 -26.49860470 -95.91423454 -97.68613367 -51.02603376 -27.60776043 -94.08730353 -94.23103840 -47.17646932 -11.97840497 -117.22144422 -116.93407819 -103.01934240
-11.71042752 -117.26905558 -117.75551916 -104.83528060 -26.43561991 -95.68446144 -97.48330462 -50.94823766 -27.54272463 -93.88697108 -94.01455427 -47.09518636 -11.97656787 -116.85076449 -116.55511459 -102.67109251
-11.71278352 -116.87837480 -117.35453936 -104.46397357 -26.36903553 -95.44683978 -97.27069454 -50.86648804 -27.47396585 -93.67605822 -93.77847025 -47.01048920 -11.97386910 -116.46038435 -116.15679511 -102.30461357
-11.71480613 -116.48807273 -116.95404830 -104.09300446 -26.30228757 -95.21027394 -97.05918982 -50.78509557 -27.40529160 -93.46602443 -93.53795900 -46.92643163 -11.97091051 -116.07064774 -115.75936085 -101.93877765
-11.71621528 -116.08131788 -116.53551329 -103.70609907 -26.23317003 -94.96676323 -96.84063412 -50.70044368 -27.33442274 -93.24549653 -93.28008087 -46.83903228 -11.96759592 -115.66523922 -115.34613019 -101.55785462
-11.71729165 -115.67339565 -116.11503914 -103.31801637 -26.16353638 -94.72326608 -96.61789919 -50.61484043 -27.26383946 -93.01851495 -93.03399475 -46.74981380 -11.96392854 -115.25946137 -114.93011027 -101.17385315
-11.71719306 -115.25013996 -115.67951944 -102.91591439 -26.09113688 -94.47544689 -96.38689920 -50.52556100 -27.19410293 -92.77096796 -92.78400379 -46.65692136 -11.96038393 -114.84069000 -114.49961540 -100.77598181
-11.71651154 -114.81784106 -115.23307284 -102.50380834 -26.01740149 -94.22212726 -96.14967143 -50.43394593 -27.12311736 -92.51383712 -92.53027363 -46.56143170 -11.95640975 -114.41199559 -114.05889563 -100.36886671
-11.67729116 -112.70876101 -113.09408628 -100.52102483 -25.69054532 -92.90023940 -94.96607234 -49.96249040 -26.77780534 -91.31931539 -91.24883941 -46.07955393 -11.91275747 -112.30623133 -111.93786692 -98.40454045
-11.65047739 -111.41586014 -111.77861568 -99.30936039 -25.47460013 -92.16454629 -94.24049117 -49.67724160 -26.61083768 -90.45138557 -90.52474872 -45.78273123 -11.89248583 -111.02922225 -110.64195281 -97.20028840
-11.65118454 -111.10238775 -111.44596915 -99.00654164 -25.41938017 -91.98123136 -94.06094860 -49.61303010 -26.55930236 -90.26308049 -90.34544749 -45.71324335 -11.88987865 -110.71589104 -110.31662640 -96.90199529
-11.63690755 -109.87315674 -110.19230417 -97.84966183 -25.23104818 -91.33176340 -93.37134813 -49.36925080 -26.37903455 -89.69035436 -89.13786721 -45.50610161 -11.87696242 -109.49795001 -109.07249285 -95.76249281
-11.60565113 -107.56711865 -107.87412576 -95.69858564 -24.96659612 -89.52108435 -92.02138611 -48.86553574 -26.03216571 -88.33915156 -87.97177496 -44.98662281 -11.83497533 -107.19954418 -106.75767258 -93.61939268
-11.59945494 -106.59280920 -106.88061925 -94.78032422 -24.83446051 -89.00122281 -91.54510971 -48.67126781 -26.01414184 -87.14305297 -87.59178110 -44.76695513 -11.83887294 -106.22754939 -105.78609472 -92.71310079
-11.57923918 -105.69338810 -105.86098638 -93.84654670 -24.68663533 -88.48145873 -90.96991444 -48.46708114 -25.83384092 -86.62227307 -87.08366855 -44.54999284 -11.81023678 -105.29240185 -104.83855543 -91.84628527
-11.57921304 -105.42570351 -105.58718536 -93.59171335 -24.63360741 -88.35664930 -90.75383276 -48.41976014 -25.78815413 -86.49286913 -86.93958583 -44.48946274 -11.80690399 -105.02815512 -104.55230263 -91.59122210
-11.53797637 -103.26798602 -103.40815933 -91.60032844 -24.29520378 -87.33976300 -88.65132129 -48.04915164 -25.48223356 -85.36885883 -85.80798788 -44.01919340 -11.76375077 -102.91501124 -102.31507751 -89.52511509
-11.54050818 -103.26030566 -103.38572458 -91.58364737 -24.28156325 -87.30082463 -88.77762417 -48.03665969 -25.46989357 -85.36460930 -85.79867321 -44.01210248 -11.76379794 -102.90759439 -102.29492081 -89.50891072
-11.52451317 -102.39548161 -102.04409740 -90.70744783 -24.15937913 -86.79322352 -88.26275419 -47.83982640 -25.30549314 -84.85165270 -85.29840428 -43.80144475 -11.74045775 -101.94829148 -101.32378406 -88.61886237
-11.52509315 -102.20215968 -101.86822167 -90.51806620 -24.11943065 -86.67702012 -88.17262602 -47.80067034 -25.27514692 -84.74039315 -85.19208755 -43.75636782 -11.73782889 -101.76201494 -101.11691700 -88.43701494
-11.50321967 -101.36016534 -101.02453224 -89.73383176 -24.04476051 -86.19757865 -87.70587787 -47.61221623 -24.99851146 -84.26623214 -84.72437622 -43.56140508 -11.73947741 -100.93807141 -100.26410802 -87.66268616
-11.48127528 -100.42909018 -100.09195435 -88.87074010 -23.89504845 -85.68594399 -87.22731379 -47.41913748 -24.90070347 -83.78237278 -84.21662321 -43.36195479 -11.72448481 -100.11576988 -98.95491349 -86.82311609
-11.47495404 -98.30102804 -97.93587964 -86.88096031 -23.39010339 -84.44525877 -86.05067843 -46.93814351 -24.71141463 -82.55983963 -83.05349178 -42.85857688 -11.92638806 -97.57076331 -96.78181875 -84.84657760
-11.55991148 -97.45959871 -97.05343347 -86.13393466 -23.28020332 -83.97681211 -85.59125973 -46.74367208 -24.55332483 -82.09662721 -82.60148211 -42.67152273 -11.90886501 -96.77996112 -95.96248922 -84.11110127
-11.56758139 -97.35848809 -96.93530494 -86.02949428 -23.25455288 -83.91378673 -85.53209793 -46.72167999 -24.53168443 -82.04046651 -82.53923378 -42.64619486 -11.92017110 -96.69621506 -95.83381121 -84.01683653
-11.57714832 -97.20243742 -96.76682602 -85.87974081 -23.22310477 -83.82422070 -85.43890776 -46.68904758 -24.50224868 -81.95744321 -82.44899914 -42.60984668 -11.93140210 -96.55923853 -95.65518493 -83.87737298
-11.58423438 -96.93320662 -96.48024526 -85.62144337 -23.17603798 -83.66974931 -85.28415269 -46.63142130 -24.45125814 -81.81139029 -82.28320678 -42.54584385 -11.93842877 -96.29475729 -95.36381804 -83.63050824
-11.59121661 -96.67362634 -96.20617901 -85.37812563 -23.12784680 -83.52305317 -85.13463486 -46.57456851 -24.40836424 -81.66721225 -82.13732142 -42.48557662 -11.94414858 -96.03452961 -95.09104924 -83.38903585
-11.74063522 -95.15952653 -95.05817007 -84.32343637 -23.00006126 -82.85082588 -84.53210109 -46.31191010 -24.22211283 -81.05328429 -81.53855112 -42.23416200 -11.92507834 -94.88979052 -93.93310239 -82.33461644
-11.74185396 -94.93261669 -94.78329851 -84.08666003 -22.94959173 -82.70758077 -84.38217576 -46.25417510 -24.18139181 -80.91192156 -81.39659494 -42.17545673 -11.93169378 -94.63693328 -93.66729868 -82.10149377
-11.74580989 -94.63113020 -94.43778892 -83.78962162 -22.89251351 -82.52650157 -84.19462936 -46.18071489 -24.13130091 -80.72213735 -81.21614799 -42.10016118 -11.93755887 -94.31654646 -93.31568047 -81.80256292
-11.75049377 -94.26703955 -94.03242880 -83.43823318 -22.83228541 -82.29561447 -83.97433712 -46.09424452 -24.06546628 -80.52995041 -80.96826163 -42.01525790 -11.94268705 -93.93340032 -92.91991775 -81.45483491
-11.75692746 -93.76365942 -93.47999429 -82.96197692 -22.76418063 -81.91520570 -83.72224002 -45.97639101 -23.99308294 -80.28071335 -80.62111974 -41.90635795 -11.94548409 -93.41600799 -92.38675430 -80.98443070
-11.75998237 -93.42806258 -93.12612265 -82.64927990 -22.70091066 -81.73043874 -83.52895747 -45.89891660 -23.94030961 -80.09761636 -80.42660206 -41.82679299 -11.95843670 -93.07587744 -92.02209075 -80.67410258
-11.76458107 -93.08154405 -92.76077852 -82.32725498 -22.65256397 -81.54002597 -83.33511524 -45.82004042 -23.88239540 -79.86995581 -80.23336321 -41.74571135 -11.96313085 -92.72487425 -91.65692543 -80.35278794
-11.76486490 -92.62063832 -92.28241812 -81.90287251 -22.57390774 -81.29756112 -83.05314837 -45.71577779 -23.82382954 -79.60367564 -79.97593336 -41.64226273 -11.97385849 -92.25235357 -91.15945293 -79.93224564
-11.81373510 -91.70862508 -91.29751819 -81.02192819 -21.91686770 -80.92747720 -82.55012572 -45.50046481 -23.73634282 -79.08405130 -79.47480193 -41.43470421 -11.97214759 -91.29984311 -90.18733873 -79.05306523
-11.82634676 -91.38038887 -90.94763335 -80.71278475 -21.87271158 -80.72769909 -82.36089219 -45.42243997 -23.69389539 -78.89250132 -79.27848937 -41.35614741 -11.98904702 -90.94463997 -89.83544446 -78.74810816
-11.84009310 -91.12293171 -90.66778743 -80.46848935 -21.83972011 -80.56459402 -82.20909105 -45.36036927 -23.66433100 -78.74431776 -79.12182857 -41.29430305 -11.99068953 -90.68481298 -89.55881440 -78.50630789
-11.85213174 -90.78778864 -90.31056860 -80.15452236 -21.79980419 -80.37094061 -81.96465600 -45.28590774 -23.62033296 -78.55841171 -78.92587087 -41.21531560 -11.99083929 -90.34800602 -89.20403905 -78.19391669
-11.86629661 -89.97432167 -89.46619416 -79.39235123 -21.71663768 -79.96642280 -81.54320908 -45.10143670 -22.95824865 -78.27814801 -78.47868674 -41.04043974 -12.00290565 -89.56192937 -88.37158531 -77.44620250
-11.88799211 -89.63107404 -89.13524145 -79.10106831 -21.67978481 -79.77664368 -81.36383825 -45.02597544 -22.92341141 -78.09569816 -78.28696752 -40.96586054 -12.00960632 -89.24895278 -88.03819721 -77.15243074
-11.88641025 -89.37614456 -88.86764490 -78.85967186 -21.63485965 -79.62148400 -81.21395819 -44.96407121 -22.90346459 -77.94588292 -78.12787117 -40.90414911 -12.01820899 -88.99516288 -87.76338550 -76.91180092
-11.84926156 -88.32672862 -87.85648800 -77.94295762 -21.50482775 -79.03059844 -80.65590701 -44.75774832 -22.76121912 -77.37605109 -77.57428877 -40.53737543 -12.00076844 -87.98755238 -86.73446883 -76.00781614
-11.77433378 -86.57795574 -86.16478159 -76.34724240 -21.26385933 -78.04269043 -79.76502600 -44.22436878 -22.45262381 -76.42648786 -76.55303012 -40.15188078 -11.93153912 -86.25947596 -85.00258640 -74.45381937
-11.76594324 -86.36219227 -85.94444896 -76.15446903 -21.23997529 -77.91116523 -79.65001153 -44.16365391 -22.42090465 -76.30295887 -76.41682986 -40.09765810 -11.93707101 -86.04547352 -84.77168892 -74.25952920
-11.76207679 -86.16404293 -85.73726749 -75.97671989 -21.20396271 -77.78062267 -79.54474185 -44.09732090 -22.43649011 -76.17833673 -76.28350705 -40.04814601 -11.94183865 -85.84385405 -84.55422264 -74.07780489
-11.75303334 -85.92954924 -85.49608905 -75.76812659 -21.16786992 -77.62847155 -79.42181617 -44.02563712 -22.44157453 -76.03921987 -76.13033026 -39.98765241 -11.94164904 -85.60823316 -84.30567726 -73.86655757
-11.64577013 -82.97645418 -82.69210182 -72.80342916 -20.76343692 -76.08138533 -78.08969479 -42.87790829 -22.01878894 -74.54046244 -74.67320914 -38.90894536 -11.82631977 -82.65754737 -81.41919249 -71.19171455
-11.64011820 -82.71371269 -82.41827995 -72.58203280 -20.71092198 -75.92472981 -77.95584762 -42.79929992 -21.97696326 -74.40424033 -74.51930958 -38.80993356 -11.81623200 -82.39180768 -81.14853084 -70.96378459
-11.63701100 -82.58640399 -82.27646643 -72.49377439 -20.68810349 -75.84114394 -77.90470882 -42.74111042 -21.95252952 -74.34368952 -74.42612658 -38.77433155 -11.81278955 -82.26417942 -81.01387460 -70.85891400
-11.64178973 -82.62136116 -82.29324223 -72.55728356 -20.69058236 -75.84230152 -77.93930466 -42.72981605 -21.95191463 -74.36985196 -74.40492048 -38.80915321 -11.81627220 -82.29641953 -81.03718524 -70.89728627
-11.64347203 -82.59083648 -82.24544558 -72.56141673 -20.68494235 -75.80158076 -77.93098660 -42.71419401 -21.94243590 -74.36144215 -74.34343620 -38.81991087 -11.81673446 -82.26401470 -80.99698569 -70.87640274
-11.59764987 -81.72001528 -81.36926376 -71.81344905 -20.55005766 -75.33848621 -77.48402251 -42.50477867 -21.85341446 -73.94445578 -73.87914090 -38.61138171 -11.79478913 -81.41139372 -80.27699032 -69.82695177
-11.59010530 -81.58924250 -81.21798830 -71.71525423 -20.53008298 -75.23569243 -77.39035473 -42.52045879 -21.82808415 -73.86546447 -73.79223158 -38.56513884 -11.79027953 -81.28258395 -80.14210575 -69.73079917
-11.58448209 -81.54175372 -81.14719765 -71.67577327 -20.52097572 -75.17419950 -77.32859560 -42.57254254 -21.81127391 -73.82321313 -73.70825859 -38.62309488 -11.78774526 -81.23908052 -80.08302659 -69.71397832
-11.58796908 -81.47507990 -81.06560941 -71.61557667 -20.51421823 -75.10581344 -77.26311651 -42.60095439 -21.77134862 -73.76779098 -73.60697753 -38.68224508 -11.78365834 -81.17072168 -79.99973124 -69.68343548
-11.58557353 -81.20201201 -80.77274338 -71.36458426 -20.46639640 -74.93320891 -77.07603792 -42.57917823 -21.72175946 -73.59557109 -73.37339802 -38.67353160 -11.76815830 -80.89301812 -79.69972004 -69.46199607
-11.57821102 -80.70224904 -80.22821458 -70.89742730 -20.38725254 -74.64401682 -76.78536839 -42.45735259 -21.64524039 -73.29372212 -73.03512909 -38.56262939 -11.74610139 -80.38578586 -79.18294704 -69.03497707
-11.57556284 -80.32213659 -79.82791745 -70.54317623 -20.32781718 -74.41975943 -76.56491093 -42.36458596 -21.59062098 -73.03551314 -72.78561879 -38.47959475 -11.73245660 -80.00040070 -78.78441647 -68.72364217
-11.56865328 -79.78448192 -79.26844223 -70.04267844 -20.24661992 -74.08556742 -76.25311557 -42.23309113 -21.49916771 -72.70394161 -72.44515687 -38.35885869 -11.71637351 -79.44695107 -78.23824874 -68.25201671
-11.56622774 -79.37728758 -78.83919918 -69.66318717 -20.18644230 -73.83728198 -76.01637601 -42.13343905 -21.43070305 -72.46368809 -72.17476351 -38.26497139 -11.69910648 -79.03232093 -77.82232159 -67.87740794
-11.56855702 -78.89101274 -78.32233843 -69.21197426 -20.12740045 -73.51697324 -75.73232172 -42.01376253 -21.34339018 -72.17522851 -71.86690918 -38.15237440 -11.67689649 -78.53658829 -77.32628094 -67.42907944
-11.56194184 -78.34648908 -77.75485936 -68.70783425 -20.05471567 -73.18699139 -75.41324182 -41.88710218 -21.25755130 -71.82449814 -71.53592804 -37.99102951 -11.65306336 -77.98130969 -76.77342262 -66.92591256
-11.55421267 -77.72303255 -77.10841466 -68.13097093 -19.94263641 -72.82424755 -75.05469736 -41.73552857 -21.17333672 -71.41048924 -71.14484417 -37.84749195 -11.64723714 -77.33112882 -76.13083514 -66.34967880
-11.54252511 -76.80456920 -76.17314286 -67.28657454 -19.82738782 -72.10253192 -74.58747474 -41.52611735 -21.06449550 -70.92224799 -70.37557210 -37.67147375 -11.63316958 -76.41781292 -75.20014975 -65.51456077
-11.54061795 -76.39983205 -75.76721375 -66.93106642 -19.78491517 -71.87044087 -74.36306607 -41.43469515 -21.03209510 -70.67117759 -70.11232533 -37.58560197 -11.60735054 -76.02188476 -74.78986222 -65.15707863
-10.97638831 -74.12713687 -73.44559280 -64.81767114 -19.50449485 -70.66567078 -73.14423987 -40.88354397 -20.76470313 -69.14242447 -68.80089097 -37.06893215 -10.98838527 -73.80176006 -72.50337720 -63.06255726
-11.03759722 -73.68801663 -73.02948295 -64.44321501 -19.46874893 -70.38160792 -72.88155098 -40.78803682 -20.72055181 -68.83569358 -68.48011906 -36.98095011 -11.05775304 -73.36476126 -72.09708770 -62.68985183
-11.04635111 -72.94104072 -72.34020497 -63.81846757 -19.41143995 -69.93338541 -72.45312789 -40.62877149 -20.62756934 -68.35626666 -68.00334587 -36.82983568 -11.10529586 -72.65928858 -71.41594276 -62.06591358
-11.06471344 -72.47617306 -71.88134598 -63.40577730 -19.36837437 -69.62372176 -72.15100422 -40.53029682 -20.58341831 -68.00860825 -67.68708170 -36.73354889 -11.14495077 -72.18920830 -70.95757021 -61.65233144
-11.05516385 -71.90486511 -71.29608498 -62.88771871 -19.29938023 -69.23742734 -71.73346238 -40.39988583 -20.50961676 -67.56324434 -67.44977055 -36.59468423 -11.13954924 -71.61419648 -70.37649919 -61.13028806
-10.98818747 -70.35047254 -69.73303146 -61.48811642 -19.06283704 -68.31532151 -70.72249179 -40.03830359 -20.28327541 -66.61929256 -66.46689337 -36.22787307 -11.08065348 -70.06048900 -68.81229256 -59.73126582
-10.98898138 -70.10326559 -69.47145723 -61.26233850 -19.02533610 -68.17994893 -70.50191182 -39.98629975 -20.23563202 -66.47618497 -66.33348775 -36.16927834 -11.07843861 -69.81088670 -68.54978717 -59.50207025
-10.98180111 -69.63220695 -68.98452950 -60.83416745 -18.96039494 -67.93868475 -70.05752832 -39.88850314 -20.14075582 -66.20876873 -66.07217744 -36.05887582 -11.06748854 -69.33353189 -68.05879833 -59.06678294
-10.92382108 -68.29606436 -67.63989796 -59.63122223 -18.75168343 -67.19578615 -69.11756278 -39.57999339 -19.97701760 -65.31009139 -65.31636641 -35.73387933 -11.01200448 -67.99817883 -66.71455135 -57.86187862
-10.78421434 -65.76396127 -65.11227028 -57.37800015 -18.36560083 -65.81937610 -67.27058509 -38.97249438 -19.54939287 -63.85594079 -63.90699502 -35.11500992 -10.87045617 -65.46754504 -64.18742840 -55.60499349
-10.71705541 -63.90097340 -63.24456264 -55.69106760 -18.14804513 -64.86816898 -66.36799734 -38.57942390 -19.47393913 -62.14897078 -62.24603777 -34.76981250 -10.82042341 -63.60701788 -62.28839398 -53.93811936
-10.71342185 -63.85084643 -63.19002184 -55.64782996 -18.13295522 -64.84845869 -66.29745633 -38.57316900 -19.46146054 -62.14214465 -62.25144662 -34.75283740 -10.82257976 -63.55895624 -62.22895690 -53.89110194
-10.71469357 -63.74185869 -63.06898566 -55.54706090 -18.10869477 -64.79852306 -66.18062812 -38.55468754 -19.44551953 -62.08569300 -62.19482220 -34.72538812 -10.82164051 -63.44570303 -62.10374766 -53.78664111
-10.71329272 -63.59388785 -62.90979089 -55.41240312 -18.07942072 -64.73329382 -66.01609699 -38.52956130 -19.42572803 -62.00922599 -62.11882335 -34.68923264 -10.81751787 -63.29295109 -61.93974707 -53.64743000
