0.00000000
131.81415625
231.73533314
325.53080830
415.84732875
504.02579419
590.34493327
673.86002913
754.59619017
831.54574711
905.11451597
975.48476764
1042.66372125
1107.22607562
1169.04219929
1228.32136626
1284.98822475
1338.97492750
1390.66251504
1439.91975637
1487.13491298
1531.76745348
1574.08805236
1614.15467811
1651.91392533
1687.38967404
1720.50603581
1751.25198663
1779.03606668
1802.00013391
1811.67180111
1826.48805638
1834.42255698
1839.36739209
1843.56649097
1846.98580722
1849.55697377
1851.36523101
1849.55637550
1841.61679863
1830.66278402
1809.86116692
1778.16083470
1737.51441517
1687.58925253
1621.52968535
1535.25577435
1431.55776866
1319.21275328
1270.08166554
1270.04285728
1269.66227701
1268.84637269
1267.78101495
1266.35254441
1264.73648695
1262.94169259
1261.02401528
1259.03593653
1256.89307327
1254.63803404
1252.21151629
1249.65950139
1246.99049134
1244.25122867
1241.51505792
1238.59632410
1235.63977819
1232.55595076
1229.14084840
1225.51972116
1221.91910939
1218.32352879
1214.27636995
1194.99433777
1183.01766932
1179.65751891
1150.94855454
1149.72519224
1134.30654719
1132.73134509
1113.10000074
1112.19174767
1096.89269748
1096.18675934
1081.17512603
1080.09157333
1077.89911648
1064.63882323
1063.61146422
1048.25418502
1047.09313720
1045.11484446
1041.77154618
1039.49273326
1035.72315565
1032.36880677
1029.20871768
1025.91061732
1022.70032587
1018.84818813
1014.82766946
1010.81662193
1007.43082037
1004.76615178
1002.09973455
999.24243291
996.42264219
986.76728606
984.89495282
969.49289743
966.51059583
964.19362651
961.96819471
959.86898536
936.76170911
934.09856672
931.02110348
930.43407046
930.51504540
917.61471112
915.61993817
914.54010377
915.18091778
915.63877169
912.82433301
910.03144340
907.97525493
905.08832022
901.16654588
897.56196414
893.32011425
889.34514498
884.08028096
877.65815293
871.46315741
868.53287251
856.33454365
851.12131828
846.87247711
838.84332713
813.08711832
809.40883952
803.49092599
799.22335549
794.29613431
764.11705795
763.09842811
761.55552984
