0.00000000
100.42844251
175.12729344
246.78983754
316.90756778
385.69357720
452.80756469
518.27787603
581.69552224
643.33802833
702.85289535
760.30231939
815.59520183
868.97401936
920.58622974
970.33868264
1018.27784418
1064.54979408
1109.14914059
1152.10138340
1193.31727354
1232.74699531
1270.56412481
1306.60517518
1340.87981889
1373.24129643
1403.41890021
1431.90287817
1457.74226685
1480.43629676
1499.28092046
1513.10566307
1525.95316707
1538.09273410
1549.63833815
1560.57085910
1570.72291094
1580.05708064
1588.95077629
1595.58315661
1601.03214247
1604.66634688
1606.07796141
1605.80569127
1604.21745930
1598.71756307
1590.68788809
1580.37221093
1564.15285649
1542.81040669
1518.75155825
1503.29012010
1484.76165259
1461.12939996
1443.44293143
1422.15595732
1414.00609554
1413.88303706
1415.61958534
1416.36946728
1415.30478882
1412.15882038
1393.22040034
1396.34381000
1395.60081189
1394.30981330
1392.33127203
1381.05284766
1381.73569507
1380.16164981
1377.04816965
1374.30412620
1371.01813764
1368.04465871
1364.99161562
1361.02578723
1357.91207834
1354.73424385
1349.94243687
1346.67219723
1343.34595085
1339.97764469
1336.56923962
1332.70517004
1328.20716476
1316.82923430
1305.00747394
1292.77209737
1282.95820519
1280.36026544
1276.90858882
1265.26743113
1262.69748934
1247.80043755
1247.28340949
1245.22388331
1227.59536772
1226.91846642
1226.18792252
1225.27395167
1222.82773722
1220.12261982
1216.69616379
1210.37335653
1203.40217946
1182.35838918
1174.45207472
1174.11896353
1084.52020131
1080.35317509
1075.50201474
1071.67098798
1069.26747037
1066.85503479
1064.45362463
1057.02571966
1052.79984046
1044.30067374
1034.97161557
1030.37895583
990.21932174
989.11138717
985.46304857
983.23218867
963.74437502
965.46192986
964.38893731
963.17000773
962.13203063
960.51570462
956.27865896
954.77047523
950.33998925
932.95072941
928.27577006
922.41074709
914.98769161
909.66728592
898.65467626
897.77991171
880.12234345
881.04591656
878.22999090
878.25477987
873.19427134
872.80913552
871.28941128
869.69485645
860.26741954
859.29460996
859.10358078
859.65591188
859.99583434
860.06639686
859.50757858
855.50976606
850.65768817
844.86444840
839.57475399
832.83284508
829.23533538
826.12060235
787.82587833
