0.00000000
0.00100639
0.00200639
0.00300639
0.00400639
0.00500639
0.00600639
0.00700639
0.00800639
0.00900639
0.01000639
0.01100639
0.01200639
0.01300639
0.01400639
0.01500639
0.01600639
0.01700639
0.01800639
0.01900639
0.02000639
0.02100639
0.02200639
0.02300639
0.02400639
0.02500639
0.02600639
0.02700639
0.02800639
0.02900639
0.02950639
0.03050639
0.03150639
0.03250639
0.03350639
0.03450639
0.03550639
0.03650639
0.03750639
0.03850639
0.03950639
0.04050639
0.04150639
0.04250639
0.04350639
0.04450639
0.04550639
0.04650639
0.04750639
0.04850639
0.04950639
0.05050639
0.05150639
0.05250639
0.05350639
0.05450639
0.05550639
0.05650639
0.05750639
0.05850639
0.05950639
0.06050639
0.06150639
0.06250639
0.06350639
0.06450639
0.06550639
0.06650639
0.06750639
0.06850639
0.06950639
0.07050639
0.07150639
0.07250639
0.07350639
0.07450639
0.07550639
0.07650639
0.07750639
0.07850639
0.07950639
0.08050639
0.08150639
0.08250639
0.08350639
0.08450639
0.08550639
0.08650639
0.08750639
0.08850639
0.08950639
0.09050639
0.09150639
0.09250639
0.09350639
0.09450639
0.09550639
0.09650639
0.09750639
0.09850639
0.09950639
0.10050639
0.10150639
0.10250639
0.10350639
0.10450639
0.10550639
0.10650639
0.10750639
0.10850639
0.10950639
0.11050639
0.11150639
0.11250639
0.11350639
0.11450639
0.11550639
0.11650639
0.11750639
0.11850639
0.11950639
0.12050639
0.12150639
0.12250639
0.12350639
0.12450639
0.12550639
0.12650639
0.12750639
0.12850639
0.12950639
0.13050639
0.13150639
0.13250639
0.13350639
0.13450639
0.13550639
0.13650639
0.13750639
0.13850639
0.13950639
0.14050639
0.14150639
0.14250639
0.14350639
0.14450639
0.14550639
0.14650639
0.14750639
