0.00000000 0.00000000 0.00000000 0.00000000
0.00022915 0.00053742 0.00081404 0.00102451
0.00045650 0.00107455 0.00163698 0.00202451
0.00068920 0.00162016 0.00246484 0.00302451
0.00091992 0.00216312 0.00329317 0.00402451
0.00114945 0.00270537 0.00412219 0.00502451
0.00137833 0.00324758 0.00495224 0.00602451
0.00160639 0.00378822 0.00578260 0.00702451
0.00183613 0.00433157 0.00661559 0.00802451
0.00206795 0.00487617 0.00745055 0.00902451
0.00230276 0.00542393 0.00828855 0.01002451
0.00253987 0.00597427 0.00912949 0.01102451
0.00277884 0.00652697 0.00997361 0.01202451
0.00302021 0.00708145 0.01081993 0.01302451
0.00326164 0.00763614 0.01166822 0.01402451
0.00350433 0.00819218 0.01251927 0.01502451
0.00374808 0.00874916 0.01337298 0.01602451
0.00399109 0.00930660 0.01422937 0.01702451
0.00423313 0.00986347 0.01508848 0.01802451
0.00447475 0.01042037 0.01595018 0.01902451
0.00471443 0.01097673 0.01681506 0.02002451
0.00495260 0.01153235 0.01768343 0.02102451
0.00518879 0.01208682 0.01855436 0.02202451
0.00542262 0.01263925 0.01942904 0.02302451
0.00565212 0.01318866 0.02030686 0.02402451
0.00587675 0.01373577 0.02118819 0.02502451
0.00609629 0.01428266 0.02207446 0.02602451
0.00631108 0.01482473 0.02296481 0.02702451
0.00651479 0.01535203 0.02386089 0.02802451
0.00670891 0.01588456 0.02476603 0.02902451
0.00689012 0.01640753 0.02568141 0.03002451
0.00703349 0.01685329 0.02660524 0.03102451
0.00716612 0.01727700 0.02753101 0.03202451
0.00730186 0.01769985 0.02845857 0.03302451
0.00743401 0.01811214 0.02938699 0.03402451
0.00756295 0.01852013 0.03031690 0.03502451
0.00769159 0.01893067 0.03124925 0.03602451
0.00781606 0.01933990 0.03218417 0.03702451
0.00794042 0.01975102 0.03312054 0.03802451
0.00804707 0.02012348 0.03406331 0.03902451
0.00814134 0.02046534 0.03500932 0.04002451
0.00821558 0.02075914 0.03595940 0.04102451
0.00826604 0.02100088 0.03691618 0.04202451
0.00829861 0.02120780 0.03787939 0.04302451
0.00831647 0.02138263 0.03884781 0.04402451
0.00830136 0.02147549 0.03983515 0.04502451
0.00826894 0.02150715 0.04083037 0.04602451
0.00822170 0.02148997 0.04183280 0.04702451
0.00814001 0.02136406 0.04285123 0.04802451
0.00803143 0.02116486 0.04388401 0.04902451
0.00790881 0.02092679 0.04492481 0.05002451
0.00783128 0.02079221 0.04594555 0.05102451
0.00773785 0.02061783 0.04697639 0.05202451
0.00761782 0.02037855 0.04802667 0.05302451
0.00752860 0.02020559 0.04906390 0.05402451
0.00742096 0.01998395 0.05011250 0.05502451
0.00738035 0.01991211 0.05112486 0.05602451
0.00738046 0.01993127 0.05211644 0.05702451
0.00738973 0.01996636 0.05310458 0.05802451
0.00739387 0.01998491 0.05409557 0.05902451
0.00738869 0.01997805 0.05509189 0.06002451
0.00737229 0.01994276 0.05608401 0.06102451
0.00727452 0.01970915 0.05710506 0.06202451
0.00729087 0.01975238 0.05809408 0.06302451
0.00728716 0.01974636 0.05909347 0.06402451
0.00728058 0.01973285 0.06009433 0.06502451
0.00727054 0.01971075 0.06109755 0.06602451
0.00721352 0.01957531 0.06212963 0.06702451
0.00721742 0.01958636 0.06312819 0.06802451
0.00720938 0.01956729 0.06412954 0.06902451
0.00719350 0.01952895 0.06513696 0.07002451
0.00717941 0.01949471 0.06614302 0.07102451
0.00716245 0.01945342 0.06714867 0.07202451
0.00714717 0.01941604 0.06815519 0.07302451
0.00713149 0.01937760 0.06916209 0.07402451
0.00711117 0.01932783 0.07017037 0.07502451
0.00709520 0.01928847 0.07117750 0.07602451
0.00707889 0.01924815 0.07218463 0.07702451
0.00705425 0.01918650 0.07319430 0.07802451
0.00703748 0.01914472 0.07420159 0.07902451
0.00702043 0.01910217 0.07520905 0.08002451
0.00700318 0.01905910 0.07621655 0.08102451
0.00698573 0.01901552 0.07722404 0.08202451
0.00696596 0.01896630 0.07823233 0.08302451
0.00694296 0.01890924 0.07924296 0.08402451
0.00688497 0.01876641 0.08027959 0.08502451
0.00682487 0.01861925 0.08132226 0.08602451
0.00676284 0.01846704 0.08237156 0.08702451
0.00671207 0.01832140 0.08339090 0.08802451
0.00669882 0.01828846 0.08439438 0.08902451
0.00668113 0.01824313 0.08539898 0.09002451
0.00662116 0.01808043 0.08642279 0.09102451
0.00660813 0.01804825 0.08742937 0.09202451
0.00653123 0.01783510 0.08847167 0.09302451
0.00652889 0.01783347 0.08947313 0.09402451
0.00651861 0.01780977 0.09047935 0.09502451
0.00643023 0.01759579 0.09105644 0.09552451
0.00642681 0.01758767 0.09205612 0.09652451
0.00642312 0.01757882 0.09305581 0.09752451
0.00641848 0.01756727 0.09405594 0.09852451
0.00640616 0.01753699 0.09506136 0.09952451
0.00639253 0.01750347 0.09606740 0.10052451
0.00637530 0.01746127 0.09707307 0.10152451
0.00634347 0.01738313 0.09807931 0.10252451
0.00630847 0.01729704 0.09909557 0.10352451
0.00620062 0.01700448 0.10015190 0.10452451
0.00616087 0.01690203 0.10115984 0.10552451
0.00615939 0.01690102 0.10215663 0.10652451
0.00570965 0.01571360 0.10340847 0.10752451
0.00568877 0.01566101 0.10441235 0.10852451
0.00566447 0.01559932 0.10541753 0.10952451
0.00564523 0.01554981 0.10642023 0.11052451
0.00563324 0.01552105 0.10742191 0.11152451
0.00562124 0.01549222 0.10842306 0.11252451
0.00560926 0.01546341 0.10942241 0.11352451
0.00557197 0.01537286 0.11042760 0.11452451
0.00555060 0.01531934 0.11142558 0.11552451
0.00550833 0.01521635 0.11243252 0.11652451
0.00546185 0.01510290 0.11344052 0.11752451
0.00543883 0.01504576 0.11444359 0.11852451
0.00523944 0.01452996 0.11555052 0.11952451
0.00523423 0.01452264 0.11654830 0.12052451
0.00521630 0.01448005 0.11755544 0.12152451
0.00520558 0.01445415 0.11855604 0.12252451
0.00511105 0.01421467 0.11960310 0.12352451
0.00511989 0.01423931 0.12059057 0.12452451
0.00511489 0.01422767 0.12158695 0.12552451
0.00510921 0.01421424 0.12258553 0.12652451
0.00510435 0.01420233 0.12358498 0.12752451
0.00509630 0.01418013 0.12456866 0.12852451
0.00507546 0.01412964 0.12556617 0.12952451
0.00506793 0.01410978 0.12655375 0.13052451
0.00504607 0.01405388 0.12754149 0.13152451
0.00496079 0.01384021 0.12854952 0.13252451
0.00493785 0.01377725 0.12954739 0.13352451
0.00490916 0.01370183 0.13054375 0.13452451
0.00487313 0.01360875 0.13154883 0.13552451
0.00484784 0.01354816 0.13255555 0.13652451
0.00479555 0.01342428 0.13357919 0.13752451
0.00479184 0.01341901 0.13457208 0.13852451
0.00470842 0.01321735 0.13564013 0.13952451
0.00471324 0.01323089 0.13663174 0.14052451
0.00469989 0.01319058 0.13764619 0.14152451
0.00470029 0.01319099 0.13863444 0.14252451
0.00467640 0.01313203 0.13964856 0.14352451
0.00467489 0.01312876 0.14064642 0.14452451
0.00466792 0.01311203 0.14165112 0.14552451
0.00466051 0.01309321 0.14265704 0.14652451
0.00461572 0.01298207 0.14369126 0.14752451
0.00461139 0.01297162 0.14469435 0.14852451
0.00461072 0.01296928 0.14569754 0.14952451
0.00461362 0.01297667 0.14669292 0.15052451
0.00461549 0.01298151 0.14768769 0.15152451
0.00461606 0.01298308 0.14868263 0.15252451
0.00461359 0.01297716 0.14967919 0.15352451
0.00459440 0.01292872 0.15068759 0.15452451
0.00457098 0.01286873 0.15169873 0.15552451
0.00454300 0.01279639 0.15271103 0.15652451
0.00451744 0.01273055 0.15372263 0.15752451
0.00448469 0.01264418 0.15473863 0.15852451
0.00446749 0.01260216 0.15574180 0.15952451
0.00445257 0.01256540 0.15674279 0.16052451
0.00426874 0.01211111 0.15781037 0.16152451
