0.00000000 0.00000000 0.00000000 0.00000000
0.00024749 0.00056640 0.00082365 0.00100639
0.00050608 0.00114263 0.00166529 0.00200639
0.00076077 0.00170678 0.00251429 0.00300639
0.00101265 0.00226606 0.00335519 0.00400639
0.00126246 0.00282549 0.00419783 0.00500639
0.00151161 0.00338502 0.00504166 0.00600639
0.00176410 0.00394903 0.00588830 0.00700639
0.00202041 0.00451473 0.00673678 0.00800639
0.00227957 0.00508540 0.00759007 0.00900639
0.00254543 0.00566192 0.00844721 0.01000639
0.00281319 0.00624131 0.00930825 0.01100639
0.00308388 0.00682357 0.01017319 0.01200639
0.00335576 0.00740703 0.01104112 0.01300639
0.00362850 0.00799229 0.01191234 0.01400639
0.00390252 0.00857888 0.01278656 0.01500639
0.00417698 0.00916655 0.01366388 0.01600639
0.00444997 0.00975344 0.01454313 0.01700639
0.00472194 0.01034023 0.01542546 0.01800639
0.00499157 0.01092639 0.01630994 0.01900639
0.00525949 0.01151387 0.01719903 0.02000639
0.00552455 0.01209983 0.01809078 0.02100639
0.00578745 0.01268511 0.01898614 0.02200639
0.00604827 0.01327094 0.01988576 0.02300639
0.00630530 0.01385537 0.02078921 0.02400639
0.00655795 0.01443782 0.02169681 0.02500639
0.00680540 0.01501669 0.02260858 0.02600639
0.00704692 0.01559134 0.02352519 0.02700639
0.00727940 0.01616579 0.02444796 0.02800639
0.00749449 0.01676107 0.02538239 0.02900639
0.00759389 0.01706067 0.02585411 0.02950639
0.00774912 0.01755761 0.02680324 0.03050639
0.00785403 0.01792954 0.02776533 0.03150639
0.00792865 0.01822724 0.02873219 0.03250639
0.00799569 0.01850453 0.02970007 0.03350639
0.00805455 0.01875974 0.03066919 0.03450639
0.00810416 0.01898999 0.03163958 0.03550639
0.00814536 0.01919808 0.03261105 0.03650639
0.00814546 0.01929486 0.03359154 0.03750639
0.00811208 0.01928908 0.03459120 0.03850639
0.00806280 0.01923039 0.03559842 0.03950639
0.00796916 0.01906551 0.03662360 0.04050639
0.00782653 0.01878476 0.03766944 0.04150639
0.00764419 0.01840990 0.03873381 0.04250639
0.00742105 0.01794047 0.03981713 0.04350639
0.00712725 0.01731347 0.04093301 0.04450639
0.00674531 0.01648247 0.04208499 0.04550639
0.00629103 0.01548076 0.04326573 0.04650639
0.00580865 0.01440886 0.04445983 0.04750639
0.00560062 0.01394768 0.04554422 0.04850639
0.00560057 0.01394954 0.04654330 0.04950639
0.00559907 0.01394780 0.04754317 0.05050639
0.00559573 0.01394162 0.04854403 0.05150639
0.00559133 0.01393290 0.04954551 0.05250639
0.00558538 0.01392027 0.05054773 0.05350639
0.00557864 0.01390562 0.05155024 0.05450639
0.00557115 0.01388920 0.05255305 0.05550639
0.00556314 0.01387154 0.05355609 0.05650639
0.00555483 0.01385315 0.05455927 0.05750639
0.00554587 0.01383314 0.05556271 0.05850639
0.00553644 0.01381197 0.05656637 0.05950639
0.00552629 0.01378910 0.05757042 0.06050639
0.00551561 0.01376494 0.05857468 0.06150639
0.00550443 0.01373951 0.05957916 0.06250639
0.00549295 0.01371338 0.06058378 0.06350639
0.00548150 0.01368727 0.06158841 0.06450639
0.00546929 0.01365941 0.06259337 0.06550639
0.00545691 0.01363116 0.06359839 0.06650639
0.00544401 0.01360168 0.06460371 0.06750639
0.00542971 0.01356893 0.06560977 0.06850639
0.00541454 0.01353410 0.06661625 0.06950639
0.00539948 0.01349925 0.06762270 0.07050639
0.00538444 0.01346436 0.06862913 0.07150639
0.00536749 0.01342487 0.06963640 0.07250639
0.00528677 0.01324060 0.07068360 0.07350639
0.00523659 0.01311460 0.07170482 0.07450639
0.00522255 0.01308188 0.07271137 0.07550639
0.00510250 0.01279854 0.07378379 0.07650639
0.00509743 0.01278685 0.07478439 0.07750639
0.00503352 0.01264136 0.07581483 0.07850639
0.00502703 0.01262591 0.07681725 0.07950639
0.00494502 0.01241245 0.07785404 0.08050639
0.00494132 0.01240592 0.07885528 0.08150639
0.00487741 0.01224803 0.07987861 0.08250639
0.00487462 0.01224334 0.08087842 0.08350639
0.00481228 0.01210452 0.08191268 0.08450639
0.00480788 0.01209570 0.08291310 0.08550639
0.00479885 0.01207517 0.08391482 0.08650639
0.00474373 0.01194991 0.08495331 0.08750639
0.00473950 0.01194028 0.08595415 0.08850639
0.00467541 0.01178320 0.08698150 0.08950639
0.00467066 0.01177305 0.08798205 0.09050639
0.00466252 0.01175510 0.08898472 0.09150639
0.00464874 0.01172394 0.08998894 0.09250639
0.00463936 0.01170290 0.09099220 0.09350639
0.00462385 0.01166773 0.09199786 0.09450639
0.00461001 0.01163620 0.09300391 0.09550639
0.00459699 0.01160570 0.09400773 0.09650639
0.00458339 0.01157403 0.09501259 0.09750639
0.00457014 0.01154347 0.09601759 0.09850639
0.00455431 0.01150754 0.09702524 0.09950639
0.00453776 0.01146773 0.09803163 0.10050639
0.00452126 0.01142955 0.09903924 0.10150639
0.00450737 0.01139667 0.10004456 0.10250639
0.00449645 0.01137190 0.10104812 0.10350639
0.00448553 0.01134713 0.10205165 0.10450639
0.00447381 0.01132057 0.10305630 0.10550639
0.00446224 0.01129435 0.10406189 0.10650639
0.00442227 0.01119033 0.10510306 0.10750639
0.00441466 0.01117460 0.10611903 0.10850639
0.00435168 0.01103079 0.10716452 0.10950639
0.00433955 0.01100393 0.10817824 0.11050639
0.00433015 0.01098367 0.10919046 0.11150639
0.00432113 0.01096405 0.11020256 0.11250639
0.00431262 0.01094527 0.11121399 0.11350639
0.00421803 0.01071745 0.11221972 0.11450639
0.00420731 0.01069308 0.11321716 0.11550639
0.00419487 0.01066331 0.11421384 0.11650639
0.00419253 0.01065788 0.11520573 0.11750639
0.00419296 0.01065934 0.11619816 0.11850639
0.00414015 0.01052610 0.11717610 0.11950639
0.00413213 0.01050765 0.11816682 0.12050639
0.00412787 0.01049929 0.11915652 0.12150639
0.00413057 0.01050801 0.12014291 0.12250639
0.00413257 0.01051571 0.12113529 0.12350639
0.00412129 0.01049066 0.12213894 0.12450639
0.00411012 0.01046573 0.12313814 0.12550639
0.00410193 0.01044788 0.12413715 0.12650639
0.00409038 0.01042144 0.12514009 0.12750639
0.00407468 0.01038471 0.12614428 0.12850639
0.00406032 0.01035150 0.12714776 0.12950639
0.00404343 0.01031275 0.12815363 0.13050639
0.00402761 0.01027609 0.12915840 0.13150639
0.00400681 0.01022727 0.13017621 0.13250639
0.00398141 0.01016878 0.13119608 0.13350639
0.00395695 0.01011212 0.13222519 0.13450639
0.00394536 0.01008544 0.13323180 0.13550639
0.00389720 0.00996000 0.13428561 0.13650639
0.00387656 0.00991211 0.13529892 0.13750639
0.00385978 0.00987500 0.13631007 0.13850639
0.00382799 0.00980089 0.13732808 0.13950639
0.00372644 0.00956643 0.13839017 0.14050639
0.00371182 0.00952999 0.13939710 0.14150639
0.00368834 0.00946996 0.14040805 0.14250639
0.00367147 0.00942957 0.14141553 0.14350639
0.00365199 0.00938240 0.14242430 0.14450639
0.00353274 0.00907336 0.14347698 0.14550639
0.00352877 0.00906741 0.14448174 0.14650639
0.00352272 0.00905645 0.14548522 0.14750639
