0.00000000 0.00000000 0.00000000 0.00000000 0.00000000 0.00000000 0.00000000 0.00000000 0.00000000 0.00000000 0.00000000 0.00000000 0.00000000 0.00000000 0.00000000 0.00000000
5.60968092 -14.65594299 -16.75222226 -22.47120849 2.51896377 -3.40864050 -4.88410141 -10.70656408 2.47316733 -3.50449231 -4.97228964 -10.74044087 5.20597816 -15.43160618 -17.22131931 -22.87311838
3.20496282 -25.48489186 -26.55034082 -30.95043700 -0.06970576 -10.14088311 -11.58742514 -13.37292522 -0.12128900 -10.25116758 -11.68949434 -13.41134172 3.12642237 -25.97655294 -27.07072446 -31.38953938
1.82938099 -34.77445793 -36.00838023 -39.10398348 -2.64436543 -16.86230885 -18.27798542 -16.04124179 -2.69454562 -16.97011205 -18.37739198 -16.07850302 1.75412626 -35.24434544 -36.51021840 -39.52647593
0.47185436 -43.78296804 -45.13715119 -46.95002080 -4.76597518 -23.34439355 -24.87749667 -18.68657886 -4.81416475 -23.44982021 -24.97443699 -18.72276996 0.39870097 -44.23268854 -45.62245191 -47.35696743
-0.87178266 -52.51957394 -53.96969653 -54.51289473 -6.95382933 -29.73309374 -31.35392216 -21.27743404 -7.00055820 -29.83622674 -31.44837173 -21.31193538 -0.94259960 -52.95049863 -54.43921473 -54.90416205
-2.20478857 -61.05346538 -62.57490881 -61.83845074 -9.11731395 -36.06115062 -37.77688425 -23.75183679 -9.16447224 -36.16828987 -37.87077999 -23.78435715 -2.26748024 -61.46624868 -63.02953016 -62.21497582
-3.48499638 -69.50113460 -71.09999820 -69.03532017 -11.26831827 -41.73144093 -43.89824044 -26.15415502 -11.32065830 -41.83754273 -43.98599160 -26.18470294 -3.52873620 -69.88997715 -71.53999644 -69.39881977
-4.59743251 -77.78975257 -79.50563458 -76.10579236 -13.31779443 -47.05309993 -49.73019205 -28.48486627 -13.39251597 -47.15062396 -49.81058686 -28.51469443 -4.60878979 -78.14908199 -79.92871097 -76.45662149
-5.20019086 -85.70513263 -87.65402927 -82.98635060 -15.17561744 -52.32031881 -55.32933980 -30.72534435 -15.27538386 -52.41643434 -55.41206499 -30.75374256 -5.17789500 -86.03472707 -88.05502698 -83.32414854
-5.67383528 -93.46744165 -95.63575662 -89.77393208 -16.93244753 -57.33231402 -60.30797899 -32.78383327 -17.09713118 -57.42508386 -60.37652466 -32.81051028 -5.61434659 -93.76619588 -96.01673807 -90.10044600
-6.10329119 -100.71322650 -103.21530752 -96.33438408 -18.54565907 -62.21098462 -65.16709387 -34.82832634 -18.76534048 -62.30699519 -65.22933734 -34.85348382 -6.00644650 -100.98148505 -103.57429001 -96.64911605
-6.46564093 -107.71283751 -110.47836649 -102.67673403 -20.06287199 -66.70308180 -69.84612410 -36.79228141 -20.33216253 -66.78915380 -69.89891835 -36.81538477 -6.34094604 -107.95465998 -110.81702740 -102.97753013
-6.78248865 -114.40315580 -117.45335599 -108.76937392 -21.48789674 -71.18383085 -74.29667795 -38.67166816 -21.79562110 -71.26660025 -74.34305748 -38.69467457 -6.63367403 -114.61602986 -117.77168694 -109.05628334
-7.07114659 -120.77968173 -123.90451231 -114.52717951 -22.82640167 -75.60968051 -78.71979145 -40.52723346 -23.17113342 -75.70624579 -78.76365800 -40.54895830 -6.90878632 -120.97247647 -124.20493655 -114.80037721
-7.35041214 -126.92066792 -130.05541722 -120.01378934 -24.13912387 -79.70640292 -83.05933502 -42.37004976 -24.50616259 -79.79966127 -83.10965527 -42.39165791 -7.17395648 -127.09566338 -130.34882559 -120.28058557
-7.61587329 -132.73439614 -135.92885031 -125.23284067 -25.40272829 -83.74741948 -87.09813568 -44.14127808 -25.80978495 -83.85198061 -87.15299399 -44.16564218 -7.42217891 -132.91914983 -136.24574756 -125.51922478
-7.87022029 -138.22220965 -141.43917503 -130.14840344 -26.58605736 -87.74936141 -91.00404647 -45.80776150 -27.04774911 -87.87097489 -91.07024944 -45.83499559 -7.66840567 -138.42138309 -141.77814805 -130.45578651
-8.12522084 -143.40506274 -146.61089981 -134.77289698 -27.74494646 -91.70541406 -94.87103845 -47.43609951 -28.21692585 -91.83446407 -94.93946808 -47.46400990 -7.90593285 -143.60044307 -146.95036535 -135.07932702
-8.36189349 -148.30218133 -151.46814984 -139.08484206 -28.84954303 -95.56248604 -98.66894601 -49.02794548 -29.35409490 -95.69072408 -98.73507175 -49.05473552 -8.14156327 -148.46958877 -151.77902364 -139.36896716
-8.59664263 -152.93323540 -156.00265535 -143.10543146 -29.98707612 -99.36578758 -102.39713599 -50.59108826 -30.46255527 -99.50959963 -102.46363081 -50.61634210 -8.35863522 -153.07885293 -156.29657432 -143.36966993
-8.81766285 -157.26109360 -160.27251703 -146.82851914 -31.07605878 -102.93286931 -106.03540493 -52.11184989 -31.55436821 -103.07366172 -106.10128331 -52.13589214 -8.56868724 -157.38410458 -160.54334445 -147.07013627
-9.04074531 -161.30762431 -164.26016613 -150.27877387 -32.13864254 -106.36409861 -109.53625115 -53.59723767 -32.63215958 -106.51195450 -109.60149491 -53.62005041 -8.78516722 -161.41045257 -164.50506099 -150.49817259
-9.26432143 -165.09264267 -167.94142192 -153.46211062 -33.18457660 -109.73655202 -112.86165360 -55.04422377 -33.68342501 -109.88468718 -112.92473370 -55.06493336 -9.00805282 -165.17885829 -168.16303469 -153.65945042
-9.49885436 -168.58742052 -171.32057892 -156.35952203 -34.18673385 -113.04092998 -116.05681096 -56.44293335 -34.69137454 -113.18973256 -116.11721132 -56.46199485 -9.24134978 -168.66153226 -171.52055404 -156.53639200
-9.74318996 -171.78710042 -174.39886806 -158.97513119 -35.14591816 -116.25643644 -119.15997416 -57.78578131 -35.65925042 -116.40852874 -119.22011336 -57.80261116 -9.48298909 -171.85104386 -174.57905174 -159.13368597
-9.99148179 -174.71623642 -177.17036779 -161.30569565 -36.06250223 -119.34658813 -122.16901981 -59.06960156 -36.57792836 -119.50174074 -122.22299532 -59.08564158 -9.73591363 -174.77140396 -177.33218569 -161.44673313
-10.24836027 -177.38321675 -179.65084265 -163.36533542 -36.93861175 -122.30383940 -125.05626288 -60.28779020 -37.45185429 -122.46202640 -125.10676303 -60.30130511 -9.99006163 -177.42775202 -179.79173557 -163.48622925
-10.49375672 -179.76916256 -181.81804529 -165.13484498 -37.74914312 -125.04413179 -127.73738431 -61.41618679 -38.24630558 -125.20241690 -127.78321482 -61.42452120 -10.23735169 -179.80956203 -181.93542465 -165.23461425
-10.69633106 -181.78442245 -183.59835787 -166.52603702 -38.38741229 -127.33979610 -129.97783654 -62.36885239 -38.86579008 -127.49064273 -130.01956337 -62.37252639 -10.44413623 -181.81827925 -183.70044286 -166.60970729
-10.79426746 -182.63000407 -184.34199095 -167.09674748 -38.64529297 -128.31812361 -130.92440141 -62.77542050 -39.11474595 -128.46730233 -130.96694406 -62.77708771 -10.54973986 -182.66705093 -184.43171661 -167.17096520
-10.94244213 -183.89033036 -185.40473633 -167.89599189 -39.29066895 -129.88598714 -132.33509043 -63.39644861 -39.61851330 -129.97820079 -132.37758314 -63.39329326 -10.70702035 -183.92774236 -185.48934921 -167.95465812
-11.05843417 -184.67441150 -186.05942553 -168.36640975 -39.15301895 -130.68645048 -133.22054184 -63.80931211 -39.45759412 -130.77451763 -133.26148113 -63.80516109 -10.83961699 -184.70533010 -186.13385409 -168.41699748
-11.16358440 -185.17915151 -186.47253600 -168.65801476 -38.98785837 -131.17665040 -133.77117204 -64.10562855 -39.26855196 -131.26273961 -133.80986766 -64.10545281 -10.95445179 -185.20817436 -186.54092658 -168.70263128
-11.26104137 -185.61042944 -186.82164119 -168.89629279 -38.82253837 -131.60590434 -134.23991155 -64.36907920 -39.07747715 -131.69269405 -134.27645199 -64.37397950 -11.06035959 -185.63780353 -186.88469182 -168.93619508
-11.35115689 -185.96863852 -187.10726239 -169.08573664 -38.65609313 -131.96161051 -134.62305867 -64.59898643 -38.88812923 -132.04291209 -134.65841119 -64.60344731 -11.15778005 -185.99456839 -187.16576333 -169.12225245
-11.43260337 -186.25250277 -187.32650292 -169.22815744 -38.48834853 -132.21877086 -134.91680268 -64.78813157 -38.70320305 -132.29429104 -134.95075627 -64.79198721 -11.24681961 -186.27681816 -187.38014144 -169.26113683
-11.50609608 -186.46998453 -187.48707659 -169.32991107 -38.31667503 -132.39060892 -135.12766419 -64.93909721 -38.51524478 -132.46166266 -135.16151028 -64.94237619 -11.32782766 -186.49270475 -187.53686511 -169.35992596
-11.53709627 -186.40446155 -187.40423978 -169.26824754 -38.09341163 -132.15686368 -134.88994938 -64.90863408 -38.29157373 -132.22375433 -134.92151013 -64.91291582 -11.36900826 -186.42759445 -187.45231193 -169.29480294
-11.57159748 -185.57998107 -186.51024716 -168.43588025 -37.95818658 -131.58849890 -134.30308133 -64.74323416 -38.15481817 -131.65043121 -134.33341259 -64.74854766 -11.41023077 -185.60978604 -186.55763716 -168.46122811
-11.61103721 -184.37493340 -185.23019817 -167.23563934 -37.80162088 -130.87465486 -133.57181746 -64.51295315 -37.98742872 -130.93356622 -133.60197338 -64.51799740 -11.45231830 -184.41468409 -185.27916009 -167.26280133
-11.64663412 -182.06724494 -182.82164470 -164.97090792 -37.48708164 -129.54613217 -132.20204775 -64.06236772 -37.65403375 -129.59965437 -132.23187931 -64.06717567 -11.49361774 -182.12929620 -182.87743717 -165.00401175
-11.68080312 -178.54471734 -179.16543378 -161.51975856 -36.98255187 -127.54085713 -130.20317970 -63.29574385 -37.13041230 -127.58881675 -130.23381380 -63.30016588 -11.53949920 -178.63375972 -179.23509230 -161.56622939
-11.70768812 -174.03123734 -174.49789417 -157.10531602 -36.23581820 -125.01908861 -127.68275667 -62.30490118 -36.36059674 -125.05787234 -127.71146812 -62.30948889 -11.58137501 -174.15415016 -174.58541301 -157.16935058
-11.72138715 -168.50092786 -168.78573380 -151.68318978 -35.29313594 -121.92474356 -124.60056030 -61.08833035 -35.39763200 -121.95690177 -124.63010057 -61.09609615 -11.60640445 -168.65470201 -168.88674060 -151.76266623
-11.78788285 -161.18184593 -161.24338632 -144.48887060 -34.02701423 -117.81229215 -120.54187245 -59.44613967 -34.12443843 -117.83772382 -120.57419991 -59.45938078 -11.68455463 -161.36587194 -161.36642368 -144.58778794
-11.81335018 -151.60023364 -151.37149481 -135.14398191 -32.35074879 -112.48789809 -115.28768948 -57.26600032 -32.45965564 -112.51603445 -115.31907591 -57.27626184 -11.75209824 -151.84082647 -151.51820638 -135.25221822
-11.78052398 -140.05835320 -139.50676695 -124.03063686 -30.32396140 -106.13138607 -108.93975758 -54.64356464 -30.43995796 -106.16113402 -108.96403196 -54.64277017 -11.80306736 -140.36655170 -139.65366948 -124.11163534
-11.71815441 -127.57879962 -126.77447189 -112.19679393 -28.14474224 -99.25228809 -101.78821160 -51.82302591 -28.26298468 -99.27573908 -101.79844220 -51.81599911 -11.79483551 -127.88247734 -126.88129131 -112.22449639
-11.75770178 -122.15569698 -121.20185557 -107.03993343 -27.23464209 -96.16182666 -98.60896025 -50.58900442 -27.28771141 -96.17926221 -98.63660727 -50.59814189 -11.75186170 -122.40840133 -121.33526584 -107.13479272
-11.76534459 -122.15365659 -121.19852636 -107.03168855 -27.23005555 -96.15612087 -98.60359809 -50.59149255 -27.28251920 -96.17351160 -98.63118335 -50.60064788 -11.75977637 -122.40637252 -121.33176299 -107.12660020
-11.77257525 -122.11381335 -121.15425917 -106.98840761 -27.21961829 -96.12949036 -98.57686139 -50.58530979 -27.27155850 -96.14661490 -98.60443620 -50.59452885 -11.76738155 -122.36664496 -121.28742767 -107.08334917
-11.77918421 -122.02564515 -121.05916781 -106.90081480 -27.20123060 -96.07614232 -98.52201418 -50.56840819 -27.25278279 -96.09258196 -98.54962711 -50.57768474 -11.77438079 -122.27863940 -121.19231255 -106.99575609
-11.78560005 -121.90960085 -120.93583991 -106.78743627 -27.17807751 -96.00735625 -98.45082957 -50.54517421 -27.22952612 -96.02300417 -98.47856945 -50.55457178 -11.78112118 -122.16277415 -121.06910702 -106.88242646
-11.79157498 -121.75361239 -120.76693517 -106.63782728 -27.14867049 -95.91715515 -98.35649705 -50.51331046 -27.20010940 -95.93183998 -98.38432279 -50.52284143 -11.78750491 -122.00707647 -120.90023744 -106.73302901
-11.79720388 -121.57715084 -120.57564982 -106.46923122 -27.11571792 -95.81520240 -98.24988748 -50.47693406 -27.16725360 -95.82954117 -98.27790225 -50.48665446 -11.79346592 -121.83088330 -120.70922372 -106.56458491
-11.80235450 -121.38092653 -120.36431504 -106.28182052 -27.07931694 -95.70197297 -98.13219978 -50.43607431 -27.13079840 -95.71623034 -98.16040593 -50.44604793 -11.79880683 -121.63493588 -120.49814608 -106.37734062
-11.80709189 -121.17101337 -120.13920578 -106.08147768 -27.04048160 -95.58111993 -98.00695814 -50.39209319 -27.09189449 -95.59553649 -98.03534289 -50.40231774 -11.80373878 -121.42525161 -120.27329384 -106.17719787
-11.81171105 -120.95317746 -119.90617432 -105.87377253 -27.00017414 -95.45594020 -97.87746398 -50.34629492 -27.05152732 -95.47050630 -97.90602988 -50.35676630 -11.80858921 -121.20761054 -120.04049797 -105.96970039
-11.81598306 -120.71663548 -119.65658899 -105.64969795 -26.95723619 -95.32063627 -97.73892272 -50.29679204 -27.00844059 -95.33541468 -97.76768973 -50.30744311 -11.81319261 -120.97131608 -119.79118604 -105.74589772
-11.82005553 -120.46717063 -119.39480652 -105.41373891 -26.91213389 -95.17825390 -97.59365562 -50.24448324 -26.96314651 -95.19323365 -97.62263667 -50.25529897 -11.81729416 -120.72213212 -119.52972393 -105.51026977
-11.82333692 -120.19900556 -119.11442322 -105.15958687 -26.86369148 -95.02473984 -97.43768978 -50.18790189 -26.91448517 -95.03996790 -97.46689856 -50.19882324 -11.82049265 -120.45428062 -119.24969977 -105.25649282
-11.82622398 -119.91586016 -118.82068802 -104.89236562 -26.81281640 -94.86367719 -97.27365586 -50.12832950 -26.86342781 -94.87917408 -97.30300193 -50.13931409 -11.82359023 -120.17138119 -118.95634358 -104.98965176
-11.82886771 -119.61772910 -118.51489623 -104.61267083 -26.75984579 -94.69537658 -97.10284533 -50.06599162 -26.81035296 -94.71119409 -97.13243347 -50.07699912 -11.82642917 -119.87352545 -118.65095503 -104.71037886
-11.83094763 -119.31188423 -118.20142153 -104.32573212 -26.70535685 -94.52288792 -96.92750704 -50.00185604 -26.75579928 -94.53896930 -96.95735312 -50.01287180 -11.82889241 -119.56800584 -118.33788891 -104.42385465
-11.83262841 -119.00653678 -117.88855701 -104.03920202 -26.65079704 -94.35107965 -96.75200814 -49.93779707 -26.70117278 -94.36721609 -96.78202961 -49.94881614 -11.83099116 -119.26300240 -118.02545500 -104.13776862
-11.83350725 -118.68157673 -117.55520342 -103.73353767 -26.59261370 -94.16802647 -96.56421358 -49.86958775 -26.64291474 -94.18434316 -96.59440394 -49.88066200 -11.83213812 -118.93843104 -117.69258119 -103.83258332
-11.83402850 -118.35267120 -117.21763097 -103.42370942 -26.53358676 -93.98336737 -96.37313442 -49.80073648 -26.58380548 -93.99997550 -96.40356803 -49.81188458 -11.83295317 -118.60991189 -117.35549964 -103.52331477
-11.83403004 -118.00966149 -116.86610341 -103.10061694 -26.47189117 -93.79173265 -96.17240329 -49.72922147 -26.52207662 -93.80864292 -96.20299742 -49.74046717 -11.83317053 -118.26740027 -117.00450713 -103.20102824
-11.83297271 -117.63070356 -116.47733584 -102.74374621 -26.40386314 -93.58237623 -95.94443339 -49.65134583 -26.45403444 -93.59961113 -95.97525047 -49.66266640 -11.83244219 -117.88899444 -116.61629277 -102.84477965
-11.83102287 -117.22944195 -116.06538825 -102.36583011 -26.33196584 -93.36221227 -95.69939462 -49.56958359 -26.38209803 -93.37970223 -95.73037182 -49.58104063 -11.83103365 -117.48831405 -116.20491264 -102.46740862
-11.82912806 -116.83127894 -115.65582765 -101.98982172 -26.26118600 -93.14320972 -95.45438431 -49.48812660 -26.31140903 -93.16101120 -95.48558814 -49.49991300 -11.82961499 -117.09072296 -115.79596963 -102.09191746
-11.82700233 -116.43391261 -115.24702163 -101.61432409 -26.19064460 -92.92553784 -95.20793928 -49.40725714 -26.24107977 -92.94361323 -95.23927629 -49.41917978 -11.82806953 -116.69394475 -115.38776397 -101.71696196
-11.82370911 -115.98833923 -114.78803082 -101.19212120 -26.11235939 -92.68368030 -94.92311436 -49.31782589 -26.16327074 -92.70003129 -94.95455004 -49.32990724 -11.82532274 -116.24887741 -114.92951249 -101.29571769
-11.78055229 -113.85571292 -112.63355520 -99.20458769 -25.74983207 -91.50665283 -93.59419335 -48.85445432 -25.80253141 -91.52222422 -93.62698565 -48.86685889 -11.78531821 -114.12072799 -112.77860815 -99.31154257
-11.77349970 -112.55319682 -111.28970444 -97.97972738 -25.56027266 -90.90564237 -92.26387562 -48.64598371 -25.60611493 -90.82026554 -92.89776789 -48.60972512 -11.77625828 -112.81273731 -111.44321529 -98.07968225
-11.77307335 -112.18770926 -110.90260636 -97.62585103 -25.50387071 -90.66426349 -92.07640555 -48.56648990 -25.55075643 -90.58478238 -92.68263230 -48.53295670 -11.77571859 -112.44769129 -111.05608625 -97.72662532
-11.72250514 -109.02546183 -107.70350819 -94.66542810 -25.04772839 -88.77174257 -90.32325636 -47.88245148 -25.10303234 -88.79312880 -90.33814426 -47.89901577 -11.73052432 -109.30070593 -107.85876237 -94.78315869
-11.72491688 -108.89377045 -107.55321787 -94.53174230 -25.02330752 -88.68028585 -90.26885116 -47.85361969 -25.07855036 -88.70192899 -90.28419671 -47.87038174 -11.73308035 -109.16909154 -107.70859717 -94.64965366
-11.68162633 -107.24469733 -105.77088300 -92.89941488 -24.74534979 -87.68120004 -89.30396778 -47.47948291 -24.80199237 -87.69999193 -89.33636419 -47.49529386 -11.69163798 -107.52284907 -105.93089990 -93.02089582
-11.68501733 -107.07206701 -105.59697289 -92.72818283 -24.72186595 -87.55087178 -89.21709293 -47.44357571 -24.77902330 -87.56843854 -89.25552534 -47.45897188 -11.69500281 -107.35050766 -105.75792413 -92.85030499
-11.68143660 -104.91332065 -103.43397824 -90.71535162 -24.56296879 -85.65127750 -88.23085964 -46.99517858 -24.62715408 -85.67457189 -88.26983402 -47.01077968 -11.69138403 -105.19688373 -103.60121331 -90.84380837
-11.68074373 -104.81639409 -103.31487124 -90.61304156 -24.52901465 -85.64814250 -88.15505404 -46.97313238 -24.59327335 -85.67027583 -88.19426470 -46.98883860 -11.69073389 -105.09998002 -103.48226159 -90.74172550
-11.64832959 -103.23042270 -101.23091704 -89.05939912 -24.28232741 -84.78006618 -87.21469694 -46.62623312 -24.35102126 -84.80223122 -87.25454804 -46.64251222 -11.66022178 -103.51636033 -101.40248609 -89.19092444
-11.65251471 -103.14611837 -101.16876321 -88.97430637 -24.25969760 -84.74837803 -87.16254292 -46.60818601 -24.32795502 -84.77042906 -87.20250982 -46.62512856 -11.66492235 -103.43204835 -101.33789064 -89.10536832
-11.70649692 -101.41002882 -99.43670534 -87.43702605 -23.99305976 -83.80617603 -86.19410281 -46.22237169 -24.05666031 -83.82873686 -86.23429080 -46.23972697 -11.72644146 -101.70339590 -99.60900394 -87.57090237
-11.70879875 -101.29962958 -99.30380772 -87.32162096 -23.96523353 -83.75350220 -86.11713171 -46.19504117 -24.02821445 -83.77578259 -86.15746420 -46.21285969 -11.72934451 -101.59324769 -99.47463407 -87.45526051
-11.71353967 -101.05191510 -99.04944441 -87.09329728 -23.92400738 -83.61554557 -85.97846417 -46.14128808 -23.98658863 -83.63793706 -86.01890508 -46.15911066 -11.73466744 -101.34625034 -99.22079569 -87.22735991
-11.74434046 -99.60483552 -97.55251762 -85.72296796 -23.61374658 -82.76849178 -85.13039457 -45.79790979 -23.70420867 -82.79663878 -85.17342584 -45.81937688 -11.73459610 -99.88137068 -97.72813388 -85.86586812
-11.75808104 -99.48903262 -97.42701740 -85.61274590 -23.58927064 -82.70660192 -85.06496927 -45.77348234 -23.68143115 -82.73517310 -85.10820201 -45.79480493 -11.74586176 -99.76427082 -97.60411092 -85.75640840
-11.89091145 -97.41141440 -95.72212240 -84.03601816 -23.36351621 -81.75309794 -84.16383628 -45.39239624 -23.45668921 -81.78233004 -84.20788536 -45.41414184 -11.88286547 -97.69186490 -95.90270295 -84.18239217
-11.89596622 -97.30043878 -95.57445369 -83.91658426 -23.33556858 -81.68162607 -84.08520464 -45.36268379 -23.42938268 -81.71106236 -84.12933868 -45.38442893 -11.88728009 -97.58027611 -95.75547071 -84.06337161
-11.90292963 -97.09419970 -95.33102804 -83.71481659 -23.29428600 -81.55887520 -83.95518083 -45.31139219 -23.38864432 -81.58856168 -83.99946608 -45.33322995 -11.89377674 -97.37362819 -95.51271447 -83.86211486
-11.90604546 -96.73781803 -94.92522346 -83.37583406 -23.22973111 -81.35660757 -83.73277183 -45.22585354 -23.32469596 -81.38668894 -83.77719560 -45.24760142 -11.89658099 -97.01731953 -95.10770124 -83.52387744
-11.91400694 -96.49067630 -94.65019383 -83.14274161 -23.18426103 -81.21535140 -83.58546378 -45.16681400 -23.27986045 -81.24590708 -83.63008169 -45.18860137 -11.90424027 -96.77004444 -94.83308241 -83.29140665
-11.92083434 -96.07056853 -94.20695890 -82.75512822 -23.11410414 -80.98166625 -83.34523378 -45.06877384 -23.21039906 -81.01260576 -83.38985248 -45.09063835 -11.91073518 -96.35028265 -94.39071911 -82.90465506
-11.92601514 -95.69720569 -93.81785512 -82.40994200 -23.05443814 -80.76356516 -83.13431588 -44.98122835 -23.15176596 -80.79479005 -83.17920796 -45.00319044 -11.91522269 -95.97710772 -94.00249002 -82.56046647
-11.93119464 -95.34966132 -93.42917546 -82.08602000 -22.99699638 -80.57250310 -82.93707460 -44.90087974 -23.09534090 -80.60373412 -82.98220842 -44.92291924 -11.91953068 -95.62956002 -93.61461298 -82.23730604
-11.93504940 -94.98202285 -93.04746685 -81.74881068 -22.93572308 -80.38014610 -82.70377072 -44.82044607 -23.03523280 -80.41110588 -82.74912756 -44.84243936 -11.92257447 -95.26196118 -93.23383936 -81.90090097
-11.94896022 -94.60725263 -92.67197488 -81.41922136 -22.87727274 -80.18162297 -82.50346319 -44.73707056 -22.97774949 -80.21290522 -82.54905626 -44.75913295 -11.93565641 -94.88738382 -92.85952032 -81.57208287
-11.95389444 -94.17850758 -92.22456149 -81.02432868 -22.80481528 -79.94583633 -82.25083814 -44.63656350 -22.90635469 -79.97730584 -82.29669067 -44.65867225 -11.93983332 -94.45886096 -92.41298503 -81.17813991
-11.95630257 -93.73481541 -91.76376354 -80.61285190 -22.74387789 -79.68602665 -81.97174424 -44.53846764 -22.84461973 -79.71777818 -82.01782365 -44.56065946 -11.94194388 -94.01583848 -91.95331487 -80.76784138
-11.96414150 -93.26661912 -91.30153751 -80.20227214 -22.67802013 -79.42911856 -81.72481568 -44.43383592 -22.77832101 -79.46100342 -81.77191403 -44.45611580 -11.94975927 -93.54863317 -91.49223626 -80.35827840
-11.96577823 -92.89197889 -90.91134005 -79.85562147 -22.62721593 -79.18217225 -81.52467557 -44.34732252 -22.72710355 -79.21430639 -81.57232251 -44.36964532 -11.95134426 -93.17456201 -91.10293657 -80.01249483
-11.96680256 -92.59682963 -90.59988980 -79.58153887 -22.57811985 -79.01688066 -81.35511094 -44.27791987 -22.67785666 -79.04907203 -81.40283018 -44.30022898 -11.95246853 -92.87970936 -90.79200179 -79.73889206
-11.96785806 -92.30161131 -90.28758358 -79.30741958 -22.52909789 -78.85154360 -81.18530875 -44.20854284 -22.62824646 -78.88423082 -81.23307876 -44.23082739 -11.95367345 -92.58464411 -90.48087566 -79.46519230
-11.96899726 -91.98511767 -89.95288685 -79.01303321 -22.48673203 -78.67540929 -81.00297660 -44.13379400 -22.55885020 -78.70787320 -81.05094360 -44.15636279 -11.95879246 -92.27096154 -90.14782082 -79.17188140
-11.97442017 -91.67588134 -89.62436459 -78.72261849 -22.41874000 -78.50131029 -80.82296123 -44.05997760 -22.51433621 -78.53442546 -80.87113104 -44.08245901 -11.96108121 -91.95915767 -89.81791668 -78.88186122
-11.98039938 -90.64149048 -88.55299450 -77.73553315 -21.88115481 -78.08252216 -80.27473107 -43.82620993 -21.98264345 -78.12111545 -80.32449348 -43.85038388 -11.95681291 -90.91435488 -88.74171510 -77.90073143
-11.97928116 -90.43564656 -88.33597933 -77.53899664 -21.89008344 -77.94615409 -80.14753620 -43.77395544 -21.96987947 -77.99066825 -80.19718485 -43.79844862 -11.95379783 -90.70707915 -88.52449559 -77.70576621
-11.91918630 -88.72089907 -86.61443231 -75.99793483 -21.57958009 -76.99542652 -79.25127281 -43.26677210 -21.65766210 -77.04446669 -79.30414045 -43.28961250 -11.88752272 -88.98943243 -86.80512108 -76.16943543
-11.91732133 -88.39505702 -86.27486835 -75.69962097 -21.51985420 -76.80472927 -79.06642054 -43.16903553 -21.62598441 -76.85164762 -79.11964610 -43.19271143 -11.87887077 -88.65787783 -86.46459478 -75.87235568
-11.91604137 -88.14129544 -86.00891625 -75.46740300 -21.49572524 -76.64872460 -78.91921801 -43.09243607 -21.60426667 -76.69739449 -78.97261262 -43.11677839 -11.87320830 -88.40059958 -86.19784122 -75.64116527
-11.91564023 -87.89859815 -85.75370009 -75.24393022 -21.46828132 -76.50154820 -78.77606812 -43.02029586 -21.57775781 -76.55228727 -78.83100216 -43.04537071 -11.86869088 -88.15442967 -85.94179130 -75.41880274
-11.91679587 -87.67046872 -85.51273740 -75.03307527 -21.43555246 -76.36670989 -78.64061254 -42.95455470 -21.54334447 -76.42011429 -78.69567909 -42.98010249 -11.86578732 -87.92336201 -85.70064512 -75.20944371
-11.82516616 -85.08081789 -82.96979378 -72.68370868 -21.05857499 -74.99419200 -77.38113893 -41.98589698 -21.13980870 -75.05266388 -77.43877048 -42.00937300 -11.77646382 -85.33796210 -83.16214372 -72.86523399
-11.82096083 -84.78822950 -82.66748160 -72.42854656 -20.99276997 -74.83121361 -77.21974073 -41.88334462 -21.12273984 -74.88271795 -77.27802942 -41.90538453 -11.76705392 -85.04037855 -82.85956373 -72.61041137
-11.81614189 -84.44925193 -82.32022945 -72.12897278 -20.92178472 -74.65105132 -77.04751673 -41.74932449 -21.07654054 -74.70363201 -77.10583357 -41.77343139 -11.75486745 -84.69787961 -82.51340771 -72.31123789
-11.81702893 -84.38491768 -82.24900124 -72.07737798 -20.90456830 -74.61755303 -77.00745945 -41.73246719 -21.06345354 -74.67021798 -77.06517863 -41.75822251 -11.75348949 -84.63184893 -82.44142506 -72.25986053
-11.81972906 -84.39766950 -82.25043149 -72.08912763 -20.89884192 -74.62314253 -77.00170365 -41.75125954 -21.05975356 -74.67572802 -77.05955083 -41.77670795 -11.75454769 -84.64312637 -82.44204175 -72.27168391
-11.77273182 -82.94569329 -80.90268636 -70.50184134 -20.70118591 -73.91392476 -76.23828801 -41.40709299 -20.86514347 -73.96677955 -76.29354279 -41.42708435 -11.70838834 -83.19163140 -81.09724811 -70.68144862
-11.77213755 -82.72359219 -80.66611370 -70.32521001 -20.66404427 -73.79667742 -76.11719948 -41.32887165 -20.82384772 -73.84733515 -76.17194875 -41.34703263 -11.69897589 -82.96783204 -80.86598274 -70.50313699
-11.77294664 -82.60463612 -80.53146883 -70.23800109 -20.63407390 -73.72447420 -76.02365969 -41.32076280 -20.79758331 -73.78106896 -76.07491982 -41.35340203 -11.69357249 -82.84598470 -80.73182985 -70.41171934
-11.77979413 -82.67797514 -80.58566842 -70.31497366 -20.63171205 -73.75373482 -76.01200299 -41.41507569 -20.79576348 -73.81106401 -76.06542187 -41.44564127 -11.69379311 -82.91475850 -80.79176976 -70.49176890
-11.78692027 -82.73111335 -80.62033250 -70.37890087 -20.62545211 -73.77112625 -75.98113759 -41.50926912 -20.78868969 -73.82890529 -76.03341489 -41.53999987 -11.69200993 -82.96314415 -80.82768445 -70.56067136
-11.79093828 -82.40895467 -80.28617448 -70.11806099 -20.57194093 -73.60002672 -75.77696084 -41.45346832 -20.73329559 -73.65971637 -75.83164690 -41.46781412 -11.69259596 -82.64325091 -80.47777047 -70.31171747
-11.79735771 -82.10950062 -79.93390430 -69.87155274 -20.52180899 -73.43403261 -75.58176611 -41.37094130 -20.65736312 -73.49710713 -75.63019864 -41.40143456 -11.68630372 -82.33418379 -80.14732171 -70.05666635
-11.79837229 -81.88628743 -79.68470888 -69.69368209 -20.45664630 -73.31180057 -75.42521483 -41.32240686 -20.60098452 -73.37897336 -75.47752704 -41.35440853 -11.68802803 -82.11178642 -79.89928217 -69.88514561
-11.79996271 -81.57219239 -79.35195280 -69.40962199 -20.38363391 -73.14504225 -75.22242037 -41.25008033 -20.54683821 -73.20762615 -75.27288393 -41.28142441 -11.68599811 -81.79490843 -79.56632242 -69.59741181
-11.80234811 -81.12074252 -78.90614031 -69.01987222 -20.31413849 -72.91118665 -74.95925111 -41.12420342 -20.47931141 -72.97269472 -75.00211288 -41.18672440 -11.69209185 -81.34608766 -79.12018929 -69.20945085
-11.79904377 -80.72749465 -78.49567773 -68.66186369 -20.25068368 -72.69647840 -74.70178650 -41.03839248 -20.41278241 -72.75741497 -74.74980375 -41.07020533 -11.68600257 -80.95122151 -78.71195896 -68.85115374
-11.79083629 -80.26453512 -78.01745477 -68.24140702 -20.17498697 -72.44286291 -74.39155333 -40.93482551 -20.33470765 -72.50568725 -74.42627211 -40.96472630 -11.67875895 -80.48643891 -78.23308344 -68.43197771
-11.78523512 -79.83002535 -77.56857833 -67.84843047 -20.10309319 -72.20844459 -74.08290247 -40.83831016 -20.26463616 -72.26636717 -74.12689801 -40.86932770 -11.67271717 -80.05400846 -77.78640676 -68.03976387
-11.71301426 -79.23454271 -76.98714506 -67.33062027 -20.05499763 -71.89924546 -73.68618074 -40.71113295 -20.15757978 -71.94812582 -73.73894038 -40.74264208 -11.66276599 -79.48714001 -77.20425905 -67.52194878
-11.65584577 -78.51921608 -76.28093097 -66.69760685 -19.94926890 -71.50328445 -73.22321557 -40.55169749 -20.05100348 -71.54794324 -73.27217380 -40.58354583 -11.64970989 -78.79250868 -76.49137206 -66.88882987
-11.63596815 -77.84577642 -75.60216050 -66.08833454 -19.83702056 -71.11434930 -72.78853415 -40.39916071 -19.97235235 -71.15471931 -72.83538305 -40.42715543 -11.56688962 -78.10312097 -75.81397941 -66.27825296
-11.62999477 -77.52399199 -75.27329582 -65.79865513 -19.79095136 -70.92415706 -72.57729666 -40.32822647 -19.92425630 -70.96309604 -72.62308294 -40.35628489 -11.56063158 -77.78091763 -75.48849467 -65.98953919
-11.14887095 -76.27183936 -73.96173051 -64.61348750 -19.63424188 -70.27494000 -71.77569169 -40.05631000 -19.74844894 -70.30921603 -71.82094484 -40.08357823 -11.10324012 -76.54094929 -74.18564170 -64.80541259
-11.21631219 -75.68171453 -73.38567970 -64.09934608 -19.56137255 -69.93659295 -71.31336148 -39.93561821 -19.67476567 -69.96983561 -71.35710777 -39.96286532 -11.17133388 -75.94752746 -73.61446636 -64.29341854
-11.27642692 -75.19506245 -72.91428844 -63.67871991 -19.50009434 -69.62091626 -70.99388999 -39.82725250 -19.60897998 -69.65346902 -71.03813120 -39.85416456 -11.23006111 -75.46385261 -73.14368751 -63.87348030
-11.26373004 -74.31784378 -72.02885678 -62.88474536 -19.38404292 -69.05489255 -70.43503382 -39.62593589 -19.48865261 -69.08411203 -70.47890050 -39.65273083 -11.21171276 -74.59003341 -72.26000060 -63.08210326
-11.14868565 -71.49482742 -69.20680328 -60.34322026 -18.96329689 -67.35096326 -68.63167956 -38.96159854 -19.06100592 -67.38917905 -68.68313312 -38.98968963 -11.10061752 -71.77279469 -69.44398308 -60.54564045
-11.15064218 -71.09856131 -68.79836629 -59.97976139 -18.92589033 -67.09242820 -68.37811141 -38.87940967 -19.02570560 -67.04445546 -68.42946400 -38.90614540 -11.10321678 -71.37643999 -69.03779377 -60.18244774
-11.14764674 -70.45855045 -68.15027431 -59.39656781 -18.87101981 -66.53658218 -67.98943312 -38.74515221 -18.96470356 -66.60278647 -68.02478329 -38.77380606 -11.09931985 -70.73856551 -68.38971481 -59.60201980
-11.14234640 -69.99842673 -67.67421236 -58.97545386 -18.79991098 -66.29871325 -67.63238462 -38.64878921 -18.90094843 -66.33924012 -67.66886019 -38.67711678 -11.09409308 -70.27735361 -67.91377383 -59.18173204
-11.13433339 -69.46677507 -67.12774974 -58.48899745 -18.72370722 -65.99274651 -67.23232169 -38.53757509 -18.83086686 -66.03187732 -67.26812350 -38.56582708 -11.08552920 -69.74519754 -67.36758278 -58.69692387
-11.02779868 -66.22194058 -63.82889578 -55.54285786 -18.32948740 -64.52953888 -64.13264549 -37.96654916 -18.44297510 -64.55573458 -64.23183693 -37.98915979 -10.98471589 -66.50384401 -64.07447194 -55.75460588
-11.03218949 -66.10978148 -63.70696966 -55.43662257 -18.30667553 -64.36756167 -64.18916387 -37.92010458 -18.42688381 -64.39155677 -64.28918617 -37.94273605 -10.98736350 -66.39026088 -63.95247116 -55.64890093
-11.03137871 -65.93821134 -63.52866359 -55.27883842 -18.28130735 -64.16304843 -64.21383626 -37.86214451 -18.40321526 -64.18550558 -64.31339031 -37.88514248 -10.98656802 -66.21818965 -63.77432977 -55.49176013
