0.00000000 0.00000000 0.00000000 0.00000000 0.00000000 0.00000000 0.00000000 0.00000000 0.00000000 0.00000000 0.00000000 0.00000000 0.00000000 0.00000000 0.00000000 0.00000000
2.84256933 3.03671995 3.37110099 2.92326532 -1.98208307 -9.83400981 -10.92680160 -14.39753179 -22.57327463 -1.90456403 0.70950629 -10.37044886 -9.84692384 -7.14528079 -6.88319788 -17.44748809
1.92312809 1.03231446 1.61842791 2.06081380 -11.49954170 -15.56992180 -15.85929184 -24.73466625 -28.67859135 -7.63170936 -4.31648168 -16.93157784 -14.12693182 -9.14590246 -8.62945114 -24.63791046
0.99901316 -1.02673776 -0.20378933 1.14293121 -20.18749851 -21.00084803 -20.97715157 -32.72054393 -34.67211613 -13.31628539 -9.53073981 -23.34425956 -18.42647888 -11.19171469 -10.44304967 -31.89056865
0.07961079 -3.06140991 -2.00615113 0.22925526 -28.60923460 -26.36616646 -26.01666810 -40.48681564 -40.52510980 -18.92943404 -14.67762878 -29.56155533 -22.62864773 -13.21052614 -12.23307470 -38.90401147
-0.83596846 -5.07628259 -3.79123018 -0.68139332 -36.79938286 -31.67728975 -31.00650532 -48.04727574 -46.25753030 -24.48346655 -19.77126089 -35.60069354 -26.74848723 -15.20806587 -14.00377736 -45.70496723
-1.73034339 -6.74095051 -5.55483638 -1.58268977 -44.81103772 -36.82334995 -35.96158980 -55.37498332 -51.85530953 -30.00553220 -24.82883219 -41.47412095 -30.80295486 -17.19563459 -15.76254155 -52.30285800
-2.58622035 -8.40107624 -7.31216575 -2.44723368 -52.61323081 -41.64893655 -40.80366738 -62.44408382 -57.28118977 -35.49254254 -29.86224281 -47.18131562 -34.80415873 -19.18308554 -17.51438471 -58.70234171
-3.38673013 -10.15915664 -8.95867771 -3.24611364 -60.13376021 -46.12961771 -45.39575460 -69.28354104 -62.65155954 -40.51987495 -34.93156683 -52.75007336 -38.81525226 -21.09314293 -19.28144386 -64.95925684
-4.08018380 -11.95009673 -10.63631864 -3.94662960 -67.20500963 -50.49333512 -49.61159968 -75.89122217 -68.03932552 -45.36558310 -39.87127575 -58.17935654 -42.86066389 -23.03260699 -21.08097405 -71.09384713
-4.51260332 -13.77832057 -12.42218855 -4.49188538 -73.88875388 -54.48548296 -53.79922115 -82.26927798 -73.44287005 -49.95838252 -44.56367963 -63.44013586 -46.95227523 -24.90573059 -22.83920064 -77.10288706
-4.82385611 -15.57256137 -14.22238705 -4.85760320 -80.11863667 -58.52699838 -57.63861244 -88.42393771 -78.79292700 -54.50676837 -48.98437273 -68.49762199 -50.99362820 -26.81380541 -24.54533121 -82.98327155
-5.07380716 -17.31592216 -15.92748813 -5.15085862 -86.08884989 -62.16938477 -61.52502156 -94.35738193 -84.01353046 -58.70549644 -53.39309153 -73.27255926 -55.03218892 -28.62494304 -26.27087114 -88.67380681
-5.26562539 -18.94030606 -17.58917729 -5.38648319 -91.79947379 -65.86219292 -65.06648617 -100.11622934 -89.10922067 -62.94835674 -57.44041070 -77.86669271 -59.04496765 -30.42063493 -27.89000795 -94.22775385
-5.42153467 -20.51719663 -19.13844211 -5.58284781 -97.24565251 -69.57695946 -68.56716625 -105.64754536 -94.05507158 -66.93071692 -61.45342432 -82.20643767 -62.96912952 -32.21459672 -29.49883995 -99.56066827
-5.55833033 -21.98213805 -20.65409307 -5.75773496 -102.51858658 -72.96006310 -72.10121157 -110.98801313 -98.83729884 -70.69183952 -65.39105766 -86.35173567 -66.85209140 -33.88510449 -31.11602839 -104.69335589
-5.68692677 -23.37884929 -22.03083863 -5.93265125 -107.66543180 -76.30861451 -75.52774217 -116.13902136 -103.38001319 -74.49431620 -68.96873254 -90.30794677 -70.66443230 -35.53170731 -32.61382062 -109.64679945
-5.81460194 -24.75242925 -23.39478772 -6.10013947 -112.56398632 -79.63410808 -78.73494892 -121.08726049 -107.69051067 -78.28044794 -72.48665070 -94.03345083 -74.35246720 -37.16499090 -34.07987030 -114.37914333
-5.93671101 -25.96509743 -24.67508108 -6.26630047 -117.21504224 -82.90729271 -81.89666565 -125.82323228 -111.85046673 -81.97626136 -75.96021743 -97.55469480 -77.92994044 -38.79075518 -35.53570476 -118.86567703
-6.06380713 -27.13611639 -25.84170313 -6.43849019 -121.69856754 -86.16375851 -85.03277675 -130.35786329 -115.88141300 -85.37488254 -79.41198972 -100.87319410 -81.41950740 -40.29819603 -36.98567999 -123.12343769
-6.18879697 -28.28167023 -26.98676245 -6.61490844 -126.00371913 -89.33844454 -88.19767730 -134.66518651 -119.73154546 -88.72489768 -82.62261555 -103.97238194 -84.78898564 -41.73231249 -38.33143373 -127.13593550
-6.32223208 -29.40351017 -28.11334907 -6.79985603 -130.13197905 -92.26510230 -91.32936711 -138.75092069 -123.41234601 -92.03222780 -85.61895253 -106.86644310 -88.05475421 -43.13643535 -39.60244107 -130.90707875
-6.46506085 -30.42132459 -29.20490209 -6.99159721 -134.04105908 -95.12279439 -94.36974046 -142.61389959 -126.93420395 -95.27003153 -88.55826526 -109.55762338 -91.21058654 -44.51267208 -40.85618713 -134.43417669
-6.61610724 -31.36402993 -30.15489021 -7.19279621 -137.73389010 -97.92003302 -97.14467344 -146.26575494 -130.29037162 -98.46228514 -91.47533470 -112.06425792 -94.25403405 -45.86687269 -42.09208076 -137.70776322
-6.76340790 -32.26278805 -31.06423222 -7.40197027 -141.17720371 -100.62816710 -99.84120109 -149.67360808 -133.45765786 -101.58079851 -94.32365436 -114.35597162 -97.16647095 -47.18454780 -43.28500885 -140.71313054
-6.90943071 -33.11081388 -31.91958779 -7.61758999 -144.37019644 -103.21178251 -102.52235894 -152.83678602 -136.42317741 -104.59886365 -97.01936642 -116.42755502 -99.94473475 -48.45425229 -44.42629438 -143.44850624
-7.05839990 -33.89555007 -32.71011736 -7.83437906 -147.32323167 -105.67071012 -105.03535371 -155.78207789 -139.20017180 -107.45907119 -99.56776928 -118.25947724 -102.58727931 -49.61660292 -45.50761500 -145.91109367
-7.20935508 -34.65240174 -33.45950205 -8.06098699 -150.05376855 -108.04305304 -107.42559190 -158.50098716 -141.83344810 -110.18048285 -102.10738083 -119.91160892 -105.11197396 -50.69335376 -46.52299650 -148.13598673
-7.35303266 -35.34474306 -34.13246862 -8.28917137 -152.47559441 -110.27211191 -109.62558289 -160.95380358 -144.24474994 -112.68199882 -104.43628035 -121.31799797 -107.43581632 -51.68925979 -47.42646173 -150.06319344
-7.47914594 -35.90787546 -34.65802765 -8.52996551 -154.60263156 -112.33265776 -111.57489182 -163.10217902 -146.43855252 -114.90802218 -106.41389756 -122.47987557 -109.55399426 -52.57260198 -48.18936448 -151.69261351
-7.64450033 -36.38571331 -35.07115452 -8.74765572 -156.40211377 -113.55742847 -113.28052357 -164.93272041 -148.33677496 -116.61498740 -108.20787600 -123.42912770 -111.43186721 -53.35016634 -48.84288090 -153.04542986
-7.76914787 -36.71550841 -35.35926278 -8.95993117 -157.67877613 -114.42403625 -114.62327663 -166.25631377 -149.72015277 -117.88476363 -109.53778185 -124.08683678 -112.84870768 -53.93728825 -49.30506487 -153.99881422
-7.88555073 -37.00320315 -35.59755714 -9.16710250 -159.36583416 -115.17319784 -115.82664961 -167.41721020 -151.05118383 -119.00899918 -110.72744577 -124.63598971 -114.06315517 -54.48076787 -49.72855486 -154.82076535
-8.01827380 -37.33912434 -35.86442247 -9.37541183 -160.06164463 -116.00511359 -117.08638557 -168.52246437 -152.24833707 -120.22352958 -111.93271774 -125.15424808 -115.42515846 -55.06111681 -50.18580971 -155.58897603
-8.14493664 -37.68033138 -36.13359089 -9.57757009 -160.69839522 -116.81059861 -118.30601472 -169.53760399 -153.36748633 -121.40221131 -113.09632625 -125.61701574 -116.72667299 -55.62424352 -50.63750140 -156.27783908
-8.26319463 -38.01164533 -36.38293725 -9.77507127 -161.27885825 -117.57637337 -119.50614550 -170.46603555 -154.41261402 -122.53051466 -114.27315453 -126.01425801 -117.97174139 -56.16402862 -51.06162658 -156.88266015
-8.37369297 -38.33081325 -36.62627779 -9.97538085 -161.82314349 -118.29521421 -120.76070128 -171.36460240 -155.42833352 -123.63064307 -115.50377807 -125.82947177 -119.17881915 -56.68923655 -51.47742974 -157.43537283
-8.48322301 -38.59243338 -36.83451302 -10.16900202 -162.29468986 -119.08376356 -121.93826312 -172.16537891 -156.34232563 -124.67720867 -116.64563045 -125.60933357 -120.29730096 -57.16857032 -51.85602973 -157.89941443
-8.59557987 -38.78578452 -37.04365180 -10.36329091 -162.72192714 -119.81207943 -123.10901077 -172.92959090 -157.15786527 -125.72069610 -117.77423160 -125.38782323 -121.37083544 -57.64045741 -52.23281572 -158.30513617
-8.69410401 -38.67258479 -37.19030553 -10.52290241 -163.03316784 -120.28010910 -124.06196607 -173.55723716 -157.77379500 -126.57043112 -118.66988255 -125.17875791 -122.24663572 -58.02326240 -52.52742200 -158.58059300
-8.78540361 -38.55549834 -37.30683879 -10.66427933 -163.25272501 -120.66667806 -124.88040923 -174.07071011 -158.26064362 -127.29589845 -119.42272260 -124.98393976 -122.98480122 -58.35062142 -52.77243901 -158.77853391
-8.86083935 -38.43540081 -37.36318064 -10.77898436 -163.36553957 -120.90739997 -125.48243587 -174.43277786 -158.56571932 -127.81095149 -119.92977403 -124.80677102 -123.51751778 -58.58466462 -52.93662073 -158.88776947
-8.92003594 -38.36149458 -37.34742328 -10.85595286 -163.34938635 -120.96172213 -125.80422748 -174.63833637 -158.63010127 -128.04397954 -120.13961783 -124.63580637 -123.79376520 -58.69809884 -52.98800656 -158.91000680
-8.96301161 -38.32132190 -37.26762693 -10.90287065 -163.25145363 -120.86454282 -125.89976123 -174.73010369 -158.53341402 -128.05124474 -120.16252892 -124.45671621 -123.88427334 -58.71078358 -52.93653382 -158.86950419
-8.99304569 -38.25928952 -37.11749928 -10.92492225 -163.10859982 -120.65433195 -125.82543689 -174.73647591 -158.31359274 -127.88239139 -120.06479180 -124.28304317 -123.81381753 -58.64690204 -52.80938982 -158.78392951
-8.99658342 -38.17001375 -36.96266822 -10.92035383 -162.60462559 -120.21313480 -125.39317890 -174.36548371 -157.73880010 -127.33123417 -119.55404680 -123.90758070 -123.31341248 -58.42900896 -52.54035829 -158.27707937
-9.00535552 -38.07042645 -36.82333338 -10.90853445 -161.69717984 -119.56437285 -124.82615135 -173.61711033 -156.92783064 -126.64389160 -118.91022487 -123.29542668 -122.59606868 -58.16294346 -52.24195191 -157.39708610
-9.01696415 -37.95365889 -36.68779055 -10.94146175 -160.43863902 -118.75698675 -124.12350230 -172.52652924 -155.90007961 -125.80273456 -118.13177320 -122.44788876 -121.68433251 -57.85081297 -51.91133768 -156.19771899
-9.03934283 -37.77972974 -36.51084058 -10.97214698 -158.36154073 -117.61148381 -122.94818494 -170.62078765 -154.29523744 -124.46963803 -117.04412713 -121.06751002 -120.25676409 -57.43094292 -51.50019255 -154.24438706
-9.05816521 -37.52898679 -36.26597232 -11.00709768 -155.62789492 -116.17001901 -121.43916528 -168.04389402 -152.22551083 -122.78574638 -115.45025518 -119.20799054 -118.40108363 -56.89258380 -51.01440731 -151.69163379
-9.07409967 -37.23866525 -35.98733362 -11.04927701 -152.54807895 -114.57926799 -119.75267273 -165.11852438 -149.90703231 -120.91597737 -113.58718439 -117.05826259 -116.31858830 -56.28883111 -50.49279872 -148.83496386
-9.07907376 -37.10763364 -35.88011090 -11.14567574 -150.54950487 -113.52818232 -118.63067272 -163.29407618 -148.34459998 -119.68127660 -112.32941018 -115.63253215 -114.98922252 -55.91084106 -50.17689704 -147.01041044
-9.06898080 -36.91612290 -35.71406354 -11.21523154 -148.16289220 -112.29490901 -117.31498327 -161.09254782 -146.50431569 -118.23494625 -110.86676077 -113.92943408 -113.39425517 -55.44986034 -49.79275557 -144.80959364
-9.07705919 -36.58565068 -35.45636347 -11.29220586 -145.15612764 -110.73571559 -115.67432080 -158.27633155 -144.20473934 -116.42192925 -109.05984866 -111.77224710 -111.33910376 -54.83082995 -49.27870756 -141.96821957
-9.09681432 -36.39056790 -35.31996610 -11.36160072 -142.91575749 -109.55181934 -114.43826541 -156.08815701 -142.45356805 -115.03841566 -107.66340510 -110.15435936 -109.78661559 -54.37627266 -48.89471913 -139.91262760
-9.10626682 -36.13661074 -35.12446030 -11.41260029 -140.22185373 -108.13050350 -112.98939087 -153.46708265 -140.38712477 -113.42859858 -105.99080937 -108.22748444 -107.92843646 -53.75719998 -48.41317228 -137.43436255
-9.16158363 -36.16802008 -35.17926615 -11.40731439 -139.21453185 -107.53800114 -112.37715345 -152.43001283 -139.51847833 -112.77230288 -105.33374139 -107.50545168 -107.19248493 -53.50377845 -48.19872830 -136.50524607
-9.20816921 -36.32304842 -35.37688119 -11.42806123 -139.20471971 -107.45643385 -112.28502049 -152.38171841 -139.43935130 -112.69966924 -105.27652003 -107.48198205 -107.15681293 -53.47931870 -48.17315767 -136.51217264
-9.22710604 -36.41759779 -35.58069242 -11.46631377 -139.40790127 -107.51405222 -112.33272216 -152.57464344 -139.58910167 -112.77992020 -105.35027143 -107.62560509 -107.30016379 -53.51490107 -48.20406568 -136.73452732
-9.24201657 -36.46537758 -35.68168274 -11.49392277 -139.48669363 -107.52862442 -112.34457790 -152.65088171 -139.65825429 -112.80385335 -105.36758493 -107.68867229 -107.36674643 -53.52892025 -48.21822595 -136.84343248
-9.25344479 -36.47268503 -35.68314842 -11.50130279 -139.33687155 -107.45287535 -112.26028862 -152.50068197 -139.55238218 -112.71532474 -105.26819449 -107.59751702 -107.28058003 -53.49767872 -48.19185858 -136.73995453
-9.25603957 -36.43440263 -35.63676963 -11.49175394 -138.93809415 -107.23171208 -112.04462392 -152.08154643 -139.30042534 -112.48205013 -105.01769378 -107.32031764 -107.01454607 -53.40876324 -48.11324539 -136.38683645
-9.26989533 -36.12313872 -35.29661890 -11.37577219 -136.55666149 -106.05212442 -110.83039575 -149.66229952 -137.60956270 -111.10290730 -103.62792709 -105.63859888 -105.35294376 -52.88952674 -47.65670982 -134.17531773
-9.29021442 -36.18289200 -35.36096490 -11.40769478 -136.94279679 -106.23201227 -111.01454039 -150.05216036 -137.87387484 -111.31886657 -103.83836532 -105.92178863 -105.63983668 -52.97481489 -47.73183842 -134.56114875
-9.29365394 -36.17881212 -35.35472389 -11.41524371 -136.83476805 -106.17069761 -110.95709843 -149.95420194 -137.82018284 -111.25330379 -103.77027489 -105.86019952 -105.58334142 -52.95228106 -47.71274782 -134.48928086
-9.28965835 -36.16341359 -35.33869235 -11.41846159 -136.65786661 -106.07854428 -110.86692445 -149.78683775 -137.72033297 -111.14951049 -103.66386054 -105.75037536 -105.47797673 -52.91476179 -47.68076002 -134.35183643
-9.28697525 -36.13791341 -35.31008902 -11.41554411 -136.39386744 -105.95071976 -110.73457964 -149.53296597 -137.54771962 -110.99787095 -103.50843788 -105.58134120 -105.31314418 -52.85852072 -47.63100527 -134.13057760
-9.32068675 -35.95059580 -35.10884292 -11.35356632 -134.96358808 -105.29368502 -110.02185813 -148.11757986 -136.39921042 -110.17912061 -102.68951717 -104.59667048 -104.33093779 -52.55018142 -47.35556719 -132.82123970
-9.33214623 -35.96156330 -35.12472289 -11.36685187 -135.03661948 -105.33909711 -110.06134256 -148.20868360 -136.42811516 -110.23021783 -102.73194435 -104.66722986 -104.39702810 -52.56756049 -47.37043295 -132.91213930
-9.32599195 -35.93030794 -35.09624271 -11.36179716 -134.83098966 -105.23986143 -109.96096411 -148.01474873 -136.28344045 -110.12103360 -102.61426960 -104.53549816 -104.26587987 -52.52228076 -47.32965298 -132.72869069
-9.31771970 -35.87419549 -35.03984636 -11.34676915 -134.42652684 -105.05580049 -109.76462237 -147.62780675 -135.99798835 -109.89732504 -102.38751828 -104.26845561 -103.99634951 -52.43388208 -47.25128748 -132.36207615
-9.30634819 -35.82090207 -34.98898999 -11.33613509 -134.07074580 -104.88564974 -109.59181483 -147.28831606 -135.76319590 -109.69799429 -102.18598795 -104.03342162 -103.75977571 -52.35519467 -47.18203938 -132.03761491
-9.29343097 -35.75806452 -34.92785625 -11.32090129 -133.65124024 -104.68035814 -109.38541861 -146.87918787 -135.48255428 -109.46022032 -101.94295364 -103.75119683 -103.47570666 -52.26092433 -47.09914326 -131.64898043
-9.28118282 -35.69932308 -34.87193033 -11.30889379 -133.26674492 -104.49753186 -109.20238125 -146.51139139 -135.22649375 -109.24545686 -101.71811462 -103.49772248 -103.21913007 -52.17602096 -47.02467516 -131.29766537
-9.26871762 -35.63832767 -34.81364922 -11.29652676 -132.87291690 -104.31028041 -109.01374008 -146.13453550 -134.96340318 -109.02484367 -101.48933357 -103.23617267 -102.95563611 -52.08898958 -46.94829565 -130.93624704
-9.25750614 -35.56272595 -34.73805484 -11.27652285 -132.36566661 -104.07021758 -108.76561379 -145.64160099 -134.61430407 -108.73750600 -101.19590489 -102.89383427 -102.61197405 -51.97710398 -46.84941086 -130.46784036
-9.24448542 -35.50022613 -34.67786036 -11.26398104 -131.96475470 -103.87963582 -108.57280468 -145.25799251 -134.34661164 -108.51013221 -100.96366501 -102.62728916 -102.34349071 -51.88830874 -46.77130452 -130.09953567
-9.23092967 -35.43663530 -34.61632981 -11.25115360 -131.55579926 -103.68595267 -108.37810062 -144.86645913 -134.07339848 -108.27701888 -100.72279896 -102.35593020 -102.06956120 -51.79778942 -46.69218801 -129.72419864
-9.22087170 -35.34236762 -34.52537795 -11.23133511 -130.94636743 -103.39436037 -108.09404609 -144.27529964 -133.65231560 -107.92639219 -100.32894979 -101.94380494 -101.65429037 -51.66575165 -46.57952799 -129.16137842
-9.20648285 -35.27705556 -34.46173698 -11.21822946 -130.52654470 -103.19742922 -107.89603934 -143.87295907 -133.37157652 -107.68618636 -100.07333908 -101.66313022 -101.37318977 -51.57349833 -46.49973090 -128.77506887
-9.19181164 -35.21057582 -34.39721142 -11.20458397 -130.10041510 -102.99783024 -107.69408614 -143.46397018 -133.08579475 -107.44028892 -99.81368964 -101.37763211 -101.08726229 -51.47968349 -46.41886212 -128.38225300
-9.17680535 -35.14272894 -34.33105269 -11.19030748 -129.66917596 -102.79746717 -107.48961141 -143.04973880 -132.79658619 -107.18893800 -99.55311461 -101.08857967 -100.79794014 -51.38469915 -46.33633560 -127.98456354
-9.16138663 -35.07374471 -34.26319134 -11.17545153 -129.23292953 -102.59669600 -107.28250640 -142.63066663 -132.50429135 -106.93188425 -99.29136963 -100.79608922 -100.50529281 -51.28870501 -46.25278676 -127.58224782
-9.14449591 -34.99426786 -34.18565138 -11.15760587 -128.73831602 -102.38063340 -107.04745209 -142.15407111 -132.17435018 -106.62575765 -99.00174650 -100.46244800 -100.17395312 -51.18022301 -46.15835676 -127.12584117
-9.12590186 -34.90161556 -34.09576821 -11.13760203 -128.16383706 -102.13788703 -106.76546322 -141.60103188 -131.78925849 -106.26178030 -98.66958016 -100.07240436 -99.78844856 -51.05431854 -46.04772015 -126.59454735
-9.08961186 -34.66800982 -33.87103388 -11.10062021 -126.72264435 -101.47634916 -106.08287196 -140.22242941 -130.77890556 -105.40641023 -97.74060740 -99.09164398 -98.81687948 -50.73820214 -45.76360787 -125.25940701
-9.05572701 -34.43214917 -33.64066904 -11.05426021 -125.23225368 -100.84226132 -105.28929270 -138.78232072 -129.73849868 -104.43056364 -96.89070142 -98.06601377 -97.80602395 -50.41005144 -45.46667483 -123.87001235
-9.02006654 -34.18603373 -33.42570355 -11.02293485 -123.69424499 -100.13366331 -104.35971766 -137.32324172 -128.64663947 -103.51166343 -96.01683078 -97.01967256 -96.76111762 -50.06754622 -45.15324390 -122.42977703
-9.00183686 -34.03063449 -33.28171271 -11.00783118 -122.45194909 -99.62242959 -103.94984357 -136.15440801 -127.79654510 -102.80588754 -94.57601380 -96.17723086 -95.94668894 -49.83580170 -45.01822100 -121.30117075
-8.98646180 -33.97288108 -33.22583020 -10.99143627 -122.12071182 -99.48666671 -103.78005930 -135.83280532 -127.57942204 -102.57449885 -94.42120026 -95.95765681 -95.72346684 -49.76388238 -44.94857117 -120.99471458
-8.97031863 -33.90183562 -33.15847654 -10.97178421 -121.68183745 -99.32516728 -103.55304162 -135.40606342 -127.29001221 -102.21499399 -94.21332435 -95.66441447 -95.43156047 -49.67715098 -44.86183401 -120.58677354
-8.95032260 -33.70535825 -32.96959923 -10.92894539 -120.22093790 -98.83561225 -102.84897452 -133.97159909 -126.29244839 -100.69794547 -93.44248412 -94.65723379 -94.48135693 -49.44690482 -44.60654508 -119.21116333
-8.93478732 -33.64858671 -32.92316266 -10.91584864 -119.89561025 -98.68392765 -102.61787098 -133.66393424 -126.07380322 -100.55019281 -93.27358253 -94.44683328 -94.25819188 -49.36280817 -44.53797587 -118.91037312
-8.91053313 -33.42214437 -32.85252736 -10.90803497 -118.01812746 -97.81182924 -100.62610401 -131.84003588 -124.75513450 -99.53985332 -92.57553753 -93.23053027 -93.00966929 -48.94950125 -44.19065997 -117.16021500
-8.89686036 -33.39496152 -32.80395268 -10.89174220 -117.95501366 -97.77757246 -100.73509358 -131.78697843 -124.72176660 -99.50120097 -92.48032968 -93.18669573 -92.95852386 -48.92284305 -44.16854804 -117.10132668
-8.88246324 -33.34622531 -32.74848513 -10.87451795 -117.70062423 -97.63176419 -100.65890712 -131.53920612 -124.55407348 -99.35551637 -92.31457409 -93.01258539 -92.77884420 -48.85417821 -44.11054380 -116.86137449
-8.85947721 -33.06272027 -32.42529075 -10.79683597 -115.55053025 -96.27445910 -99.60039263 -129.37696169 -123.00589266 -98.03059765 -91.08934245 -91.46969243 -91.27884560 -48.31947745 -43.64565398 -114.80919764
-8.84681497 -33.03572792 -32.40321598 -10.78797869 -115.46510356 -96.23681639 -99.57412994 -129.29661272 -122.96100388 -97.99227925 -91.03352296 -91.41817033 -91.21746738 -48.29458769 -43.62516393 -114.72987082
-8.83406998 -33.00844425 -32.38052762 -10.77881607 -115.37311743 -96.19333543 -99.54453309 -129.20958529 -122.91146140 -97.95041424 -90.97445396 -91.36236551 -91.15164688 -48.26826028 -43.60322159 -114.64366948
-8.82131910 -32.97895249 -32.35571188 -10.76903457 -115.25847482 -96.14169269 -99.50497667 -129.09991299 -122.84546764 -97.88120997 -90.90279550 -91.29094462 -91.07134856 -48.23918256 -43.57706746 -114.53586017
-8.80582947 -32.92316397 -32.30307474 -10.75287174 -114.95385536 -95.99106242 -99.36757479 -128.80273772 -122.63979939 -97.69267738 -90.72379139 -91.08610256 -90.86074055 -48.16406018 -43.51043385 -114.24996172
-8.78977071 -32.86355130 -32.24634623 -10.73571202 -114.61710020 -95.82005349 -99.21506449 -128.47413633 -122.41089827 -97.48500780 -90.52816978 -90.86002374 -90.62776860 -48.08086247 -43.43595488 -113.93219950
-8.77257410 -32.78835894 -32.17535563 -10.71647856 -114.18997242 -95.60238111 -99.01668676 -128.05836225 -122.11492403 -97.22271165 -90.28455308 -90.57519707 -90.33299760 -47.97673142 -43.33871086 -113.53016832
-8.74401024 -32.64850631 -32.05112027 -10.69313560 -113.39474162 -95.20013263 -98.62253302 -127.29606713 -121.55239438 -96.74191201 -89.84618481 -90.06750036 -89.78923239 -47.78319673 -43.17461987 -112.76806917
-8.71681056 -32.50476835 -31.91886208 -10.66517686 -112.53103005 -94.75531456 -98.18173228 -126.44850562 -120.93623197 -96.21863404 -89.38593029 -89.47317795 -89.19714197 -47.57626829 -42.92551200 -111.96708260
-8.72295820 -32.43985305 -31.64407725 -10.59178903 -109.95546332 -92.05225845 -96.90236242 -123.83612805 -119.10125324 -95.03377667 -88.09917753 -87.65911360 -87.44963277 -46.98158439 -42.42726497 -109.46169623
-8.68740837 -32.25212457 -31.51222990 -10.56678636 -108.95965179 -91.70796666 -96.44921824 -122.89640382 -118.38784584 -94.42957326 -87.61736543 -87.09596753 -86.77561197 -46.68690161 -42.14582858 -108.28119079
-8.67190276 -32.20819927 -31.49219835 -10.55335741 -108.92146043 -91.80112184 -96.43237665 -122.85543032 -118.37485996 -94.35766243 -87.57475825 -87.07387409 -86.73656984 -46.67486318 -42.13376602 -108.25656273
-8.58430098 -30.65402005 -30.13411040 -10.39539060 -97.85558832 -86.74239450 -91.02198333 -112.12924745 -110.37721935 -88.25813304 -83.37684320 -79.61951230 -79.21863623 -43.35565235 -35.22966423 -97.56750497
-8.57093582 -30.57879556 -30.05844092 -10.36409069 -97.34890847 -86.50514450 -90.75643268 -111.60673564 -110.03264354 -87.95840508 -83.09950997 -79.26191493 -78.76938260 -43.22754200 -35.12217063 -97.09212207
-8.56084030 -30.49766921 -29.97123636 -10.32661218 -96.76658602 -86.23142517 -90.44763388 -110.99271653 -109.63778575 -87.61784226 -82.77874322 -78.84004776 -78.22783523 -43.07457407 -34.99665537 -96.53381144
-8.55159353 -30.43438769 -29.90242399 -10.29640880 -96.31257544 -86.02286537 -90.20415956 -110.50598559 -109.33273628 -87.35503135 -82.52710736 -78.50599471 -77.77914975 -42.95312929 -34.89809493 -96.08934435
-8.53533190 -30.37881237 -29.85352377 -10.27694509 -96.01549371 -85.88355146 -90.04485986 -110.20840450 -109.12309591 -87.16865490 -82.35910961 -78.30477538 -77.58049163 -42.88416383 -34.83364572 -95.81661074
-8.51924791 -30.32370317 -29.80467071 -10.25707617 -95.72066085 -85.74429844 -89.87511987 -109.91112164 -108.91204590 -86.98294292 -82.19086651 -78.10377553 -77.38124359 -42.81523451 -34.76930451 -95.54372255
-8.50362115 -30.26919794 -29.75566103 -10.23611776 -95.43260573 -85.60474973 -89.70532537 -109.61384677 -108.70150951 -86.79893015 -82.02261589 -77.90352209 -77.18226962 -42.74671719 -34.70506081 -95.27187389
-8.49343946 -30.11252644 -29.60591749 -10.20710383 -94.56952521 -85.14304533 -89.19353726 -108.67090656 -108.01577703 -86.24900674 -81.51872901 -77.24768795 -76.54128600 -42.52968913 -34.50602548 -94.42151676
-8.48733252 -29.98155685 -29.48490453 -10.18445817 -94.08799180 -84.89620257 -88.91169666 -108.14754399 -107.62821241 -85.93661892 -81.23977197 -76.88874907 -76.17709078 -42.40968742 -34.39730161 -93.94072119
-8.46514496 -29.80537167 -29.32214761 -10.15030652 -93.07779559 -84.37386417 -88.32657379 -107.15533603 -106.83890064 -85.30884948 -80.67576107 -76.09430262 -75.45257452 -42.16279525 -34.17360257 -92.91734724
-8.44844059 -29.62267373 -29.14990885 -10.11504350 -91.97220258 -83.80436510 -87.67595302 -106.04752525 -105.95994060 -84.62808894 -80.03821953 -75.23240886 -74.64969540 -41.89265251 -33.92659543 -91.80790168
-8.47968999 -29.45221787 -29.12050310 -10.08195356 -91.45120814 -83.52081415 -87.36988003 -105.48299096 -105.51884740 -84.29490952 -79.67976663 -74.83191091 -74.25546651 -41.76084433 -33.80883981 -91.26911291
-8.59205566 -27.93199081 -27.50319811 -10.02046449 -86.67283592 -81.25004488 -84.87321795 -100.68148248 -101.73382489 -81.50293271 -77.14889237 -71.32801686 -70.88678240 -40.66649028 -32.81655006 -86.61054187
-8.62982106 -28.02073368 -27.60043378 -10.03212975 -86.51261667 -81.14265734 -84.73851193 -100.59073239 -101.58714791 -81.39967352 -77.04675471 -71.18197737 -70.78160541 -40.62236952 -32.77638088 -86.44784125
-8.67815086 -28.07379940 -27.68893682 -10.08492020 -86.02126842 -80.88295821 -84.39267651 -100.01162225 -101.18101547 -81.08922762 -76.81400820 -70.87237267 -70.45495705 -40.51331128 -32.67898071 -86.02484291
-8.69838234 -28.09066485 -27.73414599 -10.08608772 -85.71233011 -80.73065803 -84.21265634 -99.61865267 -100.94166700 -80.92720334 -76.66875686 -70.71279502 -70.27192293 -40.42585297 -32.61763807 -85.78277442
-8.78698519 -27.78749562 -27.44006348 -9.98925506 -83.26825615 -79.46887808 -82.91631235 -97.41277191 -98.99794618 -79.54373293 -75.30384025 -68.64074056 -68.63616645 -39.86304197 -32.13359001 -83.55529883
-8.79438880 -27.80141752 -27.46335083 -9.96959737 -83.46920780 -79.58096419 -83.01256205 -97.62580336 -99.15425049 -79.67027729 -75.42619727 -68.90353317 -68.79290536 -39.89921194 -32.17065410 -83.72760832
-8.79917296 -27.76464797 -27.44791643 -9.94316603 -83.32606155 -79.47519739 -82.93904625 -97.50742281 -99.04825794 -79.60715829 -75.34996749 -68.86380207 -68.71552460 -39.85729174 -32.14077175 -83.60353205
-8.80784742 -27.73037838 -27.42385975 -9.92204019 -83.16123772 -79.39638812 -82.85733377 -97.36825569 -98.92341402 -79.52601596 -75.25772484 -68.77746527 -68.62289723 -39.81443850 -32.10898375 -83.47172712
-8.80957735 -27.70934660 -27.40566185 -9.90004300 -83.02184554 -79.30039134 -82.78970626 -97.24860517 -98.82497556 -79.46662480 -75.18158790 -68.70670051 -68.54723944 -39.77842945 -32.08223730 -83.35905855
-8.80036572 -27.66925189 -27.38250140 -9.88020377 -82.83282951 -79.19360324 -82.69514632 -97.06546410 -98.67467437 -79.37750072 -75.08710621 -68.62864107 -68.41429338 -39.68439841 -32.02358332 -83.10614118
-8.79014439 -27.58457132 -27.30319927 -9.78668527 -82.36886053 -78.89229962 -82.41097968 -96.54604519 -98.28570886 -79.07820427 -74.77044283 -68.29258894 -68.04991502 -39.56480978 -31.91190936 -82.64229463
-8.78368569 -27.54828563 -27.27140698 -9.71226366 -82.21380035 -78.78852386 -82.32126395 -96.36893230 -98.15209883 -78.98440889 -74.66540770 -68.19114918 -67.89808973 -39.51673732 -31.87517648 -82.47924469
-8.77984177 -27.47239898 -27.18659446 -9.65010121 -81.72817918 -78.48833942 -82.03513055 -95.82478648 -97.75089916 -78.72091904 -74.35429129 -67.83135640 -67.52412481 -39.26689872 -31.74859920 -81.97752856
-8.76777287 -27.17303495 -26.82490403 -9.37363233 -79.79085105 -77.29480522 -80.92183446 -93.75145368 -96.10747728 -77.52936765 -73.12621406 -66.30628176 -66.00842113 -38.72168283 -31.27385745 -79.97913868
-8.76165424 -27.08741275 -26.72993670 -9.23018103 -79.25644233 -76.99702493 -80.67265690 -93.27027483 -95.66092548 -77.23966589 -72.81704966 -65.79356634 -65.61619013 -38.54932239 -31.15595394 -79.43751251
-8.74828868 -26.97302957 -26.63656842 -9.24030432 -78.58731601 -76.61057245 -80.33512192 -92.60693682 -95.09742736 -76.85315699 -72.39820703 -65.07928199 -65.11875457 -38.35655929 -31.00196519 -78.76725647
-8.74045588 -26.82466893 -26.51171380 -9.25649148 -77.71832643 -76.12220400 -79.90061134 -91.73806395 -94.38327946 -76.34399548 -71.86406403 -64.22519448 -64.49522649 -38.13016372 -30.80405020 -77.92918195
-8.75384768 -26.70819542 -26.40686427 -9.26808770 -77.06477898 -75.76959492 -79.56688157 -91.05721727 -93.85847043 -75.96153166 -71.46217082 -63.78120573 -64.06097418 -37.97424083 -30.64562086 -77.32760359
-8.77925250 -26.50095848 -26.18199756 -9.22067067 -75.72489092 -75.04159884 -78.84605139 -89.66452906 -92.75661773 -75.13096328 -70.63229271 -62.93124948 -63.15154258 -37.68624261 -30.31758499 -76.08823349
-8.79497804 -26.47294099 -26.15558344 -9.20116050 -75.59049775 -74.98416222 -78.78209521 -89.53571048 -92.65239443 -75.05086560 -70.52307285 -62.97865406 -63.09442677 -37.69629687 -30.28239115 -75.98468136
-8.67302438 -26.15787254 -25.80571398 -9.07360246 -73.42601432 -73.86724624 -77.64452966 -87.38707891 -90.93601492 -73.69678694 -69.23308913 -61.58668408 -61.67040722 -37.20291862 -29.77216533 -73.98919471
-8.68255278 -26.17810109 -25.81964269 -9.06600112 -73.48893706 -73.93631058 -77.71080177 -87.49288379 -91.01313317 -73.76928192 -69.25855019 -61.74582912 -61.76331470 -37.23036835 -29.79365445 -74.09655377
-8.30688127 -26.07915871 -25.78330955 -9.04775209 -73.13156400 -73.83365395 -77.58193314 -87.15383457 -90.81476208 -73.61810817 -69.06673726 -61.52823722 -61.60051462 -37.16726208 -29.73126824 -73.78501396
-8.31526542 -26.09673013 -25.78420753 -9.03262165 -73.09584887 -73.85335406 -77.59844617 -87.15048543 -90.83098561 -73.63519157 -69.03954375 -61.54863563 -61.57654766 -37.16962613 -29.73300027 -73.79428999
-8.30208215 -26.00548722 -25.68664147 -9.00687847 -72.45440193 -73.54081129 -77.30658113 -86.55859520 -90.35303861 -73.26661443 -68.60434143 -61.14457503 -61.13568000 -37.00422191 -29.59158017 -73.23274089
-8.28963412 -26.00298520 -25.68035529 -8.99590994 -72.36650279 -73.52634593 -77.27693322 -86.51669084 -90.30651439 -73.24052124 -68.58915694 -61.13010584 -61.12609978 -36.99259885 -29.57854801 -73.19023314
-8.27921362 -25.95829239 -25.65950406 -8.98101860 -72.14819596 -73.43599495 -77.17558994 -86.33966344 -90.16086296 -73.12721482 -68.49109218 -61.01557653 -61.01555058 -36.94498252 -29.53565142 -73.02100730
-8.26193910 -25.88934562 -25.61824407 -8.97770006 -71.92287432 -73.34750551 -77.07862967 -86.16509958 -90.01775019 -73.01162355 -68.38560646 -60.89654295 -60.88763596 -36.89450968 -29.49600229 -72.84384746
-8.21876625 -25.70150683 -25.39688721 -8.93567617 -70.75431848 -72.75112255 -76.53839194 -85.07513689 -89.15107465 -72.30472145 -67.59063878 -60.08883545 -60.11132689 -36.60187603 -29.24910950 -71.79803047
-8.19617820 -25.68512758 -25.38233132 -8.92235482 -70.60233469 -72.69752953 -76.47540893 -84.96798228 -89.07084104 -72.23461386 -67.52208023 -60.01557104 -60.03556001 -36.56949844 -29.22566692 -71.69153108
-8.17780447 -25.68257819 -25.37969568 -8.87846435 -70.54561755 -72.69517238 -76.46901232 -84.95108024 -89.06782747 -72.22601900 -67.51782948 -60.01865380 -60.02204325 -36.56155174 -29.22745403 -71.68277684
-8.16564131 -25.69390529 -25.39144532 -8.87883119 -70.57954648 -72.73873593 -76.50271878 -85.02282456 -89.13545496 -72.26819546 -67.55957979 -60.07758836 -60.06970804 -36.57496554 -29.24674014 -71.75003073
-8.15859871 -25.70011413 -25.39689840 -8.87746374 -70.58878367 -72.76874061 -76.52296195 -85.07082711 -89.18212185 -72.29210626 -67.58716148 -60.11746222 -60.09804629 -36.58147417 -29.26005133 -71.79302245
-8.15137805 -25.70127332 -25.39542092 -8.87325527 -70.56704744 -72.78312703 -76.52602216 -85.08782388 -89.20313908 -72.29323177 -67.59683719 -60.13360186 -60.10323359 -36.57949482 -29.26603881 -71.80547165
-8.14317028 -25.69061320 -25.38126209 -8.86414021 -70.47472044 -72.75902698 -76.48787373 -85.02971933 -89.16488571 -72.24156477 -67.56322650 -60.09498494 -60.05384390 -36.55802737 -29.25408219 -71.74643691
-8.12357290 -25.61578401 -25.30958903 -8.87210671 -69.99099694 -72.51386190 -76.23099767 -84.45572104 -88.80814963 -71.92040665 -67.30614935 -59.75807646 -59.71094583 -36.42912712 -29.14593851 -71.31834229
-8.10253891 -25.52660842 -25.22711569 -8.88891334 -69.40870250 -72.21890991 -75.91743930 -83.72090650 -88.37196880 -71.53248341 -66.99794650 -59.35734571 -59.29476469 -36.27797901 -29.01793167 -70.79613381
-8.07865311 -25.42042768 -25.13191984 -8.91073475 -68.71127668 -71.86786756 -75.54382755 -82.84130430 -87.84719727 -71.08125787 -66.63839871 -58.88862648 -58.79466813 -36.07648953 -28.86008553 -70.17171341
-8.05737999 -25.32280211 -25.04412978 -8.93094777 -68.07791929 -71.55155453 -75.20140973 -82.03143123 -87.36798675 -70.66367611 -66.29196317 -58.45859280 -58.33960729 -35.91293201 -28.71994165 -69.60247978
-8.03978318 -25.19812269 -24.94387451 -8.97902748 -67.26781626 -71.15098082 -74.76160898 -80.92096967 -86.74738578 -70.14616381 -65.84893581 -57.93067519 -57.76458698 -35.70889927 -28.54711953 -68.87689512
-8.02957987 -25.13042110 -24.86970435 -8.95962980 -66.84701644 -70.93949442 -74.53413494 -80.51130573 -86.42342268 -69.85069484 -65.53260504 -57.61637864 -57.45735021 -35.59511178 -28.44807184 -68.49041370
-8.02302649 -25.07542245 -24.80578373 -8.93623484 -66.48680689 -70.76148829 -74.34480662 -80.18944824 -86.14340478 -69.59658535 -65.20584403 -57.34032502 -57.19056503 -35.49789033 -28.36443679 -68.15853345
-7.98656558 -24.32989426 -23.99342450 -8.73254154 -62.17567862 -68.44230569 -71.88970813 -75.55970522 -82.52219508 -66.46739115 -62.31234470 -54.03947579 -53.91672170 -34.32827598 -27.28507850 -63.84457188
