0.00000000
143.52789676
250.18615022
346.73712640
440.13265667
530.38344791
617.02182828
699.71188151
777.98255324
851.78583877
920.84871312
985.40959457
1045.44625845
1101.01607614
1152.30454485
1199.46216569
1242.41775120
1280.98295414
1314.65909113
1342.74214662
1353.37686658
1358.33130281
1362.55044759
1365.89113810
1368.52874228
1370.52492082
1371.90574684
1372.66304500
1372.53535385
1365.39853522
1352.48621131
1337.11357681
1320.75927407
1300.31875610
1270.37819965
1234.35444745
1195.75395068
1154.25270345
1109.70782305
1063.57941986
1022.52036827
1016.58608147
1014.33499208
1011.56363009
1008.13033314
1004.16335856
999.33591562
993.96894024
988.18309575
981.92182233
975.36376343
969.07129838
963.43079210
957.58000535
951.49158056
945.53219950
939.83266438
934.24283309
928.96938181
923.64881921
917.78230825
911.29458365
904.69898009
897.70245132
890.33340888
882.46562270
874.21697281
865.36425989
856.60399939
847.36915532
838.54993950
830.21853986
821.74733430
814.05775302
806.43320021
798.61364047
790.08065028
782.93424323
775.94403037
768.85219467
761.87096787
755.32914896
749.31898699
743.76992760
738.73290866
733.88240154
729.05971559
724.32447529
719.61707626
714.96363584
710.25541127
705.52414761
700.76575917
695.98303445
691.15869977
686.26491647
681.45602074
676.71476719
672.04890524
667.45906097
663.08918799
658.64031866
654.26799987
649.72042129
644.88394722
639.65700673
633.99179313
629.57384732
624.97963890
620.09556690
614.92838400
610.09697094
605.82958483
600.05288271
595.20598109
591.20735475
586.75471103
