0.00000000
0.00103193
0.00203193
0.00303193
0.00403193
0.00503193
0.00603193
0.00703193
0.00803193
0.00903193
0.01003193
0.01103193
0.01203193
0.01303193
0.01403193
0.01503193
0.01603193
0.01703193
0.01803193
0.01903193
0.02003193
0.02103193
0.02203193
0.02303193
0.02403193
0.02503193
0.02603193
0.02703193
0.02803193
0.02903193
0.03003193
0.03103193
0.03203193
0.03303193
0.03403193
0.03503193
0.03603193
0.03703193
0.03803193
0.03903193
0.04003193
0.04103193
0.04203193
0.04303193
0.04403193
0.04503193
0.04603193
0.04703193
0.04803193
0.04903193
0.05003193
0.05103193
0.05203193
0.05303193
0.05403193
0.05503193
0.05603193
0.05703193
0.05803193
0.05903193
0.06003193
0.06103193
0.06203193
0.06303193
0.06403193
0.06503193
0.06603193
0.06703193
0.06803193
0.06903193
0.07003193
0.07103193
0.07203193
0.07303193
0.07403193
0.07503193
0.07603193
0.07703193
0.07803193
0.07903193
0.08003193
0.08103193
0.08203193
0.08303193
0.08403193
0.08503193
0.08603193
0.08703193
0.08803193
0.08903193
0.09003193
0.09103193
0.09203193
0.09303193
0.09403193
0.09503193
0.09603193
0.09703193
0.09803193
0.09903193
0.10003193
0.10103193
0.10203193
0.10303193
0.10403193
0.10503193
0.10603193
0.10703193
0.10803193
0.10903193
0.11003193
0.11103193
0.11203193
0.11303193
0.11403193
0.11503193
0.11603193
