0.00000000
0.00102611
0.00202611
0.00302611
0.00402611
0.00502611
0.00602611
0.00702611
0.00802611
0.00902611
0.01002611
0.01102611
0.01202611
0.01302611
0.01402611
0.01502611
0.01602611
0.01702611
0.01802611
0.01902611
0.02002611
0.02102611
0.02202611
0.02302611
0.02402611
0.02502611
0.02602611
0.02702611
0.02802611
0.02902611
0.03002611
0.03102611
0.03202611
0.03302611
0.03402611
0.03502611
0.03602611
0.03702611
0.03802611
0.03902611
0.04002611
0.04102611
0.04202611
0.04302611
0.04402611
0.04502611
0.04602611
0.04702611
0.04802611
0.04902611
0.05002611
0.05102611
0.05202611
0.05302611
0.05402611
0.05502611
0.05602611
0.05702611
0.05802611
0.05902611
0.06002611
0.06102611
0.06202611
0.06302611
0.06402611
0.06502611
0.06602611
0.06702611
0.06802611
0.06902611
0.07002611
0.07102611
0.07202611
0.07302611
0.07402611
0.07502611
0.07602611
0.07702611
0.07802611
0.07902611
0.08002611
0.08102611
0.08202611
0.08302611
0.08402611
0.08502611
0.08602611
0.08702611
0.08802611
0.08902611
0.09002611
0.09102611
0.09202611
0.09302611
0.09402611
0.09502611
0.09602611
0.09702611
0.09802611
0.09902611
0.10002611
0.10102611
0.10202611
0.10302611
0.10402611
0.10502611
0.10602611
0.10702611
0.10802611
0.10902611
0.11002611
0.11102611
0.11202611
0.11302611
0.11402611
