0.00000000 0.00000000 0.00000000
0.00034983 0.00072727 0.00103193
0.00075367 0.00151478 0.00203193
0.00115305 0.00229035 0.00303193
0.00155360 0.00306844 0.00403193
0.00195577 0.00384915 0.00503193
0.00236122 0.00463368 0.00603193
0.00277264 0.00542269 0.00703193
0.00319192 0.00621741 0.00803193
0.00362006 0.00701871 0.00903193
0.00405804 0.00782786 0.01003193
0.00450494 0.00864456 0.01103193
0.00496180 0.00946931 0.01203193
0.00542868 0.01030266 0.01303193
0.00590638 0.01114481 0.01403193
0.00639532 0.01199584 0.01503193
0.00689780 0.01285680 0.01603193
0.00741811 0.01372893 0.01703193
0.00796661 0.01461424 0.01803193
0.00855828 0.01551620 0.01903193
0.00935902 0.01647737 0.02003193
0.01023218 0.01745865 0.02103193
0.01111359 0.01844239 0.02203193
0.01200548 0.01942907 0.02303193
0.01290593 0.02041821 0.02403193
0.01381409 0.02140959 0.02503193
0.01472996 0.02240313 0.02603193
0.01565372 0.02339882 0.02703193
0.01658955 0.02439723 0.02803193
0.01761262 0.02541225 0.02903193
0.01867448 0.02643968 0.03003193
0.01975266 0.02747252 0.03103193
0.02083701 0.02850750 0.03203193
0.02195140 0.02955231 0.03303193
0.02313989 0.03061967 0.03403193
0.02437613 0.03170182 0.03503193
0.02563036 0.03279004 0.03603193
0.02690638 0.03388520 0.03703193
0.02820544 0.03498827 0.03803193
0.02951646 0.03609581 0.03903193
0.03079243 0.03719165 0.04003193
0.03182495 0.03820293 0.04103193
0.03283128 0.03920468 0.04203193
0.03384174 0.04020764 0.04303193
0.03485775 0.04121226 0.04403193
0.03587783 0.04221805 0.04503193
0.03690445 0.04322597 0.04603193
0.03793589 0.04423549 0.04703193
0.03897035 0.04524598 0.04803193
0.04000858 0.04625767 0.04903193
0.04104938 0.04727013 0.05003193
0.04208899 0.04828211 0.05103193
0.04312511 0.04929270 0.05203193
0.04416217 0.05030334 0.05303193
0.04520241 0.05131495 0.05403193
0.04624077 0.05232588 0.05503193
0.04727667 0.05333591 0.05603193
0.04831071 0.05434543 0.05703193
0.04934090 0.05535408 0.05803193
0.05036912 0.05636225 0.05903193
0.05139896 0.05737068 0.06003193
0.05243369 0.05838061 0.06103193
0.05346832 0.05939048 0.06203193
0.05450390 0.06040041 0.06303193
0.05553902 0.06140952 0.06403193
0.05658256 0.06242242 0.06503193
0.05762967 0.06343613 0.06603193
0.05867611 0.06444864 0.06703193
0.05972322 0.06546122 0.06803193
0.06077144 0.06647391 0.06903193
0.06181868 0.06748605 0.07003193
0.06286493 0.06849811 0.07103193
0.06391144 0.06951005 0.07203193
0.06495353 0.07052077 0.07303193
0.06599475 0.07153107 0.07403193
0.06703465 0.07254036 0.07503193
0.06807704 0.07354955 0.07603193
0.06911210 0.07455736 0.07703193
0.07014924 0.07556600 0.07803193
0.07118604 0.07657404 0.07903193
0.07221897 0.07758058 0.08003193
0.07325152 0.07858739 0.08103193
0.07428025 0.07959346 0.08203193
0.07530625 0.08059917 0.08303193
0.07632743 0.08160348 0.08403193
0.07734403 0.08260592 0.08503193
0.07836068 0.08360829 0.08603193
0.07937772 0.08461113 0.08703193
0.08039526 0.08561424 0.08803193
0.08141240 0.08661728 0.08903193
0.08242921 0.08762013 0.09003193
0.08344666 0.08862322 0.09103193
0.08446384 0.08962619 0.09203193
0.08548137 0.09062929 0.09303193
0.08649907 0.09163240 0.09403193
0.08751694 0.09263553 0.09503193
0.08853413 0.09363832 0.09603193
0.08954987 0.09464055 0.09703193
0.09056470 0.09564243 0.09803193
0.09157948 0.09664427 0.09903193
0.09259162 0.09764517 0.10003193
0.09360384 0.09864605 0.10103193
0.09461356 0.09964598 0.10203193
0.09562757 0.10064991 0.10303193
0.09664845 0.10166001 0.10403193
0.09768137 0.10267835 0.10503193
0.09870905 0.10369088 0.10603193
0.09973609 0.10470541 0.10703193
0.10076825 0.10572268 0.10803193
0.10180529 0.10674260 0.10903193
0.10283693 0.10775399 0.11003193
0.10386079 0.10876133 0.11103193
0.10487252 0.10976382 0.11203193
0.10588446 0.11076619 0.11303193
0.10689854 0.11177102 0.11403193
0.10790719 0.11277282 0.11503193
0.10891521 0.11377231 0.11603193
