0.00000000 0.00000000 0.00000000 0.00000000 0.00000000 0.00000000 0.00000000 0.00000000 0.00000000 0.00000000 0.00000000 0.00000000 0.00000000 0.00000000 0.00000000 0.00000000
1.83840849 3.19389835 3.13549390 2.38149996 -8.83853048 -6.19967167 -9.72896739 -15.80070285 -20.11069543 -0.06630799 0.72053121 -17.92597320 -14.06413242 -5.26566674 -5.52477242 -23.17924658
0.51144896 1.76882171 1.62230047 0.92030661 -22.20267065 -9.40054182 -14.43269356 -30.04057772 -27.33718626 -3.06386259 -3.91207382 -26.31314624 -21.73888305 -6.57397941 -6.93133718 -34.29782996
-0.83428751 0.31236562 0.05464532 -0.32661462 -34.88652663 -12.66352562 -19.32955844 -41.02985960 -34.28177695 -6.11405925 -8.72071578 -34.70222884 -29.23048461 -7.93135311 -8.39279018 -45.35068018
-2.09119365 -1.13175691 -1.50679479 -1.57618011 -47.07032433 -15.90779549 -24.19265677 -51.55407463 -40.94214156 -9.13888716 -13.48901804 -42.70687983 -36.46981083 -9.29271882 -9.87388464 -55.89889755
-3.25255962 -2.57569416 -3.03655351 -2.69970261 -58.72882225 -19.07808564 -29.04916627 -61.55892891 -47.28233173 -12.13062035 -18.23562660 -50.32337315 -43.40535229 -10.65672996 -11.35289443 -65.96027865
-4.26543236 -3.96575252 -4.56536235 -3.70964516 -69.80123287 -22.25554848 -33.70405733 -71.07886899 -53.36864260 -15.11772793 -22.97000882 -57.53814483 -50.08564390 -12.03753013 -12.85189857 -75.55500517
-5.08997423 -5.36933573 -6.10553327 -4.55142702 -80.03015650 -25.35920050 -38.09580647 -80.10604865 -59.33609828 -18.11551586 -27.71634286 -64.33603033 -56.56017391 -13.43244232 -14.36752582 -84.69914971
-5.75165121 -6.79693486 -7.67536963 -5.21790591 -89.41346683 -28.30292773 -42.19318735 -88.66535152 -65.16115213 -21.14700222 -32.14365295 -70.69276110 -62.85785501 -14.84942865 -15.83230430 -93.41591966
-6.32070171 -8.26131256 -9.27638714 -5.76421137 -98.18870038 -30.98689367 -46.01427187 -96.77550422 -70.69806952 -24.06542127 -36.43213854 -76.61255446 -68.96829339 -16.13651602 -17.12011989 -101.71539092
-6.83284339 -9.74688646 -10.79754723 -6.24538676 -106.33090002 -33.59844944 -49.72238376 -104.41370873 -76.00728628 -26.84472804 -40.52487230 -82.07351846 -74.86538692 -17.34338617 -18.38945969 -109.56494307
-7.30627188 -11.09118022 -12.21530396 -6.68646791 -113.94320495 -35.94418873 -53.31205854 -111.59198988 -81.09441668 -29.54950997 -44.56430419 -87.07048977 -80.57439539 -18.50821532 -19.57782857 -116.92976840
-7.74856293 -12.39861229 -13.54609974 -7.10757738 -120.99582673 -38.28656301 -56.68483410 -118.30185315 -85.92998704 -32.17827771 -48.34838674 -91.59356333 -86.10082259 -19.62412526 -20.71627392 -123.79812009
-8.17485441 -13.62311641 -14.83208728 -7.50888547 -127.39809518 -40.44845668 -60.11932329 -124.53784743 -90.54365533 -34.66798781 -52.16937533 -95.63420974 -91.29437259 -20.69919570 -21.81529382 -130.13796033
-8.61400545 -14.81900584 -16.01968291 -7.91350685 -133.11835058 -42.52451887 -63.56244664 -130.27327242 -94.95027908 -37.04235376 -55.88439845 -99.19180210 -96.22676395 -21.71329738 -22.85456059 -135.92364619
-9.07124256 -15.93376343 -17.14209639 -8.34208679 -138.37961833 -44.62794262 -66.83027203 -135.51838210 -98.89461136 -39.41285501 -59.44011986 -102.23537392 -100.86525547 -22.70808076 -23.86766657 -141.15165527
-9.55520365 -17.02947744 -18.15436366 -8.79326350 -143.03422243 -46.67077789 -70.08918092 -140.21966431 -102.52008496 -41.70098926 -63.06848305 -104.76040026 -105.27746578 -23.67776384 -24.85769666 -145.76666582
-10.07457086 -17.99426863 -19.15819024 -9.29120963 -147.03166855 -48.60233321 -73.42903316 -144.34116525 -105.93107814 -43.88454431 -66.70409242 -106.72269333 -109.54898656 -24.62676860 -25.81260685 -149.73709091
-10.62534554 -18.95117492 -20.14838796 -9.82236157 -150.28920098 -50.53165289 -76.81305091 -147.85134710 -109.09881244 -46.03957735 -70.35117121 -108.08878551 -113.62793036 -25.52921244 -26.74441445 -153.02307469
-11.23633641 -19.93432225 -21.13467596 -10.44070292 -152.82685383 -52.55233791 -79.94775832 -150.82637623 -112.07324603 -48.23134071 -74.13017241 -107.22512073 -117.59518522 -26.45070880 -27.70914432 -155.64846421
-11.94214867 -20.95143787 -22.11418326 -11.15146244 -154.23880712 -54.52202441 -83.25780117 -153.03909266 -114.23696732 -50.58511442 -77.73164587 -105.75072872 -121.10536092 -27.43152618 -28.68346839 -157.37212941
-12.79793208 -22.01414530 -23.25234897 -12.06497202 -153.78183943 -56.63647726 -87.05325321 -153.16787364 -116.40038078 -53.05410660 -81.62523234 -104.10668506 -124.73837353 -28.47256844 -29.77537537 -155.33254330
-13.82795936 -23.16745023 -24.45439361 -13.16724230 -150.37161202 -58.95748067 -91.26212117 -150.13801768 -118.71061272 -55.45126382 -85.92907002 -102.27349016 -128.58456515 -29.59478717 -30.90921156 -152.27301293
-14.83450452 -24.26787432 -25.60080801 -14.24671602 -147.03561112 -61.20379002 -95.31476986 -147.14898231 -120.89305240 -57.75524453 -90.09773094 -100.42406909 -132.26101142 -30.64939862 -31.93289947 -149.22579652
-15.84146944 -25.29600293 -26.70520751 -15.32402902 -143.68091473 -63.38918539 -99.29328469 -144.14634540 -122.90253772 -60.02544592 -94.21347359 -98.55188107 -135.78184496 -31.61163192 -32.93290727 -146.15305273
-16.84393122 -26.29747052 -27.71528104 -16.39129916 -140.25651969 -65.52382830 -103.21666771 -141.11618240 -124.61804303 -62.25795903 -98.25344884 -96.62377467 -139.07121788 -32.55869627 -33.89472859 -143.07959153
-17.78674132 -27.17387403 -28.61118359 -17.35849545 -136.83927471 -67.47753210 -106.78054458 -138.28272587 -125.71553839 -64.27753037 -101.84534118 -94.81446693 -141.77918897 -33.42193917 -34.74573656 -140.19008761
-18.61629728 -27.91903899 -29.39593471 -18.25986783 -133.69902987 -69.21667682 -109.95442418 -135.62254976 -126.63633646 -66.03813627 -104.99829032 -93.14607414 -144.14146919 -34.17893864 -35.50220954 -137.47275620
-19.40709475 -28.59474005 -30.15599441 -19.15573996 -130.63004642 -70.88588191 -113.03608476 -132.96044609 -127.45939251 -67.69785025 -108.06903696 -91.48040968 -146.33789698 -34.88986748 -36.23393474 -134.75282339
-20.18452120 -29.24521178 -30.90268772 -20.03586187 -127.56739359 -72.49519055 -116.05640131 -130.31868185 -128.20372753 -69.31241191 -111.07191842 -89.82320355 -148.42098699 -35.58274557 -36.94709086 -132.04755874
-20.98875766 -29.92131295 -31.63480437 -20.93680298 -124.25859312 -74.13041821 -119.13819853 -127.61659791 -128.74885530 -70.95607565 -114.13118480 -88.12549053 -150.34436818 -36.28479179 -37.66716058 -129.27486995
-21.88531318 -30.65443934 -32.41952955 -21.89980700 -120.92465443 -75.89173994 -122.45400536 -124.74378246 -128.16147017 -72.72251483 -117.41525368 -86.31771858 -151.66251260 -37.03880998 -38.43161237 -126.33045463
-22.89789712 -31.46213000 -33.26556890 -22.93213804 -117.10341269 -77.80352596 -125.97832147 -121.67502688 -126.60091278 -74.64270022 -120.90089930 -84.38273314 -152.28746533 -37.85235261 -39.24839992 -123.20143295
-24.22558812 -32.51508456 -34.33877961 -24.19358076 -111.56899358 -80.19876473 -128.44776611 -117.93376498 -124.32676426 -76.92253466 -124.69242522 -82.01542759 -151.34322921 -38.86634359 -40.27579464 -119.42850075
-25.33518638 -33.68424109 -35.53031999 -25.29035379 -105.48858358 -82.51464120 -130.97181469 -113.78940105 -121.58388910 -79.35102757 -128.95654156 -79.38325391 -150.04419591 -39.97273367 -41.37851416 -115.26281775
-26.15576900 -35.04838505 -36.92327119 -26.25175004 -98.44375743 -84.10950712 -133.89490666 -108.96877219 -118.32963030 -82.15169339 -131.79073310 -76.30697314 -148.44113848 -41.23311821 -42.59924344 -110.42940546
-26.97757961 -36.41353942 -38.32821674 -27.08877962 -91.19179229 -85.62671805 -136.85718876 -104.00361435 -114.97577127 -84.48830764 -134.40549640 -73.06786750 -146.71649041 -42.46828746 -43.78055929 -105.46069151
-27.79968657 -37.78786668 -39.74634377 -27.94991971 -83.73718970 -87.14389979 -139.87001987 -98.76274865 -111.46680518 -86.00634035 -137.08344584 -69.34083181 -144.85507717 -43.58646170 -44.88812134 -100.34415852
-28.65933476 -39.18626796 -41.08096290 -28.84952038 -75.93685823 -88.23301052 -141.92156804 -92.92571360 -107.69312453 -87.40566389 -139.84978045 -65.10034176 -142.70551135 -44.69437360 -45.89210854 -94.98074129
-29.48128557 -40.12796085 -41.75386177 -29.77658047 -68.70291966 -88.66547801 -143.08881652 -86.17387572 -105.41576413 -88.70962123 -142.65467526 -60.41598042 -141.47522516 -45.77463161 -46.86867507 -88.77137680
-30.15249230 -40.66675145 -42.31517630 -30.57259952 -62.27664948 -89.02412150 -144.13380283 -79.29193524 -104.96800384 -89.95470456 -145.26462405 -55.52215399 -141.13422028 -46.71393357 -47.68228678 -82.05135431
-30.76579015 -41.17954105 -42.87151475 -31.32335619 -55.59525989 -89.35515534 -145.17894034 -72.12027766 -104.41400511 -90.97785487 -147.81187467 -50.33780750 -140.41524782 -47.13062140 -47.98799564 -75.08909651
-31.26301106 -41.70334204 -43.43455151 -32.11079128 -48.43132569 -89.63386093 -146.21376064 -64.36537469 -103.66363040 -91.01764140 -148.42099735 -45.77158143 -139.31754150 -47.39783763 -48.16474629 -67.83324994
-31.61880345 -42.19363836 -43.95366060 -32.68360736 -41.13255677 -89.69766803 -147.14580486 -56.95528175 -102.80564751 -90.95203504 -148.68109923 -45.81812159 -137.85029804 -47.65989842 -48.26365855 -60.89982268
-31.96382374 -42.64088183 -44.33449607 -33.09316733 -34.09339268 -89.74320555 -148.03503286 -49.40218598 -102.16316943 -90.80402235 -148.89842899 -45.83754649 -136.74562262 -47.85237972 -48.08576308 -53.61285939
-32.31708806 -43.03617978 -44.33588437 -33.45635436 -27.42560308 -89.75600092 -148.67033749 -42.13989203 -101.39248933 -90.57786637 -149.06591195 -45.78086854 -136.13089883 -47.71223190 -47.77432375 -48.63780902
-32.66175286 -43.25813790 -44.26530777 -33.55008116 -20.99724849 -89.66320112 -149.00467263 -42.01324396 -100.46555334 -90.12806402 -149.16648918 -45.64751518 -135.33339821 -47.53852517 -47.52907182 -48.53302544
-32.97410288 -43.20793574 -44.17927435 -33.64258328 -15.28625590 -89.23541802 -149.29581952 -41.88158806 -99.52603406 -89.47970693 -149.21011492 -45.51001468 -134.35215976 -47.35599565 -47.27679239 -48.39968757
-33.04490073 -43.09982609 -44.05497122 -33.69391488 -15.39785382 -88.77220329 -149.48180942 -41.74596206 -98.71787152 -88.70313219 -149.19046969 -45.37119745 -133.48766499 -47.16983578 -47.01925510 -48.26059169
-33.10119109 -42.97708854 -43.91588126 -33.74046448 -15.29870771 -88.28140585 -149.60495894 -41.60542730 -98.24193692 -87.78088583 -148.93598090 -45.22910702 -132.81983054 -46.97836867 -46.75610778 -48.11516089
-33.15030440 -42.83806530 -43.76565395 -33.78325082 -15.12922420 -87.75939036 -149.66632982 -41.46035360 -97.99673757 -86.75384329 -148.21588181 -45.08240209 -132.30852364 -46.78269230 -46.48765363 -47.96136263
-33.20489222 -42.68613390 -43.59742868 -33.82117517 -14.96721997 -87.16440435 -149.53492205 -41.31194759 -97.66516534 -85.53625764 -147.37433010 -44.93151994 -131.71887964 -46.58356956 -46.21397554 -47.79959552
-33.26287949 -42.51990848 -43.41210962 -33.85644580 -14.83025050 -86.28665524 -149.18765685 -41.16011392 -97.29896431 -84.47291519 -146.40521140 -44.77560137 -131.13280432 -46.35480704 -45.93501299 -47.62850965
-33.31719084 -42.33668619 -43.21298983 -33.88647772 -14.70303989 -85.34194663 -148.61899578 -41.00811536 -96.94065093 -83.75636206 -145.35078230 -44.61842492 -130.56095677 -46.10350450 -45.65203072 -47.44940574
-33.37590762 -42.13796377 -43.01088363 -33.91149369 -14.57098467 -84.33932859 -147.91584292 -40.85365395 -96.56763352 -82.80170069 -144.19154496 -44.45647470 -129.96699373 -45.84154968 -45.36336620 -47.26086462
-33.43655509 -41.93836891 -42.80868800 -33.92700896 -14.42795268 -83.27453979 -147.14954930 -40.69619577 -96.16799703 -81.79329055 -143.42695576 -44.29017079 -129.34335800 -45.52305290 -45.07014382 -47.06906474
-33.49970544 -41.73990027 -42.60343534 -33.93204793 -14.27543601 -82.13167339 -146.30545760 -40.53691032 -95.74349383 -80.72771435 -142.87169593 -44.12096374 -128.69140821 -45.19484546 -44.73307907 -46.87055298
-33.56650769 -41.54153163 -42.39708721 -33.93026204 -14.10392591 -80.85929716 -145.39746228 -40.37575012 -95.30785063 -79.59422248 -142.26004787 -43.94568511 -127.98254974 -44.83516422 -44.38890288 -46.66867061
-33.63711152 -41.34173200 -42.18875992 -33.92503333 -13.92508571 -79.72471930 -144.43954591 -40.21216330 -94.82585309 -78.36168483 -141.55427535 -43.76944685 -127.23342899 -44.42700775 -44.00274700 -46.46682006
-33.70833379 -41.13911150 -41.97689222 -33.91458779 -13.74137150 -78.88414458 -143.69132028 -40.04547531 -94.30393852 -76.94179676 -140.55001027 -43.59266340 -126.45859249 -44.00383509 -43.55504508 -46.26631697
-33.76935545 -40.93774750 -41.76485255 -33.89921330 -13.54715904 -77.96589367 -142.83069215 -39.87911302 -93.80632815 -76.11752243 -139.46700478 -43.41647411 -125.69906311 -43.52470649 -43.04783903 -46.06885366
-33.83579863 -40.73748748 -41.55119629 -33.88056902 -13.31498503 -76.97071968 -141.97296249 -39.71154541 -93.28648977 -75.42146692 -138.21473432 -43.24019481 -124.93252024 -43.02739856 -42.52387370 -45.86961658
-33.93890937 -40.53856817 -41.33691505 -33.86516411 -12.98122824 -75.87976667 -141.06756971 -39.51926865 -92.25807454 -74.71552246 -136.69461156 -43.06451759 -123.78610386 -42.49716578 -41.96733691 -45.66521835
-34.00246551 -40.32570954 -41.11509088 -33.84088227 -12.71332401 -75.23439891 -140.14388058 -39.32651540 -91.62731540 -74.00475759 -135.09880830 -42.89042478 -122.93108204 -41.92789269 -41.32954442 -45.46942685
-34.01620549 -40.10909387 -40.88918217 -33.81096747 -12.49514097 -74.81690853 -139.17708925 -39.13496110 -91.22025458 -73.30245658 -133.82140015 -42.71755594 -122.20467999 -41.32415579 -40.64417353 -45.28183324
-34.03498828 -39.89433843 -40.66353339 -33.77617434 -12.28185524 -74.39007026 -138.46366829 -38.94358630 -90.70014318 -72.59566475 -132.80808552 -42.54290981 -121.40173613 -40.68724741 -39.91260470 -45.09960704
-34.06259745 -39.68052315 -40.43680155 -33.73831592 -12.06162534 -73.95190282 -137.93396388 -38.74515388 -90.08600691 -71.87627940 -131.84522951 -42.34775143 -120.52803725 -39.98898982 -39.12010963 -44.92281094
-35.06239385 -39.36135244 -40.18831480 -33.11024323 -32.01779003 -72.39764655 -136.97643365 -38.44036280 -12.59613099 -69.88318593 -130.19680027 -42.29349099 -66.74910946 -38.29015287 -37.58908051 -44.36995519
-35.04768217 -39.13478282 -40.05607582 -33.72299064 -31.43811993 -71.86964899 -136.56732267 -38.53247559 -11.99108552 -69.16496815 -128.80644584 -42.11577467 -65.25529922 -37.76451586 -37.15897358 -44.37139875
-35.03313242 -38.91700781 -39.83945135 -34.01771654 -31.12947089 -71.34395398 -136.06571985 -38.39394581 -11.45877867 -68.44363762 -127.68445848 -41.92443774 -64.21357817 -37.18524875 -36.61040140 -44.25279728
-35.02511888 -38.67679979 -39.60389335 -33.97464314 -30.06301276 -70.79477584 -135.49739978 -38.21261666 -10.61757567 -67.67574388 -126.67134530 -41.72120334 -61.86237405 -36.57971172 -35.95185932 -44.09068797
-35.01621576 -38.42840648 -39.36647196 -33.92693030 -28.64365611 -70.21915765 -134.82214133 -37.98567361 -9.74260058 -66.87742019 -125.44134300 -41.51359505 -59.08698230 -36.26472955 -35.37631962 -43.88710370
-34.99806394 -38.19507896 -39.13134303 -33.86873711 -28.21932535 -69.69017335 -134.05411405 -37.74840595 -9.37389294 -66.06832585 -124.17042701 -41.27625543 -57.93218473 -35.97283603 -35.05780371 -43.66860194
-34.97143076 -37.97297925 -38.89739549 -33.81210089 -28.72358072 -69.16816073 -133.28787799 -37.47654967 -9.23394394 -65.22961078 -122.84677578 -41.00121383 -58.19983937 -35.66000340 -34.75453817 -43.43837701
-34.94493373 -37.74927442 -38.66251205 -33.76971089 -29.18890066 -68.66555178 -132.52176613 -37.04535360 -9.20486108 -64.29567108 -121.47637380 -40.65471586 -58.33871371 -35.27740578 -34.42379234 -43.20131824
-34.92186377 -37.51226539 -38.41944064 -33.74211169 -29.01634112 -68.14154201 -131.73907078 -36.35084109 -8.94203767 -63.35011383 -120.09579192 -40.22429134 -57.42325198 -34.81963258 -34.05279516 -42.87900436
-34.89765665 -37.27142135 -38.17310193 -33.70504419 -28.77188876 -67.60056311 -130.89328572 -35.85655379 -8.60328256 -62.36007075 -118.60041416 -39.63163680 -55.96519308 -34.49583817 -33.60995595 -42.47446355
-34.86760814 -37.00889301 -37.93041655 -33.66343163 -28.53348844 -67.04328122 -129.93713935 -35.77343337 -8.27894665 -61.31834388 -116.87270979 -38.61592239 -55.22786453 -34.13452428 -33.17328363 -41.91669282
-34.83483615 -36.73964678 -37.68931081 -33.63118158 -28.30075842 -66.45035740 -128.83896607 -35.29406184 -7.96210324 -60.20829479 -114.72637265 -38.23514065 -54.88863748 -33.76495830 -32.84056876 -41.01700894
-34.80055748 -36.46699004 -37.44740779 -33.59634805 -28.08898666 -65.81800434 -127.75227842 -34.78978951 -7.65876864 -59.41348958 -112.96314155 -38.13985819 -54.52040279 -33.33945144 -32.41799017 -40.12360082
-34.76505207 -36.18484167 -37.20259640 -33.54759367 -27.94648546 -65.12219339 -126.66008193 -34.48750511 -7.36954296 -58.58767187 -111.81168242 -37.71986697 -53.95063914 -32.94532513 -31.98145932 -40.03796284
-34.73884940 -35.83225743 -36.95089525 -33.48642161 -27.80495139 -64.30944517 -125.53747496 -34.39733336 -7.07608340 -57.68169598 -110.68899139 -37.28722051 -53.09774675 -32.63543400 -31.64705022 -40.04455790
-34.72924078 -35.33849703 -36.67043692 -33.42060763 -27.66902860 -63.32222432 -124.29956500 -34.24685146 -6.77603255 -56.72944602 -109.53573519 -36.98435086 -52.28032872 -32.28489947 -31.37027419 -39.82449365
-34.72276359 -34.74355696 -36.37451372 -33.35686268 -27.53863774 -62.22623530 -122.86062144 -34.09579779 -6.47924216 -55.71248880 -108.33926294 -36.70919330 -51.77920797 -31.95302542 -31.04979255 -39.36864559
-34.70223064 -34.44719337 -36.05482518 -33.29466471 -27.40750932 -61.21089236 -121.01459928 -33.94232636 -6.19381472 -54.62120849 -107.06602107 -36.46698098 -51.38439876 -31.62802990 -30.71414772 -38.74807673
-34.66969151 -34.23295851 -35.57112717 -33.23997577 -27.27987095 -60.24692957 -118.46555213 -33.78512995 -5.91922562 -53.69842417 -105.66936411 -36.26003732 -50.98182484 -31.30252336 -30.38014640 -38.32066276
-34.64055955 -34.01197087 -35.01527010 -33.18325531 -27.15383844 -59.18432462 -116.63505146 -33.62689356 -5.63994755 -52.63272237 -104.15820645 -36.05972613 -50.57534945 -30.97405264 -30.05975801 -37.99005559
-34.60129845 -33.78340803 -34.73293379 -33.11162638 -27.02353540 -58.06909276 -115.40649050 -33.47100736 -5.35550563 -51.39372921 -102.80410745 -35.86080233 -50.16345201 -30.64430692 -29.74493316 -37.70785520
-34.55398235 -33.53401038 -34.50888843 -33.02991114 -26.88892050 -57.18883570 -114.76335839 -33.31795426 -5.06925827 -50.02232611 -101.95779046 -35.66441968 -49.74800818 -30.31496592 -29.43641886 -37.46445246
-34.50460833 -33.27805601 -34.28511932 -32.94596141 -26.75260506 -56.43648242 -113.57635669 -33.16337517 -4.78774059 -48.88528498 -101.11601193 -35.46509964 -49.33373836 -29.98011966 -29.12418681 -37.25029690
-34.45511854 -33.01038289 -34.02729253 -32.86332710 -26.62031267 -55.65189210 -112.02793012 -33.00473989 -4.51417925 -48.25560398 -100.25745103 -35.25858715 -48.92113726 -29.64396060 -28.80719335 -37.03789401
-34.40791234 -32.71256134 -33.75351303 -32.78167207 -26.49133407 -54.99307594 -109.54442543 -32.84003315 -4.25037904 -47.90886585 -99.37895908 -35.04485909 -48.51071634 -29.29513617 -28.47994488 -36.81976741
-34.36454618 -32.27174657 -33.45996296 -32.69669934 -26.36262538 -54.48645543 -107.85640516 -32.67525546 -3.98740623 -47.54633356 -98.49128896 -34.82573374 -48.10077590 -28.93510027 -28.14861198 -36.59756085
-34.32367899 -31.70065813 -33.04788991 -32.61244309 -26.23468014 -54.01699460 -106.93709509 -32.50881260 -3.72075922 -47.07984560 -97.58693152 -34.59274349 -47.68689225 -28.57034845 -27.81181136 -36.36756231
-34.27461451 -31.47457027 -32.48324831 -32.52387142 -26.10593113 -53.52242661 -106.53902955 -32.34390633 -3.44893927 -46.35522641 -96.68224096 -34.35917402 -47.25797605 -28.20008358 -27.46391319 -36.13069354
-34.21232593 -31.27019630 -32.21754388 -32.42790911 -25.97186926 -53.03744334 -105.81770178 -32.17934794 -3.17812903 -45.34407230 -95.79623895 -34.12347045 -46.82512936 -27.82305904 -27.10378975 -35.88384267
-34.15005432 -31.04904329 -31.98512929 -32.32948805 -25.83931024 -52.54394980 -105.07384081 -32.01518479 -2.90736729 -44.34602108 -94.89535072 -33.88207469 -46.38967911 -27.45306031 -26.73608221 -35.63049881
-34.07759776 -30.85125036 -31.78660591 -32.22359060 -25.70244783 -52.05215442 -104.33638528 -31.85734895 -2.63843855 -43.52064704 -93.98281450 -33.64380756 -45.95673218 -27.08001702 -26.37198379 -35.37764434
-34.00085792 -30.66507955 -31.58427945 -32.11627605 -25.56586525 -51.56033620 -103.61209950 -31.70615926 -2.36992446 -42.76608506 -93.27903660 -33.42000603 -45.53750109 -26.71373300 -26.02117146 -35.12043962
-33.92018772 -30.48160266 -31.37272323 -32.00734650 -25.43405917 -51.08657121 -102.89156941 -31.55780620 -2.10687164 -42.38620240 -92.63832079 -33.20523034 -45.12880010 -26.37275132 -25.68048682 -34.86063949
-33.83908904 -30.29044098 -31.13157113 -31.89821250 -25.30581686 -50.61086496 -102.15884949 -31.40530837 -1.84524768 -42.12844308 -91.99159833 -32.99126281 -44.71890341 -26.03290284 -25.34807346 -34.60506553
-33.74505749 -30.10255887 -30.93462343 -31.76364218 -25.17557577 -50.13154519 -101.42678081 -31.24958839 -1.58329849 -41.92257814 -91.33974776 -32.77680515 -44.30447694 -25.69171988 -25.02418624 -34.34919690
-33.54932010 -29.89871165 -30.73140506 -31.62573658 -25.05153651 -49.62920391 -100.67777924 -31.09129222 -1.28090578 -41.72292779 -90.67570057 -32.55962988 -43.84910852 -25.34499319 -24.70183313 -34.11301949
-33.37387911 -29.70403490 -30.53130898 -31.48402964 -24.92370314 -49.12470290 -99.92855196 -30.93258078 -0.99715065 -41.41238710 -90.00800497 -32.34194009 -43.40727237 -24.99920139 -24.37689809 -33.87329305
-33.15414985 -29.49651119 -30.33555722 -31.31791714 -24.80064506 -48.60308393 -99.16221148 -30.77506777 -0.70638529 -40.97988805 -89.32382121 -32.12167793 -42.95607932 -24.65246666 -24.05086950 -33.63551425
-32.95623373 -29.28622930 -30.13817100 -31.19764515 -24.67501862 -48.07096842 -98.40607851 -30.62118521 -0.41494311 -40.55160874 -88.84626370 -31.90379916 -42.50446896 -24.30517258 -23.72591976 -33.39903462
-32.81932611 -29.07158592 -29.93424405 -31.09199994 -24.54798786 -47.52884684 -97.65038937 -30.46738890 -0.14030973 -40.12333295 -88.44670543 -31.68844302 -42.07452897 -23.95631792 -23.39774222 -33.16079092
-32.69301475 -28.81645126 -29.69271979 -30.96247530 -24.42612938 -47.00362790 -96.94623274 -30.30991133 0.13449837 -39.69597871 -88.04558105 -31.47628234 -41.64428994 -23.60366063 -23.06422145 -32.91940649
-32.57556382 -28.62234627 -29.48131846 -30.83853995 -24.29929605 -46.55461228 -96.34619380 -30.15479152 0.39966239 -39.26936474 -87.64641877 -31.26609311 -41.21963305 -23.24602059 -22.72562486 -32.67726511
-32.45661548 -28.42482899 -29.27172225 -30.71565559 -24.16969071 -46.14446330 -95.79421908 -30.00147622 0.66457632 -38.84220000 -87.25921439 -31.05713315 -40.79138297 -22.88498103 -22.38301390 -32.43507044
-32.34082103 -28.22401012 -29.05742288 -30.58953974 -24.04087577 -45.75831292 -95.24010388 -29.84830011 0.92972636 -38.41501279 -86.87534892 -30.84843558 -40.36003213 -22.52631390 -22.04266034 -32.19711169
-32.22891887 -28.02739327 -28.85219222 -30.44834668 -23.91137351 -45.40471031 -94.68520274 -29.69415081 1.19506469 -37.98570766 -86.48704363 -30.63899327 -39.92683857 -22.19504164 -21.69991722 -31.96234898
-32.12115216 -27.83362814 -28.64643515 -30.31837542 -23.78336527 -45.09864520 -94.22190460 -29.54021973 1.45339510 -37.58297172 -86.09929390 -30.42903299 -39.50066086 -21.93039536 -21.36255674 -31.72551664
-32.01599464 -27.64003739 -28.44304480 -30.21262590 -23.65460360 -44.83523208 -93.86337138 -29.38784896 1.71085509 -37.23149958 -85.71267715 -30.21921108 -39.07317002 -21.64626811 -21.02173358 -31.48629147
-31.88712405 -27.41127805 -28.27792891 -30.11195767 -23.38851225 -44.72650913 -93.50124398 -29.24673942 2.24910108 -34.30252518 -85.06262277 -30.01136924 -33.09149361 7.07849288 -13.90961344 -31.16362268
