0.00000000 0.00000000 0.00000000 0.00000000
0.00024879 0.00052890 0.00077397 0.00094685
0.00051318 0.00111065 0.00162107 0.00194685
0.00078557 0.00169107 0.00246925 0.00294685
0.00105541 0.00226782 0.00331228 0.00394685
0.00132456 0.00284496 0.00415630 0.00494685
0.00159279 0.00342255 0.00500162 0.00594685
0.00186265 0.00400287 0.00584905 0.00694685
0.00213477 0.00458538 0.00669849 0.00794685
0.00241191 0.00517282 0.00755099 0.00894685
0.00269330 0.00576411 0.00840644 0.00994685
0.00297909 0.00636009 0.00926525 0.01094685
0.00326765 0.00695965 0.01012734 0.01194685
0.00356121 0.00756440 0.01099309 0.01294685
0.00385741 0.00817316 0.01186221 0.01394685
0.00415548 0.00878584 0.01273474 0.01494685
0.00445739 0.00940379 0.01361098 0.01594685
0.00476116 0.01002626 0.01449085 0.01694685
0.00506608 0.01065347 0.01537435 0.01794685
0.00537182 0.01128546 0.01626136 0.01894685
0.00567845 0.01192229 0.01715227 0.01994685
0.00598547 0.01256410 0.01804706 0.02094685
0.00629380 0.01321128 0.01894598 0.02194685
0.00660350 0.01386467 0.01984907 0.02294685
0.00691415 0.01452457 0.02075649 0.02394685
0.00722496 0.01519141 0.02166826 0.02494685
0.00753634 0.01586609 0.02258469 0.02594685
0.00784938 0.01655042 0.02350615 0.02694685
0.00813801 0.01727594 0.02444190 0.02794685
0.00839963 0.01803938 0.02539091 0.02894685
0.00867155 0.01882465 0.02634720 0.02994685
0.00900200 0.01963436 0.02730969 0.03094685
0.00938556 0.02046446 0.02827746 0.03194685
0.00977125 0.02129355 0.02924583 0.03294685
0.01015555 0.02212006 0.03021449 0.03394685
0.01053557 0.02294505 0.03118369 0.03494685
0.01090407 0.02377127 0.03215419 0.03594685
0.01126868 0.02459488 0.03312520 0.03694685
0.01163049 0.02541640 0.03409694 0.03794685
0.01198933 0.02622604 0.03506893 0.03894685
0.01234346 0.02702265 0.03604108 0.03994685
0.01267410 0.02776665 0.03701306 0.04094685
0.01298848 0.02847564 0.03798499 0.04194685
0.01326270 0.02908349 0.03895788 0.04294685
0.01354003 0.02969083 0.03993179 0.04394685
0.01381261 0.03030220 0.04090682 0.04494685
0.01409861 0.03093301 0.04188380 0.04594685
0.01439254 0.03158183 0.04286268 0.04694685
0.01471185 0.03225161 0.04384325 0.04794685
0.01503570 0.03293919 0.04482526 0.04894685
0.01534438 0.03366189 0.04581048 0.04994685
0.01561898 0.03446177 0.04680225 0.05094685
0.01561621 0.03548202 0.04781505 0.05194685
0.01550934 0.03660138 0.04885403 0.05294685
0.01535219 0.03776731 0.04990513 0.05394685
0.01516086 0.03896236 0.05096252 0.05494685
0.01492137 0.04019928 0.05202879 0.05594685
0.01461359 0.04151398 0.05311727 0.05694685
0.01421632 0.04292586 0.05423302 0.05794685
0.01367768 0.04448291 0.05538714 0.05894685
0.01354790 0.04561170 0.05642180 0.05994685
0.01353388 0.04661921 0.05742261 0.06094685
0.01351379 0.04763281 0.05842491 0.06194685
0.01349042 0.04864942 0.05942794 0.06294685
0.01346332 0.04966954 0.06043183 0.06394685
0.01343376 0.05069217 0.06143639 0.06494685
0.01340272 0.05171603 0.06244121 0.06594685
0.01336985 0.05274150 0.06344640 0.06694685
0.01333623 0.05376755 0.06445171 0.06794685
0.01330116 0.05479485 0.06545732 0.06894685
0.01326533 0.05582295 0.06646314 0.06994685
0.01322910 0.05685146 0.06746908 0.07094685
0.01319148 0.05788137 0.06847536 0.07194685
0.01315188 0.05891323 0.06948216 0.07294685
0.01311085 0.05994636 0.07048927 0.07394685
0.01306799 0.06098102 0.07149671 0.07494685
0.01302345 0.06201723 0.07250451 0.07594685
0.01297729 0.06305489 0.07351267 0.07694685
0.01292840 0.06409504 0.07452140 0.07794685
0.01287614 0.06513860 0.07553097 0.07894685
0.01282311 0.06618252 0.07654071 0.07994685
0.01277324 0.06722321 0.07754966 0.08094685
0.01272565 0.06826158 0.07855799 0.08194685
0.01267614 0.06930158 0.07956668 0.08294685
0.01262470 0.07034276 0.08057540 0.08394685
0.01257510 0.07138175 0.08158327 0.08494685
0.01252215 0.07242370 0.08259198 0.08594685
0.01246889 0.07346746 0.08360158 0.08694685
0.01241048 0.07451792 0.08461338 0.08794685
