0.00000000 0.00000000 0.00000000 0.00000000
0.00025704 0.00055083 0.00081347 0.00100837
0.00050887 0.00110667 0.00163861 0.00200837
0.00077203 0.00167227 0.00246825 0.00300837
0.00103458 0.00223775 0.00329846 0.00400837
0.00129624 0.00280316 0.00412953 0.00500837
0.00155716 0.00336893 0.00496190 0.00600837
0.00181805 0.00393506 0.00579591 0.00700837
0.00208020 0.00450225 0.00663181 0.00800837
0.00234363 0.00507085 0.00746971 0.00900837
0.00261006 0.00564203 0.00831015 0.01000837
0.00287955 0.00621674 0.00915302 0.01100837
0.00315356 0.00679522 0.00999904 0.01200837
0.00343024 0.00737661 0.01084773 0.01300837
0.00370961 0.00796194 0.01169922 0.01400837
0.00399313 0.00855114 0.01255397 0.01500837
0.00427883 0.00914355 0.01341136 0.01600837
0.00456683 0.00973963 0.01427198 0.01700837
0.00485709 0.01033934 0.01513575 0.01800837
0.00514866 0.01094215 0.01600240 0.01900837
0.00544217 0.01155053 0.01687316 0.02000837
0.00573699 0.01216237 0.01774742 0.02100837
0.00603165 0.01277650 0.01862486 0.02200837
0.00632578 0.01339285 0.01950588 0.02300837
0.00662345 0.01401394 0.02039078 0.02400837
0.00692440 0.01463914 0.02127959 0.02500837
0.00722453 0.01526858 0.02217208 0.02600837
0.00752194 0.01590749 0.02306998 0.02700837
0.00782406 0.01655264 0.02397226 0.02800837
0.00813135 0.01721008 0.02488055 0.02900837
0.00842527 0.01789217 0.02579985 0.03000837
0.00873681 0.01858445 0.02672375 0.03100837
0.00906824 0.01929000 0.02765376 0.03200837
0.00941811 0.01999956 0.02858914 0.03300837
0.00976653 0.02070852 0.02952586 0.03400837
0.01010785 0.02140919 0.03046391 0.03500837
0.01043904 0.02209317 0.03140357 0.03600837
0.01074694 0.02273783 0.03234531 0.03700837
0.01104986 0.02337612 0.03328771 0.03800837
0.01135200 0.02401803 0.03423112 0.03900837
0.01165088 0.02466261 0.03517588 0.04000837
0.01195111 0.02530258 0.03612294 0.04100837
0.01226173 0.02594467 0.03707182 0.04200837
0.01257294 0.02658424 0.03802061 0.04300837
0.01288697 0.02722366 0.03896980 0.04400837
0.01321112 0.02787033 0.03992065 0.04500837
0.01355190 0.02852877 0.04087412 0.04600837
0.01389091 0.02918662 0.04182874 0.04700837
0.01423671 0.02984845 0.04278566 0.04800837
0.01459621 0.03052098 0.04374434 0.04900837
0.01496307 0.03119985 0.04470378 0.05000837
0.01533508 0.03187904 0.04566484 0.05100837
0.01574341 0.03258084 0.04662919 0.05200837
0.01618074 0.03330986 0.04759678 0.05300837
0.01662472 0.03404939 0.04856601 0.05400837
0.01707098 0.03480881 0.04953948 0.05500837
0.01754549 0.03560166 0.05051625 0.05600837
0.01803151 0.03640461 0.05149515 0.05700837
0.01855674 0.03724160 0.05247742 0.05800837
0.01913658 0.03813188 0.05346520 0.05900837
0.01972829 0.03906729 0.05445916 0.06000837
0.02036615 0.04005340 0.05545843 0.06100837
0.02105502 0.04106059 0.05646202 0.06200837
0.02177556 0.04208411 0.05746979 0.06300837
0.02255371 0.04312802 0.05848307 0.06400837
0.02353555 0.04420215 0.05950245 0.06500837
0.02464946 0.04531179 0.06052980 0.06600837
0.02586620 0.04647339 0.06157013 0.06700837
0.02711974 0.04765264 0.06261500 0.06800837
0.02836955 0.04882739 0.06365861 0.06900837
0.02972417 0.05004135 0.06471264 0.07000837
0.03088938 0.05114673 0.06573817 0.07100837
0.03210442 0.05227152 0.06676884 0.07200837
0.03327423 0.05336751 0.06779106 0.07300837
0.03437859 0.05442547 0.06880251 0.07400837
0.03552518 0.05550257 0.06981807 0.07500837
0.03669870 0.05659202 0.07083621 0.07600837
0.03788223 0.05768626 0.07185539 0.07700837
0.03909927 0.05879754 0.07287856 0.07800837
0.04032810 0.05991459 0.07390338 0.07900837
0.04149526 0.06099970 0.07492103 0.08000837
0.04264350 0.06207395 0.07593618 0.08100837
0.04381164 0.06315726 0.07695368 0.08200837
0.04498797 0.06424439 0.07797219 0.08300837
0.04617338 0.06533572 0.07899180 0.08400837
0.04736894 0.06643194 0.08001262 0.08500837
0.05419278 0.07031862 0.08178148 0.08600837
0.06432278 0.07579187 0.08405243 0.08700837
0.06491380 0.07657350 0.08498760 0.08800837
0.06481906 0.07684224 0.08536688 0.08850837
0.06525565 0.07731647 0.08585944 0.08900837
0.06573977 0.07781028 0.08635668 0.08950837
0.06623878 0.07831071 0.08685544 0.09000837
0.06675318 0.07881836 0.08735551 0.09050837
0.06783022 0.07985597 0.08836059 0.09150837
0.06893603 0.08090371 0.08936653 0.09250837
0.07010777 0.08197917 0.09037707 0.09350837
