0.00000000
0.00104339
0.00204339
0.00304339
0.00404339
0.00504339
0.00604339
0.00704339
0.00804339
0.00904339
0.01004339
0.01104339
0.01204339
0.01304339
0.01404339
0.01504339
0.01604339
0.01704339
0.01804339
0.01904339
0.02004339
0.02104339
0.02204339
0.02304339
0.02404339
0.02504339
0.02604339
0.02704339
0.02804339
0.02904339
0.03004339
0.03104339
0.03204339
0.03304339
0.03404339
0.03504339
0.03604339
0.03704339
0.03804339
0.03904339
0.04004339
0.04104339
0.04204339
0.04304339
0.04404339
0.04504339
0.04604339
0.04704339
0.04804339
0.04904339
0.05004339
0.05104339
0.05204339
0.05304339
0.05404339
0.05504339
0.05604339
0.05704339
0.05804339
0.05904339
0.06004339
0.06104339
0.06204339
0.06254339
