0.00000000 0.00000000 0.00000000
0.00032791 0.00073084 0.00102482
0.00067178 0.00147328 0.00202482
0.00101615 0.00221922 0.00302482
0.00135867 0.00296505 0.00402482
0.00170388 0.00371305 0.00502482
0.00205556 0.00446545 0.00602482
0.00241511 0.00522346 0.00702482
0.00278220 0.00598805 0.00802482
0.00315703 0.00675925 0.00902482
0.00353539 0.00753450 0.01002482
0.00391678 0.00831531 0.01102482
0.00430388 0.00910219 0.01202482
0.00469193 0.00989332 0.01302482
0.00508112 0.01068796 0.01402482
0.00547303 0.01148786 0.01502482
0.00586721 0.01229333 0.01602482
0.00626319 0.01310435 0.01702482
0.00666188 0.01392200 0.01802482
0.00706135 0.01474537 0.01902482
0.00746020 0.01557528 0.02002482
0.00785815 0.01641713 0.02102482
0.00826274 0.01726856 0.02202482
0.00862793 0.01813529 0.02302482
0.00901423 0.01901664 0.02402482
0.00942606 0.01991032 0.02502482
0.00984220 0.02081391 0.02602482
0.01027374 0.02172494 0.02702482
0.01071177 0.02263807 0.02802482
0.01115547 0.02355223 0.02902482
0.01161496 0.02447019 0.03002482
0.01208828 0.02539370 0.03102482
0.01256596 0.02632147 0.03202482
0.01304814 0.02725334 0.03302482
0.01354460 0.02819059 0.03402482
0.01404884 0.02913315 0.03502482
0.01457008 0.03008277 0.03602482
0.01509170 0.03103873 0.03702482
0.01560798 0.03200333 0.03802482
0.01612565 0.03297267 0.03902482
0.01663793 0.03394582 0.04002482
0.01715152 0.03492818 0.04102482
0.01765380 0.03591683 0.04202482
0.01815405 0.03691785 0.04302482
0.01866089 0.03792530 0.04402482
0.01919055 0.03893747 0.04502482
0.01976283 0.03995525 0.04602482
0.02035823 0.04097984 0.04702482
0.02096980 0.04200871 0.04802482
0.02159705 0.04303931 0.04902482
0.02222891 0.04407120 0.05002482
0.02284349 0.04510468 0.05102482
0.02345800 0.04613961 0.05202482
0.02407627 0.04717550 0.05302482
0.02462100 0.04820542 0.05402482
0.02511936 0.04923394 0.05502482
0.02561144 0.05026383 0.05602482
0.02609056 0.05129501 0.05702482
0.02652574 0.05232370 0.05802482
0.02692483 0.05335082 0.05902482
0.02737182 0.05437734 0.06002482
0.02784592 0.05540400 0.06102482
0.02832037 0.05643084 0.06202482
0.02878805 0.05745836 0.06302482
0.02924294 0.05848708 0.06402482
0.02964793 0.05950978 0.06502482
0.03010175 0.06051934 0.06602482
0.03063168 0.06152363 0.06702482
0.03117750 0.06252714 0.06802482
0.03172925 0.06353036 0.06902482
0.03227858 0.06453344 0.07002482
0.03276956 0.06553245 0.07102482
0.03325110 0.06653120 0.07202482
0.03373091 0.06753015 0.07302482
0.03420949 0.06852929 0.07402482
0.03468779 0.06952854 0.07502482
0.03516521 0.07052809 0.07602482
0.03566367 0.07152479 0.07702482
0.03616126 0.07252179 0.07802482
0.03665827 0.07351896 0.07902482
0.03715435 0.07451650 0.08002482
0.03764914 0.07551420 0.08102482
0.03814307 0.07651205 0.08202482
0.03863714 0.07751004 0.08302482
0.03913094 0.07850826 0.08402482
0.03961973 0.07950248 0.08502482
0.04011338 0.08050054 0.08602482
0.04060715 0.08149867 0.08702482
0.04109954 0.08249732 0.08802482
0.04159278 0.08349582 0.08902482
0.04208672 0.08449436 0.09002482
0.04258015 0.08549324 0.09102482
0.04307498 0.08649202 0.09202482
0.04358072 0.08748938 0.09302482
0.04408699 0.08848669 0.09402482
0.04459360 0.08948408 0.09502482
0.04510023 0.09048163 0.09602482
0.04560792 0.09147913 0.09702482
0.04611815 0.09247658 0.09802482
0.04663937 0.09347305 0.09902482
0.04717793 0.09446791 0.10002482
0.04771559 0.09546257 0.10102482
0.04825170 0.09645685 0.10202482
0.04878646 0.09745084 0.10302482
0.04931922 0.09844366 0.10402482
0.05098213 0.09933735 0.10502482
0.05274854 0.10000477 0.10602482
0.05339346 0.10096294 0.10702482
0.05332320 0.10128012 0.10802482
0.05387501 0.10220634 0.10902482
0.05446074 0.10314548 0.11002482
0.05506997 0.10409721 0.11102482
0.05568674 0.10505256 0.11202482
0.05630346 0.10600737 0.11302482
0.05691535 0.10696372 0.11402482
0.05752920 0.10792235 0.11502482
0.05814245 0.10888194 0.11602482
0.05875377 0.10984089 0.11702482
0.06221633 0.10931607 0.11802482
0.06289732 0.11020686 0.11902482
0.06399970 0.11064146 0.12002482
0.06462167 0.11154077 0.12102482
