0.00000000 0.00000000 0.00000000 0.00000000 0.00000000 0.00000000 0.00000000 0.00000000 0.00000000 0.00000000 0.00000000 0.00000000 0.00000000 0.00000000 0.00000000 0.00000000
3.84749604 -18.93174863 -19.07923083 -24.40920949 2.04071106 -5.60461704 -5.20825441 -10.64912866 1.78089443 -5.49445594 -5.71701124 -10.09791100 4.00579629 -19.00039135 -19.34750086 -23.01671848
2.53826551 -31.53256404 -32.03610730 -35.83025272 -0.77845992 -14.16780093 -12.84709071 -13.72355922 -1.05913273 -13.41034147 -14.10867791 -13.01551376 2.62113829 -31.71752406 -32.40792395 -34.16919715
1.22762755 -43.75449205 -44.56100358 -46.76927925 -3.36079297 -22.64085934 -20.43764487 -16.64937343 -3.67676619 -21.24157919 -22.45354775 -15.82326465 1.23702525 -44.04392110 -45.04179977 -44.87184901
-0.09343131 -55.61349583 -56.69272128 -57.24390273 -5.93726052 -30.79553290 -28.00104132 -19.30112858 -6.27668998 -28.92360303 -30.64746580 -18.38065966 -0.15784573 -55.99081073 -57.28268788 -55.15161525
-1.39646589 -67.12508780 -68.47101033 -67.32437907 -8.52998646 -38.07641438 -35.17084929 -21.75457562 -8.87653781 -35.85801459 -38.04193094 -20.73771202 -1.51727558 -67.56377616 -69.16133644 -65.10289972
-2.54720683 -78.23380799 -79.88731604 -77.12502303 -10.97171713 -44.19757706 -41.61044179 -24.08771447 -11.30194900 -41.75962760 -44.57852820 -22.96511621 -2.69453171 -78.71951019 -80.64867827 -74.81135199
-3.28316368 -88.80473073 -90.78491239 -86.59137109 -13.15718317 -49.77906906 -47.53767214 -26.29551022 -13.45163421 -47.20975280 -50.62635422 -25.09038013 -3.43329542 -89.32921079 -91.60734605 -84.19111654
-3.84236084 -98.74918990 -101.04200335 -95.59332086 -15.08455110 -54.96503026 -53.08813989 -28.43772919 -15.33072645 -52.39079309 -56.04306705 -27.10281244 -3.99638282 -99.30909820 -101.91225781 -93.12810176
-4.31085492 -108.11711271 -110.68477038 -104.12064335 -16.81974208 -59.88509369 -57.81064338 -30.38450166 -17.02505999 -57.11082180 -60.90496705 -28.96978076 -4.47744395 -108.70122290 -111.57947926 -101.58411176
-4.72854405 -116.87737748 -119.66508957 -112.11483602 -18.41528431 -64.69993543 -62.39536067 -32.27026318 -18.58632094 -61.68728793 -65.32151569 -30.75896572 -4.91251010 -117.52105313 -120.60609567 -109.52698069
-5.12154415 -125.06034540 -128.01378109 -119.54834516 -19.90536246 -69.15281018 -66.61904113 -34.12397611 -20.03842663 -66.12665507 -69.59315074 -32.50193563 -5.34151682 -125.77385803 -129.02893414 -116.94327694
-5.50817355 -132.62192102 -135.74192918 -126.43201327 -21.28223605 -73.42765516 -70.64763773 -35.96823337 -21.41648193 -70.22719884 -73.77110234 -34.22175651 -5.74340319 -133.41900612 -136.82923474 -123.81252294
-5.86608052 -139.64233574 -142.88747821 -132.74757150 -22.62203620 -77.65840547 -74.60896401 -37.79002366 -22.73612526 -74.21860303 -77.81169652 -35.92840721 -6.12117180 -140.48270819 -143.99914904 -130.07844168
-6.22015474 -146.12369159 -149.43272213 -138.46360076 -23.93461387 -81.81375135 -78.50356732 -39.58941532 -24.00858825 -78.16784559 -81.59814854 -37.62014815 -6.49516538 -147.01171783 -150.56588789 -135.74761071
-6.59003159 -152.04929384 -155.37622619 -143.56866032 -25.22080256 -85.89312967 -82.29673475 -41.35431719 -25.23309392 -82.03751999 -85.30153312 -39.29176460 -6.88669542 -152.98078696 -156.52851731 -140.80049718
-6.98577167 -157.40006121 -160.61307374 -148.01678910 -26.48778252 -89.96491757 -85.92576342 -43.11133925 -26.44118615 -85.84981786 -88.98227431 -40.93784517 -7.30679668 -158.38301018 -161.76864467 -145.20866362
-7.41462265 -162.16563469 -165.20974928 -151.81699805 -27.74675588 -94.02052776 -89.49502703 -44.87694332 -27.65234285 -89.64948521 -92.65033296 -42.57425017 -7.76011667 -163.21051799 -166.39545202 -148.98563792
-7.88375529 -166.34446572 -169.16634912 -154.89143475 -29.02093318 -98.00995874 -93.05898089 -46.65954342 -28.87191272 -93.44607828 -96.30386411 -44.22311788 -8.25562910 -167.44988004 -170.40124608 -152.10386327
-8.39939602 -169.92908578 -172.48979524 -157.27623337 -30.31749414 -101.99422175 -96.64983686 -48.25808644 -30.11679983 -97.23762043 -99.99883030 -45.69744855 -8.79887124 -171.10686514 -173.77624686 -154.51131932
-8.95898942 -172.85804257 -175.11324877 -158.91520464 -31.64589918 -106.04095272 -100.28187479 -49.86021737 -31.37435551 -101.02969537 -103.74283265 -47.19982696 -9.38852036 -174.12375696 -176.47403605 -156.16840313
-9.65851725 -175.28964079 -175.80040563 -158.32337206 -33.17584746 -110.66114534 -103.36373680 -51.66188784 -32.82069054 -105.30032410 -107.28086816 -48.89052358 -10.12127617 -176.66580562 -177.45800718 -155.86114793
-10.70709602 -173.96920978 -174.34497527 -155.28701672 -35.17463682 -115.19846094 -107.25488728 -53.96773572 -34.72355373 -109.86525404 -111.20797510 -51.06175303 -11.23102277 -175.69197398 -176.11730853 -152.85517062
-11.84475487 -172.19426335 -172.70288983 -152.06580890 -36.91530602 -118.14280936 -111.30097814 -56.39208500 -36.34633923 -114.21092166 -115.27084831 -53.32082996 -12.42824356 -174.06503819 -174.56539862 -149.68234035
-13.04813072 -170.05678494 -170.72546704 -148.67340436 -38.22164705 -121.17922593 -115.50953797 -58.92429684 -37.55720106 -117.10093306 -119.46109631 -55.67796899 -13.71106367 -172.04381465 -172.68096204 -146.30658012
-14.19550087 -167.96953372 -168.76783682 -145.38139256 -39.44911791 -123.97188488 -119.43533039 -61.31456351 -38.65323438 -119.75686856 -123.38530668 -57.90079280 -14.92712633 -170.08582803 -170.82175395 -143.06013520
-15.26225365 -165.97642725 -166.89172033 -142.26859156 -40.55008396 -126.47840708 -123.02024443 -63.51272089 -39.63811966 -122.10665289 -126.98494012 -59.94016338 -16.05650540 -168.21255849 -169.04182179 -139.97539797
-16.26786442 -164.03905291 -165.08965218 -139.31924103 -41.54197226 -128.74042930 -126.30509055 -65.54405989 -40.52854903 -124.22289990 -129.77703197 -61.81869659 -17.12818175 -166.38079009 -167.32300945 -137.03567485
-17.30948655 -161.95451271 -163.15381455 -136.13187894 -42.62832088 -131.22766895 -128.63512658 -67.73492248 -41.52826036 -126.56043450 -131.68102794 -63.84638249 -18.13507794 -164.41074947 -165.47187874 -133.85015553
-17.98125550 -159.66473825 -161.08418912 -132.71373908 -43.60854890 -133.91761531 -130.64544208 -69.98079498 -42.61347001 -129.10667342 -133.75832844 -66.02879504 -18.72068374 -162.06210483 -163.32757980 -130.41066947
-18.60994742 -156.53796150 -158.59770117 -128.84643741 -44.45534078 -137.00213431 -132.90054617 -71.39574699 -43.67733906 -132.00755603 -136.13146070 -68.42918480 -19.37858002 -158.83899033 -160.45129812 -126.58319095
-19.32427648 -152.82722829 -155.26389458 -124.55418678 -45.28215306 -140.07454802 -135.42359068 -72.77797706 -44.56391799 -135.24760514 -138.77992011 -69.91701099 -20.12527981 -155.25392567 -157.17212615 -122.33303090
-20.13595382 -148.69191869 -151.44376227 -119.77311445 -46.15554691 -141.71239057 -138.14552505 -74.29346230 -45.10410653 -137.75631798 -141.62482969 -71.28772743 -20.96264473 -151.33097284 -153.58178467 -117.67301969
-20.96407038 -144.45092558 -147.50602145 -114.90295200 -46.74964222 -143.06136852 -140.86686742 -75.78330070 -45.56129849 -139.18061583 -144.45020802 -72.67009951 -21.83197470 -147.12399885 -149.83758482 -112.84372809
-21.82314751 -139.74050234 -143.37432029 -109.33990712 -47.26450961 -143.99087515 -143.59149939 -77.11795096 -46.01425930 -140.33203622 -147.29557882 -74.04193585 -22.72365666 -142.61826216 -145.61989738 -107.90876135
-22.71463282 -134.38089862 -138.46453400 -103.17494216 -47.79368032 -144.90258093 -145.34298225 -77.66033268 -46.48987815 -141.00564525 -149.29124849 -75.12282665 -23.67123231 -137.39254300 -140.77247562 -102.59157172
-23.57342487 -128.27435712 -132.71281998 -96.64401004 -48.29559993 -145.73373000 -145.83288724 -77.83059932 -46.99809486 -141.66036748 -149.84585625 -75.31316391 -24.61642151 -131.35838353 -135.12272578 -96.15622393
-24.23518660 -121.64935788 -126.48345830 -89.72407630 -48.64133740 -146.52375981 -146.00894619 -77.92409346 -47.46645781 -142.27761784 -150.34354030 -75.28137312 -25.34241146 -124.92150567 -129.10573152 -89.43732702
-24.76925640 -114.65881300 -119.89319081 -82.03393389 -48.79696757 -147.26425326 -146.10658326 -77.91675954 -47.74991463 -142.81889035 -150.78780705 -75.18339215 -25.88945135 -118.53364350 -123.04367706 -82.66805457
-25.29638537 -107.46852422 -113.10376013 -74.13727802 -48.94018213 -147.67662610 -146.15545496 -77.85356930 -47.94320526 -143.24992431 -151.02221062 -75.04952513 -26.42933879 -111.99854507 -116.70117281 -75.55814206
-25.84042544 -99.91845742 -105.89522710 -66.05885313 -49.03903966 -147.65943337 -146.15351689 -77.76436164 -48.04566056 -143.22916470 -151.12534692 -74.87018043 -26.99022962 -105.09417034 -110.04486505 -68.01517829
-26.38784334 -92.09780423 -98.33251854 -57.82055706 -49.12328158 -147.48228166 -146.04737856 -77.61841479 -48.14403428 -142.86576253 -151.14379784 -74.61593686 -27.53830542 -97.97464080 -103.10954552 -60.37441284
-26.93577618 -83.93335888 -90.48323360 -49.36062394 -49.21191437 -147.23452978 -145.83100262 -77.43130849 -48.17979974 -142.42207816 -151.12536882 -74.28595808 -28.08324324 -90.67620794 -96.03906297 -52.69223121
-27.42201943 -76.42573249 -84.60494558 -43.39746023 -49.24543835 -146.98061785 -145.54232647 -77.22998810 -48.14715274 -141.97525890 -151.06034650 -73.94324328 -28.62324914 -82.95023067 -88.41044666 -44.58222490
-27.53246867 -75.51664928 -84.64245052 -43.22353799 -49.09601306 -146.74405427 -145.30311832 -77.10440956 -48.11466539 -141.58039361 -150.89043538 -73.68360827 -28.89657680 -78.05828703 -85.53983026 -41.87476385
-27.57512960 -75.31797003 -84.62744463 -43.03498246 -49.02898431 -146.52321838 -145.06813348 -76.98019981 -47.93334479 -141.20339300 -150.68927899 -73.47215562 -28.94237667 -77.94548188 -85.44171480 -41.74013632
-27.61842417 -75.11035109 -84.54052908 -42.83025281 -48.95166947 -146.29963112 -144.82549170 -76.85052767 -47.73148101 -140.82368192 -150.44224476 -73.25632957 -28.98958206 -77.82510605 -85.33518623 -41.60130528
-27.66178069 -74.89193037 -84.43932844 -42.61253701 -48.86491095 -146.07443022 -144.57518016 -76.71718787 -47.52256244 -140.43989641 -150.18213850 -73.03651047 -29.03648589 -77.69501966 -85.21767630 -41.45947558
-27.70520730 -74.66380878 -84.32903672 -42.38171528 -48.76787237 -145.84622828 -144.31649639 -76.57956738 -47.31605161 -140.05155557 -149.91463013 -72.81146296 -29.08275392 -77.55825317 -85.03007348 -41.31241690
-27.74778616 -74.42892305 -84.18304702 -42.13880974 -48.66155104 -145.61681721 -144.05015396 -76.43863592 -47.10897796 -139.65888613 -149.63934707 -72.58159969 -29.12778264 -77.41586000 -84.82908247 -41.16145396
-27.79015842 -74.18793034 -83.97151747 -41.88277730 -48.54934563 -145.38672077 -143.77550271 -76.29331975 -46.89789943 -139.26119173 -149.35450830 -72.34573929 -29.17227381 -77.26772180 -84.61527142 -41.00683589
-27.83234857 -73.94042524 -83.62920995 -41.61929044 -48.43239284 -145.15600678 -143.48908009 -76.14504935 -46.68505490 -138.85828246 -149.06342913 -72.10625214 -29.21664367 -77.11285583 -84.34723204 -40.84894167
-27.87363708 -73.68637307 -83.19915790 -41.35545319 -48.31559789 -144.92159627 -143.19364842 -75.99343472 -46.47141032 -138.44995327 -148.76975750 -71.86324228 -29.26001796 -76.95203631 -84.04442558 -40.68933989
-27.91541515 -73.38143540 -82.72492658 -41.09037627 -48.19877809 -144.68662689 -142.88541220 -75.83834603 -46.25662915 -138.03629960 -148.47748886 -71.61679153 -29.30491396 -76.73558200 -83.69833302 -40.52996613
-27.96091429 -72.97683643 -82.17249111 -40.82270472 -48.08346294 -144.45335966 -142.56732581 -75.67858712 -46.04097359 -137.61115630 -148.18246133 -71.36564695 -29.35329765 -76.43235291 -83.28542881 -40.37004510
-28.01052945 -72.46128483 -81.54563990 -40.55428110 -47.96907401 -144.22248473 -142.23922477 -75.51465038 -45.82449293 -137.17668553 -147.88493187 -71.10692373 -29.40280420 -76.09193858 -82.81620089 -40.20987097
-28.06280256 -71.83125691 -80.87661551 -40.28456124 -47.85414743 -143.99281284 -141.90088000 -75.34494995 -45.60926789 -136.73177045 -147.58706597 -70.84496140 -29.45803256 -75.62790800 -82.24197536 -40.04821223
-28.11296594 -71.17244950 -80.11744250 -40.01554913 -47.73736863 -143.76684109 -141.54565871 -75.17133727 -45.39540574 -136.25669800 -147.28920410 -70.58055990 -29.51529736 -75.10880835 -81.60668034 -39.86905406
-28.16296993 -70.46231496 -79.21828862 -39.74331147 -47.62434331 -143.55654684 -141.10065527 -74.99399628 -45.17827985 -135.69088491 -146.99972367 -70.31434326 -29.57296866 -74.56911497 -80.93488635 -39.68197947
-28.21461665 -69.68751722 -78.12513520 -39.46944757 -47.51694658 -143.41360277 -140.55140047 -74.81227019 -44.97000401 -134.54574402 -146.74045401 -70.04229102 -29.63523210 -74.02206361 -80.22410149 -39.48436363
-28.82352297 -68.76024704 -77.25855176 -38.48315691 -47.38039799 -144.65854150 -139.30042679 -73.93788345 -45.73371821 10.03956980 -146.44433668 -68.88908344 -30.67002870 -71.36381709 -77.52702578 -38.34724066
-31.92056684 4.70724484 7.83507681 -35.98279007 -46.07071704 12.03893004 -137.72894405 -71.47298269 -43.30217498 5.34198144 -149.10518267 -65.74905087 -31.23972723 -68.69177320 -76.24871671 -36.59435936
-30.90415437 1.42450793 9.68312204 -35.85460041 -47.18878528 12.29744259 -136.36928922 -71.25962625 -43.34301266 5.45700999 -148.15379366 -65.45453305 -31.79997516 -68.66620201 -75.69799124 -36.34215604
-31.27766255 1.45057524 9.76481793 -35.78204933 -47.69036426 12.41422952 -135.70132317 -71.17815464 -43.13998865 5.50893503 -147.57440894 -65.37762748 -31.96421713 -68.66995205 -75.40706514 -36.29369126
